******************************************************************************
                  TI ARM Linker PC v5.0.4                      
******************************************************************************
>> Linked Wed Mar 18 10:44:39 2015

OUTPUT FILE NAME:   <interrupts.out>
ENTRY POINT SYMBOL: "_c_int00"  address: 00000ec5


MEMORY CONFIGURATION

         name            origin    length      used     unused   attr    fill
----------------------  --------  ---------  --------  --------  ----  --------
  FLASH                 00000000   00040000  000014b2  0003eb4e  R  X
  SRAM                  20000000   00010000  00000130  0000fed0  RW X


SEGMENT ALLOCATION MAP

run origin  load origin   length   init length attrs members
----------  ----------- ---------- ----------- ----- -------
00000000    00000000    000014b8   000014b8    r-x
  00000000    00000000    000000f0   000000f0    r-- .intvecs
  000000f0    000000f0    00000f96   00000f96    r-x .text
  00001088    00001088    000003f4   000003f4    r-- .const
  00001480    00001480    00000038   00000038    r-- .cinit
20000000    20000000    0000011c   00000000    rw-
  20000000    20000000    00000100   00000000    rw- .stack
  20000100    20000100    0000001c   00000000    rw- .bss
2000011c    2000011c    00000014   00000014    rw-
  2000011c    2000011c    00000014   00000014    rw- .data


SECTION ALLOCATION MAP

 output                                  attributes/
section   page    origin      length       input sections
--------  ----  ----------  ----------   ----------------
.intvecs   0    00000000    000000f0     
                  00000000    000000f0     startup_ccs.obj (.intvecs)

.init_array 
*          0    00000000    00000000     UNINITIALIZED

.text      0    000000f0    00000f96     
                  000000f0    00000298     interrupts.obj (.text:main)
                  00000388    00000198     driverlib-cm3.lib : sysctl.obj (.text:SysCtlClockGet)
                  00000520    00000144                       : sysctl.obj (.text:SysCtlClockSet)
                  00000664    000000d4     rit128x96x4.obj (.text:RIT128x96x4StringDraw)
                  00000738    000000c8     driverlib-cm3.lib : gpio.obj (.text:GPIOPadConfigSet)
                  00000800    000000a0     rit128x96x4.obj (.text:RIT128x96x4Init)
                  000008a0    0000009c     rtsv7M3_T_le_eabi.lib : memcpy_t2.obj (.text)
                  0000093c    00000094                           : auto_init.obj (.text)
                  000009d0    00000078     interrupts.obj (.text:DisplayIntStatus)
                  00000a48    00000064     driverlib-cm3.lib : interrupt.obj (.text:IntDisable)
                  00000aac    00000064                       : interrupt.obj (.text:IntEnable)
                  00000b10    00000060     rit128x96x4.obj (.text:RIT128x96x4Enable)
                  00000b70    0000005e     rtsv7M3_T_le_eabi.lib : copy_decompress_rle.obj (.text)
                  00000bce    00000002     startup_ccs.obj (.text:FaultISR)
                  00000bd0    0000005c     rit128x96x4.obj (.text:RITWriteCommand)
                  00000c2c    0000005c     rit128x96x4.obj (.text:RITWriteData)
                  00000c88    00000058     driverlib-cm3.lib : sysctl.obj (.text:SysCtlPeripheralEnable)
                  00000ce0    0000004c     interrupts.obj (.text:IntGPIOb)
                  00000d2c    0000004c     interrupts.obj (.text:IntGPIOc)
                  00000d78    00000048     rit128x96x4.obj (.text:RIT128x96x4Clear)
                  00000dc0    00000044     driverlib-cm3.lib : ssi.obj (.text:SSIConfigSetExpClk)
                  00000e04    00000044     rtsv7M3_T_le_eabi.lib : cpy_tbl.obj (.text)
                  00000e48    00000040                           : exit.obj (.text)
                  00000e88    0000003c     interrupts.obj (.text:IntGPIOa)
                  00000ec4    00000034     rtsv7M3_T_le_eabi.lib : boot.obj (.text)
                  00000ef8    0000002e     driverlib-cm3.lib : gpio.obj (.text:GPIODirModeSet)
                  00000f26    00000002     startup_ccs.obj (.text:IntDefaultHandler)
                  00000f28    00000024     driverlib-cm3.lib : interrupt.obj (.text:IntPrioritySet)
                  00000f4c    00000020     interrupts.obj (.text:Delay)
                  00000f6c    00000018     rtsv7M3_T_le_eabi.lib : args_main.obj (.text)
                  00000f84    00000014     driverlib-cm3.lib : systick.obj (.text:SysTickEnable)
                  00000f98    00000014     rtsv7M3_T_le_eabi.lib : _lock.obj (.text)
                  00000fac    00000012     driverlib-cm3.lib : gpio.obj (.text:GPIOPinTypeGPIOOutput)
                  00000fbe    00000012                       : gpio.obj (.text:GPIOPinTypeSSI)
                  00000fd0    00000012     rtsv7M3_T_le_eabi.lib : copy_zero_init.obj (.text:decompress:ZI)
                  00000fe2    00000002     startup_ccs.obj (.text:NmiSR)
                  00000fe4    00000010     driverlib-cm3.lib : systick.obj (.text:SysTickPeriodSet)
                  00000ff4    0000000e     rtsv7M3_T_le_eabi.lib : copy_decompress_none.obj (.text:decompress:none)
                  00001002    0000000c     driverlib-cm3.lib : cpu.obj (.text:CPUcpsid)
                  0000100e    0000000c                       : cpu.obj (.text:CPUcpsie)
                  0000101a    00000002     --HOLE-- [fill = 0]
                  0000101c    0000000c     rit128x96x4.obj (.text:RIT128x96x4DisplayOff)
                  00001028    0000000c     driverlib-cm3.lib : systick.obj (.text:SysTickValueGet)
                  00001034    0000000a                       : interrupt.obj (.text:IntMasterDisable)
                  0000103e    0000000a                       : interrupt.obj (.text:IntMasterEnable)
                  00001048    0000000a                       : ssi.obj (.text:SSIDataPut)
                  00001052    0000000a                       : ssi.obj (.text:SSIDisable)
                  0000105c    0000000a                       : ssi.obj (.text:SSIEnable)
                  00001066    00000008                       : ssi.obj (.text:SSIBusy)
                  0000106e    00000006                       : gpio.obj (.text:GPIOPinWrite)
                  00001074    00000006     startup_ccs.obj (.text:ResetISR)
                  0000107a    00000006     driverlib-cm3.lib : sysctl.obj (.text:SysCtlDelay)
                  00001080    00000006     rtsv7M3_T_le_eabi.lib : copy_decompress_rle.obj (.text:decompress:rle24)

.const     0    00001088    000003f4     
                  00001088    000001e0     rit128x96x4.obj (.const:g_pucFont)
                  00001268    0000009c     driverlib-cm3.lib : interrupt.obj (.const:g_pulRegs)
                  00001304    00000070                       : interrupt.obj (.const)
                  00001374    0000006c                       : sysctl.obj (.const:g_pulXtals)
                  000013e0    0000004f     rit128x96x4.obj (.const:.string:g_pucRIT128x96x4Init)
                  0000142f    00000001     --HOLE-- [fill = 0]
                  00001430    00000040     driverlib-cm3.lib : sysctl.obj (.const)
                  00001470    0000000c     rit128x96x4.obj (.const:.string)

.cinit     0    00001480    00000038     
                  00001480    0000000f     (.cinit..data.load) [load image, compression = rle]
                  0000148f    00000001     --HOLE-- [fill = 0]
                  00001490    0000000c     (__TI_handler_table)
                  0000149c    00000004     --HOLE-- [fill = 0]
                  000014a0    00000008     (.cinit..bss.load) [load image, compression = zero_init]
                  000014a8    00000010     (__TI_cinit_table)

.stack     0    20000000    00000100     UNINITIALIZED
                  20000000    00000100     --HOLE--

.bss       0    20000100    0000001c     UNINITIALIZED
                  20000100    00000010     interrupts.obj (.bss)
                  20000110    0000000c     rit128x96x4.obj (.bss)

.data      0    2000011c    00000014     
                  2000011c    00000008     rtsv7M3_T_le_eabi.lib : _lock.obj (.data)
                  20000124    00000008                           : exit.obj (.data)
                  2000012c    00000004                           : stkdepth_vars.obj (.data)


LINKER GENERATED COPY TABLES

__TI_cinit_table @ 000014a8 records: 2, size/record: 8, table size: 16
	.data: load addr=00001480, load size=0000000f bytes, run addr=2000011c, run size=00000014 bytes, compression=rle
	.bss: load addr=000014a0, load size=00000008 bytes, run addr=20000100, run size=0000001c bytes, compression=zero_init


LINKER GENERATED HANDLER TABLE

__TI_handler_table @ 00001490 records: 3, size/record: 4, table size: 12
	index: 0, handler: __TI_decompress_rle24
	index: 1, handler: __TI_decompress_none
	index: 2, handler: __TI_zero_init


GLOBAL SYMBOLS: SORTED ALPHABETICALLY BY Name 

address    name
--------   ----
00000e49   C$$EXIT
00001003   CPUcpsid
0000100f   CPUcpsie
00000f4d   Delay
000009d1   DisplayIntStatus
00000ef9   GPIODirModeSet
00000739   GPIOPadConfigSet
00000fad   GPIOPinTypeGPIOOutput
00000fbf   GPIOPinTypeSSI
0000106f   GPIOPinWrite
00000a49   IntDisable
00000aad   IntEnable
00000e89   IntGPIOa
00000ce1   IntGPIOb
00000d2d   IntGPIOc
00001035   IntMasterDisable
0000103f   IntMasterEnable
00000f29   IntPrioritySet
00000d79   RIT128x96x4Clear
0000101d   RIT128x96x4DisplayOff
00000b11   RIT128x96x4Enable
00000801   RIT128x96x4Init
00000665   RIT128x96x4StringDraw
00001075   ResetISR
UNDEFED    SHT$$INIT_ARRAY$$Base
UNDEFED    SHT$$INIT_ARRAY$$Limit
00001067   SSIBusy
00000dc1   SSIConfigSetExpClk
00001049   SSIDataPut
00001053   SSIDisable
0000105d   SSIEnable
00000389   SysCtlClockGet
00000521   SysCtlClockSet
0000107b   SysCtlDelay
00000c89   SysCtlPeripheralEnable
00000f85   SysTickEnable
00000fe5   SysTickPeriodSet
00001029   SysTickValueGet
20000100   __STACK_END
00000100   __STACK_SIZE
20000100   __STACK_TOP
000014a8   __TI_CINIT_Base
000014b8   __TI_CINIT_Limit
00001490   __TI_Handler_Table_Base
0000149c   __TI_Handler_Table_Limit
00000001   __TI_args_main
0000093d   __TI_auto_init
00000ff5   __TI_decompress_none
00001081   __TI_decompress_rle24
00000000   __TI_static_base__
00000fd1   __TI_zero_init
000008a1   __aeabi_memcpy
000008a1   __aeabi_memcpy4
000008a1   __aeabi_memcpy8
ffffffff   __binit__
ffffffff   __c_args__
20000000   __stack
00000f6d   _args_main
00000ec5   _c_int00
20000124   _cleanup_ptr
20000128   _dtors_ptr
2000011c   _lock
00000fa7   _nop
00000f9f   _register_lock
00000f99   _register_unlock
20000120   _unlock
00000e4d   abort
ffffffff   binit
00000e05   copy_in
00000e55   exit
00000000   g_pfnVectors
20000104   g_ulGPIOa
20000108   g_ulGPIOb
2000010c   g_ulGPIOc
20000100   g_ulIndex
000000f1   main
2000012c   main_func_sp
000008a1   memcpy


GLOBAL SYMBOLS: SORTED BY Symbol Address 

address    name
--------   ----
00000000   __TI_static_base__
00000000   g_pfnVectors
00000001   __TI_args_main
000000f1   main
00000100   __STACK_SIZE
00000389   SysCtlClockGet
00000521   SysCtlClockSet
00000665   RIT128x96x4StringDraw
00000739   GPIOPadConfigSet
00000801   RIT128x96x4Init
000008a1   __aeabi_memcpy
000008a1   __aeabi_memcpy4
000008a1   __aeabi_memcpy8
000008a1   memcpy
0000093d   __TI_auto_init
000009d1   DisplayIntStatus
00000a49   IntDisable
00000aad   IntEnable
00000b11   RIT128x96x4Enable
00000c89   SysCtlPeripheralEnable
00000ce1   IntGPIOb
00000d2d   IntGPIOc
00000d79   RIT128x96x4Clear
00000dc1   SSIConfigSetExpClk
00000e05   copy_in
00000e49   C$$EXIT
00000e4d   abort
00000e55   exit
00000e89   IntGPIOa
00000ec5   _c_int00
00000ef9   GPIODirModeSet
00000f29   IntPrioritySet
00000f4d   Delay
00000f6d   _args_main
00000f85   SysTickEnable
00000f99   _register_unlock
00000f9f   _register_lock
00000fa7   _nop
00000fad   GPIOPinTypeGPIOOutput
00000fbf   GPIOPinTypeSSI
00000fd1   __TI_zero_init
00000fe5   SysTickPeriodSet
00000ff5   __TI_decompress_none
00001003   CPUcpsid
0000100f   CPUcpsie
0000101d   RIT128x96x4DisplayOff
00001029   SysTickValueGet
00001035   IntMasterDisable
0000103f   IntMasterEnable
00001049   SSIDataPut
00001053   SSIDisable
0000105d   SSIEnable
00001067   SSIBusy
0000106f   GPIOPinWrite
00001075   ResetISR
0000107b   SysCtlDelay
00001081   __TI_decompress_rle24
00001490   __TI_Handler_Table_Base
0000149c   __TI_Handler_Table_Limit
000014a8   __TI_CINIT_Base
000014b8   __TI_CINIT_Limit
20000000   __stack
20000100   __STACK_END
20000100   __STACK_TOP
20000100   g_ulIndex
20000104   g_ulGPIOa
20000108   g_ulGPIOb
2000010c   g_ulGPIOc
2000011c   _lock
20000120   _unlock
20000124   _cleanup_ptr
20000128   _dtors_ptr
2000012c   main_func_sp
ffffffff   __binit__
ffffffff   __c_args__
ffffffff   binit
UNDEFED    SHT$$INIT_ARRAY$$Base
UNDEFED    SHT$$INIT_ARRAY$$Limit

[78 symbols]
