******************************************************************************
                  TI ARM Linker PC v5.0.4                      
******************************************************************************
>> Linked Thu Apr 16 17:29:15 2015

OUTPUT FILE NAME:   <ece3849d15_lab2_addresser_awharrison.out>
ENTRY POINT SYMBOL: "_c_int00"  address: 00007f91


MEMORY CONFIGURATION

         name            origin    length      used     unused   attr    fill
----------------------  --------  ---------  --------  --------  ----  --------
  FLASH                 00000000   00040000  0000bdb7  00034249  R  X
  SRAM                  20000000   00010000  0000fc1c  000003e4  RW X


SEGMENT ALLOCATION MAP

run origin  load origin   length   init length attrs members
----------  ----------- ---------- ----------- ----- -------
00000000    00000000    0000bdc0   0000bdc0    r-x
  00000000    00000000    00000140   00000140    r-- .resetVecs
  00000140    00000140    000092fe   000092fe    r-x .text
  00009440    00009440    000023f1   000023f1    r-- .const
  0000b838    0000b838    00000588   00000588    r-- .cinit
20000000    20000000    0000f258   00000000    rw-
  20000000    20000000    00000140   00000000    rw- .vecs
  20000140    20000140    0000d118   00000000    rw- .bss
  2000d258    2000d258    00002000   00000000    rw- .stack
2000f258    2000f258    000009c4   000009c4    rw-
  2000f258    2000f258    000009c4   000009c4    rw- .data


SECTION ALLOCATION MAP

 output                                  attributes/
section   page    origin      length       input sections
--------  ----  ----------  ----------   ----------------
.bootVecs 
*          0    00000000    00000008     DSECT
                  00000000    00000008     boot.aem3 : boot.oem3 (.bootVecs)

.resetVecs 
*          0    00000000    00000140     
                  00000000    00000140     app_pem3.oem3 (.resetVecs)

xdc.meta   0    00000000    00000106     COPY SECTION
                  00000000    00000106     app_pem3.oem3 (xdc.meta)

.init_array 
*          0    00000000    00000000     UNINITIALIZED

.text      0    00000140    000092fe     
                  00000140    00000f34     kiss_fft.obj (.text)
                  00001074    00000b50     main.obj (.text)
                  00001bc4    00000694     frame_graphics.obj (.text)
                  00002258    00000510     rit128x96x4.obj (.text)
                  00002768    00000424     sysbios.aem3 : BIOS.obj (.text:ti_sysbios_family_arm_m3_Hwi_excDumpRegs__I)
                  00002b8c    00000340     ti.targets.arm.rtsarm.aem3 : System.oem3 (.text:xdc_runtime_System_doPrint__I)
                  00002ecc    00000304     rtsv7M3_T_le_eabi.lib : xlog.obj (.text)
                  000031d0    000002e4                           : trgdrv.obj (.text)
                  000034b4    000002a0                           : xsin.obj (.text)
                  00003754    00000278     sysbios.aem3 : BIOS.obj (.text:ti_sysbios_knl_Semaphore_pend__E)
                  000039cc    00000248                  : BIOS.obj (.text:ti_sysbios_heaps_HeapMem_free__E)
                  00003c14    00000234                  : BIOS.obj (.text:ti_sysbios_heaps_HeapMem_alloc__E)
                  00003e48    000001ec                  : BIOS.obj (.text:ti_sysbios_family_arm_m3_Hwi_excHandlerMax__I)
                  00004034    000001b6     rtsv7M3_T_le_eabi.lib : fd_add_t2.obj (.text)
                  000041ea    00000002     sysbios.aem3 : BIOS.obj (.text:ti_sysbios_BIOS_nullFunc__I)
                  000041ec    00000198     driverlib-cm3.lib : sysctl.obj (.text:SysCtlClockGet)
                  00004384    00000168     sysbios.aem3 : BIOS.obj (.text:ti_sysbios_family_arm_m3_Hwi_excBusFault__I)
                  000044ec    00000154     rtsv7M3_T_le_eabi.lib : fmod.obj (.text)
                  00004640    00000154     sysbios.aem3 : BIOS.obj (.text:ti_sysbios_family_arm_m3_Hwi_excUsageFault__I)
                  00004794    0000014c     rtsv7M3_T_le_eabi.lib : sqrt.obj (.text)
                  000048e0    00000140     sysbios.aem3 : BIOS.obj (.text:ti_sysbios_family_arm_m3_Hwi_excMemFault__I)
                  00004a20    00000140                  : BIOS.obj (.text:ti_sysbios_knl_Semaphore_post__E)
                  00004b60    0000013c                  : BIOS.obj (.text:ti_sysbios_heaps_HeapMem_Instance_init__F)
                  00004c9c    0000013c     ti.targets.arm.rtsarm.aem3 : Error.oem3 (.text:xdc_runtime_Error_raiseX__F)
                  00004dd8    00000136     rtsv7M3_T_le_eabi.lib : fd_div_t2.obj (.text)
                  00004f0e    00000002     sysbios.aem3 : BIOS.obj (.text:ti_sysbios_gates_GateHwi_Instance_init__F)
                  00004f10    0000012c     ti.targets.arm.rtsarm.aem3 : LoggerBuf.oem3 (.text:xdc_runtime_LoggerBuf_write8__F)
                  0000503c    00000124     sysbios.aem3 : BIOS.obj (.text:ti_sysbios_family_arm_m3_Hwi_dispatchC__I)
                  00005160    00000120                  : BIOS.obj (.text:ti_sysbios_knl_Clock_workFunc__E)
                  00005280    0000011c     Boot.aem3 : Boot.oem3 (.text:.bootCodeSection:ti_catalog_arm_cortexm3_lm3init_Boot_sysCtlClockSet)
                  0000539c    00000110     sysbios.aem3 : BIOS.obj (.text:ti_sysbios_knl_Swi_run__I)
                  000054ac    00000108                  : BIOS.obj (.text:ti_sysbios_knl_Task_exit__E)
                  000055b4    00000104                  : m3_Hwi_asm.obj (.text:ti_sysbios_family_arm_m3_Hwi_dispatch__I)
                  000056b8    00000104     ti.targets.arm.rtsarm.aem3 : Core-mem.oem3 (.text:xdc_runtime_Core_createObject__I)
                  000057bc    00000100     rtsv7M3_T_le_eabi.lib : xdscale.obj (.text)
                  000058bc    000000fc                           : fd_mul_t2.obj (.text)
                  000059b8    000000fc     sysbios.aem3 : BIOS.obj (.text:ti_sysbios_knl_Task_schedule__I)
                  00005ab4    000000fa     rtsv7M3_T_le_eabi.lib : fs_add_t2.obj (.text)
                  00005bae    00000002     --HOLE-- [fill = 0]
                  00005bb0    000000f8     ti.targets.arm.rtsarm.aem3 : Startup.oem3 (.text:xdc_runtime_Startup_startMods__I)
                  00005ca8    000000f8     app_pem3.oem3 (.text:xdc_runtime_System_printfExtend__I)
                  00005da0    000000f4     sysbios.aem3 : BIOS.obj (.text:ti_sysbios_knl_Task_postInit__I)
                  00005e94    000000f4                  : BIOS.obj (.text:ti_sysbios_knl_Task_startCore__E)
                  00005f88    000000ec     rtsv7M3_T_le_eabi.lib : dtor_list.obj (.text)
                  00006074    000000dc     sysbios.aem3 : BIOS.obj (.text:ti_sysbios_family_arm_m3_Hwi_initNVIC__E)
                  00006150    000000cc     ti.targets.arm.rtsarm.aem3 : LoggerBuf.oem3 (.text:xdc_runtime_LoggerBuf_write4__F)
                  0000621c    000000c8     driverlib-cm3.lib : gpio.obj (.text:GPIOPadConfigSet)
                  000062e4    000000c4     rtsv7M3_T_le_eabi.lib : xdint.obj (.text)
                  000063a8    000000c0                           : floor.obj (.text)
                  00006468    000000c0     sysbios.aem3 : BIOS.obj (.text:ti_sysbios_family_arm_lm3_Timer_startup__E)
                  00006528    000000be     rtsv7M3_T_le_eabi.lib : xdnorm.obj (.text)
                  000065e6    00000002     --HOLE-- [fill = 0]
                  000065e8    000000b8     sysbios.aem3 : BIOS.obj (.text:ti_sysbios_knl_Task_unblockI__E)
                  000066a0    000000b4                  : BIOS.obj (.text:ti_sysbios_family_arm_m3_Hwi_excHardFault__I)
                  00006754    000000b4                  : BIOS.obj (.text:ti_sysbios_gates_GateMutex_enter__E)
                  00006808    000000b4                  : BIOS.obj (.text:ti_sysbios_knl_Task_checkStacks__E)
                  000068bc    000000b0                  : BIOS.obj (.text:ti_sysbios_family_arm_m3_Hwi_excDebugMon__I)
                  0000696c    000000ac                  : BIOS.obj (.text:ti_sysbios_knl_Swi_schedule__I)
                  00006a18    000000a8                  : BIOS.obj (.text:ti_sysbios_knl_Semaphore_Instance_init__F)
                  00006ac0    000000a8                  : BIOS.obj (.text:ti_sysbios_knl_Swi_post__E)
                  00006b68    000000a4                  : BIOS.obj (.text:ti_sysbios_family_arm_m3_Hwi_Module_startup__F)
                  00006c0c    000000a0     auto_init.aem3 : auto_init.oem3 (.text)
                  00006cac    000000a0     sysbios.aem3 : BIOS.obj (.text:ti_sysbios_family_arm_lm3_TimestampProvider_get64__E)
                  00006d4c    0000009c     rtsv7M3_T_le_eabi.lib : memcpy_t2.obj (.text)
                  00006de8    0000009c     sysbios.aem3 : BIOS.obj (.text:ti_sysbios_knl_Task_blockI__E)
                  00006e84    0000009a     ti.targets.arm.rtsarm.aem3 : Text.oem3 (.text:xdc_runtime_Text_putSite__F)
                  00006f1e    00000002     --HOLE-- [fill = 0]
                  00006f20    00000094     buttons.obj (.text)
                  00006fb4    00000094     sysbios.aem3 : BIOS.obj (.text:ti_sysbios_knl_Mailbox_post__E)
                  00007048    00000094     ti.targets.arm.rtsarm.aem3 : Text.oem3 (.text:xdc_runtime_Text_putMod__F)
                  000070dc    00000092     rtsv7M3_T_le_eabi.lib : fs_div_t2.obj (.text)
                  0000716e    00000002     --HOLE-- [fill = 0]
                  00007170    00000090     sysbios.aem3 : BIOS.obj (.text:ti_sysbios_family_arm_lm3_Timer_initDevice__I)
                  00007200    00000088                  : BIOS.obj (.text:ti_sysbios_knl_Mailbox_Module_startup__F)
                  00007288    00000084                  : BIOS.obj (.text:ti_sysbios_knl_Mailbox_pend__E)
                  0000730c    00000080                  : BIOS.obj (.text:ti_sysbios_knl_Task_Module_startup__F)
                  0000738c    00000080     ti.targets.arm.rtsarm.aem3 : LoggerBuf.oem3 (.text:xdc_runtime_LoggerBuf_setFilterLevel__F)
                  0000740c    0000007e     rtsv7M3_T_le_eabi.lib : fd_cmp_t2.obj (.text)
                  0000748a    00000002     --HOLE-- [fill = 0]
                  0000748c    0000007c     sysbios.aem3 : BIOS.obj (.text:ti_sysbios_family_arm_lm3_Timer_Module_startup__F)
                  00007508    0000007c                  : BIOS.obj (.text:ti_sysbios_family_arm_lm3_Timer_start__E)
                  00007584    0000007a     rtsv7M3_T_le_eabi.lib : fs_mul_t2.obj (.text)
                  000075fe    00000078                           : memset_t2.obj (.text)
                  00007676    00000002     --HOLE-- [fill = 0]
                  00007678    00000070     sysbios.aem3 : BIOS.obj (.text:ti_sysbios_BIOS_rtsUnlock__I)
                  000076e8    00000070     ti.targets.arm.rtsarm.aem3 : Memory.oem3 (.text:xdc_runtime_Memory_alloc__F)
                  00007758    0000006c     driverlib-cm3.lib : adc.obj (.text:ADCSequenceStepConfigure)
                  000077c4    0000006c     ti.targets.arm.rtsarm.aem3 : Error.oem3 (.text:xdc_runtime_Error_print__F)
                  00007830    0000006c                                : LoggerBuf.oem3 (.text:xdc_runtime_LoggerBuf_getFilterLevel__F)
                  0000789c    00000066                                : Core-mem.oem3 (.text:xdc_runtime_Core_deleteObject__I)
                  00007902    00000002     --HOLE-- [fill = 0]
                  00007904    00000064     rtsv7M3_T_le_eabi.lib : round.obj (.text)
                  00007968    00000064                           : xdunscal.obj (.text)
                  000079cc    00000060                           : trgmsg.obj (.text)
                  00007a2c    00000060     sysbios.aem3 : BIOS.obj (.text:ti_sysbios_knl_Clock_logTick__E)
                  00007a8c    00000060     app_pem3.oem3 (.text:xdc_runtime_LoggerBuf_Object__create__S)
                  00007aec    0000005e     rtsv7M3_T_le_eabi.lib : copy_decompress_rle.obj (.text)
                  00007b4a    00000002     --HOLE-- [fill = 0]
                  00007b4c    0000005c     sysbios.aem3 : BIOS.obj (.text:ti_sysbios_knl_Swi_restoreHwi__E)
                  00007ba8    0000005b     ti.targets.arm.rtsarm.aem3 : Text.oem3 (.text:xdc_runtime_Text_putLab__F)
                  00007c03    00000001     --HOLE-- [fill = 0]
                  00007c04    00000058     driverlib-cm3.lib : sysctl.obj (.text:SysCtlPeripheralEnable)
                  00007c5c    00000050     ti.targets.arm.rtsarm.aem3 : Startup.oem3 (.text:xdc_runtime_Startup_exec__F)
                  00007cac    00000050                                : System.oem3 (.text:xdc_runtime_System_formatNum__I)
                  00007cfc    0000004c     sysbios.aem3 : m3_TaskSupport_asm.obj (.text:_ti_sysbios_family_arm_m3_TaskSupport_buildTaskStack)
                  00007d48    0000004c     ti.targets.arm.rtsarm.aem3 : Text.oem3 (.text:xdc_runtime_Text_visitRope2__I)
                  00007d94    0000004a     rtsv7M3_T_le_eabi.lib : fd_tos_t2.obj (.text)
                  00007dde    00000048                           : fd_toi_t2.obj (.text)
                  00007e26    00000002     --HOLE-- [fill = 0]
                  00007e28    00000048     sysbios.aem3 : BIOS.obj (.text:ti_sysbios_family_arm_m3_Hwi_excReserved__I)
                  00007e70    00000048                  : BIOS.obj (.text:ti_sysbios_heaps_HeapMem_getStats__E)
                  00007eb8    00000048                  : BIOS.obj (.text:ti_sysbios_knl_Task_allBlockedFunction__I)
                  00007f00    00000048     ti.targets.arm.rtsarm.aem3 : Assert.oem3 (.text:xdc_runtime_Assert_raise__I)
                  00007f48    00000048                                : Core-params.oem3 (.text:xdc_runtime_Core_assignParams__I)
                  00007f90    00000044     boot.aem3 : boot.oem3 (.text)
                  00007fd4    00000044     driverlib-cm3.lib : ssi.obj (.text:SSIConfigSetExpClk)
                  00008018    00000044     rtsv7M3_T_le_eabi.lib : cpy_tbl.obj (.text)
                  0000805c    00000044                           : xdtest.obj (.text)
                  000080a0    00000044     sysbios.aem3 : BIOS.obj (.text:ti_sysbios_BIOS_errorRaiseHook__I)
                  000080e4    00000044                  : BIOS.obj (.text:ti_sysbios_family_arm_lm3_Timer_enableTimers__I)
                  00008128    00000044                  : BIOS.obj (.text:ti_sysbios_family_arm_m3_Hwi_disableInterrupt__E)
                  0000816c    00000044                  : BIOS.obj (.text:ti_sysbios_family_arm_m3_Hwi_enableInterrupt__E)
                  000081b0    00000044     ti.targets.arm.rtsarm.aem3 : LoggerBuf.oem3 (.text:xdc_runtime_LoggerBuf_filterOutEvent__I)
                  000081f4    00000044                                : SysMin.oem3 (.text:xdc_runtime_SysMin_flush__F)
                  00008238    00000040     rtsv7M3_T_le_eabi.lib : exit.obj (.text)
                  00008278    00000040                           : signal.obj (.text)
                  000082b8    00000040     sysbios.aem3 : BIOS.obj (.text:ti_sysbios_knl_Semaphore_pendTimeout__I)
                  000082f8    00000040     ti.targets.arm.rtsarm.aem3 : System.oem3 (.text:xdc_runtime_System_atexit__F)
                  00008338    0000003c     sysbios.aem3 : BIOS.obj (.text:ti_sysbios_family_arm_m3_Hwi_excSvCall__I)
                  00008374    0000003c                  : BIOS.obj (.text:ti_sysbios_heaps_HeapMem_init__I)
                  000083b0    0000003c                  : BIOS.obj (.text:ti_sysbios_knl_Swi_startup__E)
                  000083ec    0000003c     ti.targets.arm.rtsarm.aem3 : Text.oem3 (.text:xdc_runtime_Text_xprintf__I)
                  00008428    00000038     rtsv7M3_T_le_eabi.lib : fs_tod_t2.obj (.text)
                  00008460    00000038                           : i_tofs_t2.obj (.text)
                  00008498    00000038     sysbios.aem3 : BIOS.obj (.text:ti_sysbios_family_arm_m3_Hwi_excNoIsr__I)
                  000084d0    00000038                  : BIOS.obj (.text:ti_sysbios_family_arm_m3_Hwi_getStackInfo__E)
                  00008508    00000038                  : BIOS.obj (.text:ti_sysbios_family_arm_m3_TaskSupport_start__E)
                  00008540    00000038     app_pem3.oem3 (.text:ti_sysbios_knl_Semaphore_Object__create__S)
                  00008578    00000038     ti.targets.arm.rtsarm.aem3 : LoggerBuf.oem3 (.text:xdc_runtime_LoggerBuf_Instance_init__F)
                  000085b0    00000038                                : SysMin.oem3 (.text:xdc_runtime_SysMin_putch__F)
                  000085e8    00000034     sysbios.aem3 : BIOS.obj (.text:ti_sysbios_family_arm_m3_Hwi_excNmi__I)
                  0000861c    00000034     app_pem3.oem3 (.text:ti_sysbios_gates_GateHwi_Object__create__S)
                  00008650    00000034     app_pem3.oem3 (.text:ti_sysbios_gates_GateMutex_Object__create__S)
                  00008684    00000034     sysbios.aem3 : BIOS.obj (.text:ti_sysbios_hal_Hwi_checkStack:ti_sysbios_hal_Hwi_checkStack)
                  000086b8    00000034     app_pem3.oem3 (.text:ti_sysbios_heaps_HeapMem_Object__create__S)
                  000086ec    00000034     app_pem3.oem3 (.text:ti_sysbios_knl_Queue_Object__create__S)
                  00008720    00000030     rtsv7M3_T_le_eabi.lib : feraiseexcept.obj (.text)
                  00008750    00000030                           : xferaise.obj (.text)
                  00008780    00000030     app_pem3.oem3 (.text:ti_sysbios_BIOS_exitFunc__I)
                  000087b0    00000030     sysbios.aem3 : BIOS.obj (.text:ti_sysbios_knl_Idle_run__E)
                  000087e0    00000030     ti.targets.arm.rtsarm.aem3 : Core-label.oem3 (.text:xdc_runtime_Core_assignLabel__I)
                  00008810    00000030                                : SysMin.oem3 (.text:xdc_runtime_SysMin_abort__F)
                  00008840    0000002f                                : Text.oem3 (.text:xdc_runtime_Text_printVisFxn__I)
                  0000886f    00000001     --HOLE-- [fill = 0]
                  00008870    0000002e     driverlib-cm3.lib : gpio.obj (.text:GPIODirModeSet)
                  0000889e    0000002e     app_pem3.oem3 (.text:malloc)
                  000088cc    0000002e     rtsv7M3_T_le_eabi.lib : i_tofd_t2.obj (.text)
                  000088fa    0000002e                           : raise.obj (.text)
                  00008928    0000002c     sysbios.aem3 : BIOS.obj (.text:ti_sysbios_hal_Hwi_initStack:ti_sysbios_hal_Hwi_initStack)
                  00008954    0000002c     app_pem3.oem3 (.text:ti_sysbios_knl_Clock_doTick__I)
                  00008980    0000002c     sysbios.aem3 : BIOS.obj (.text:ti_sysbios_knl_Task_restore__E)
                  000089ac    0000002c     ti.targets.arm.rtsarm.aem3 : System.oem3 (.text:xdc_runtime_System_rtsExit__I)
                  000089d8    0000002c                                : Text.oem3 (.text:xdc_runtime_Text_cordText__F)
                  00008a04    0000002a     driverlib-cm3.lib : adc.obj (.text:ADCSequenceConfigure)
                  00008a2e    0000002a     ti.targets.arm.rtsarm.aem3 : System.oem3 (.text:xdc_runtime_System_putchar__I)
                  00008a58    00000028     sysbios.aem3 : BIOS.obj (.text:ti_sysbios_gates_GateMutex_Instance_init__F)
                  00008a80    00000028     ti.targets.arm.rtsarm.aem3 : LoggerBuf.oem3 (.text:xdc_runtime_LoggerBuf_Module_startup__F)
                  00008aa8    00000026                                : System.oem3 (.text:xdc_runtime_System_avprintf__F)
                  00008ace    00000002     --HOLE-- [fill = 0]
                  00008ad0    00000024     sysbios.aem3 : BIOS.obj (.text:ti_sysbios_BIOS_registerRTSLock__I)
                  00008af4    00000024     app_pem3.oem3 (.text:ti_sysbios_BIOS_startFunc__I)
                  00008b18    00000024     sysbios.aem3 : BIOS.obj (.text:ti_sysbios_family_arm_lm3_Timer_isrStub__E)
                  00008b3c    00000024                  : BIOS.obj (.text:ti_sysbios_family_arm_m3_Hwi_doTaskRestore__I)
                  00008b60    00000024     app_pem3.oem3 (.text:ti_sysbios_gates_GateMutex_Object__delete__S)
                  00008b84    00000024     sysbios.aem3 : BIOS.obj (.text:ti_sysbios_knl_Clock_Module_startup__F)
                  00008ba8    00000024                  : BIOS.obj (.text:ti_sysbios_knl_Swi_Module_startup__F)
                  00008bcc    00000024     ti.targets.arm.rtsarm.aem3 : System.oem3 (.text:xdc_runtime_System_vprintf__F)
                  00008bf0    00000022     app_pem3.oem3 (.text:xdc_runtime_SysMin_output__I)
                  00008c12    00000002     --HOLE-- [fill = 0]
                  00008c14    00000020     driverlib-cm3.lib : sysctl.obj (.text:SysCtlADCSpeedSet)
                  00008c34    00000020     rtsv7M3_T_le_eabi.lib : u_tofd_t2.obj (.text)
                  00008c54    00000020     app_pem3.oem3 (.text:ti_sysbios_gates_GateHwi_Object__delete__S)
                  00008c74    00000020     app_pem3.oem3 (.text:ti_sysbios_heaps_HeapMem_Object__delete__S)
                  00008c94    00000020     app_pem3.oem3 (.text:ti_sysbios_knl_Semaphore_Object__destruct__S)
                  00008cb4    00000020     sysbios.aem3 : BIOS.obj (.text:ti_sysbios_knl_Task_enter__I)
                  00008cd4    00000020     app_pem3.oem3 (.text:xdc_runtime_LoggerBuf_Object__delete__S)
                  00008cf4    00000020     ti.targets.arm.rtsarm.aem3 : LoggerBuf.oem3 (.text:xdc_runtime_LoggerBuf_reset__F)
                  00008d14    00000020                                : Registry.oem3 (.text:xdc_runtime_Registry_findById__F)
                  00008d34    00000020                                : SysMin.oem3 (.text:xdc_runtime_SysMin_Module_startup__F)
                  00008d54    0000001c     sysbios.aem3 : BIOS.obj (.text:ti_sysbios_BIOS_rtsLock__I)
                  00008d70    0000001c     app_pem3.oem3 (.text:ti_sysbios_knl_Queue_Object__destruct__S)
                  00008d8c    0000001c     ti.targets.arm.rtsarm.aem3 : Error.oem3 (.text:xdc_runtime_Error_check__F)
                  00008da8    0000001c                                : Memory.oem3 (.text:xdc_runtime_Memory_valloc__F)
                  00008dc4    0000001c                                : SysMin.oem3 (.text:xdc_runtime_SysMin_exit__F)
                  00008de0    0000001a     app_pem3.oem3 (.text:ti_sysbios_family_arm_m3_Hwi_Handle__label__S)
                  00008dfa    0000001a     app_pem3.oem3 (.text:ti_sysbios_gates_GateHwi_Handle__label__S)
                  00008e14    0000001a     app_pem3.oem3 (.text:ti_sysbios_gates_GateMutex_Handle__label__S)
                  00008e2e    0000001a     app_pem3.oem3 (.text:ti_sysbios_heaps_HeapMem_Handle__label__S)
                  00008e48    0000001a     app_pem3.oem3 (.text:ti_sysbios_knl_Swi_Handle__label__S)
                  00008e62    0000001a     app_pem3.oem3 (.text:ti_sysbios_knl_Task_Handle__label__S)
                  00008e7c    0000001a     app_pem3.oem3 (.text:xdc_runtime_LoggerBuf_Handle__label__S)
                  00008e96    0000001a     app_pem3.oem3 (.text:xdc_runtime_System_aprintf__E)
                  00008eb0    0000001a     app_pem3.oem3 (.text:xdc_runtime_System_printf__E)
                  00008eca    00000018     sysbios.aem3 : m3_Hwi_asm_switch.obj (.text:_ti_sysbios_family_arm_m3_Hwi_initStacks__E)
                  00008ee2    00000018     app_pem3.oem3 (.text:free)
                  00008efa    00000002     --HOLE-- [fill = 0]
                  00008efc    00000018     rtsv7M3_T_le_eabi.lib : args_main.obj (.text)
                  00008f14    00000018     app_pem3.oem3 (.text:ti_sysbios_family_arm_lm3_Timer_Module__startupDone__F)
                  00008f2c    00000018     app_pem3.oem3 (.text:ti_sysbios_family_arm_m3_Hwi_Module__startupDone__F)
                  00008f44    00000018     sysbios.aem3 : BIOS.obj (.text:ti_sysbios_gates_GateMutex_leave__E)
                  00008f5c    00000018     app_pem3.oem3 (.text:ti_sysbios_hal_Timer_Module__startupDone__F)
                  00008f74    00000018     ti.targets.arm.rtsarm.aem3 : Text.oem3 (.text:xdc_runtime_Text_ropeText__F)
                  00008f8c    00000014     rtsv7M3_T_le_eabi.lib : _lock.obj (.text)
                  00008fa0    00000014                           : strlen.obj (.text)
                  00008fb4    00000014     sysbios.aem3 : BIOS.obj (.text:ti_sysbios_family_arm_m3_Hwi_switchFromBootStack__E)
                  00008fc8    00000014     app_pem3.oem3 (.text:ti_sysbios_heaps_HeapMem_Object__get__S)
                  00008fdc    00000014     app_pem3.oem3 (.text:ti_sysbios_knl_Mailbox_Object__get__S)
                  00008ff0    00000014     app_pem3.oem3 (.text:ti_sysbios_knl_Swi_Object__get__S)
                  00009004    00000014     ti.targets.arm.rtsarm.aem3 : LoggerBuf.oem3 (.text:xdc_runtime_LoggerBuf_Instance_finalize__F)
                  00009018    00000014     app_pem3.oem3 (.text:xdc_runtime_LoggerBuf_Object__get__S)
                  0000902c    00000014     ti.targets.arm.rtsarm.aem3 : LoggerBuf.oem3 (.text:xdc_runtime_LoggerBuf_write2__F)
                  00009040    00000014                                : System.oem3 (.text:xdc_runtime_System_abort__F)
                  00009054    00000012     driverlib-cm3.lib : gpio.obj (.text:GPIOPinTypeGPIOInput)
                  00009066    00000012                       : gpio.obj (.text:GPIOPinTypeGPIOOutput)
                  00009078    00000012                       : gpio.obj (.text:GPIOPinTypeSSI)
                  0000908a    00000012                       : ssi.obj (.text:SSIDataGetNonBlocking)
                  0000909c    00000012     rtsv7M3_T_le_eabi.lib : copy_zero_init.obj (.text:decompress:ZI)
                  000090ae    00000012                           : strcpy.obj (.text)
                  000090c0    00000012     sysbios.aem3 : BIOS.obj (.text:ti_sysbios_hal_Hwi_Module_startup__F)
                  000090d2    00000012                  : BIOS.obj (.text:ti_sysbios_hal_Timer_Module_startup__F)
                  000090e4    00000012     ti.targets.arm.rtsarm.aem3 : LoggerBuf.oem3 (.text:xdc_runtime_LoggerBuf_write1__F)
                  000090f6    00000012     app_pem3.oem3 (.text:xdc_runtime_Startup_exec__I)
                  00009108    00000010     driverlib-cm3.lib : adc.obj (.text:ADCIntEnable)
                  00009118    00000010     sysbios.aem3 : m3_TaskSupport_asm.obj (.text:_ti_sysbios_family_arm_m3_TaskSupport_glue)
                  00009128    00000010                  : m3_TaskSupport_asm.obj (.text:_ti_sysbios_family_arm_m3_TaskSupport_swap__E)
                  00009138    00000010                  : m3_Hwi_asm_switch.obj (.text:_ti_sysbios_family_xxx_Hwi_switchToIsrStack)
                  00009148    00000010                  : BIOS.obj (.text:ti_sysbios_BIOS_setThreadType__E)
                  00009158    00000010                  : BIOS.obj (.text:ti_sysbios_BIOS_start__E)
                  00009168    00000010                  : BIOS.obj (.text:ti_sysbios_family_arm_lm3_TimestampProvider_rolloverFunc__E)
                  00009178    00000010                  : BIOS.obj (.text:ti_sysbios_family_arm_m3_Hwi_excHandler__I)
                  00009188    00000010                  : BIOS.obj (.text:ti_sysbios_gates_GateMutex_Instance_finalize__F)
                  00009198    00000010                  : BIOS.obj (.text:ti_sysbios_knl_Semaphore_Instance_finalize__F)
                  000091a8    00000010                  : BIOS.obj (.text:ti_sysbios_knl_Swi_disable__E)
                  000091b8    00000010     app_pem3.oem3 (.text:ti_sysbios_knl_Task_Object__get__S)
                  000091c8    00000010     sysbios.aem3 : BIOS.obj (.text:ti_sysbios_knl_Task_disable__E)
                  000091d8    00000010     ti.targets.arm.rtsarm.aem3 : Gate.oem3 (.text:xdc_runtime_Gate_leaveSystem__F)
                  000091e8    00000010                                : LoggerBuf.oem3 (.text:xdc_runtime_LoggerBuf_write0__F)
                  000091f8    00000010                                : Memory.oem3 (.text:xdc_runtime_Memory_free__F)
                  00009208    00000010                                : SysMin.oem3 (.text:xdc_runtime_SysMin_ready__F)
                  00009218    00000010                                : System.oem3 (.text:xdc_runtime_System_vsnprintf__F)
                  00009228    00000010     app_pem3.oem3 (.text:xdc_runtime_Text_visitRope__I)
                  00009238    0000000e     driverlib-cm3.lib : adc.obj (.text:ADCSequenceDisable)
                  00009246    0000000e                       : adc.obj (.text:ADCSequenceEnable)
                  00009254    0000000e     rtsv7M3_T_le_eabi.lib : copy_decompress_none.obj (.text:decompress:none)
                  00009262    0000000e     sysbios.aem3 : BIOS.obj (.text:ti_sysbios_family_arm_m3_TaskSupport_checkStack__E)
                  00009270    0000000e                  : BIOS.obj (.text:ti_sysbios_knl_Queue_empty__E)
                  0000927e    00000002     --HOLE-- [fill = 0]
                  00009280    0000000c     app_pem3.oem3 (.text:.bootCodeSection:ti_catalog_arm_cortexm3_lm3init_Boot_init)
                  0000928c    0000000c     driverlib-cm3.lib : cpu.obj (.text:CPUcpsid)
                  00009298    0000000c                       : cpu.obj (.text:CPUcpsie)
                  000092a4    0000000c     sysbios.aem3 : m3_Hwi_asm_switch.obj (.text:_ti_sysbios_family_xxx_Hwi_switchToTaskStack)
                  000092b0    0000000c                  : BIOS.obj (.text:ti_sysbios_family_arm_lm3_TimestampProvider_startTimer__E)
                  000092bc    0000000c                  : BIOS.obj (.text:ti_sysbios_gates_GateHwi_enter__E)
                  000092c8    0000000c     app_pem3.oem3 (.text:ti_sysbios_knl_Queue_Object__get__S)
                  000092d4    0000000c     ti.targets.arm.rtsarm.aem3 : Error.oem3 (.text:xdc_runtime_Error_init__F)
                  000092e0    0000000c                                : Gate.oem3 (.text:xdc_runtime_Gate_enterSystem__F)
                  000092ec    0000000c                                : Memory.oem3 (.text:xdc_runtime_Memory_calloc__F)
                  000092f8    0000000c                                : Memory.oem3 (.text:xdc_runtime_Memory_getMaxDefaultTypeAlign__F)
                  00009304    0000000c                                : System.oem3 (.text:xdc_runtime_System_exit__F)
                  00009310    0000000c                                : System.oem3 (.text:xdc_runtime_System_lastFxn__I)
                  0000931c    0000000a     driverlib-cm3.lib : interrupt.obj (.text:IntMasterDisable)
                  00009326    0000000a                       : interrupt.obj (.text:IntMasterEnable)
                  00009330    0000000a                       : ssi.obj (.text:SSIDataPut)
                  0000933a    0000000a                       : ssi.obj (.text:SSIDisable)
                  00009344    0000000a                       : ssi.obj (.text:SSIEnable)
                  0000934e    0000000a     app_pem3.oem3 (.text:xdc_runtime_IHeap_alloc)
                  00009358    0000000a     app_pem3.oem3 (.text:xdc_runtime_IHeap_free)
                  00009362    0000000a     ti.targets.arm.rtsarm.aem3 : LoggerBuf.oem3 (.text:xdc_runtime_LoggerBuf_disable__F)
                  0000936c    0000000a                                : LoggerBuf.oem3 (.text:xdc_runtime_LoggerBuf_enable__F)
                  00009376    00000008     driverlib-cm3.lib : ssi.obj (.text:SSIBusy)
                  0000937e    00000008     sysbios.aem3 : BIOS.obj (.text:ti_sysbios_family_arm_m3_Hwi_doSwiRestore__I)
                  00009386    00000008                  : BIOS.obj (.text:ti_sysbios_family_arm_m3_Hwi_startup__E)
                  0000938e    00000008                  : BIOS.obj (.text:ti_sysbios_knl_Idle_loop__E)
                  00009396    00000006     Boot.aem3 : Boot.oem3 (.text)
                  0000939c    00000006     driverlib-cm3.lib : gpio.obj (.text:GPIOPinWrite)
                  000093a2    00000006     ti.targets.arm.rtsarm.aem3 : xdc_noinit.oem3 (.text:__xdc__init)
                  000093a8    00000006     rtsv7M3_T_le_eabi.lib : copy_decompress_rle.obj (.text:decompress:rle24)
                  000093ae    00000006                           : cos.obj (.text)
                  000093b4    00000006                           : log10.obj (.text)
                  000093ba    00000006                           : sin.obj (.text)
                  000093c0    00000006     sysbios.aem3 : BIOS.obj (.text:ti_sysbios_family_arm_lm3_TimestampProvider_Module_startup__F)
                  000093c6    00000006                  : BIOS.obj (.text:ti_sysbios_gates_GateHwi_leave__E)
                  000093cc    00000006                  : BIOS.obj (.text:ti_sysbios_heaps_HeapMem_isBlocking__E)
                  000093d2    00000006                  : BIOS.obj (.text:ti_sysbios_knl_Queue_Instance_init__F)
                  000093d8    00000006     ti.targets.arm.rtsarm.aem3 : System.oem3 (.text:xdc_runtime_System_Module_startup__F)
                  000093de    00000004     app_pem3.oem3 (.text:ti_sysbios_BIOS_RtsGateProxy_enter__E)
                  000093e2    00000004     app_pem3.oem3 (.text:ti_sysbios_BIOS_RtsGateProxy_leave__E)
                  000093e6    00000004     sysbios.aem3 : BIOS.obj (.text:ti_sysbios_family_arm_lm3_Timer_getPeriod__E)
                  000093ea    00000004     app_pem3.oem3 (.text:ti_sysbios_family_arm_m3_TaskSupport_Module__startupDone__S)
                  000093ee    00000004     sysbios.aem3 : BIOS.obj (.text:ti_sysbios_gates_GateHwi_query__F)
                  000093f2    00000004                  : BIOS.obj (.text:ti_sysbios_gates_GateMutex_query__F)
                  000093f6    00000004     app_pem3.oem3 (.text:ti_sysbios_hal_Hwi_HwiProxy_Module__startupDone__S)
                  000093fa    00000004     app_pem3.oem3 (.text:ti_sysbios_hal_Timer_TimerProxy_Module__startupDone__S)
                  000093fe    00000004     app_pem3.oem3 (.text:ti_sysbios_hal_Timer_TimerProxy_getPeriod__E)
                  00009402    00000004     app_pem3.oem3 (.text:ti_sysbios_heaps_HeapMem_Module_GateProxy_enter__E)
                  00009406    00000004     app_pem3.oem3 (.text:ti_sysbios_heaps_HeapMem_Module_GateProxy_leave__E)
                  0000940a    00000004     app_pem3.oem3 (.text:ti_sysbios_knl_Task_SupportProxy_Module__startupDone__S)
                  0000940e    00000004     sysbios.aem3 : BIOS.obj (.text:ti_sysbios_knl_Task_startup__E)
                  00009412    00000004     ti.targets.arm.rtsarm.aem3 : Error.oem3 (.text:xdc_runtime_Error_getSite__F)
                  00009416    00000004     app_pem3.oem3 (.text:xdc_runtime_LoggerBuf_Module_GateProxy_enter__E)
                  0000941a    00000004     app_pem3.oem3 (.text:xdc_runtime_LoggerBuf_Module_GateProxy_leave__E)
                  0000941e    00000004     app_pem3.oem3 (.text:xdc_runtime_Memory_HeapProxy_alloc__E)
                  00009422    00000004     app_pem3.oem3 (.text:xdc_runtime_Memory_HeapProxy_free__E)
                  00009426    00000004     app_pem3.oem3 (.text:xdc_runtime_Startup_reset__I)
                  0000942a    00000004     app_pem3.oem3 (.text:xdc_runtime_System_Module_GateProxy_enter__E)
                  0000942e    00000004     app_pem3.oem3 (.text:xdc_runtime_System_Module_GateProxy_leave__E)
                  00009432    00000004     ti.targets.arm.rtsarm.aem3 : System.oem3 (.text:xdc_runtime_System_aprintf_va__F)
                  00009436    00000004                                : System.oem3 (.text:xdc_runtime_System_printf_va__F)
                  0000943a    00000004     app_pem3.oem3 (.text:xdc_runtime_System_vsnprintf__E)

.const     0    00009440    000023f1     
                  00009440    000016d4     app_pem3.oem3 (.const:xdc_runtime_Text_charTab__A)
                  0000ab14    000001e0     rit128x96x4.obj (.const:g_pucFont)
                  0000acf4    000001db     frame_graphics.obj (.const:g_pucFont)
                  0000aecf    00000001     --HOLE-- [fill = 0]
                  0000aed0    000000b8     app_pem3.oem3 (.const:xdc_runtime_Text_nodeTab__A)
                  0000af88    00000080     rtsv7M3_T_le_eabi.lib : xsin.obj (.const)
                  0000b008    0000006c     driverlib-cm3.lib : sysctl.obj (.const:g_pulXtals)
                  0000b074    00000050     app_pem3.oem3 (.const:ti_sysbios_family_arm_m3_Hwi_priorities__A)
                  0000b0c4    0000004f     rit128x96x4.obj (.const:.string:g_pucRIT128x96x4Init)
                  0000b113    00000001     --HOLE-- [fill = 0]
                  0000b114    00000048     app_pem3.oem3 (.const:.string)
                  0000b15c    00000040     driverlib-cm3.lib : sysctl.obj (.const)
                  0000b19c    00000040     frame_graphics.obj (.const)
                  0000b1dc    0000003c     app_pem3.oem3 (.const:xdc_runtime_LoggerBuf_Module__FXNS__C)
                  0000b218    00000038     rtsv7M3_T_le_eabi.lib : xlog.obj (.const:p)
                  0000b250    00000030                           : xdint.obj (.const)
                  0000b280    00000030     app_pem3.oem3 (.const:xdc_runtime_Startup_sfxnTab__A)
                  0000b2b0    00000028     app_pem3.oem3 (.const)
                  0000b2d8    00000028     app_pem3.oem3 (.const:ti_sysbios_heaps_HeapMem_Module__FXNS__C)
                  0000b300    00000024     app_pem3.oem3 (.const:ti_sysbios_gates_GateHwi_Module__FXNS__C)
                  0000b324    00000024     app_pem3.oem3 (.const:ti_sysbios_gates_GateMutex_Module__FXNS__C)
                  0000b348    00000024     app_pem3.oem3 (.const:ti_sysbios_heaps_HeapMem_Object__PARAMS__C)
                  0000b36c    00000024     app_pem3.oem3 (.const:ti_sysbios_knl_Semaphore_Object__PARAMS__C)
                  0000b390    00000024     app_pem3.oem3 (.const:xdc_runtime_LoggerBuf_Object__PARAMS__C)
                  0000b3b4    00000022     main.obj (.const:.string)
                  0000b3d6    00000002     --HOLE-- [fill = 0]
                  0000b3d8    00000020     app_pem3.oem3 (.const:ti_sysbios_gates_GateHwi_Object__DESC__C)
                  0000b3f8    00000020     app_pem3.oem3 (.const:ti_sysbios_gates_GateMutex_Object__DESC__C)
                  0000b418    00000020     app_pem3.oem3 (.const:ti_sysbios_heaps_HeapMem_Object__DESC__C)
                  0000b438    00000020     app_pem3.oem3 (.const:ti_sysbios_knl_Queue_Object__DESC__C)
                  0000b458    00000020     app_pem3.oem3 (.const:ti_sysbios_knl_Semaphore_Object__DESC__C)
                  0000b478    00000020     app_pem3.oem3 (.const:xdc_runtime_LoggerBuf_Object__DESC__C)
                  0000b498    00000018     app_pem3.oem3 (.const:ti_sysbios_gates_GateHwi_Object__PARAMS__C)
                  0000b4b0    00000018     app_pem3.oem3 (.const:ti_sysbios_gates_GateMutex_Object__PARAMS__C)
                  0000b4c8    00000018     app_pem3.oem3 (.const:ti_sysbios_knl_Queue_Object__PARAMS__C)
                  0000b4e0    00000018     app_pem3.oem3 (.const:ti_sysbios_knl_Task_hooks__A)
                  0000b4f8    00000018     app_pem3.oem3 (.const:xdc_runtime_Startup_sfxnRts__A)
                  0000b510    00000014     main.obj (.const)
                  0000b524    00000011     ti.targets.arm.rtsarm.aem3 : System.oem3 (.const)
                  0000b535    00000003     --HOLE-- [fill = 0]
                  0000b538    00000010     app_pem3.oem3 (.const:xdc_runtime_Startup_firstFxns__A)
                  0000b548    0000000c     rit128x96x4.obj (.const:.string)
                  0000b554    00000008     app_pem3.oem3 (.const:ti_sysbios_family_arm_m3_Hwi_excHookFuncs__A)
                  0000b55c    00000008     app_pem3.oem3 (.const:ti_sysbios_knl_Idle_coreList__C)
                  0000b564    00000008     app_pem3.oem3 (.const:ti_sysbios_knl_Idle_funcList__C)
                  0000b56c    00000008     app_pem3.oem3 (.const:ti_sysbios_knl_Task_hooks__C)
                  0000b574    00000008     app_pem3.oem3 (.const:xdc_runtime_Startup_firstFxns__C)
                  0000b57c    00000008     app_pem3.oem3 (.const:xdc_runtime_Startup_lastFxns__A)
                  0000b584    00000008     app_pem3.oem3 (.const:xdc_runtime_Startup_lastFxns__C)
                  0000b58c    00000004     app_pem3.oem3 (.const:ti_sysbios_BIOS_Module__diagsEnabled__C)
                  0000b590    00000004     app_pem3.oem3 (.const:ti_sysbios_BIOS_Module__diagsIncluded__C)
                  0000b594    00000004     app_pem3.oem3 (.const:ti_sysbios_BIOS_Module__diagsMask__C)
                  0000b598    00000004     app_pem3.oem3 (.const:ti_sysbios_BIOS_installedErrorHook__C)
                  0000b59c    00000004     app_pem3.oem3 (.const:ti_sysbios_family_arm_lm3_Timer_WRALLOW__C)
                  0000b5a0    00000004     app_pem3.oem3 (.const:ti_sysbios_family_arm_lm3_Timer_numTimerDevices__C)
                  0000b5a4    00000004     app_pem3.oem3 (.const:ti_sysbios_family_arm_lm3_Timer_startupNeeded__C)
                  0000b5a8    00000004     app_pem3.oem3 (.const:ti_sysbios_family_arm_m3_Hwi_E_NMI__C)
                  0000b5ac    00000004     app_pem3.oem3 (.const:ti_sysbios_family_arm_m3_Hwi_E_busFault__C)
                  0000b5b0    00000004     app_pem3.oem3 (.const:ti_sysbios_family_arm_m3_Hwi_E_debugMon__C)
                  0000b5b4    00000004     app_pem3.oem3 (.const:ti_sysbios_family_arm_m3_Hwi_E_hardFault__C)
                  0000b5b8    00000004     app_pem3.oem3 (.const:ti_sysbios_family_arm_m3_Hwi_E_memFault__C)
                  0000b5bc    00000004     app_pem3.oem3 (.const:ti_sysbios_family_arm_m3_Hwi_E_noIsr__C)
                  0000b5c0    00000004     app_pem3.oem3 (.const:ti_sysbios_family_arm_m3_Hwi_E_reserved__C)
                  0000b5c4    00000004     app_pem3.oem3 (.const:ti_sysbios_family_arm_m3_Hwi_E_svCall__C)
                  0000b5c8    00000004     app_pem3.oem3 (.const:ti_sysbios_family_arm_m3_Hwi_E_usageFault__C)
                  0000b5cc    00000004     app_pem3.oem3 (.const:ti_sysbios_family_arm_m3_Hwi_LD_end__C)
                  0000b5d0    00000004     app_pem3.oem3 (.const:ti_sysbios_family_arm_m3_Hwi_LM_begin__C)
                  0000b5d4    00000004     app_pem3.oem3 (.const:ti_sysbios_family_arm_m3_Hwi_Module__diagsEnabled__C)
                  0000b5d8    00000004     app_pem3.oem3 (.const:ti_sysbios_family_arm_m3_Hwi_Module__diagsIncluded__C)
                  0000b5dc    00000004     app_pem3.oem3 (.const:ti_sysbios_family_arm_m3_Hwi_Module__diagsMask__C)
                  0000b5e0    00000004     app_pem3.oem3 (.const:ti_sysbios_family_arm_m3_Hwi_Module__loggerFxn1__C)
                  0000b5e4    00000004     app_pem3.oem3 (.const:ti_sysbios_family_arm_m3_Hwi_Module__loggerFxn8__C)
                  0000b5e8    00000004     app_pem3.oem3 (.const:ti_sysbios_family_arm_m3_Hwi_Module__loggerObj__C)
                  0000b5ec    00000004     app_pem3.oem3 (.const:ti_sysbios_family_arm_m3_Hwi_NUM_INTERRUPTS__C)
                  0000b5f0    00000004     app_pem3.oem3 (.const:ti_sysbios_family_arm_m3_Hwi_ccr__C)
                  0000b5f4    00000004     app_pem3.oem3 (.const:ti_sysbios_family_arm_m3_Hwi_dispatchTable__C)
                  0000b5f8    00000004     app_pem3.oem3 (.const:ti_sysbios_family_arm_m3_Hwi_excHandlerFunc__C)
                  0000b5fc    00000004     app_pem3.oem3 (.const:ti_sysbios_family_arm_m3_Hwi_excHookFuncs__C)
                  0000b600    00000004     app_pem3.oem3 (.const:ti_sysbios_family_arm_m3_Hwi_priGroup__C)
                  0000b604    00000004     app_pem3.oem3 (.const:ti_sysbios_family_arm_m3_Hwi_priorities__C)
                  0000b608    00000004     app_pem3.oem3 (.const:ti_sysbios_gates_GateMutex_A_badContext__C)
                  0000b60c    00000004     app_pem3.oem3 (.const:ti_sysbios_gates_GateMutex_Instance_State_sem__O)
                  0000b610    00000004     app_pem3.oem3 (.const:ti_sysbios_gates_GateMutex_Module__diagsEnabled__C)
                  0000b614    00000004     app_pem3.oem3 (.const:ti_sysbios_gates_GateMutex_Module__diagsIncluded__C)
                  0000b618    00000004     app_pem3.oem3 (.const:ti_sysbios_gates_GateMutex_Module__diagsMask__C)
                  0000b61c    00000004     app_pem3.oem3 (.const:ti_sysbios_hal_Hwi_E_stackOverflow__C)
                  0000b620    00000004     app_pem3.oem3 (.const:ti_sysbios_heaps_HeapMem_A_align__C)
                  0000b624    00000004     app_pem3.oem3 (.const:ti_sysbios_heaps_HeapMem_A_heapSize__C)
                  0000b628    00000004     app_pem3.oem3 (.const:ti_sysbios_heaps_HeapMem_A_invalidFree__C)
                  0000b62c    00000004     app_pem3.oem3 (.const:ti_sysbios_heaps_HeapMem_A_zeroBlock__C)
                  0000b630    00000004     app_pem3.oem3 (.const:ti_sysbios_heaps_HeapMem_E_memory__C)
                  0000b634    00000004     app_pem3.oem3 (.const:ti_sysbios_heaps_HeapMem_Module__diagsEnabled__C)
                  0000b638    00000004     app_pem3.oem3 (.const:ti_sysbios_heaps_HeapMem_Module__diagsIncluded__C)
                  0000b63c    00000004     app_pem3.oem3 (.const:ti_sysbios_heaps_HeapMem_Module__diagsMask__C)
                  0000b640    00000004     app_pem3.oem3 (.const:ti_sysbios_heaps_HeapMem_Module__gateObj__C)
                  0000b644    00000004     app_pem3.oem3 (.const:ti_sysbios_heaps_HeapMem_Object__count__C)
                  0000b648    00000004     app_pem3.oem3 (.const:ti_sysbios_heaps_HeapMem_reqAlign__C)
                  0000b64c    00000004     app_pem3.oem3 (.const:ti_sysbios_knl_Clock_LM_begin__C)
                  0000b650    00000004     app_pem3.oem3 (.const:ti_sysbios_knl_Clock_LM_tick__C)
                  0000b654    00000004     app_pem3.oem3 (.const:ti_sysbios_knl_Clock_LW_delayed__C)
                  0000b658    00000004     app_pem3.oem3 (.const:ti_sysbios_knl_Clock_Module_State_clockQ__O)
                  0000b65c    00000004     app_pem3.oem3 (.const:ti_sysbios_knl_Clock_Module__diagsEnabled__C)
                  0000b660    00000004     app_pem3.oem3 (.const:ti_sysbios_knl_Clock_Module__diagsIncluded__C)
                  0000b664    00000004     app_pem3.oem3 (.const:ti_sysbios_knl_Clock_Module__diagsMask__C)
                  0000b668    00000004     app_pem3.oem3 (.const:ti_sysbios_knl_Clock_Module__loggerFxn1__C)
                  0000b66c    00000004     app_pem3.oem3 (.const:ti_sysbios_knl_Clock_Module__loggerFxn2__C)
                  0000b670    00000004     app_pem3.oem3 (.const:ti_sysbios_knl_Clock_Module__loggerObj__C)
                  0000b674    00000004     app_pem3.oem3 (.const:ti_sysbios_knl_Idle_coreList__A)
                  0000b678    00000004     app_pem3.oem3 (.const:ti_sysbios_knl_Idle_funcList__A)
                  0000b67c    00000004     app_pem3.oem3 (.const:ti_sysbios_knl_Mailbox_Instance_State_dataQue__O)
                  0000b680    00000004     app_pem3.oem3 (.const:ti_sysbios_knl_Mailbox_Instance_State_dataSem__O)
                  0000b684    00000004     app_pem3.oem3 (.const:ti_sysbios_knl_Mailbox_Instance_State_freeQue__O)
                  0000b688    00000004     app_pem3.oem3 (.const:ti_sysbios_knl_Mailbox_Instance_State_freeSem__O)
                  0000b68c    00000004     app_pem3.oem3 (.const:ti_sysbios_knl_Mailbox_Object__count__C)
                  0000b690    00000004     app_pem3.oem3 (.const:ti_sysbios_knl_Semaphore_A_badContext__C)
                  0000b694    00000004     app_pem3.oem3 (.const:ti_sysbios_knl_Semaphore_A_noEvents__C)
                  0000b698    00000004     app_pem3.oem3 (.const:ti_sysbios_knl_Semaphore_A_overflow__C)
                  0000b69c    00000004     app_pem3.oem3 (.const:ti_sysbios_knl_Semaphore_A_pendTaskDisabled__C)
                  0000b6a0    00000004     app_pem3.oem3 (.const:ti_sysbios_knl_Semaphore_Instance_State_pendQ__O)
                  0000b6a4    00000004     app_pem3.oem3 (.const:ti_sysbios_knl_Semaphore_LM_pend__C)
                  0000b6a8    00000004     app_pem3.oem3 (.const:ti_sysbios_knl_Semaphore_LM_post__C)
                  0000b6ac    00000004     app_pem3.oem3 (.const:ti_sysbios_knl_Semaphore_Module__diagsEnabled__C)
                  0000b6b0    00000004     app_pem3.oem3 (.const:ti_sysbios_knl_Semaphore_Module__diagsIncluded__C)
                  0000b6b4    00000004     app_pem3.oem3 (.const:ti_sysbios_knl_Semaphore_Module__diagsMask__C)
                  0000b6b8    00000004     app_pem3.oem3 (.const:ti_sysbios_knl_Semaphore_Module__loggerFxn2__C)
                  0000b6bc    00000004     app_pem3.oem3 (.const:ti_sysbios_knl_Semaphore_Module__loggerFxn4__C)
                  0000b6c0    00000004     app_pem3.oem3 (.const:ti_sysbios_knl_Semaphore_Module__loggerObj__C)
                  0000b6c4    00000004     app_pem3.oem3 (.const:ti_sysbios_knl_Swi_LD_end__C)
                  0000b6c8    00000004     app_pem3.oem3 (.const:ti_sysbios_knl_Swi_LM_begin__C)
                  0000b6cc    00000004     app_pem3.oem3 (.const:ti_sysbios_knl_Swi_LM_post__C)
                  0000b6d0    00000004     app_pem3.oem3 (.const:ti_sysbios_knl_Swi_Module__diagsEnabled__C)
                  0000b6d4    00000004     app_pem3.oem3 (.const:ti_sysbios_knl_Swi_Module__diagsIncluded__C)
                  0000b6d8    00000004     app_pem3.oem3 (.const:ti_sysbios_knl_Swi_Module__diagsMask__C)
                  0000b6dc    00000004     app_pem3.oem3 (.const:ti_sysbios_knl_Swi_Module__loggerFxn1__C)
                  0000b6e0    00000004     app_pem3.oem3 (.const:ti_sysbios_knl_Swi_Module__loggerFxn4__C)
                  0000b6e4    00000004     app_pem3.oem3 (.const:ti_sysbios_knl_Swi_Module__loggerObj__C)
                  0000b6e8    00000004     app_pem3.oem3 (.const:ti_sysbios_knl_Swi_Object__count__C)
                  0000b6ec    00000004     app_pem3.oem3 (.const:ti_sysbios_knl_Task_E_spOutOfBounds__C)
                  0000b6f0    00000004     app_pem3.oem3 (.const:ti_sysbios_knl_Task_E_stackOverflow__C)
                  0000b6f4    00000004     app_pem3.oem3 (.const:ti_sysbios_knl_Task_LD_block__C)
                  0000b6f8    00000004     app_pem3.oem3 (.const:ti_sysbios_knl_Task_LD_exit__C)
                  0000b6fc    00000004     app_pem3.oem3 (.const:ti_sysbios_knl_Task_LD_ready__C)
                  0000b700    00000004     app_pem3.oem3 (.const:ti_sysbios_knl_Task_LM_switch__C)
                  0000b704    00000004     app_pem3.oem3 (.const:ti_sysbios_knl_Task_Module_State_inactiveQ__O)
                  0000b708    00000004     app_pem3.oem3 (.const:ti_sysbios_knl_Task_Module__diagsEnabled__C)
                  0000b70c    00000004     app_pem3.oem3 (.const:ti_sysbios_knl_Task_Module__diagsIncluded__C)
                  0000b710    00000004     app_pem3.oem3 (.const:ti_sysbios_knl_Task_Module__diagsMask__C)
                  0000b714    00000004     app_pem3.oem3 (.const:ti_sysbios_knl_Task_Module__loggerFxn2__C)
                  0000b718    00000004     app_pem3.oem3 (.const:ti_sysbios_knl_Task_Module__loggerFxn4__C)
                  0000b71c    00000004     app_pem3.oem3 (.const:ti_sysbios_knl_Task_Module__loggerObj__C)
                  0000b720    00000004     app_pem3.oem3 (.const:ti_sysbios_knl_Task_Object__count__C)
                  0000b724    00000004     app_pem3.oem3 (.const:ti_sysbios_knl_Task_allBlockedFunc__C)
                  0000b728    00000004     app_pem3.oem3 (.const:ti_sysbios_knl_Task_numConstructedTasks__C)
                  0000b72c    00000004     app_pem3.oem3 (.const:xdc_runtime_Assert_E_assertFailed__C)
                  0000b730    00000004     app_pem3.oem3 (.const:xdc_runtime_Core_A_initializedParams__C)
                  0000b734    00000004     app_pem3.oem3 (.const:xdc_runtime_Core_Module__diagsEnabled__C)
                  0000b738    00000004     app_pem3.oem3 (.const:xdc_runtime_Core_Module__diagsIncluded__C)
                  0000b73c    00000004     app_pem3.oem3 (.const:xdc_runtime_Core_Module__diagsMask__C)
                  0000b740    00000004     app_pem3.oem3 (.const:xdc_runtime_Error_E_memory__C)
                  0000b744    00000004     app_pem3.oem3 (.const:xdc_runtime_Error_Module__diagsEnabled__C)
                  0000b748    00000004     app_pem3.oem3 (.const:xdc_runtime_Error_Module__diagsIncluded__C)
                  0000b74c    00000004     app_pem3.oem3 (.const:xdc_runtime_Error_Module__diagsMask__C)
                  0000b750    00000004     app_pem3.oem3 (.const:xdc_runtime_Error_Module__loggerFxn8__C)
                  0000b754    00000004     app_pem3.oem3 (.const:xdc_runtime_Error_Module__loggerObj__C)
                  0000b758    00000004     app_pem3.oem3 (.const:xdc_runtime_Error_raiseHook__C)
                  0000b75c    00000004     app_pem3.oem3 (.const:xdc_runtime_IFilterLogger_Interface__BASE__C)
                  0000b760    00000004     app_pem3.oem3 (.const:xdc_runtime_IGateProvider_Interface__BASE__C)
                  0000b764    00000004     app_pem3.oem3 (.const:xdc_runtime_IHeap_Interface__BASE__C)
                  0000b768    00000004     app_pem3.oem3 (.const:xdc_runtime_ILogger_Interface__BASE__C)
                  0000b76c    00000004     app_pem3.oem3 (.const:xdc_runtime_IModule_Interface__BASE__C)
                  0000b770    00000004     app_pem3.oem3 (.const:xdc_runtime_Log_L_error__C)
                  0000b774    00000004     app_pem3.oem3 (.const:xdc_runtime_LoggerBuf_E_badLevel__C)
                  0000b778    00000004     app_pem3.oem3 (.const:xdc_runtime_LoggerBuf_Module__gateObj__C)
                  0000b77c    00000004     app_pem3.oem3 (.const:xdc_runtime_LoggerBuf_Object__count__C)
                  0000b780    00000004     app_pem3.oem3 (.const:xdc_runtime_LoggerBuf_statusLogger__C)
                  0000b784    00000004     app_pem3.oem3 (.const:xdc_runtime_Memory_defaultHeapInstance__C)
                  0000b788    00000004     app_pem3.oem3 (.const:xdc_runtime_Startup_execImpl__C)
                  0000b78c    00000004     app_pem3.oem3 (.const:xdc_runtime_Startup_maxPasses__C)
                  0000b790    00000004     app_pem3.oem3 (.const:xdc_runtime_Startup_sfxnRts__C)
                  0000b794    00000004     app_pem3.oem3 (.const:xdc_runtime_Startup_sfxnTab__C)
                  0000b798    00000004     app_pem3.oem3 (.const:xdc_runtime_SysMin_bufSize__C)
                  0000b79c    00000004     app_pem3.oem3 (.const:xdc_runtime_SysMin_outputFunc__C)
                  0000b7a0    00000004     app_pem3.oem3 (.const:xdc_runtime_System_Module__gateObj__C)
                  0000b7a4    00000004     app_pem3.oem3 (.const:xdc_runtime_System_extendFxn__C)
                  0000b7a8    00000004     app_pem3.oem3 (.const:xdc_runtime_System_maxAtexitHandlers__C)
                  0000b7ac    00000004     app_pem3.oem3 (.const:xdc_runtime_Text_charTab__C)
                  0000b7b0    00000004     app_pem3.oem3 (.const:xdc_runtime_Text_nameEmpty__C)
                  0000b7b4    00000004     app_pem3.oem3 (.const:xdc_runtime_Text_nameStatic__C)
                  0000b7b8    00000004     app_pem3.oem3 (.const:xdc_runtime_Text_nameUnknown__C)
                  0000b7bc    00000004     app_pem3.oem3 (.const:xdc_runtime_Text_nodeTab__C)
                  0000b7c0    00000004     app_pem3.oem3 (.const:xdc_runtime_Text_visitRopeFxn__C)
                  0000b7c4    00000002     app_pem3.oem3 (.const:ti_sysbios_BIOS_Module__id__C)
                  0000b7c6    00000002     --HOLE-- [fill = 0]
                  0000b7c8    00000002     app_pem3.oem3 (.const:ti_sysbios_family_arm_lm3_TimestampProvider_useClockTimer__C)
                  0000b7ca    00000002     --HOLE-- [fill = 0]
                  0000b7cc    00000002     app_pem3.oem3 (.const:ti_sysbios_family_arm_m3_Hwi_Module__id__C)
                  0000b7ce    00000002     --HOLE-- [fill = 0]
                  0000b7d0    00000002     app_pem3.oem3 (.const:ti_sysbios_family_arm_m3_Hwi_Module__loggerDefined__C)
                  0000b7d2    00000002     --HOLE-- [fill = 0]
                  0000b7d4    00000002     app_pem3.oem3 (.const:ti_sysbios_gates_GateMutex_Module__id__C)
                  0000b7d6    00000002     --HOLE-- [fill = 0]
                  0000b7d8    00000002     app_pem3.oem3 (.const:ti_sysbios_hal_Hwi_Module__id__C)
                  0000b7da    00000002     --HOLE-- [fill = 0]
                  0000b7dc    00000002     app_pem3.oem3 (.const:ti_sysbios_heaps_HeapMem_Module__id__C)
                  0000b7de    00000002     --HOLE-- [fill = 0]
                  0000b7e0    00000002     app_pem3.oem3 (.const:ti_sysbios_knl_Clock_Module__id__C)
                  0000b7e2    00000002     --HOLE-- [fill = 0]
                  0000b7e4    00000002     app_pem3.oem3 (.const:ti_sysbios_knl_Clock_Module__loggerDefined__C)
                  0000b7e6    00000002     --HOLE-- [fill = 0]
                  0000b7e8    00000002     app_pem3.oem3 (.const:ti_sysbios_knl_Semaphore_Module__id__C)
                  0000b7ea    00000002     --HOLE-- [fill = 0]
                  0000b7ec    00000002     app_pem3.oem3 (.const:ti_sysbios_knl_Semaphore_Module__loggerDefined__C)
                  0000b7ee    00000002     --HOLE-- [fill = 0]
                  0000b7f0    00000002     app_pem3.oem3 (.const:ti_sysbios_knl_Swi_Module__id__C)
                  0000b7f2    00000002     --HOLE-- [fill = 0]
                  0000b7f4    00000002     app_pem3.oem3 (.const:ti_sysbios_knl_Swi_Module__loggerDefined__C)
                  0000b7f6    00000002     --HOLE-- [fill = 0]
                  0000b7f8    00000002     app_pem3.oem3 (.const:ti_sysbios_knl_Task_Module__id__C)
                  0000b7fa    00000002     --HOLE-- [fill = 0]
                  0000b7fc    00000002     app_pem3.oem3 (.const:ti_sysbios_knl_Task_Module__loggerDefined__C)
                  0000b7fe    00000002     --HOLE-- [fill = 0]
                  0000b800    00000002     app_pem3.oem3 (.const:ti_sysbios_knl_Task_initStackFlag__C)
                  0000b802    00000002     --HOLE-- [fill = 0]
                  0000b804    00000002     app_pem3.oem3 (.const:xdc_runtime_Core_Module__id__C)
                  0000b806    00000002     --HOLE-- [fill = 0]
                  0000b808    00000002     app_pem3.oem3 (.const:xdc_runtime_Error_Module__loggerDefined__C)
                  0000b80a    00000002     --HOLE-- [fill = 0]
                  0000b80c    00000002     app_pem3.oem3 (.const:xdc_runtime_Error_maxDepth__C)
                  0000b80e    00000002     --HOLE-- [fill = 0]
                  0000b810    00000002     app_pem3.oem3 (.const:xdc_runtime_LoggerBuf_Module__id__C)
                  0000b812    00000002     --HOLE-- [fill = 0]
                  0000b814    00000002     app_pem3.oem3 (.const:xdc_runtime_LoggerBuf_filterByLevel__C)
                  0000b816    00000002     --HOLE-- [fill = 0]
                  0000b818    00000002     app_pem3.oem3 (.const:xdc_runtime_Memory_Module__id__C)
                  0000b81a    00000002     --HOLE-- [fill = 0]
                  0000b81c    00000002     app_pem3.oem3 (.const:xdc_runtime_SysMin_flushAtExit__C)
                  0000b81e    00000002     --HOLE-- [fill = 0]
                  0000b820    00000002     app_pem3.oem3 (.const:xdc_runtime_Text_charCnt__C)
                  0000b822    00000002     --HOLE-- [fill = 0]
                  0000b824    00000002     app_pem3.oem3 (.const:xdc_runtime_Text_isLoaded__C)
                  0000b826    00000002     --HOLE-- [fill = 0]
                  0000b828    00000002     app_pem3.oem3 (.const:xdc_runtime_Text_registryModsLastId__C)
                  0000b82a    00000002     --HOLE-- [fill = 0]
                  0000b82c    00000002     app_pem3.oem3 (.const:xdc_runtime_Text_unnamedModsLastId__C)
                  0000b82e    00000002     --HOLE-- [fill = 0]
                  0000b830    00000001     app_pem3.oem3 (.const:xdc_runtime_Error_policy__C)

.cinit     0    0000b838    00000588     
                  0000b838    00000551     (.cinit..data.load) [load image, compression = rle]
                  0000bd89    00000003     --HOLE-- [fill = 0]
                  0000bd8c    0000000c     (__TI_handler_table)
                  0000bd98    00000008     (.cinit..bss.load) [load image, compression = zero_init]
                  0000bda0    00000008     (.cinit..vecs.load) [load image, compression = zero_init]
                  0000bda8    00000018     (__TI_cinit_table)

.vecs      0    20000000    00000140     UNINITIALIZED
                  20000000    00000140     app_pem3.oem3 (.vecs)

.bss       0    20000140    0000d118     UNINITIALIZED
                  20000140    00002800     app_pem3.oem3 (.bss:taskStackSection)
                  20002940    00002108     main.obj (.bss:kiss_fft_cfg_buffer$1)
                  20004a48    00002000     main.obj (.bss:in$2)
                  20006a48    00002000     main.obj (.bss:out$3)
                  20008a48    00001800     frame_graphics.obj (.bss:g_pucFrame)
                  2000a248    00001000     main.obj (.bss:g_pusADCBuffer)
                  2000b248    00001000     app_pem3.oem3 (.bss:ti_sysbios_heaps_HeapMem_Instance_State_0_buf__A)
                  2000c248    00000800     main.obj (.bss:g_waveformBuffer)
                  2000ca48    00000200     app_pem3.oem3 (.bss:xdc_runtime_LoggerBuf_Instance_State_0_entryArr__A)
                  2000cc48    00000200     app_pem3.oem3 (.bss:xdc_runtime_SysMin_Module_State_0_outbuf__A)
                  2000ce48    00000120     rtsv7M3_T_le_eabi.lib : trgmsg.obj (.bss:__CIOBUF_)
                  2000cf68    00000100     main.obj (.bss:fft_buffer)
                  2000d068    00000100     main.obj (.bss:p_buffer)
                  2000d168    000000a0     app_pem3.oem3 (.bss:ti_sysbios_knl_Mailbox_Instance_State_0_allocBuf__A)
                  2000d208    00000018     buttons.obj (.bss)
                  2000d220    00000014     app_pem3.oem3 (.bss)
                  2000d234    00000010     main.obj (.bss)
                  2000d244    0000000c     rit128x96x4.obj (.bss)
                  2000d250    00000008     rtsv7M3_T_le_eabi.lib : trgdrv.obj (.bss)

.stack     0    2000d258    00002000     UNINITIALIZED
                  2000d258    00002000     --HOLE--

.data      0    2000f258    000009c4     
                  2000f258    000001a0     app_pem3.oem3 (.data)
                  2000f3f8    0000017c     app_pem3.oem3 (.data:ti_sysbios_knl_Task_Object__table__V)
                  2000f574    00000140     app_pem3.oem3 (.data:ti_sysbios_family_arm_m3_Hwi_Module_State_0_dispatchTable__A)
                  2000f6b4    000000b0     rtsv7M3_T_le_eabi.lib : signal.obj (.data:sigtable)
                  2000f764    00000004                           : dtor_list.obj (.data)
                  2000f768    00000080                           : xvalues.obj (.data)
                  2000f7e8    00000080     app_pem3.oem3 (.data:ti_sysbios_knl_Swi_Module_State_0_readyQ__A)
                  2000f868    00000080     app_pem3.oem3 (.data:ti_sysbios_knl_Task_Module_State_0_readyQ__A)
                  2000f8e8    00000068     rtsv7M3_T_le_eabi.lib : xfvalues.obj (.data)
                  2000f950    00000060     app_pem3.oem3 (.data:ti_sysbios_family_arm_lm3_Timer_Object__table__V)
                  2000f9b0    00000054     app_pem3.oem3 (.data:ti_sysbios_family_arm_m3_Hwi_Module__state__V)
                  2000fa04    00000050     app_pem3.oem3 (.data:ti_sysbios_knl_Mailbox_Object__table__V)
                  2000fa54    00000048     app_pem3.oem3 (.data:ti_sysbios_family_arm_m3_Hwi_Object__table__V)
                  2000fa9c    00000044     app_pem3.oem3 (.data:ti_sysbios_knl_Task_Module__state__V)
                  2000fae0    0000003c     app_pem3.oem3 (.data:ti_sysbios_knl_Semaphore_Object__table__V)
                  2000fb1c    00000038     app_pem3.oem3 (.data:ti_sysbios_gates_GateMutex_Object__table__V)
                  2000fb54    00000030     app_pem3.oem3 (.data:ti_sysbios_knl_Swi_Object__table__V)
                  2000fb84    0000002a     main.obj (.data)
                  2000fbae    00000002     --HOLE--
                  2000fbb0    00000028     app_pem3.oem3 (.data:ti_sysbios_knl_Clock_Module__state__V)
                  2000fbd8    00000024     app_pem3.oem3 (.data:xdc_runtime_LoggerBuf_Object__table__V)
                  2000fbfc    00000008     rtsv7M3_T_le_eabi.lib : _lock.obj (.data)
                  2000fc04    00000008                           : exit.obj (.data)
                  2000fc0c    00000008                           : feraiseexcept.obj (.data)
                  2000fc14    00000004                           : errno.obj (.data)
                  2000fc18    00000004                           : stkdepth_vars.obj (.data)


LINKER GENERATED COPY TABLES

__TI_cinit_table @ 0000bda8 records: 3, size/record: 8, table size: 24
	.data: load addr=0000b838, load size=00000551 bytes, run addr=2000f258, run size=000009c4 bytes, compression=rle
	.bss: load addr=0000bd98, load size=00000008 bytes, run addr=20000140, run size=0000d118 bytes, compression=zero_init
	.vecs: load addr=0000bda0, load size=00000008 bytes, run addr=20000000, run size=00000140 bytes, compression=zero_init


LINKER GENERATED HANDLER TABLE

__TI_handler_table @ 0000bd8c records: 3, size/record: 4, table size: 12
	index: 0, handler: __TI_zero_init
	index: 1, handler: __TI_decompress_rle24
	index: 2, handler: __TI_decompress_none


GLOBAL SYMBOLS: SORTED ALPHABETICALLY BY Name 

address    name
--------   ----
0000b2b0   ADCHwi
00009109   ADCIntEnable
00008a05   ADCSequenceConfigure
00009239   ADCSequenceDisable
00009247   ADCSequenceEnable
00007759   ADCSequenceStepConfigure
00001161   ADC_ISR
00006f21   ButtonDebounce
00008239   C$$EXIT
000079f7   C$$IO$$
0000928d   CPUcpsid
00009299   CPUcpsie
0000b2c0   DisplayTask
00001dc1   DrawChar
00001f89   DrawCircle
00002033   DrawFilledRectangle
00001ca7   DrawLine
00001c37   DrawPoint
00001e99   DrawString
00001a01   FFT_Task
0000b2d0   FFTtask
00001bc5   FillFrame
00008871   GPIODirModeSet
0000621d   GPIOPadConfigSet
00009055   GPIOPinTypeGPIOInput
00009067   GPIOPinTypeGPIOOutput
00009079   GPIOPinTypeSSI
0000939d   GPIOPinWrite
00003467   HOSTclock
0000342d   HOSTclose
000033ef   HOSTgetenv
00003393   HOSTlseek
00003343   HOSTopen
000032f5   HOSTread
00003295   HOSTrename
00003259   HOSTtime
0000321f   HOSTunlink
000031d1   HOSTwrite
0000b2bc   InputTask
0000931d   IntMasterDisable
00009327   IntMasterEnable
00008cf5   LoggerBuf_instanceStartup
00002365   RIT128x96x4Clear
000025f3   RIT128x96x4Disable
0000273b   RIT128x96x4DisplayOff
00002707   RIT128x96x4DisplayOn
00002599   RIT128x96x4Enable
000024fd   RIT128x96x4ImageDraw
00002661   RIT128x96x4Init
000023cd   RIT128x96x4StringDraw
UNDEFED    SHT$$INIT_ARRAY$$Base
UNDEFED    SHT$$INIT_ARRAY$$Limit
00009377   SSIBusy
00007fd5   SSIConfigSetExpClk
0000908b   SSIDataGetNonBlocking
00009331   SSIDataPut
0000933b   SSIDisable
00009345   SSIEnable
00008c15   SysCtlADCSpeedSet
000041ed   SysCtlClockGet
00007c05   SysCtlPeripheralEnable
2000f528   TSK_idle
0000b2c4   WaveformTask
2000f768   _Denorm
000062e5   _Dint
00006529   _Dnorm
000057bd   _Dscale
0000805d   _Dtest
00007969   _Dunscale
2000f778   _Eps
2000fc14   _Errno
2000f8e8   _FDenorm
2000f8f8   _FEps
2000f908   _FInf
2000f918   _FNan
2000f938   _FRteps
2000f928   _FSnan
2000f948   _FXbig
2000f94c   _FZero
2000fc0c   _Fenv
00008751   _Feraise
2000f788   _Hugeval
2000f798   _Inf
00002ecd   _Log
2000f7a8   _Nan
2000f7c8   _Rteps
000034b5   _Sin
2000f7b8   _Snan
2000fc10   _Tls_setup__Fenv
2000f7d8   _Xbig
2000f7e0   _Zero
00000000   __ASM__
2000ce48   __CIOBUF_
00000081   __ISA__
00000093   __PLAT__
2000f258   __STACK_END
00002000   __STACK_SIZE
2000d458   __STACK_TOP
000000b9   __TARG__
0000bda8   __TI_CINIT_Base
0000bdc0   __TI_CINIT_Limit
0000bd8c   __TI_Handler_Table_Base
0000bd98   __TI_Handler_Table_Limit
00000001   __TI_args_main
00006c0d   __TI_auto_init
00009255   __TI_decompress_none
000093a9   __TI_decompress_rle24
00000000   __TI_static_base__
0000909d   __TI_zero_init
000000de   __TRDR__
00005fdf   __aeabi_atexit
0000740d   __aeabi_cdcmpeq
0000740d   __aeabi_cdcmple
00007d95   __aeabi_d2f
00007ddf   __aeabi_d2iz
0000403f   __aeabi_dadd
00004dd9   __aeabi_ddiv
000058bd   __aeabi_dmul
00004035   __aeabi_dsub
00008429   __aeabi_f2d
00005ab9   __aeabi_fadd
000070dd   __aeabi_fdiv
00007585   __aeabi_fmul
00005ab5   __aeabi_fsub
000088cd   __aeabi_i2d
00008461   __aeabi_i2f
000075ff   __aeabi_memclr
000075ff   __aeabi_memclr4
000075ff   __aeabi_memclr8
00006d4d   __aeabi_memcpy
00006d4d   __aeabi_memcpy4
00006d4d   __aeabi_memcpy8
00007601   __aeabi_memset
00007601   __aeabi_memset4
00007601   __aeabi_memset8
00008c35   __aeabi_ui2d
ffffffff   __binit__
ffffffff   __c_args__
00005fcd   __cxa_atexit
00005f89   __cxa_finalize
00005fc7   __cxa_ia64_exit
2000d258   __stack
000093a3   __xdc__init
2000f3f4   __xdc__init__addr
00008efd   _args_main
00007f91   _c_int00
2000fc04   _cleanup_ptr
2000fc08   _dtors_ptr
2000fbfc   _lock
00008f9b   _nop
00008f93   _register_lock
00008f8d   _register_unlock
2000fc00   _unlock
0000823d   abort
00005fd1   atexit
ffffffff   binit
000011a3   buttonTask
0000b2b4   clock0
00008019   copy_in
000093af   cos
00002023   custDrawCircle
00001291   displayTask
2000fbac   display_state
00008245   exit
2000d238   fScale
2000fb94   fVoltsPerDiv
00008721   feraiseexcept
2000cf68   fft_buffer
000063a9   floor
000044ed   fmod
00008ee3   free
2000fb84   g_iADCBufferIndex
0000b520   g_ppcTimeScaleStr
0000b510   g_ppcVoltageScaleStr
0000acf4   g_pucFont
20008a48   g_pucFrame
2000a248   g_pusADCBuffer
2000fb88   g_ulADCErrors
2000d208   g_ulButtons
2000d234   g_ulSystemClock
2000c248   g_waveformBuffer
0000164d   inputTask
00000fd7   kiss_fft
00000e57   kiss_fft_alloc
00000fed   kiss_fft_cleanup
00000fef   kiss_fft_next_fast_size
00000f6f   kiss_fft_stride
000093b5   log10
0000b2b8   mailbox0
00001075   main
2000fc18   main_func_sp
0000889f   malloc
00006d4d   memcpy
00007607   memset
2000d068   p_buffer
000088fb   raise
000079fb   readmsg
00007905   round
2000fba6   selection_state
0000b2c8   sem_display
0000b2d4   sem_fft
0000b2cc   sem_waveform
00008279   signal
000093bb   sin
00004795   sqrt
2000fb8c   state
000090af   strcpy
00008fa1   strlen
00009281   ti_catalog_arm_cortexm3_lm3init_Boot_init
00005281   ti_catalog_arm_cortexm3_lm3init_Boot_sysCtlClockSet
00009397   ti_catalog_arm_cortexm3_lm3init_Boot_sysCtlDelay
0000b58c   ti_sysbios_BIOS_Module__diagsEnabled__C
0000b590   ti_sysbios_BIOS_Module__diagsIncluded__C
0000b594   ti_sysbios_BIOS_Module__diagsMask__C
0000b7c4   ti_sysbios_BIOS_Module__id__C
2000f258   ti_sysbios_BIOS_Module__state__V
000093df   ti_sysbios_BIOS_RtsGateProxy_enter__E
000093e3   ti_sysbios_BIOS_RtsGateProxy_leave__E
000093f3   ti_sysbios_BIOS_RtsGateProxy_query__E
000080a1   ti_sysbios_BIOS_errorRaiseHook__I
00008781   ti_sysbios_BIOS_exitFunc__I
0000b598   ti_sysbios_BIOS_installedErrorHook__C
000041eb   ti_sysbios_BIOS_nullFunc__I
00008ad1   ti_sysbios_BIOS_registerRTSLock__I
00008d55   ti_sysbios_BIOS_rtsLock__I
00007679   ti_sysbios_BIOS_rtsUnlock__I
00009149   ti_sysbios_BIOS_setThreadType__E
00008af5   ti_sysbios_BIOS_startFunc__I
00009159   ti_sysbios_BIOS_start__E
2000f280   ti_sysbios_family_arm_lm3_Timer_Module_State_0_device__A
2000f2a0   ti_sysbios_family_arm_lm3_Timer_Module_State_0_handles__A
2000f278   ti_sysbios_family_arm_lm3_Timer_Module__root__V
00008f15   ti_sysbios_family_arm_lm3_Timer_Module__startupDone__F
00008f15   ti_sysbios_family_arm_lm3_Timer_Module__startupDone__S
2000f2b0   ti_sysbios_family_arm_lm3_Timer_Module__state__V
0000748d   ti_sysbios_family_arm_lm3_Timer_Module_startup__E
0000748d   ti_sysbios_family_arm_lm3_Timer_Module_startup__F
2000f950   ti_sysbios_family_arm_lm3_Timer_Object__table__V
0000b59c   ti_sysbios_family_arm_lm3_Timer_WRALLOW__C
000080e5   ti_sysbios_family_arm_lm3_Timer_enableTimers__I
000093e7   ti_sysbios_family_arm_lm3_Timer_getPeriod__E
00007171   ti_sysbios_family_arm_lm3_Timer_initDevice__I
00008b19   ti_sysbios_family_arm_lm3_Timer_isrStub__E
0000b5a0   ti_sysbios_family_arm_lm3_Timer_numTimerDevices__C
00007509   ti_sysbios_family_arm_lm3_Timer_start__E
0000b5a4   ti_sysbios_family_arm_lm3_Timer_startupNeeded__C
00006469   ti_sysbios_family_arm_lm3_Timer_startup__E
2000f2bc   ti_sysbios_family_arm_lm3_TimestampProvider_Module__state__V
000093c1   ti_sysbios_family_arm_lm3_TimestampProvider_Module_startup__E
000093c1   ti_sysbios_family_arm_lm3_TimestampProvider_Module_startup__F
00006cad   ti_sysbios_family_arm_lm3_TimestampProvider_get64__E
00009169   ti_sysbios_family_arm_lm3_TimestampProvider_rolloverFunc__E
000092b1   ti_sysbios_family_arm_lm3_TimestampProvider_startTimer__E
0000b7c8   ti_sysbios_family_arm_lm3_TimestampProvider_useClockTimer__C
0000b5a8   ti_sysbios_family_arm_m3_Hwi_E_NMI__C
0000b5ac   ti_sysbios_family_arm_m3_Hwi_E_busFault__C
0000b5b0   ti_sysbios_family_arm_m3_Hwi_E_debugMon__C
0000b5b4   ti_sysbios_family_arm_m3_Hwi_E_hardFault__C
0000b5b8   ti_sysbios_family_arm_m3_Hwi_E_memFault__C
0000b5bc   ti_sysbios_family_arm_m3_Hwi_E_noIsr__C
0000b5c0   ti_sysbios_family_arm_m3_Hwi_E_reserved__C
0000b5c4   ti_sysbios_family_arm_m3_Hwi_E_svCall__C
0000b5c8   ti_sysbios_family_arm_m3_Hwi_E_usageFault__C
00008de1   ti_sysbios_family_arm_m3_Hwi_Handle__label__S
0000b5cc   ti_sysbios_family_arm_m3_Hwi_LD_end__C
0000b5d0   ti_sysbios_family_arm_m3_Hwi_LM_begin__C
2000f574   ti_sysbios_family_arm_m3_Hwi_Module_State_0_dispatchTable__A
2000f2cc   ti_sysbios_family_arm_m3_Hwi_Module_State_0_excActive__A
2000f2d0   ti_sysbios_family_arm_m3_Hwi_Module_State_0_excContext__A
2000f2d4   ti_sysbios_family_arm_m3_Hwi_Module_State_0_excStack__A
0000b5d4   ti_sysbios_family_arm_m3_Hwi_Module__diagsEnabled__C
0000b5d8   ti_sysbios_family_arm_m3_Hwi_Module__diagsIncluded__C
0000b5dc   ti_sysbios_family_arm_m3_Hwi_Module__diagsMask__C
0000b7cc   ti_sysbios_family_arm_m3_Hwi_Module__id__C
0000b7d0   ti_sysbios_family_arm_m3_Hwi_Module__loggerDefined__C
0000b5e0   ti_sysbios_family_arm_m3_Hwi_Module__loggerFxn1__C
0000b5e4   ti_sysbios_family_arm_m3_Hwi_Module__loggerFxn8__C
0000b5e8   ti_sysbios_family_arm_m3_Hwi_Module__loggerObj__C
2000f2c4   ti_sysbios_family_arm_m3_Hwi_Module__root__V
00008f2d   ti_sysbios_family_arm_m3_Hwi_Module__startupDone__F
00008f2d   ti_sysbios_family_arm_m3_Hwi_Module__startupDone__S
2000f9b0   ti_sysbios_family_arm_m3_Hwi_Module__state__V
00006b69   ti_sysbios_family_arm_m3_Hwi_Module_startup__E
00006b69   ti_sysbios_family_arm_m3_Hwi_Module_startup__F
0000b5ec   ti_sysbios_family_arm_m3_Hwi_NUM_INTERRUPTS__C
2000fa54   ti_sysbios_family_arm_m3_Hwi_Object__table__V
0000b5f0   ti_sysbios_family_arm_m3_Hwi_ccr__C
00008129   ti_sysbios_family_arm_m3_Hwi_disableInterrupt__E
0000503d   ti_sysbios_family_arm_m3_Hwi_dispatchC__I
0000b5f4   ti_sysbios_family_arm_m3_Hwi_dispatchTable__C
000055b5   ti_sysbios_family_arm_m3_Hwi_dispatch__I
0000937f   ti_sysbios_family_arm_m3_Hwi_doSwiRestore__I
00008b3d   ti_sysbios_family_arm_m3_Hwi_doTaskRestore__I
0000816d   ti_sysbios_family_arm_m3_Hwi_enableInterrupt__E
00004385   ti_sysbios_family_arm_m3_Hwi_excBusFault__I
000068bd   ti_sysbios_family_arm_m3_Hwi_excDebugMon__I
00002769   ti_sysbios_family_arm_m3_Hwi_excDumpRegs__I
00005699   ti_sysbios_family_arm_m3_Hwi_excHandlerAsm__I
0000b5f8   ti_sysbios_family_arm_m3_Hwi_excHandlerFunc__C
00003e49   ti_sysbios_family_arm_m3_Hwi_excHandlerMax__I
00009179   ti_sysbios_family_arm_m3_Hwi_excHandler__I
000066a1   ti_sysbios_family_arm_m3_Hwi_excHardFault__I
0000b554   ti_sysbios_family_arm_m3_Hwi_excHookFuncs__A
0000b5fc   ti_sysbios_family_arm_m3_Hwi_excHookFuncs__C
000048e1   ti_sysbios_family_arm_m3_Hwi_excMemFault__I
000085e9   ti_sysbios_family_arm_m3_Hwi_excNmi__I
00008499   ti_sysbios_family_arm_m3_Hwi_excNoIsr__I
00007e29   ti_sysbios_family_arm_m3_Hwi_excReserved__I
00008339   ti_sysbios_family_arm_m3_Hwi_excSvCall__I
00004641   ti_sysbios_family_arm_m3_Hwi_excUsageFault__I
000084d1   ti_sysbios_family_arm_m3_Hwi_getStackInfo__E
00006075   ti_sysbios_family_arm_m3_Hwi_initNVIC__E
00008ecb   ti_sysbios_family_arm_m3_Hwi_initStacks__E
e000e000   ti_sysbios_family_arm_m3_Hwi_nvic
00005667   ti_sysbios_family_arm_m3_Hwi_pendSV__I
0000b600   ti_sysbios_family_arm_m3_Hwi_priGroup__C
0000b074   ti_sysbios_family_arm_m3_Hwi_priorities__A
0000b604   ti_sysbios_family_arm_m3_Hwi_priorities__C
20000000   ti_sysbios_family_arm_m3_Hwi_ramVectors
00000000   ti_sysbios_family_arm_m3_Hwi_resetVectors
0000567f   ti_sysbios_family_arm_m3_Hwi_return
00009387   ti_sysbios_family_arm_m3_Hwi_startup__E
00008fb5   ti_sysbios_family_arm_m3_Hwi_switchFromBootStack__E
000093eb   ti_sysbios_family_arm_m3_TaskSupport_Module__startupDone__S
00007cfd   ti_sysbios_family_arm_m3_TaskSupport_buildTaskStack
00009263   ti_sysbios_family_arm_m3_TaskSupport_checkStack__E
00009119   ti_sysbios_family_arm_m3_TaskSupport_glue
00008509   ti_sysbios_family_arm_m3_TaskSupport_start__E
00009129   ti_sysbios_family_arm_m3_TaskSupport_swap__E
00009139   ti_sysbios_family_xxx_Hwi_switchToIsrStack
000092a5   ti_sysbios_family_xxx_Hwi_switchToTaskStack
00008dfb   ti_sysbios_gates_GateHwi_Handle__label__S
00004f0f   ti_sysbios_gates_GateHwi_Instance_init__F
0000b300   ti_sysbios_gates_GateHwi_Module__FXNS__C
2000f2d8   ti_sysbios_gates_GateHwi_Module__root__V
0000b3d8   ti_sysbios_gates_GateHwi_Object__DESC__C
0000b498   ti_sysbios_gates_GateHwi_Object__PARAMS__C
0000861d   ti_sysbios_gates_GateHwi_Object__create__S
00008c55   ti_sysbios_gates_GateHwi_Object__delete__S
2000f2e0   ti_sysbios_gates_GateHwi_Object__table__V
000092bd   ti_sysbios_gates_GateHwi_enter__E
000093c7   ti_sysbios_gates_GateHwi_leave__E
000093ef   ti_sysbios_gates_GateHwi_query__E
000093ef   ti_sysbios_gates_GateHwi_query__F
0000b608   ti_sysbios_gates_GateMutex_A_badContext__C
00008e15   ti_sysbios_gates_GateMutex_Handle__label__S
0000b60c   ti_sysbios_gates_GateMutex_Instance_State_sem__O
00009189   ti_sysbios_gates_GateMutex_Instance_finalize__F
00008a59   ti_sysbios_gates_GateMutex_Instance_init__F
0000b324   ti_sysbios_gates_GateMutex_Module__FXNS__C
0000b610   ti_sysbios_gates_GateMutex_Module__diagsEnabled__C
0000b614   ti_sysbios_gates_GateMutex_Module__diagsIncluded__C
0000b618   ti_sysbios_gates_GateMutex_Module__diagsMask__C
0000b7d4   ti_sysbios_gates_GateMutex_Module__id__C
2000f2e4   ti_sysbios_gates_GateMutex_Module__root__V
0000b3f8   ti_sysbios_gates_GateMutex_Object__DESC__C
0000b4b0   ti_sysbios_gates_GateMutex_Object__PARAMS__C
00008651   ti_sysbios_gates_GateMutex_Object__create__S
00008b61   ti_sysbios_gates_GateMutex_Object__delete__S
2000fb1c   ti_sysbios_gates_GateMutex_Object__table__V
00006755   ti_sysbios_gates_GateMutex_enter__E
00008f45   ti_sysbios_gates_GateMutex_leave__E
000093f3   ti_sysbios_gates_GateMutex_query__E
000093f3   ti_sysbios_gates_GateMutex_query__F
0000b61c   ti_sysbios_hal_Hwi_E_stackOverflow__C
000093f7   ti_sysbios_hal_Hwi_HwiProxy_Module__startupDone__S
00008129   ti_sysbios_hal_Hwi_HwiProxy_disableInterrupt__E
0000816d   ti_sysbios_hal_Hwi_HwiProxy_enableInterrupt__E
000084d1   ti_sysbios_hal_Hwi_HwiProxy_getStackInfo__E
00009387   ti_sysbios_hal_Hwi_HwiProxy_startup__E
00008fb5   ti_sysbios_hal_Hwi_HwiProxy_switchFromBootStack__E
0000b7d8   ti_sysbios_hal_Hwi_Module__id__C
2000f2ec   ti_sysbios_hal_Hwi_Module__root__V
[...]
00009199   ti_sysbios_knl_Semaphore_Instance_finalize__F
000091a9   ti_sysbios_knl_Swi_disable__E
000091b9   ti_sysbios_knl_Task_Object__get__S
000091c9   ti_sysbios_knl_Task_disable__E
000091d9   xdc_runtime_Gate_leaveSystem__E
000091d9   xdc_runtime_Gate_leaveSystem__F
000091e9   xdc_runtime_LoggerBuf_write0__E
000091e9   xdc_runtime_LoggerBuf_write0__F
000091f9   xdc_runtime_Memory_free__E
000091f9   xdc_runtime_Memory_free__F
00009209   xdc_runtime_SysMin_ready__E
00009209   xdc_runtime_SysMin_ready__F
00009209   xdc_runtime_System_SupportProxy_ready__E
00009219   xdc_runtime_System_vsnprintf__F
00009229   xdc_runtime_Text_visitRope__I
00009239   ADCSequenceDisable
00009247   ADCSequenceEnable
00009255   __TI_decompress_none
00009263   ti_sysbios_family_arm_m3_TaskSupport_checkStack__E
00009263   ti_sysbios_knl_Task_SupportProxy_checkStack__E
00009271   ti_sysbios_knl_Queue_empty__E
00009281   ti_catalog_arm_cortexm3_lm3init_Boot_init
0000928d   CPUcpsid
00009299   CPUcpsie
000092a5   ti_sysbios_family_xxx_Hwi_switchToTaskStack
000092b1   ti_sysbios_family_arm_lm3_TimestampProvider_startTimer__E
000092bd   ti_sysbios_gates_GateHwi_enter__E
000092c9   ti_sysbios_knl_Queue_Object__get__S
000092d5   xdc_runtime_Error_init__E
000092d5   xdc_runtime_Error_init__F
000092e1   xdc_runtime_Gate_enterSystem__E
000092e1   xdc_runtime_Gate_enterSystem__F
000092ed   xdc_runtime_Memory_calloc__E
000092ed   xdc_runtime_Memory_calloc__F
000092f9   xdc_runtime_Memory_getMaxDefaultTypeAlign__E
000092f9   xdc_runtime_Memory_getMaxDefaultTypeAlign__F
00009305   xdc_runtime_System_exit__E
00009305   xdc_runtime_System_exit__F
00009311   xdc_runtime_System_lastFxn__I
0000931d   IntMasterDisable
00009327   IntMasterEnable
00009331   SSIDataPut
0000933b   SSIDisable
00009345   SSIEnable
00009363   xdc_runtime_LoggerBuf_disable__E
00009363   xdc_runtime_LoggerBuf_disable__F
0000936d   xdc_runtime_LoggerBuf_enable__E
0000936d   xdc_runtime_LoggerBuf_enable__F
00009377   SSIBusy
0000937f   ti_sysbios_family_arm_m3_Hwi_doSwiRestore__I
00009387   ti_sysbios_family_arm_m3_Hwi_startup__E
00009387   ti_sysbios_hal_Hwi_HwiProxy_startup__E
00009387   ti_sysbios_hal_Hwi_startup__E
0000938f   ti_sysbios_knl_Idle_loop__E
00009397   ti_catalog_arm_cortexm3_lm3init_Boot_sysCtlDelay
0000939d   GPIOPinWrite
000093a3   __xdc__init
000093a9   __TI_decompress_rle24
000093af   cos
000093b5   log10
000093bb   sin
000093c1   ti_sysbios_family_arm_lm3_TimestampProvider_Module_startup__E
000093c1   ti_sysbios_family_arm_lm3_TimestampProvider_Module_startup__F
000093c7   ti_sysbios_gates_GateHwi_leave__E
000093cd   ti_sysbios_heaps_HeapMem_isBlocking__E
000093d3   ti_sysbios_knl_Queue_Instance_init__F
000093d9   xdc_runtime_System_Module_startup__E
000093d9   xdc_runtime_System_Module_startup__F
000093df   ti_sysbios_BIOS_RtsGateProxy_enter__E
000093e3   ti_sysbios_BIOS_RtsGateProxy_leave__E
000093e7   ti_sysbios_family_arm_lm3_Timer_getPeriod__E
000093eb   ti_sysbios_family_arm_m3_TaskSupport_Module__startupDone__S
000093ef   ti_sysbios_gates_GateHwi_query__E
000093ef   ti_sysbios_gates_GateHwi_query__F
000093ef   xdc_runtime_LoggerBuf_Module_GateProxy_query__E
000093ef   xdc_runtime_Main_Module_GateProxy_query__E
000093ef   xdc_runtime_System_Module_GateProxy_query__E
000093f3   ti_sysbios_BIOS_RtsGateProxy_query__E
000093f3   ti_sysbios_gates_GateMutex_query__E
000093f3   ti_sysbios_gates_GateMutex_query__F
000093f3   ti_sysbios_heaps_HeapMem_Module_GateProxy_query__E
000093f7   ti_sysbios_hal_Hwi_HwiProxy_Module__startupDone__S
000093fb   ti_sysbios_hal_Timer_TimerProxy_Module__startupDone__S
000093ff   ti_sysbios_hal_Timer_TimerProxy_getPeriod__E
00009403   ti_sysbios_heaps_HeapMem_Module_GateProxy_enter__E
00009407   ti_sysbios_heaps_HeapMem_Module_GateProxy_leave__E
0000940b   ti_sysbios_knl_Task_SupportProxy_Module__startupDone__S
0000940f   ti_sysbios_knl_Task_startup__E
00009413   xdc_runtime_Error_getSite__E
00009413   xdc_runtime_Error_getSite__F
00009417   xdc_runtime_LoggerBuf_Module_GateProxy_enter__E
0000941b   xdc_runtime_LoggerBuf_Module_GateProxy_leave__E
0000941f   xdc_runtime_Memory_HeapProxy_alloc__E
00009423   xdc_runtime_Memory_HeapProxy_free__E
00009427   xdc_runtime_Startup_reset__I
0000942b   xdc_runtime_System_Module_GateProxy_enter__E
0000942f   xdc_runtime_System_Module_GateProxy_leave__E
00009433   xdc_runtime_System_aprintf_va__F
00009437   xdc_runtime_System_printf_va__F
0000943b   xdc_runtime_System_vsnprintf__E
00009440   xdc_runtime_Text_charTab__A
0000acf4   g_pucFont
0000aed0   xdc_runtime_Text_nodeTab__A
0000b074   ti_sysbios_family_arm_m3_Hwi_priorities__A
0000b1dc   xdc_runtime_LoggerBuf_Module__FXNS__C
0000b280   xdc_runtime_Startup_sfxnTab__A
0000b2b0   ADCHwi
0000b2b4   clock0
0000b2b8   mailbox0
0000b2bc   InputTask
0000b2c0   DisplayTask
0000b2c4   WaveformTask
0000b2c8   sem_display
0000b2cc   sem_waveform
0000b2d0   FFTtask
0000b2d4   sem_fft
0000b2d8   ti_sysbios_heaps_HeapMem_Module__FXNS__C
0000b300   ti_sysbios_gates_GateHwi_Module__FXNS__C
0000b324   ti_sysbios_gates_GateMutex_Module__FXNS__C
0000b348   ti_sysbios_heaps_HeapMem_Object__PARAMS__C
0000b36c   ti_sysbios_knl_Semaphore_Object__PARAMS__C
0000b390   xdc_runtime_LoggerBuf_Object__PARAMS__C
0000b3d8   ti_sysbios_gates_GateHwi_Object__DESC__C
0000b3f8   ti_sysbios_gates_GateMutex_Object__DESC__C
0000b418   ti_sysbios_heaps_HeapMem_Object__DESC__C
0000b438   ti_sysbios_knl_Queue_Object__DESC__C
0000b458   ti_sysbios_knl_Semaphore_Object__DESC__C
0000b478   xdc_runtime_LoggerBuf_Object__DESC__C
0000b498   ti_sysbios_gates_GateHwi_Object__PARAMS__C
0000b4b0   ti_sysbios_gates_GateMutex_Object__PARAMS__C
0000b4c8   ti_sysbios_knl_Queue_Object__PARAMS__C
0000b4e0   ti_sysbios_knl_Task_hooks__A
0000b4f8   xdc_runtime_Startup_sfxnRts__A
0000b510   g_ppcVoltageScaleStr
0000b520   g_ppcTimeScaleStr
0000b538   xdc_runtime_Startup_firstFxns__A
0000b554   ti_sysbios_family_arm_m3_Hwi_excHookFuncs__A
0000b55c   ti_sysbios_knl_Idle_coreList__C
0000b564   ti_sysbios_knl_Idle_funcList__C
0000b56c   ti_sysbios_knl_Task_hooks__C
0000b574   xdc_runtime_Startup_firstFxns__C
0000b57c   xdc_runtime_Startup_lastFxns__A
0000b584   xdc_runtime_Startup_lastFxns__C
0000b58c   ti_sysbios_BIOS_Module__diagsEnabled__C
0000b590   ti_sysbios_BIOS_Module__diagsIncluded__C
0000b594   ti_sysbios_BIOS_Module__diagsMask__C
0000b598   ti_sysbios_BIOS_installedErrorHook__C
0000b59c   ti_sysbios_family_arm_lm3_Timer_WRALLOW__C
0000b5a0   ti_sysbios_family_arm_lm3_Timer_numTimerDevices__C
0000b5a4   ti_sysbios_family_arm_lm3_Timer_startupNeeded__C
0000b5a8   ti_sysbios_family_arm_m3_Hwi_E_NMI__C
0000b5ac   ti_sysbios_family_arm_m3_Hwi_E_busFault__C
0000b5b0   ti_sysbios_family_arm_m3_Hwi_E_debugMon__C
0000b5b4   ti_sysbios_family_arm_m3_Hwi_E_hardFault__C
0000b5b8   ti_sysbios_family_arm_m3_Hwi_E_memFault__C
0000b5bc   ti_sysbios_family_arm_m3_Hwi_E_noIsr__C
0000b5c0   ti_sysbios_family_arm_m3_Hwi_E_reserved__C
0000b5c4   ti_sysbios_family_arm_m3_Hwi_E_svCall__C
0000b5c8   ti_sysbios_family_arm_m3_Hwi_E_usageFault__C
0000b5cc   ti_sysbios_family_arm_m3_Hwi_LD_end__C
0000b5d0   ti_sysbios_family_arm_m3_Hwi_LM_begin__C
0000b5d4   ti_sysbios_family_arm_m3_Hwi_Module__diagsEnabled__C
0000b5d8   ti_sysbios_family_arm_m3_Hwi_Module__diagsIncluded__C
0000b5dc   ti_sysbios_family_arm_m3_Hwi_Module__diagsMask__C
0000b5e0   ti_sysbios_family_arm_m3_Hwi_Module__loggerFxn1__C
0000b5e4   ti_sysbios_family_arm_m3_Hwi_Module__loggerFxn8__C
0000b5e8   ti_sysbios_family_arm_m3_Hwi_Module__loggerObj__C
0000b5ec   ti_sysbios_family_arm_m3_Hwi_NUM_INTERRUPTS__C
0000b5f0   ti_sysbios_family_arm_m3_Hwi_ccr__C
0000b5f4   ti_sysbios_family_arm_m3_Hwi_dispatchTable__C
0000b5f8   ti_sysbios_family_arm_m3_Hwi_excHandlerFunc__C
0000b5fc   ti_sysbios_family_arm_m3_Hwi_excHookFuncs__C
0000b600   ti_sysbios_family_arm_m3_Hwi_priGroup__C
0000b604   ti_sysbios_family_arm_m3_Hwi_priorities__C
0000b608   ti_sysbios_gates_GateMutex_A_badContext__C
0000b60c   ti_sysbios_gates_GateMutex_Instance_State_sem__O
0000b610   ti_sysbios_gates_GateMutex_Module__diagsEnabled__C
0000b614   ti_sysbios_gates_GateMutex_Module__diagsIncluded__C
0000b618   ti_sysbios_gates_GateMutex_Module__diagsMask__C
0000b61c   ti_sysbios_hal_Hwi_E_stackOverflow__C
0000b620   ti_sysbios_heaps_HeapMem_A_align__C
0000b624   ti_sysbios_heaps_HeapMem_A_heapSize__C
0000b628   ti_sysbios_heaps_HeapMem_A_invalidFree__C
0000b62c   ti_sysbios_heaps_HeapMem_A_zeroBlock__C
0000b630   ti_sysbios_heaps_HeapMem_E_memory__C
0000b634   ti_sysbios_heaps_HeapMem_Module__diagsEnabled__C
0000b638   ti_sysbios_heaps_HeapMem_Module__diagsIncluded__C
0000b63c   ti_sysbios_heaps_HeapMem_Module__diagsMask__C
0000b640   ti_sysbios_heaps_HeapMem_Module__gateObj__C
0000b644   ti_sysbios_heaps_HeapMem_Object__count__C
0000b648   ti_sysbios_heaps_HeapMem_reqAlign__C
0000b64c   ti_sysbios_knl_Clock_LM_begin__C
0000b650   ti_sysbios_knl_Clock_LM_tick__C
0000b654   ti_sysbios_knl_Clock_LW_delayed__C
0000b658   ti_sysbios_knl_Clock_Module_State_clockQ__O
0000b65c   ti_sysbios_knl_Clock_Module__diagsEnabled__C
0000b660   ti_sysbios_knl_Clock_Module__diagsIncluded__C
0000b664   ti_sysbios_knl_Clock_Module__diagsMask__C
0000b668   ti_sysbios_knl_Clock_Module__loggerFxn1__C
0000b66c   ti_sysbios_knl_Clock_Module__loggerFxn2__C
0000b670   ti_sysbios_knl_Clock_Module__loggerObj__C
0000b674   ti_sysbios_knl_Idle_coreList__A
0000b678   ti_sysbios_knl_Idle_funcList__A
0000b67c   ti_sysbios_knl_Mailbox_Instance_State_dataQue__O
0000b680   ti_sysbios_knl_Mailbox_Instance_State_dataSem__O
0000b684   ti_sysbios_knl_Mailbox_Instance_State_freeQue__O
0000b688   ti_sysbios_knl_Mailbox_Instance_State_freeSem__O
0000b68c   ti_sysbios_knl_Mailbox_Object__count__C
0000b690   ti_sysbios_knl_Semaphore_A_badContext__C
0000b694   ti_sysbios_knl_Semaphore_A_noEvents__C
0000b698   ti_sysbios_knl_Semaphore_A_overflow__C
0000b69c   ti_sysbios_knl_Semaphore_A_pendTaskDisabled__C
0000b6a0   ti_sysbios_knl_Semaphore_Instance_State_pendQ__O
0000b6a4   ti_sysbios_knl_Semaphore_LM_pend__C
0000b6a8   ti_sysbios_knl_Semaphore_LM_post__C
0000b6ac   ti_sysbios_knl_Semaphore_Module__diagsEnabled__C
0000b6b0   ti_sysbios_knl_Semaphore_Module__diagsIncluded__C
0000b6b4   ti_sysbios_knl_Semaphore_Module__diagsMask__C
0000b6b8   ti_sysbios_knl_Semaphore_Module__loggerFxn2__C
0000b6bc   ti_sysbios_knl_Semaphore_Module__loggerFxn4__C
0000b6c0   ti_sysbios_knl_Semaphore_Module__loggerObj__C
0000b6c4   ti_sysbios_knl_Swi_LD_end__C
0000b6c8   ti_sysbios_knl_Swi_LM_begin__C
0000b6cc   ti_sysbios_knl_Swi_LM_post__C
0000b6d0   ti_sysbios_knl_Swi_Module__diagsEnabled__C
0000b6d4   ti_sysbios_knl_Swi_Module__diagsIncluded__C
0000b6d8   ti_sysbios_knl_Swi_Module__diagsMask__C
0000b6dc   ti_sysbios_knl_Swi_Module__loggerFxn1__C
0000b6e0   ti_sysbios_knl_Swi_Module__loggerFxn4__C
0000b6e4   ti_sysbios_knl_Swi_Module__loggerObj__C
0000b6e8   ti_sysbios_knl_Swi_Object__count__C
0000b6ec   ti_sysbios_knl_Task_E_spOutOfBounds__C
0000b6f0   ti_sysbios_knl_Task_E_stackOverflow__C
0000b6f4   ti_sysbios_knl_Task_LD_block__C
0000b6f8   ti_sysbios_knl_Task_LD_exit__C
0000b6fc   ti_sysbios_knl_Task_LD_ready__C
0000b700   ti_sysbios_knl_Task_LM_switch__C
0000b704   ti_sysbios_knl_Task_Module_State_inactiveQ__O
0000b708   ti_sysbios_knl_Task_Module__diagsEnabled__C
0000b70c   ti_sysbios_knl_Task_Module__diagsIncluded__C
0000b710   ti_sysbios_knl_Task_Module__diagsMask__C
0000b714   ti_sysbios_knl_Task_Module__loggerFxn2__C
0000b718   ti_sysbios_knl_Task_Module__loggerFxn4__C
0000b71c   ti_sysbios_knl_Task_Module__loggerObj__C
0000b720   ti_sysbios_knl_Task_Object__count__C
0000b724   ti_sysbios_knl_Task_allBlockedFunc__C
0000b728   ti_sysbios_knl_Task_numConstructedTasks__C
0000b72c   xdc_runtime_Assert_E_assertFailed__C
0000b730   xdc_runtime_Core_A_initializedParams__C
0000b734   xdc_runtime_Core_Module__diagsEnabled__C
0000b738   xdc_runtime_Core_Module__diagsIncluded__C
0000b73c   xdc_runtime_Core_Module__diagsMask__C
0000b740   xdc_runtime_Error_E_memory__C
0000b744   xdc_runtime_Error_Module__diagsEnabled__C
0000b748   xdc_runtime_Error_Module__diagsIncluded__C
0000b74c   xdc_runtime_Error_Module__diagsMask__C
0000b750   xdc_runtime_Error_Module__loggerFxn8__C
0000b754   xdc_runtime_Error_Module__loggerObj__C
0000b758   xdc_runtime_Error_raiseHook__C
0000b75c   xdc_runtime_IFilterLogger_Interface__BASE__C
0000b760   xdc_runtime_IGateProvider_Interface__BASE__C
0000b764   xdc_runtime_IHeap_Interface__BASE__C
0000b768   xdc_runtime_ILogger_Interface__BASE__C
0000b76c   xdc_runtime_IModule_Interface__BASE__C
0000b770   xdc_runtime_Log_L_error__C
0000b774   xdc_runtime_LoggerBuf_E_badLevel__C
0000b778   xdc_runtime_LoggerBuf_Module__gateObj__C
0000b77c   xdc_runtime_LoggerBuf_Object__count__C
0000b780   xdc_runtime_LoggerBuf_statusLogger__C
0000b784   xdc_runtime_Memory_defaultHeapInstance__C
0000b788   xdc_runtime_Startup_execImpl__C
0000b78c   xdc_runtime_Startup_maxPasses__C
0000b790   xdc_runtime_Startup_sfxnRts__C
0000b794   xdc_runtime_Startup_sfxnTab__C
0000b798   xdc_runtime_SysMin_bufSize__C
0000b79c   xdc_runtime_SysMin_outputFunc__C
0000b7a0   xdc_runtime_System_Module__gateObj__C
0000b7a4   xdc_runtime_System_extendFxn__C
0000b7a8   xdc_runtime_System_maxAtexitHandlers__C
0000b7ac   xdc_runtime_Text_charTab__C
0000b7b0   xdc_runtime_Text_nameEmpty__C
0000b7b4   xdc_runtime_Text_nameStatic__C
0000b7b8   xdc_runtime_Text_nameUnknown__C
0000b7bc   xdc_runtime_Text_nodeTab__C
0000b7c0   xdc_runtime_Text_visitRopeFxn__C
0000b7c4   ti_sysbios_BIOS_Module__id__C
0000b7c8   ti_sysbios_family_arm_lm3_TimestampProvider_useClockTimer__C
0000b7cc   ti_sysbios_family_arm_m3_Hwi_Module__id__C
0000b7d0   ti_sysbios_family_arm_m3_Hwi_Module__loggerDefined__C
0000b7d4   ti_sysbios_gates_GateMutex_Module__id__C
0000b7d8   ti_sysbios_hal_Hwi_Module__id__C
0000b7dc   ti_sysbios_heaps_HeapMem_Module__id__C
0000b7e0   ti_sysbios_knl_Clock_Module__id__C
0000b7e4   ti_sysbios_knl_Clock_Module__loggerDefined__C
0000b7e8   ti_sysbios_knl_Semaphore_Module__id__C
0000b7ec   ti_sysbios_knl_Semaphore_Module__loggerDefined__C
0000b7f0   ti_sysbios_knl_Swi_Module__id__C
0000b7f4   ti_sysbios_knl_Swi_Module__loggerDefined__C
0000b7f8   ti_sysbios_knl_Task_Module__id__C
0000b7fc   ti_sysbios_knl_Task_Module__loggerDefined__C
0000b800   ti_sysbios_knl_Task_initStackFlag__C
0000b804   xdc_runtime_Core_Module__id__C
0000b808   xdc_runtime_Error_Module__loggerDefined__C
0000b80c   xdc_runtime_Error_maxDepth__C
0000b810   xdc_runtime_LoggerBuf_Module__id__C
0000b814   xdc_runtime_LoggerBuf_filterByLevel__C
0000b818   xdc_runtime_Memory_Module__id__C
0000b81c   xdc_runtime_SysMin_flushAtExit__C
0000b820   xdc_runtime_Text_charCnt__C
0000b824   xdc_runtime_Text_isLoaded__C
0000b828   xdc_runtime_Text_registryModsLastId__C
0000b82c   xdc_runtime_Text_unnamedModsLastId__C
0000b830   xdc_runtime_Error_policy__C
0000bd8c   __TI_Handler_Table_Base
0000bd98   __TI_Handler_Table_Limit
0000bda8   __TI_CINIT_Base
0000bdc0   __TI_CINIT_Limit
20000000   ti_sysbios_family_arm_m3_Hwi_ramVectors
20000140   ti_sysbios_knl_Task_Instance_State_0_stack__A
20000940   ti_sysbios_knl_Task_Instance_State_1_stack__A
20001140   ti_sysbios_knl_Task_Instance_State_2_stack__A
20001940   ti_sysbios_knl_Task_Instance_State_3_stack__A
20002140   ti_sysbios_knl_Task_Instance_State_4_stack__A
20008a48   g_pucFrame
2000a248   g_pusADCBuffer
2000b248   ti_sysbios_heaps_HeapMem_Instance_State_0_buf__A
2000c248   g_waveformBuffer
2000ca48   xdc_runtime_LoggerBuf_Instance_State_0_entryArr__A
2000cc48   xdc_runtime_SysMin_Module_State_0_outbuf__A
2000ce48   __CIOBUF_
2000cf68   fft_buffer
2000d068   p_buffer
2000d168   ti_sysbios_knl_Mailbox_Instance_State_0_allocBuf__A
2000d208   g_ulButtons
2000d220   ti_sysbios_knl_Task_Instance_State_0_hookEnv__A
2000d224   ti_sysbios_knl_Task_Instance_State_1_hookEnv__A
2000d228   ti_sysbios_knl_Task_Instance_State_2_hookEnv__A
2000d22c   ti_sysbios_knl_Task_Instance_State_3_hookEnv__A
2000d230   ti_sysbios_knl_Task_Instance_State_4_hookEnv__A
2000d234   g_ulSystemClock
2000d238   fScale
2000d23c   ulDivider
2000d240   ulPrescaler
2000d258   __stack
2000d458   __STACK_TOP
2000f258   __STACK_END
2000f258   ti_sysbios_BIOS_Module__state__V
2000f278   ti_sysbios_family_arm_lm3_Timer_Module__root__V
2000f280   ti_sysbios_family_arm_lm3_Timer_Module_State_0_device__A
2000f2a0   ti_sysbios_family_arm_lm3_Timer_Module_State_0_handles__A
2000f2b0   ti_sysbios_family_arm_lm3_Timer_Module__state__V
2000f2bc   ti_sysbios_family_arm_lm3_TimestampProvider_Module__state__V
2000f2c4   ti_sysbios_family_arm_m3_Hwi_Module__root__V
2000f2cc   ti_sysbios_family_arm_m3_Hwi_Module_State_0_excActive__A
2000f2d0   ti_sysbios_family_arm_m3_Hwi_Module_State_0_excContext__A
2000f2d4   ti_sysbios_family_arm_m3_Hwi_Module_State_0_excStack__A
2000f2d8   ti_sysbios_gates_GateHwi_Module__root__V
2000f2e0   ti_sysbios_gates_GateHwi_Object__table__V
2000f2e4   ti_sysbios_gates_GateMutex_Module__root__V
2000f2ec   ti_sysbios_hal_Hwi_Module__root__V
2000f2f4   ti_sysbios_hal_Timer_Module__root__V
2000f2fc   ti_sysbios_hal_Timer_Object__table__V
2000f304   ti_sysbios_heaps_HeapMem_Module__root__V
2000f30c   ti_sysbios_heaps_HeapMem_Object__table__V
2000f324   ti_sysbios_knl_Clock_Module__root__V
2000f32c   ti_sysbios_knl_Clock_Object__table__V
2000f34c   ti_sysbios_knl_Event_Module__root__V
2000f354   ti_sysbios_knl_Mailbox_Module__root__V
2000f35c   ti_sysbios_knl_Queue_Module__root__V
2000f364   ti_sysbios_knl_Semaphore_Module__root__V
2000f36c   ti_sysbios_knl_Swi_Module__root__V
2000f374   ti_sysbios_knl_Swi_Module__state__V
2000f390   ti_sysbios_knl_Task_Module__root__V
2000f398   ti_sysbios_knl_Task_Module_State_0_idleTask__A
2000f39c   xdc_runtime_Error_Module__state__V
2000f3a0   xdc_runtime_LoggerBuf_Module__root__V
2000f3a8   xdc_runtime_LoggerBuf_Module__state__V
2000f3b0   xdc_runtime_Memory_Module__state__V
2000f3b4   xdc_runtime_Registry_Module__state__V
2000f3bc   xdc_runtime_Startup_Module__state__V
2000f3c4   xdc_runtime_SysMin_Module__state__V
2000f3d0   xdc_runtime_System_Module_State_0_atexitHandlers__A
2000f3e0   xdc_runtime_System_Module__state__V
2000f3ec   xdc_runtime_Text_Module__state__V
2000f3f4   __xdc__init__addr
2000f3f8   ti_sysbios_knl_Task_Object__table__V
2000f528   TSK_idle
2000f574   ti_sysbios_family_arm_m3_Hwi_Module_State_0_dispatchTable__A
2000f768   _Denorm
2000f778   _Eps
2000f788   _Hugeval
2000f798   _Inf
2000f7a8   _Nan
2000f7b8   _Snan
2000f7c8   _Rteps
2000f7d8   _Xbig
2000f7e0   _Zero
2000f7e8   ti_sysbios_knl_Swi_Module_State_0_readyQ__A
2000f868   ti_sysbios_knl_Task_Module_State_0_readyQ__A
2000f8e8   _FDenorm
2000f8f8   _FEps
2000f908   _FInf
2000f918   _FNan
2000f928   _FSnan
2000f938   _FRteps
2000f948   _FXbig
2000f94c   _FZero
2000f950   ti_sysbios_family_arm_lm3_Timer_Object__table__V
2000f9b0   ti_sysbios_family_arm_m3_Hwi_Module__state__V
2000fa04   ti_sysbios_knl_Mailbox_Object__table__V
2000fa54   ti_sysbios_family_arm_m3_Hwi_Object__table__V
2000fa9c   ti_sysbios_knl_Task_Module__state__V
2000fae0   ti_sysbios_knl_Semaphore_Object__table__V
2000fb1c   ti_sysbios_gates_GateMutex_Object__table__V
2000fb54   ti_sysbios_knl_Swi_Object__table__V
2000fb84   g_iADCBufferIndex
2000fb88   g_ulADCErrors
2000fb8c   state
2000fb90   trigger_val
2000fb94   fVoltsPerDiv
2000fba4   trigger_state
2000fba6   selection_state
2000fba8   voltage_state
2000fbaa   timing_state
2000fbac   display_state
2000fbb0   ti_sysbios_knl_Clock_Module__state__V
2000fbd8   xdc_runtime_LoggerBuf_Object__table__V
2000fbfc   _lock
2000fc00   _unlock
2000fc04   _cleanup_ptr
2000fc08   _dtors_ptr
2000fc0c   _Fenv
2000fc10   _Tls_setup__Fenv
2000fc14   _Errno
2000fc18   main_func_sp
e000e000   ti_sysbios_family_arm_m3_Hwi_nvic
ffffffff   __binit__
ffffffff   __c_args__
ffffffff   binit
UNDEFED    SHT$$INIT_ARRAY$$Base
UNDEFED    SHT$$INIT_ARRAY$$Limit

[795 symbols]
