******************************************************************************
                  TI ARM Linker PC v5.0.4                      
******************************************************************************
>> Linked Thu Apr 30 14:09:28 2015

OUTPUT FILE NAME:   <ece3849d15_lab3b_addresser_awharrison.out>
ENTRY POINT SYMBOL: "_c_int00"  address: 000090f5


MEMORY CONFIGURATION

         name            origin    length      used     unused   attr    fill
----------------------  --------  ---------  --------  --------  ----  --------
  FLASH                 00000000   00040000  0000d1a7  00032e59  R  X
  SRAM                  20000000   00010000  0000fc78  00000388  RW X


SEGMENT ALLOCATION MAP

run origin  load origin   length   init length attrs members
----------  ----------- ---------- ----------- ----- -------
00000000    00000000    0000d1b0   0000d1b0    r-x
  00000000    00000000    00000140   00000140    r-- .resetVecs
  00000140    00000140    0000a606   0000a606    r-x .text
  0000a748    0000a748    000024b9   000024b9    r-- .const
  0000cc08    0000cc08    000005a8   000005a8    r-- .cinit
20000000    20000000    0000f288   00000000    rw-
  20000000    20000000    00000140   00000000    rw- .vecs
  20000140    20000140    0000d148   00000000    rw- .bss
  2000d288    2000d288    00002000   00000000    rw- .stack
2000f288    2000f288    000009f0   000009f0    rw-
  2000f288    2000f288    000009f0   000009f0    rw- .data


SECTION ALLOCATION MAP

 output                                  attributes/
section   page    origin      length       input sections
--------  ----  ----------  ----------   ----------------
.bootVecs 
*          0    00000000    00000008     DSECT
                  00000000    00000008     boot.aem3 : boot.oem3 (.bootVecs)

.resetVecs 
*          0    00000000    00000140     
                  00000000    00000140     app_pem3.oem3 (.resetVecs)

xdc.meta   0    00000000    00000107     COPY SECTION
                  00000000    00000107     app_pem3.oem3 (xdc.meta)

.init_array 
*          0    00000000    00000000     UNINITIALIZED

.text      0    00000140    0000a606     
                  00000140    00000f34     kiss_fft.obj (.text)
                  00001074    00000c04     main.obj (.text)
                  00001c78    00000a18     ustdlib.obj (.text)
                  00002690    00000694     frame_graphics.obj (.text)
                  00002d24    00000510     rit128x96x4.obj (.text)
                  00003234    00000424     sysbios.aem3 : BIOS.obj (.text:ti_sysbios_family_arm_m3_Hwi_excDumpRegs__I)
                  00003658    00000340     ti.targets.arm.rtsarm.aem3 : System.oem3 (.text:xdc_runtime_System_doPrint__I)
                  00003998    00000304     rtsv7M3_T_le_eabi.lib : xlog.obj (.text)
                  00003c9c    000002e4                           : trgdrv.obj (.text)
                  00003f80    000002a0                           : xsin.obj (.text)
                  00004220    00000278     sysbios.aem3 : BIOS.obj (.text:ti_sysbios_knl_Semaphore_pend__E)
                  00004498    00000248                  : BIOS.obj (.text:ti_sysbios_heaps_HeapMem_free__E)
                  000046e0    00000234                  : BIOS.obj (.text:ti_sysbios_heaps_HeapMem_alloc__E)
                  00004914    000001ec                  : BIOS.obj (.text:ti_sysbios_family_arm_m3_Hwi_excHandlerMax__I)
                  00004b00    000001b6     rtsv7M3_T_le_eabi.lib : fd_add_t2.obj (.text)
                  00004cb6    00000002     sysbios.aem3 : BIOS.obj (.text:ti_sysbios_BIOS_nullFunc__I)
                  00004cb8    00000198     driverlib-cm3.lib : sysctl.obj (.text:SysCtlClockGet)
                  00004e50    00000190                       : can.obj (.text:CANMessageSet)
                  00004fe0    00000168     sysbios.aem3 : BIOS.obj (.text:ti_sysbios_family_arm_m3_Hwi_excBusFault__I)
                  00005148    00000154     rtsv7M3_T_le_eabi.lib : fmod.obj (.text)
                  0000529c    00000154     sysbios.aem3 : BIOS.obj (.text:ti_sysbios_family_arm_m3_Hwi_excUsageFault__I)
                  000053f0    0000014c     rtsv7M3_T_le_eabi.lib : sqrt.obj (.text)
                  0000553c    00000148     driverlib-cm3.lib : can.obj (.text:CANMessageGet)
                  00005684    00000140     sysbios.aem3 : BIOS.obj (.text:ti_sysbios_family_arm_m3_Hwi_excMemFault__I)
                  000057c4    00000140                  : BIOS.obj (.text:ti_sysbios_knl_Semaphore_post__E)
                  00005904    0000013c                  : BIOS.obj (.text:ti_sysbios_heaps_HeapMem_Instance_init__F)
                  00005a40    0000013c     ti.targets.arm.rtsarm.aem3 : Error.oem3 (.text:xdc_runtime_Error_raiseX__F)
                  00005b7c    00000136     rtsv7M3_T_le_eabi.lib : fd_div_t2.obj (.text)
                  00005cb2    00000002     sysbios.aem3 : BIOS.obj (.text:ti_sysbios_gates_GateHwi_Instance_init__F)
                  00005cb4    00000130     network.obj (.text)
                  00005de4    0000012c     ti.targets.arm.rtsarm.aem3 : LoggerBuf.oem3 (.text:xdc_runtime_LoggerBuf_write8__F)
                  00005f10    00000124     sysbios.aem3 : BIOS.obj (.text:ti_sysbios_family_arm_m3_Hwi_dispatchC__I)
                  00006034    00000120                  : BIOS.obj (.text:ti_sysbios_knl_Clock_workFunc__E)
                  00006154    0000011c     Boot.aem3 : Boot.oem3 (.text:.bootCodeSection:ti_catalog_arm_cortexm3_lm3init_Boot_sysCtlClockSet)
                  00006270    00000110     sysbios.aem3 : BIOS.obj (.text:ti_sysbios_knl_Swi_run__I)
                  00006380    00000108                  : BIOS.obj (.text:ti_sysbios_knl_Task_exit__E)
                  00006488    00000104                  : m3_Hwi_asm.obj (.text:ti_sysbios_family_arm_m3_Hwi_dispatch__I)
                  0000658c    00000104     ti.targets.arm.rtsarm.aem3 : Core-mem.oem3 (.text:xdc_runtime_Core_createObject__I)
                  00006690    00000100     rtsv7M3_T_le_eabi.lib : xdscale.obj (.text)
                  00006790    000000fc                           : fd_mul_t2.obj (.text)
                  0000688c    000000fc     sysbios.aem3 : BIOS.obj (.text:ti_sysbios_knl_Task_schedule__I)
                  00006988    000000fa     rtsv7M3_T_le_eabi.lib : fs_add_t2.obj (.text)
                  00006a82    00000002     --HOLE-- [fill = 0]
                  00006a84    000000f8     ti.targets.arm.rtsarm.aem3 : Startup.oem3 (.text:xdc_runtime_Startup_startMods__I)
                  00006b7c    000000f8     app_pem3.oem3 (.text:xdc_runtime_System_printfExtend__I)
                  00006c74    000000f4     sysbios.aem3 : BIOS.obj (.text:ti_sysbios_knl_Task_postInit__I)
                  00006d68    000000f4                  : BIOS.obj (.text:ti_sysbios_knl_Task_startCore__E)
                  00006e5c    000000ec     rtsv7M3_T_le_eabi.lib : dtor_list.obj (.text)
                  00006f48    000000dc     sysbios.aem3 : BIOS.obj (.text:ti_sysbios_family_arm_m3_Hwi_initNVIC__E)
                  00007024    000000cc     ti.targets.arm.rtsarm.aem3 : LoggerBuf.oem3 (.text:xdc_runtime_LoggerBuf_write4__F)
                  000070f0    000000c8     driverlib-cm3.lib : gpio.obj (.text:GPIOPadConfigSet)
                  000071b8    000000c4     rtsv7M3_T_le_eabi.lib : xdint.obj (.text)
                  0000727c    000000c0                           : floor.obj (.text)
                  0000733c    000000c0     sysbios.aem3 : BIOS.obj (.text:ti_sysbios_family_arm_lm3_Timer_startup__E)
                  000073fc    000000be     rtsv7M3_T_le_eabi.lib : xdnorm.obj (.text)
                  000074ba    00000002     --HOLE-- [fill = 0]
                  000074bc    000000b8     sysbios.aem3 : BIOS.obj (.text:ti_sysbios_knl_Task_unblockI__E)
                  00007574    000000b4                  : BIOS.obj (.text:ti_sysbios_family_arm_m3_Hwi_excHardFault__I)
                  00007628    000000b4                  : BIOS.obj (.text:ti_sysbios_gates_GateMutex_enter__E)
                  000076dc    000000b4                  : BIOS.obj (.text:ti_sysbios_knl_Task_checkStacks__E)
                  00007790    000000b0                  : BIOS.obj (.text:ti_sysbios_family_arm_m3_Hwi_excDebugMon__I)
                  00007840    000000ac                  : BIOS.obj (.text:ti_sysbios_knl_Swi_schedule__I)
                  000078ec    000000a8                  : BIOS.obj (.text:ti_sysbios_knl_Semaphore_Instance_init__F)
                  00007994    000000a8                  : BIOS.obj (.text:ti_sysbios_knl_Swi_post__E)
                  00007a3c    000000a4                  : BIOS.obj (.text:ti_sysbios_family_arm_m3_Hwi_Module_startup__F)
                  00007ae0    000000a0     auto_init.aem3 : auto_init.oem3 (.text)
                  00007b80    000000a0     sysbios.aem3 : BIOS.obj (.text:ti_sysbios_family_arm_lm3_TimestampProvider_get64__E)
                  00007c20    0000009c     rtsv7M3_T_le_eabi.lib : memcpy_t2.obj (.text)
                  00007cbc    0000009c     sysbios.aem3 : BIOS.obj (.text:ti_sysbios_knl_Task_blockI__E)
                  00007d58    0000009a     ti.targets.arm.rtsarm.aem3 : Text.oem3 (.text:xdc_runtime_Text_putSite__F)
                  00007df2    00000002     --HOLE-- [fill = 0]
                  00007df4    00000094     buttons.obj (.text)
                  00007e88    00000094     sysbios.aem3 : BIOS.obj (.text:ti_sysbios_knl_Mailbox_post__E)
                  00007f1c    00000094     ti.targets.arm.rtsarm.aem3 : Text.oem3 (.text:xdc_runtime_Text_putMod__F)
                  00007fb0    00000092     rtsv7M3_T_le_eabi.lib : fs_div_t2.obj (.text)
                  00008042    00000002     --HOLE-- [fill = 0]
                  00008044    00000090     sysbios.aem3 : BIOS.obj (.text:ti_sysbios_family_arm_lm3_Timer_initDevice__I)
                  000080d4    0000008c     driverlib-cm3.lib : can.obj (.text:CANBitRateSet)
                  00008160    00000088     sysbios.aem3 : BIOS.obj (.text:ti_sysbios_knl_Mailbox_Module_startup__F)
                  000081e8    00000084                  : BIOS.obj (.text:ti_sysbios_knl_Mailbox_pend__E)
                  0000826c    00000080                  : BIOS.obj (.text:ti_sysbios_knl_Task_Module_startup__F)
                  000082ec    00000080     ti.targets.arm.rtsarm.aem3 : LoggerBuf.oem3 (.text:xdc_runtime_LoggerBuf_setFilterLevel__F)
                  0000836c    0000007e     rtsv7M3_T_le_eabi.lib : fd_cmp_t2.obj (.text)
                  000083ea    00000002     --HOLE-- [fill = 0]
                  000083ec    0000007c     sysbios.aem3 : BIOS.obj (.text:ti_sysbios_family_arm_lm3_Timer_Module_startup__F)
                  00008468    0000007c                  : BIOS.obj (.text:ti_sysbios_family_arm_lm3_Timer_start__E)
                  000084e4    0000007a     driverlib-cm3.lib : can.obj (.text:CANInit)
                  0000855e    0000007a     rtsv7M3_T_le_eabi.lib : fs_mul_t2.obj (.text)
                  000085d8    00000078                           : memset_t2.obj (.text)
                  00008650    00000076     driverlib-cm3.lib : can.obj (.text:CANStatusGet)
                  000086c6    00000002     --HOLE-- [fill = 0]
                  000086c8    00000070     sysbios.aem3 : BIOS.obj (.text:ti_sysbios_BIOS_rtsUnlock__I)
                  00008738    00000070     ti.targets.arm.rtsarm.aem3 : Memory.oem3 (.text:xdc_runtime_Memory_alloc__F)
                  000087a8    0000006c     driverlib-cm3.lib : adc.obj (.text:ADCSequenceStepConfigure)
                  00008814    0000006c     ti.targets.arm.rtsarm.aem3 : Error.oem3 (.text:xdc_runtime_Error_print__F)
                  00008880    0000006c                                : LoggerBuf.oem3 (.text:xdc_runtime_LoggerBuf_getFilterLevel__F)
                  000088ec    00000066                                : Core-mem.oem3 (.text:xdc_runtime_Core_deleteObject__I)
                  00008952    00000002     --HOLE-- [fill = 0]
                  00008954    00000064     driverlib-cm3.lib : interrupt.obj (.text:IntDisable)
                  000089b8    00000064                       : interrupt.obj (.text:IntEnable)
                  00008a1c    00000064     rtsv7M3_T_le_eabi.lib : round.obj (.text)
                  00008a80    00000064                           : xdunscal.obj (.text)
                  00008ae4    00000060                           : trgmsg.obj (.text)
                  00008b44    00000060     sysbios.aem3 : BIOS.obj (.text:ti_sysbios_knl_Clock_logTick__E)
                  00008ba4    00000060     app_pem3.oem3 (.text:xdc_runtime_LoggerBuf_Object__create__S)
                  00008c04    0000005e     rtsv7M3_T_le_eabi.lib : copy_decompress_rle.obj (.text)
                  00008c62    00000002     --HOLE-- [fill = 0]
                  00008c64    0000005c     sysbios.aem3 : BIOS.obj (.text:ti_sysbios_knl_Swi_restoreHwi__E)
                  00008cc0    0000005b     ti.targets.arm.rtsarm.aem3 : Text.oem3 (.text:xdc_runtime_Text_putLab__F)
                  00008d1b    00000001     --HOLE-- [fill = 0]
                  00008d1c    00000058     driverlib-cm3.lib : sysctl.obj (.text:SysCtlPeripheralEnable)
                  00008d74    00000050     ti.targets.arm.rtsarm.aem3 : Startup.oem3 (.text:xdc_runtime_Startup_exec__F)
                  00008dc4    00000050                                : System.oem3 (.text:xdc_runtime_System_formatNum__I)
                  00008e14    0000004c     driverlib-cm3.lib : can.obj (.text:CANRegRead)
                  00008e60    0000004c     sysbios.aem3 : m3_TaskSupport_asm.obj (.text:_ti_sysbios_family_arm_m3_TaskSupport_buildTaskStack)
                  00008eac    0000004c     ti.targets.arm.rtsarm.aem3 : Text.oem3 (.text:xdc_runtime_Text_visitRope2__I)
                  00008ef8    0000004a     rtsv7M3_T_le_eabi.lib : fd_tos_t2.obj (.text)
                  00008f42    00000048                           : fd_toi_t2.obj (.text)
                  00008f8a    00000002     --HOLE-- [fill = 0]
                  00008f8c    00000048     sysbios.aem3 : BIOS.obj (.text:ti_sysbios_family_arm_m3_Hwi_excReserved__I)
                  00008fd4    00000048                  : BIOS.obj (.text:ti_sysbios_heaps_HeapMem_getStats__E)
                  0000901c    00000048                  : BIOS.obj (.text:ti_sysbios_knl_Task_allBlockedFunction__I)
                  00009064    00000048     ti.targets.arm.rtsarm.aem3 : Assert.oem3 (.text:xdc_runtime_Assert_raise__I)
                  000090ac    00000048                                : Core-params.oem3 (.text:xdc_runtime_Core_assignParams__I)
                  000090f4    00000044     boot.aem3 : boot.oem3 (.text)
                  00009138    00000044     driverlib-cm3.lib : ssi.obj (.text:SSIConfigSetExpClk)
                  0000917c    00000044     rtsv7M3_T_le_eabi.lib : cpy_tbl.obj (.text)
                  000091c0    00000044                           : xdtest.obj (.text)
                  00009204    00000044     sysbios.aem3 : BIOS.obj (.text:ti_sysbios_BIOS_errorRaiseHook__I)
                  00009248    00000044                  : BIOS.obj (.text:ti_sysbios_family_arm_lm3_Timer_enableTimers__I)
                  0000928c    00000044                  : BIOS.obj (.text:ti_sysbios_family_arm_m3_Hwi_disableInterrupt__E)
                  000092d0    00000044                  : BIOS.obj (.text:ti_sysbios_family_arm_m3_Hwi_enableInterrupt__E)
                  00009314    00000044     ti.targets.arm.rtsarm.aem3 : LoggerBuf.oem3 (.text:xdc_runtime_LoggerBuf_filterOutEvent__I)
                  00009358    00000044                                : SysMin.oem3 (.text:xdc_runtime_SysMin_flush__F)
                  0000939c    00000042     driverlib-cm3.lib : can.obj (.text:CANIntClear)
                  000093de    00000042     rtsv7M3_T_le_eabi.lib : u_divt2.obj (.text)
                  00009420    00000040                           : exit.obj (.text)
                  00009460    00000040                           : signal.obj (.text)
                  000094a0    00000040     sysbios.aem3 : BIOS.obj (.text:ti_sysbios_knl_Semaphore_pendTimeout__I)
                  000094e0    00000040     ti.targets.arm.rtsarm.aem3 : System.oem3 (.text:xdc_runtime_System_atexit__F)
                  00009520    0000003c     driverlib-cm3.lib : can.obj (.text:CANDataRegRead)
                  0000955c    0000003c     sysbios.aem3 : BIOS.obj (.text:ti_sysbios_family_arm_m3_Hwi_excSvCall__I)
                  00009598    0000003c                  : BIOS.obj (.text:ti_sysbios_heaps_HeapMem_init__I)
                  000095d4    0000003c                  : BIOS.obj (.text:ti_sysbios_knl_Swi_startup__E)
                  00009610    0000003c     ti.targets.arm.rtsarm.aem3 : Text.oem3 (.text:xdc_runtime_Text_xprintf__I)
                  0000964c    00000038     rtsv7M3_T_le_eabi.lib : fs_tod_t2.obj (.text)
                  00009684    00000038                           : i_tofs_t2.obj (.text)
                  000096bc    00000038     sysbios.aem3 : BIOS.obj (.text:ti_sysbios_family_arm_m3_Hwi_excNoIsr__I)
                  000096f4    00000038                  : BIOS.obj (.text:ti_sysbios_family_arm_m3_Hwi_getStackInfo__E)
                  0000972c    00000038                  : BIOS.obj (.text:ti_sysbios_family_arm_m3_TaskSupport_start__E)
                  00009764    00000038     app_pem3.oem3 (.text:ti_sysbios_knl_Semaphore_Object__create__S)
                  0000979c    00000038     ti.targets.arm.rtsarm.aem3 : LoggerBuf.oem3 (.text:xdc_runtime_LoggerBuf_Instance_init__F)
                  000097d4    00000038                                : SysMin.oem3 (.text:xdc_runtime_SysMin_putch__F)
                  0000980c    00000034     driverlib-cm3.lib : can.obj (.text:CANIntStatus)
                  00009840    00000034     sysbios.aem3 : BIOS.obj (.text:ti_sysbios_family_arm_m3_Hwi_excNmi__I)
                  00009874    00000034     app_pem3.oem3 (.text:ti_sysbios_gates_GateHwi_Object__create__S)
                  000098a8    00000034     app_pem3.oem3 (.text:ti_sysbios_gates_GateMutex_Object__create__S)
                  000098dc    00000034     sysbios.aem3 : BIOS.obj (.text:ti_sysbios_hal_Hwi_checkStack:ti_sysbios_hal_Hwi_checkStack)
                  00009910    00000034     app_pem3.oem3 (.text:ti_sysbios_heaps_HeapMem_Object__create__S)
                  00009944    00000034     app_pem3.oem3 (.text:ti_sysbios_knl_Queue_Object__create__S)
                  00009978    00000030     rtsv7M3_T_le_eabi.lib : feraiseexcept.obj (.text)
                  000099a8    00000030                           : xferaise.obj (.text)
                  000099d8    00000030     app_pem3.oem3 (.text:ti_sysbios_BIOS_exitFunc__I)
                  00009a08    00000030     sysbios.aem3 : BIOS.obj (.text:ti_sysbios_knl_Idle_run__E)
                  00009a38    00000030     ti.targets.arm.rtsarm.aem3 : Core-label.oem3 (.text:xdc_runtime_Core_assignLabel__I)
                  00009a68    00000030                                : SysMin.oem3 (.text:xdc_runtime_SysMin_abort__F)
                  00009a98    0000002f                                : Text.oem3 (.text:xdc_runtime_Text_printVisFxn__I)
                  00009ac7    00000001     --HOLE-- [fill = 0]
                  00009ac8    0000002e     driverlib-cm3.lib : gpio.obj (.text:GPIODirModeSet)
                  00009af6    0000002e     app_pem3.oem3 (.text:malloc)
                  00009b24    0000002e     rtsv7M3_T_le_eabi.lib : i_tofd_t2.obj (.text)
                  00009b52    0000002e                           : raise.obj (.text)
                  00009b80    0000002c     driverlib-cm3.lib : can.obj (.text:CANDataRegWrite)
                  00009bac    0000002c     sysbios.aem3 : BIOS.obj (.text:ti_sysbios_hal_Hwi_initStack:ti_sysbios_hal_Hwi_initStack)
                  00009bd8    0000002c     app_pem3.oem3 (.text:ti_sysbios_knl_Clock_doTick__I)
                  00009c04    0000002c     sysbios.aem3 : BIOS.obj (.text:ti_sysbios_knl_Task_restore__E)
                  00009c30    0000002c     ti.targets.arm.rtsarm.aem3 : System.oem3 (.text:xdc_runtime_System_rtsExit__I)
                  00009c5c    0000002c                                : Text.oem3 (.text:xdc_runtime_Text_cordText__F)
                  00009c88    0000002a     driverlib-cm3.lib : adc.obj (.text:ADCSequenceConfigure)
                  00009cb2    0000002a     ti.targets.arm.rtsarm.aem3 : System.oem3 (.text:xdc_runtime_System_putchar__I)
                  00009cdc    00000028     driverlib-cm3.lib : can.obj (.text:CANIntNumberGet)
                  00009d04    00000028     sysbios.aem3 : BIOS.obj (.text:ti_sysbios_gates_GateMutex_Instance_init__F)
                  00009d2c    00000028     ti.targets.arm.rtsarm.aem3 : LoggerBuf.oem3 (.text:xdc_runtime_LoggerBuf_Module_startup__F)
                  00009d54    00000026                                : System.oem3 (.text:xdc_runtime_System_avprintf__F)
                  00009d7a    00000002     --HOLE-- [fill = 0]
                  00009d7c    00000024     sysbios.aem3 : BIOS.obj (.text:ti_sysbios_BIOS_registerRTSLock__I)
                  00009da0    00000024     app_pem3.oem3 (.text:ti_sysbios_BIOS_startFunc__I)
                  00009dc4    00000024     sysbios.aem3 : BIOS.obj (.text:ti_sysbios_family_arm_lm3_Timer_isrStub__E)
                  00009de8    00000024                  : BIOS.obj (.text:ti_sysbios_family_arm_m3_Hwi_doTaskRestore__I)
                  00009e0c    00000024     app_pem3.oem3 (.text:ti_sysbios_gates_GateMutex_Object__delete__S)
                  00009e30    00000024     sysbios.aem3 : BIOS.obj (.text:ti_sysbios_knl_Clock_Module_startup__F)
                  00009e54    00000024                  : BIOS.obj (.text:ti_sysbios_knl_Swi_Module_startup__F)
                  00009e78    00000024     ti.targets.arm.rtsarm.aem3 : System.oem3 (.text:xdc_runtime_System_vprintf__F)
                  00009e9c    00000022     app_pem3.oem3 (.text:xdc_runtime_SysMin_output__I)
                  00009ebe    00000002     --HOLE-- [fill = 0]
                  00009ec0    00000020     driverlib-cm3.lib : sysctl.obj (.text:SysCtlADCSpeedSet)
                  00009ee0    00000020     rtsv7M3_T_le_eabi.lib : u_tofd_t2.obj (.text)
                  00009f00    00000020     app_pem3.oem3 (.text:ti_sysbios_gates_GateHwi_Object__delete__S)
                  00009f20    00000020     app_pem3.oem3 (.text:ti_sysbios_heaps_HeapMem_Object__delete__S)
                  00009f40    00000020     app_pem3.oem3 (.text:ti_sysbios_knl_Semaphore_Object__destruct__S)
                  00009f60    00000020     sysbios.aem3 : BIOS.obj (.text:ti_sysbios_knl_Task_enter__I)
                  00009f80    00000020     app_pem3.oem3 (.text:xdc_runtime_LoggerBuf_Object__delete__S)
                  00009fa0    00000020     ti.targets.arm.rtsarm.aem3 : LoggerBuf.oem3 (.text:xdc_runtime_LoggerBuf_reset__F)
                  00009fc0    00000020                                : Registry.oem3 (.text:xdc_runtime_Registry_findById__F)
                  00009fe0    00000020                                : SysMin.oem3 (.text:xdc_runtime_SysMin_Module_startup__F)
                  0000a000    0000001c     driverlib-cm3.lib : can.obj (.text:CANRegWrite)
                  0000a01c    0000001c     sysbios.aem3 : BIOS.obj (.text:ti_sysbios_BIOS_rtsLock__I)
                  0000a038    0000001c     app_pem3.oem3 (.text:ti_sysbios_knl_Queue_Object__destruct__S)
                  0000a054    0000001c     ti.targets.arm.rtsarm.aem3 : Error.oem3 (.text:xdc_runtime_Error_check__F)
                  0000a070    0000001c                                : Memory.oem3 (.text:xdc_runtime_Memory_valloc__F)
                  0000a08c    0000001c                                : SysMin.oem3 (.text:xdc_runtime_SysMin_exit__F)
                  0000a0a8    0000001a     app_pem3.oem3 (.text:ti_sysbios_family_arm_m3_Hwi_Handle__label__S)
                  0000a0c2    0000001a     app_pem3.oem3 (.text:ti_sysbios_gates_GateHwi_Handle__label__S)
                  0000a0dc    0000001a     app_pem3.oem3 (.text:ti_sysbios_gates_GateMutex_Handle__label__S)
                  0000a0f6    0000001a     app_pem3.oem3 (.text:ti_sysbios_heaps_HeapMem_Handle__label__S)
                  0000a110    0000001a     app_pem3.oem3 (.text:ti_sysbios_knl_Swi_Handle__label__S)
                  0000a12a    0000001a     app_pem3.oem3 (.text:ti_sysbios_knl_Task_Handle__label__S)
                  0000a144    0000001a     app_pem3.oem3 (.text:xdc_runtime_LoggerBuf_Handle__label__S)
                  0000a15e    0000001a     app_pem3.oem3 (.text:xdc_runtime_System_aprintf__E)
                  0000a178    0000001a     app_pem3.oem3 (.text:xdc_runtime_System_printf__E)
                  0000a192    00000018     sysbios.aem3 : m3_Hwi_asm_switch.obj (.text:_ti_sysbios_family_arm_m3_Hwi_initStacks__E)
                  0000a1aa    00000018     app_pem3.oem3 (.text:free)
                  0000a1c2    00000002     --HOLE-- [fill = 0]
                  0000a1c4    00000018     rtsv7M3_T_le_eabi.lib : args_main.obj (.text)
                  0000a1dc    00000018     app_pem3.oem3 (.text:ti_sysbios_family_arm_lm3_Timer_Module__startupDone__F)
                  0000a1f4    00000018     app_pem3.oem3 (.text:ti_sysbios_family_arm_m3_Hwi_Module__startupDone__F)
                  0000a20c    00000018     sysbios.aem3 : BIOS.obj (.text:ti_sysbios_gates_GateMutex_leave__E)
                  0000a224    00000018     app_pem3.oem3 (.text:ti_sysbios_hal_Timer_Module__startupDone__F)
                  0000a23c    00000018     ti.targets.arm.rtsarm.aem3 : Text.oem3 (.text:xdc_runtime_Text_ropeText__F)
                  0000a254    00000016     driverlib-cm3.lib : can.obj (.text:CANIntEnable)
                  0000a26a    00000014                       : can.obj (.text:CANEnable)
                  0000a27e    00000002     --HOLE-- [fill = 0]
                  0000a280    00000014     rtsv7M3_T_le_eabi.lib : _lock.obj (.text)
                  0000a294    00000014                           : strlen.obj (.text)
                  0000a2a8    00000014     sysbios.aem3 : BIOS.obj (.text:ti_sysbios_family_arm_m3_Hwi_switchFromBootStack__E)
                  0000a2bc    00000014     app_pem3.oem3 (.text:ti_sysbios_heaps_HeapMem_Object__get__S)
                  0000a2d0    00000014     app_pem3.oem3 (.text:ti_sysbios_knl_Mailbox_Object__get__S)
                  0000a2e4    00000014     app_pem3.oem3 (.text:ti_sysbios_knl_Swi_Object__get__S)
                  0000a2f8    00000014     ti.targets.arm.rtsarm.aem3 : LoggerBuf.oem3 (.text:xdc_runtime_LoggerBuf_Instance_finalize__F)
                  0000a30c    00000014     app_pem3.oem3 (.text:xdc_runtime_LoggerBuf_Object__get__S)
                  0000a320    00000014     ti.targets.arm.rtsarm.aem3 : LoggerBuf.oem3 (.text:xdc_runtime_LoggerBuf_write2__F)
                  0000a334    00000014                                : System.oem3 (.text:xdc_runtime_System_abort__F)
                  0000a348    00000012     driverlib-cm3.lib : gpio.obj (.text:GPIOPinTypeCAN)
                  0000a35a    00000012                       : gpio.obj (.text:GPIOPinTypeGPIOInput)
                  0000a36c    00000012                       : gpio.obj (.text:GPIOPinTypeGPIOOutput)
                  0000a37e    00000012                       : gpio.obj (.text:GPIOPinTypeSSI)
                  0000a390    00000012                       : ssi.obj (.text:SSIDataGetNonBlocking)
                  0000a3a2    00000012     rtsv7M3_T_le_eabi.lib : copy_zero_init.obj (.text:decompress:ZI)
                  0000a3b4    00000012                           : strcpy.obj (.text)
                  0000a3c6    00000012     sysbios.aem3 : BIOS.obj (.text:ti_sysbios_hal_Hwi_Module_startup__F)
                  0000a3d8    00000012                  : BIOS.obj (.text:ti_sysbios_hal_Timer_Module_startup__F)
                  0000a3ea    00000012     ti.targets.arm.rtsarm.aem3 : LoggerBuf.oem3 (.text:xdc_runtime_LoggerBuf_write1__F)
                  0000a3fc    00000012     app_pem3.oem3 (.text:xdc_runtime_Startup_exec__I)
                  0000a40e    00000010     driverlib-cm3.lib : adc.obj (.text:ADCIntEnable)
                  0000a41e    00000010     sysbios.aem3 : m3_TaskSupport_asm.obj (.text:_ti_sysbios_family_arm_m3_TaskSupport_glue)
                  0000a42e    00000010                  : m3_TaskSupport_asm.obj (.text:_ti_sysbios_family_arm_m3_TaskSupport_swap__E)
                  0000a43e    00000010                  : m3_Hwi_asm_switch.obj (.text:_ti_sysbios_family_xxx_Hwi_switchToIsrStack)
                  0000a44e    00000002     --HOLE-- [fill = 0]
                  0000a450    00000010                  : BIOS.obj (.text:ti_sysbios_BIOS_setThreadType__E)
                  0000a460    00000010                  : BIOS.obj (.text:ti_sysbios_BIOS_start__E)
                  0000a470    00000010                  : BIOS.obj (.text:ti_sysbios_family_arm_lm3_TimestampProvider_rolloverFunc__E)
                  0000a480    00000010                  : BIOS.obj (.text:ti_sysbios_family_arm_m3_Hwi_excHandler__I)
                  0000a490    00000010                  : BIOS.obj (.text:ti_sysbios_gates_GateMutex_Instance_finalize__F)
                  0000a4a0    00000010                  : BIOS.obj (.text:ti_sysbios_knl_Semaphore_Instance_finalize__F)
                  0000a4b0    00000010                  : BIOS.obj (.text:ti_sysbios_knl_Swi_disable__E)
                  0000a4c0    00000010     app_pem3.oem3 (.text:ti_sysbios_knl_Task_Object__get__S)
                  0000a4d0    00000010     sysbios.aem3 : BIOS.obj (.text:ti_sysbios_knl_Task_disable__E)
                  0000a4e0    00000010     ti.targets.arm.rtsarm.aem3 : Gate.oem3 (.text:xdc_runtime_Gate_leaveSystem__F)
                  0000a4f0    00000010                                : LoggerBuf.oem3 (.text:xdc_runtime_LoggerBuf_write0__F)
                  0000a500    00000010                                : Memory.oem3 (.text:xdc_runtime_Memory_free__F)
                  0000a510    00000010                                : SysMin.oem3 (.text:xdc_runtime_SysMin_ready__F)
                  0000a520    00000010                                : System.oem3 (.text:xdc_runtime_System_vsnprintf__F)
                  0000a530    00000010     app_pem3.oem3 (.text:xdc_runtime_Text_visitRope__I)
                  0000a540    0000000e     driverlib-cm3.lib : adc.obj (.text:ADCSequenceDisable)
                  0000a54e    0000000e                       : adc.obj (.text:ADCSequenceEnable)
                  0000a55c    0000000e     rtsv7M3_T_le_eabi.lib : copy_decompress_none.obj (.text:decompress:none)
                  0000a56a    0000000e     sysbios.aem3 : BIOS.obj (.text:ti_sysbios_family_arm_m3_TaskSupport_checkStack__E)
                  0000a578    0000000e                  : BIOS.obj (.text:ti_sysbios_knl_Queue_empty__E)
                  0000a586    00000002     --HOLE-- [fill = 0]
                  0000a588    0000000c     app_pem3.oem3 (.text:.bootCodeSection:ti_catalog_arm_cortexm3_lm3init_Boot_init)
                  0000a594    0000000c     driverlib-cm3.lib : cpu.obj (.text:CPUcpsid)
                  0000a5a0    0000000c                       : cpu.obj (.text:CPUcpsie)
                  0000a5ac    0000000c     sysbios.aem3 : m3_Hwi_asm_switch.obj (.text:_ti_sysbios_family_xxx_Hwi_switchToTaskStack)
                  0000a5b8    0000000c                  : BIOS.obj (.text:ti_sysbios_family_arm_lm3_TimestampProvider_startTimer__E)
                  0000a5c4    0000000c                  : BIOS.obj (.text:ti_sysbios_gates_GateHwi_enter__E)
                  0000a5d0    0000000c     app_pem3.oem3 (.text:ti_sysbios_knl_Queue_Object__get__S)
                  0000a5dc    0000000c     ti.targets.arm.rtsarm.aem3 : Error.oem3 (.text:xdc_runtime_Error_init__F)
                  0000a5e8    0000000c                                : Gate.oem3 (.text:xdc_runtime_Gate_enterSystem__F)
                  0000a5f4    0000000c                                : Memory.oem3 (.text:xdc_runtime_Memory_calloc__F)
                  0000a600    0000000c                                : Memory.oem3 (.text:xdc_runtime_Memory_getMaxDefaultTypeAlign__F)
                  0000a60c    0000000c                                : System.oem3 (.text:xdc_runtime_System_exit__F)
                  0000a618    0000000c                                : System.oem3 (.text:xdc_runtime_System_lastFxn__I)
                  0000a624    0000000a     driverlib-cm3.lib : interrupt.obj (.text:IntMasterDisable)
                  0000a62e    0000000a                       : interrupt.obj (.text:IntMasterEnable)
                  0000a638    0000000a                       : ssi.obj (.text:SSIDataPut)
                  0000a642    0000000a                       : ssi.obj (.text:SSIDisable)
                  0000a64c    0000000a                       : ssi.obj (.text:SSIEnable)
                  0000a656    0000000a     app_pem3.oem3 (.text:xdc_runtime_IHeap_alloc)
                  0000a660    0000000a     app_pem3.oem3 (.text:xdc_runtime_IHeap_free)
                  0000a66a    0000000a     ti.targets.arm.rtsarm.aem3 : LoggerBuf.oem3 (.text:xdc_runtime_LoggerBuf_disable__F)
                  0000a674    0000000a                                : LoggerBuf.oem3 (.text:xdc_runtime_LoggerBuf_enable__F)
                  0000a67e    00000008     driverlib-cm3.lib : ssi.obj (.text:SSIBusy)
                  0000a686    00000008     sysbios.aem3 : BIOS.obj (.text:ti_sysbios_family_arm_m3_Hwi_doSwiRestore__I)
                  0000a68e    00000008                  : BIOS.obj (.text:ti_sysbios_family_arm_m3_Hwi_startup__E)
                  0000a696    00000008                  : BIOS.obj (.text:ti_sysbios_knl_Idle_loop__E)
                  0000a69e    00000006     Boot.aem3 : Boot.oem3 (.text)
                  0000a6a4    00000006     driverlib-cm3.lib : gpio.obj (.text:GPIOPinWrite)
                  0000a6aa    00000006     ti.targets.arm.rtsarm.aem3 : xdc_noinit.oem3 (.text:__xdc__init)
                  0000a6b0    00000006     rtsv7M3_T_le_eabi.lib : copy_decompress_rle.obj (.text:decompress:rle24)
                  0000a6b6    00000006                           : cos.obj (.text)
                  0000a6bc    00000006                           : log10.obj (.text)
                  0000a6c2    00000006                           : sin.obj (.text)
                  0000a6c8    00000006     sysbios.aem3 : BIOS.obj (.text:ti_sysbios_family_arm_lm3_TimestampProvider_Module_startup__F)
                  0000a6ce    00000006                  : BIOS.obj (.text:ti_sysbios_gates_GateHwi_leave__E)
                  0000a6d4    00000006                  : BIOS.obj (.text:ti_sysbios_heaps_HeapMem_isBlocking__E)
                  0000a6da    00000006                  : BIOS.obj (.text:ti_sysbios_knl_Queue_Instance_init__F)
                  0000a6e0    00000006     ti.targets.arm.rtsarm.aem3 : System.oem3 (.text:xdc_runtime_System_Module_startup__F)
                  0000a6e6    00000004     app_pem3.oem3 (.text:ti_sysbios_BIOS_RtsGateProxy_enter__E)
                  0000a6ea    00000004     app_pem3.oem3 (.text:ti_sysbios_BIOS_RtsGateProxy_leave__E)
                  0000a6ee    00000004     sysbios.aem3 : BIOS.obj (.text:ti_sysbios_family_arm_lm3_Timer_getPeriod__E)
                  0000a6f2    00000004     app_pem3.oem3 (.text:ti_sysbios_family_arm_m3_TaskSupport_Module__startupDone__S)
                  0000a6f6    00000004     sysbios.aem3 : BIOS.obj (.text:ti_sysbios_gates_GateHwi_query__F)
                  0000a6fa    00000004                  : BIOS.obj (.text:ti_sysbios_gates_GateMutex_query__F)
                  0000a6fe    00000004     app_pem3.oem3 (.text:ti_sysbios_hal_Hwi_HwiProxy_Module__startupDone__S)
                  0000a702    00000004     app_pem3.oem3 (.text:ti_sysbios_hal_Timer_TimerProxy_Module__startupDone__S)
                  0000a706    00000004     app_pem3.oem3 (.text:ti_sysbios_hal_Timer_TimerProxy_getPeriod__E)
                  0000a70a    00000004     app_pem3.oem3 (.text:ti_sysbios_heaps_HeapMem_Module_GateProxy_enter__E)
                  0000a70e    00000004     app_pem3.oem3 (.text:ti_sysbios_heaps_HeapMem_Module_GateProxy_leave__E)
                  0000a712    00000004     app_pem3.oem3 (.text:ti_sysbios_knl_Task_SupportProxy_Module__startupDone__S)
                  0000a716    00000004     sysbios.aem3 : BIOS.obj (.text:ti_sysbios_knl_Task_startup__E)
                  0000a71a    00000004     ti.targets.arm.rtsarm.aem3 : Error.oem3 (.text:xdc_runtime_Error_getSite__F)
                  0000a71e    00000004     app_pem3.oem3 (.text:xdc_runtime_LoggerBuf_Module_GateProxy_enter__E)
                  0000a722    00000004     app_pem3.oem3 (.text:xdc_runtime_LoggerBuf_Module_GateProxy_leave__E)
                  0000a726    00000004     app_pem3.oem3 (.text:xdc_runtime_Memory_HeapProxy_alloc__E)
                  0000a72a    00000004     app_pem3.oem3 (.text:xdc_runtime_Memory_HeapProxy_free__E)
                  0000a72e    00000004     app_pem3.oem3 (.text:xdc_runtime_Startup_reset__I)
                  0000a732    00000004     app_pem3.oem3 (.text:xdc_runtime_System_Module_GateProxy_enter__E)
                  0000a736    00000004     app_pem3.oem3 (.text:xdc_runtime_System_Module_GateProxy_leave__E)
                  0000a73a    00000004     ti.targets.arm.rtsarm.aem3 : System.oem3 (.text:xdc_runtime_System_aprintf_va__F)
                  0000a73e    00000004                                : System.oem3 (.text:xdc_runtime_System_printf_va__F)
                  0000a742    00000004     app_pem3.oem3 (.text:xdc_runtime_System_vsnprintf__E)

.const     0    0000a748    000024b9     
                  0000a748    000016d7     app_pem3.oem3 (.const:xdc_runtime_Text_charTab__A)
                  0000be1f    00000001     --HOLE-- [fill = 0]
                  0000be20    000001e0     rit128x96x4.obj (.const:g_pucFont)
                  0000c000    000001db     frame_graphics.obj (.const:g_pucFont)
                  0000c1db    00000001     --HOLE-- [fill = 0]
                  0000c1dc    000000b8     app_pem3.oem3 (.const:xdc_runtime_Text_nodeTab__A)
                  0000c294    00000004     app_pem3.oem3 (.const:ti_sysbios_BIOS_Module__diagsEnabled__C)
                  0000c298    00000080     rtsv7M3_T_le_eabi.lib : xsin.obj (.const)
                  0000c318    00000070     driverlib-cm3.lib : interrupt.obj (.const)
                  0000c388    0000006c                       : sysctl.obj (.const:g_pulXtals)
                  0000c3f4    00000050     app_pem3.oem3 (.const:ti_sysbios_family_arm_m3_Hwi_priorities__A)
                  0000c444    0000004f     rit128x96x4.obj (.const:.string:g_pucRIT128x96x4Init)
                  0000c493    00000001     --HOLE-- [fill = 0]
                  0000c494    00000048     app_pem3.oem3 (.const:.string)
                  0000c4dc    00000040     driverlib-cm3.lib : sysctl.obj (.const)
                  0000c51c    00000040     frame_graphics.obj (.const)
                  0000c55c    0000003c     app_pem3.oem3 (.const:xdc_runtime_LoggerBuf_Module__FXNS__C)
                  0000c598    00000038     rtsv7M3_T_le_eabi.lib : xlog.obj (.const:p)
                  0000c5d0    00000030                           : xdint.obj (.const)
                  0000c600    00000030     app_pem3.oem3 (.const:xdc_runtime_Startup_sfxnTab__A)
                  0000c630    0000002c     app_pem3.oem3 (.const)
                  0000c65c    00000028     app_pem3.oem3 (.const:ti_sysbios_heaps_HeapMem_Module__FXNS__C)
                  0000c684    00000024     app_pem3.oem3 (.const:ti_sysbios_gates_GateHwi_Module__FXNS__C)
                  0000c6a8    00000024     app_pem3.oem3 (.const:ti_sysbios_gates_GateMutex_Module__FXNS__C)
                  0000c6cc    00000024     app_pem3.oem3 (.const:ti_sysbios_heaps_HeapMem_Object__PARAMS__C)
                  0000c6f0    00000024     app_pem3.oem3 (.const:ti_sysbios_knl_Semaphore_Object__PARAMS__C)
                  0000c714    00000024     app_pem3.oem3 (.const:xdc_runtime_LoggerBuf_Object__PARAMS__C)
                  0000c738    00000022     main.obj (.const:.string)
                  0000c75a    00000002     --HOLE-- [fill = 0]
                  0000c75c    00000020     driverlib-cm3.lib : can.obj (.const)
                  0000c77c    00000020     app_pem3.oem3 (.const:ti_sysbios_gates_GateHwi_Object__DESC__C)
                  0000c79c    00000020     app_pem3.oem3 (.const:ti_sysbios_gates_GateMutex_Object__DESC__C)
                  0000c7bc    00000020     app_pem3.oem3 (.const:ti_sysbios_heaps_HeapMem_Object__DESC__C)
                  0000c7dc    00000020     app_pem3.oem3 (.const:ti_sysbios_knl_Queue_Object__DESC__C)
                  0000c7fc    00000020     app_pem3.oem3 (.const:ti_sysbios_knl_Semaphore_Object__DESC__C)
                  0000c81c    00000020     app_pem3.oem3 (.const:xdc_runtime_LoggerBuf_Object__DESC__C)
                  0000c83c    0000001c     ustdlib.obj (.const)
                  0000c858    00000018     app_pem3.oem3 (.const:ti_sysbios_gates_GateHwi_Object__PARAMS__C)
                  0000c870    00000018     app_pem3.oem3 (.const:ti_sysbios_gates_GateMutex_Object__PARAMS__C)
                  0000c888    00000018     app_pem3.oem3 (.const:ti_sysbios_knl_Queue_Object__PARAMS__C)
                  0000c8a0    00000018     app_pem3.oem3 (.const:ti_sysbios_knl_Task_hooks__A)
                  0000c8b8    00000018     app_pem3.oem3 (.const:xdc_runtime_Startup_sfxnRts__A)
                  0000c8d0    00000014     main.obj (.const)
                  0000c8e4    00000012     ustdlib.obj (.const:.string)
                  0000c8f6    00000002     --HOLE-- [fill = 0]
                  0000c8f8    00000011     ti.targets.arm.rtsarm.aem3 : System.oem3 (.const)
                  0000c909    00000003     --HOLE-- [fill = 0]
                  0000c90c    00000010     app_pem3.oem3 (.const:xdc_runtime_Startup_firstFxns__A)
                  0000c91c    0000000c     rit128x96x4.obj (.const:.string)
                  0000c928    00000008     app_pem3.oem3 (.const:ti_sysbios_family_arm_m3_Hwi_excHookFuncs__A)
                  0000c930    00000008     app_pem3.oem3 (.const:ti_sysbios_knl_Idle_coreList__C)
                  0000c938    00000008     app_pem3.oem3 (.const:ti_sysbios_knl_Idle_funcList__C)
                  0000c940    00000008     app_pem3.oem3 (.const:ti_sysbios_knl_Task_hooks__C)
                  0000c948    00000008     app_pem3.oem3 (.const:xdc_runtime_Startup_firstFxns__C)
                  0000c950    00000008     app_pem3.oem3 (.const:xdc_runtime_Startup_lastFxns__A)
                  0000c958    00000008     app_pem3.oem3 (.const:xdc_runtime_Startup_lastFxns__C)
                  0000c960    00000004     app_pem3.oem3 (.const:ti_sysbios_BIOS_Module__diagsIncluded__C)
                  0000c964    00000004     app_pem3.oem3 (.const:ti_sysbios_BIOS_Module__diagsMask__C)
                  0000c968    00000004     app_pem3.oem3 (.const:ti_sysbios_BIOS_installedErrorHook__C)
                  0000c96c    00000004     app_pem3.oem3 (.const:ti_sysbios_family_arm_lm3_Timer_WRALLOW__C)
                  0000c970    00000004     app_pem3.oem3 (.const:ti_sysbios_family_arm_lm3_Timer_numTimerDevices__C)
                  0000c974    00000004     app_pem3.oem3 (.const:ti_sysbios_family_arm_lm3_Timer_startupNeeded__C)
                  0000c978    00000004     app_pem3.oem3 (.const:ti_sysbios_family_arm_m3_Hwi_E_NMI__C)
                  0000c97c    00000004     app_pem3.oem3 (.const:ti_sysbios_family_arm_m3_Hwi_E_busFault__C)
                  0000c980    00000004     app_pem3.oem3 (.const:ti_sysbios_family_arm_m3_Hwi_E_debugMon__C)
                  0000c984    00000004     app_pem3.oem3 (.const:ti_sysbios_family_arm_m3_Hwi_E_hardFault__C)
                  0000c988    00000004     app_pem3.oem3 (.const:ti_sysbios_family_arm_m3_Hwi_E_memFault__C)
                  0000c98c    00000004     app_pem3.oem3 (.const:ti_sysbios_family_arm_m3_Hwi_E_noIsr__C)
                  0000c990    00000004     app_pem3.oem3 (.const:ti_sysbios_family_arm_m3_Hwi_E_reserved__C)
                  0000c994    00000004     app_pem3.oem3 (.const:ti_sysbios_family_arm_m3_Hwi_E_svCall__C)
                  0000c998    00000004     app_pem3.oem3 (.const:ti_sysbios_family_arm_m3_Hwi_E_usageFault__C)
                  0000c99c    00000004     app_pem3.oem3 (.const:ti_sysbios_family_arm_m3_Hwi_LD_end__C)
                  0000c9a0    00000004     app_pem3.oem3 (.const:ti_sysbios_family_arm_m3_Hwi_LM_begin__C)
                  0000c9a4    00000004     app_pem3.oem3 (.const:ti_sysbios_family_arm_m3_Hwi_Module__diagsEnabled__C)
                  0000c9a8    00000004     app_pem3.oem3 (.const:ti_sysbios_family_arm_m3_Hwi_Module__diagsIncluded__C)
                  0000c9ac    00000004     app_pem3.oem3 (.const:ti_sysbios_family_arm_m3_Hwi_Module__diagsMask__C)
                  0000c9b0    00000004     app_pem3.oem3 (.const:ti_sysbios_family_arm_m3_Hwi_Module__loggerFxn1__C)
                  0000c9b4    00000004     app_pem3.oem3 (.const:ti_sysbios_family_arm_m3_Hwi_Module__loggerFxn8__C)
                  0000c9b8    00000004     app_pem3.oem3 (.const:ti_sysbios_family_arm_m3_Hwi_Module__loggerObj__C)
                  0000c9bc    00000004     app_pem3.oem3 (.const:ti_sysbios_family_arm_m3_Hwi_NUM_INTERRUPTS__C)
                  0000c9c0    00000004     app_pem3.oem3 (.const:ti_sysbios_family_arm_m3_Hwi_ccr__C)
                  0000c9c4    00000004     app_pem3.oem3 (.const:ti_sysbios_family_arm_m3_Hwi_dispatchTable__C)
                  0000c9c8    00000004     app_pem3.oem3 (.const:ti_sysbios_family_arm_m3_Hwi_excHandlerFunc__C)
                  0000c9cc    00000004     app_pem3.oem3 (.const:ti_sysbios_family_arm_m3_Hwi_excHookFuncs__C)
                  0000c9d0    00000004     app_pem3.oem3 (.const:ti_sysbios_family_arm_m3_Hwi_priGroup__C)
                  0000c9d4    00000004     app_pem3.oem3 (.const:ti_sysbios_family_arm_m3_Hwi_priorities__C)
                  0000c9d8    00000004     app_pem3.oem3 (.const:ti_sysbios_gates_GateMutex_A_badContext__C)
                  0000c9dc    00000004     app_pem3.oem3 (.const:ti_sysbios_gates_GateMutex_Instance_State_sem__O)
                  0000c9e0    00000004     app_pem3.oem3 (.const:ti_sysbios_gates_GateMutex_Module__diagsEnabled__C)
                  0000c9e4    00000004     app_pem3.oem3 (.const:ti_sysbios_gates_GateMutex_Module__diagsIncluded__C)
                  0000c9e8    00000004     app_pem3.oem3 (.const:ti_sysbios_gates_GateMutex_Module__diagsMask__C)
                  0000c9ec    00000004     app_pem3.oem3 (.const:ti_sysbios_hal_Hwi_E_stackOverflow__C)
                  0000c9f0    00000004     app_pem3.oem3 (.const:ti_sysbios_heaps_HeapMem_A_align__C)
                  0000c9f4    00000004     app_pem3.oem3 (.const:ti_sysbios_heaps_HeapMem_A_heapSize__C)
                  0000c9f8    00000004     app_pem3.oem3 (.const:ti_sysbios_heaps_HeapMem_A_invalidFree__C)
                  0000c9fc    00000004     app_pem3.oem3 (.const:ti_sysbios_heaps_HeapMem_A_zeroBlock__C)
                  0000ca00    00000004     app_pem3.oem3 (.const:ti_sysbios_heaps_HeapMem_E_memory__C)
                  0000ca04    00000004     app_pem3.oem3 (.const:ti_sysbios_heaps_HeapMem_Module__diagsEnabled__C)
                  0000ca08    00000004     app_pem3.oem3 (.const:ti_sysbios_heaps_HeapMem_Module__diagsIncluded__C)
                  0000ca0c    00000004     app_pem3.oem3 (.const:ti_sysbios_heaps_HeapMem_Module__diagsMask__C)
                  0000ca10    00000004     app_pem3.oem3 (.const:ti_sysbios_heaps_HeapMem_Module__gateObj__C)
                  0000ca14    00000004     app_pem3.oem3 (.const:ti_sysbios_heaps_HeapMem_Object__count__C)
                  0000ca18    00000004     app_pem3.oem3 (.const:ti_sysbios_heaps_HeapMem_reqAlign__C)
                  0000ca1c    00000004     app_pem3.oem3 (.const:ti_sysbios_knl_Clock_LM_begin__C)
                  0000ca20    00000004     app_pem3.oem3 (.const:ti_sysbios_knl_Clock_LM_tick__C)
                  0000ca24    00000004     app_pem3.oem3 (.const:ti_sysbios_knl_Clock_LW_delayed__C)
                  0000ca28    00000004     app_pem3.oem3 (.const:ti_sysbios_knl_Clock_Module_State_clockQ__O)
                  0000ca2c    00000004     app_pem3.oem3 (.const:ti_sysbios_knl_Clock_Module__diagsEnabled__C)
                  0000ca30    00000004     app_pem3.oem3 (.const:ti_sysbios_knl_Clock_Module__diagsIncluded__C)
                  0000ca34    00000004     app_pem3.oem3 (.const:ti_sysbios_knl_Clock_Module__diagsMask__C)
                  0000ca38    00000004     app_pem3.oem3 (.const:ti_sysbios_knl_Clock_Module__loggerFxn1__C)
                  0000ca3c    00000004     app_pem3.oem3 (.const:ti_sysbios_knl_Clock_Module__loggerFxn2__C)
                  0000ca40    00000004     app_pem3.oem3 (.const:ti_sysbios_knl_Clock_Module__loggerObj__C)
                  0000ca44    00000004     app_pem3.oem3 (.const:ti_sysbios_knl_Idle_coreList__A)
                  0000ca48    00000004     app_pem3.oem3 (.const:ti_sysbios_knl_Idle_funcList__A)
                  0000ca4c    00000004     app_pem3.oem3 (.const:ti_sysbios_knl_Mailbox_Instance_State_dataQue__O)
                  0000ca50    00000004     app_pem3.oem3 (.const:ti_sysbios_knl_Mailbox_Instance_State_dataSem__O)
                  0000ca54    00000004     app_pem3.oem3 (.const:ti_sysbios_knl_Mailbox_Instance_State_freeQue__O)
                  0000ca58    00000004     app_pem3.oem3 (.const:ti_sysbios_knl_Mailbox_Instance_State_freeSem__O)
                  0000ca5c    00000004     app_pem3.oem3 (.const:ti_sysbios_knl_Mailbox_Object__count__C)
                  0000ca60    00000004     app_pem3.oem3 (.const:ti_sysbios_knl_Semaphore_A_badContext__C)
                  0000ca64    00000004     app_pem3.oem3 (.const:ti_sysbios_knl_Semaphore_A_noEvents__C)
                  0000ca68    00000004     app_pem3.oem3 (.const:ti_sysbios_knl_Semaphore_A_overflow__C)
                  0000ca6c    00000004     app_pem3.oem3 (.const:ti_sysbios_knl_Semaphore_A_pendTaskDisabled__C)
                  0000ca70    00000004     app_pem3.oem3 (.const:ti_sysbios_knl_Semaphore_Instance_State_pendQ__O)
                  0000ca74    00000004     app_pem3.oem3 (.const:ti_sysbios_knl_Semaphore_LM_pend__C)
                  0000ca78    00000004     app_pem3.oem3 (.const:ti_sysbios_knl_Semaphore_LM_post__C)
                  0000ca7c    00000004     app_pem3.oem3 (.const:ti_sysbios_knl_Semaphore_Module__diagsEnabled__C)
                  0000ca80    00000004     app_pem3.oem3 (.const:ti_sysbios_knl_Semaphore_Module__diagsIncluded__C)
                  0000ca84    00000004     app_pem3.oem3 (.const:ti_sysbios_knl_Semaphore_Module__diagsMask__C)
                  0000ca88    00000004     app_pem3.oem3 (.const:ti_sysbios_knl_Semaphore_Module__loggerFxn2__C)
                  0000ca8c    00000004     app_pem3.oem3 (.const:ti_sysbios_knl_Semaphore_Module__loggerFxn4__C)
                  0000ca90    00000004     app_pem3.oem3 (.const:ti_sysbios_knl_Semaphore_Module__loggerObj__C)
                  0000ca94    00000004     app_pem3.oem3 (.const:ti_sysbios_knl_Swi_LD_end__C)
                  0000ca98    00000004     app_pem3.oem3 (.const:ti_sysbios_knl_Swi_LM_begin__C)
                  0000ca9c    00000004     app_pem3.oem3 (.const:ti_sysbios_knl_Swi_LM_post__C)
                  0000caa0    00000004     app_pem3.oem3 (.const:ti_sysbios_knl_Swi_Module__diagsEnabled__C)
                  0000caa4    00000004     app_pem3.oem3 (.const:ti_sysbios_knl_Swi_Module__diagsIncluded__C)
                  0000caa8    00000004     app_pem3.oem3 (.const:ti_sysbios_knl_Swi_Module__diagsMask__C)
                  0000caac    00000004     app_pem3.oem3 (.const:ti_sysbios_knl_Swi_Module__loggerFxn1__C)
                  0000cab0    00000004     app_pem3.oem3 (.const:ti_sysbios_knl_Swi_Module__loggerFxn4__C)
                  0000cab4    00000004     app_pem3.oem3 (.const:ti_sysbios_knl_Swi_Module__loggerObj__C)
                  0000cab8    00000004     app_pem3.oem3 (.const:ti_sysbios_knl_Swi_Object__count__C)
                  0000cabc    00000004     app_pem3.oem3 (.const:ti_sysbios_knl_Task_E_spOutOfBounds__C)
                  0000cac0    00000004     app_pem3.oem3 (.const:ti_sysbios_knl_Task_E_stackOverflow__C)
                  0000cac4    00000004     app_pem3.oem3 (.const:ti_sysbios_knl_Task_LD_block__C)
                  0000cac8    00000004     app_pem3.oem3 (.const:ti_sysbios_knl_Task_LD_exit__C)
                  0000cacc    00000004     app_pem3.oem3 (.const:ti_sysbios_knl_Task_LD_ready__C)
                  0000cad0    00000004     app_pem3.oem3 (.const:ti_sysbios_knl_Task_LM_switch__C)
                  0000cad4    00000004     app_pem3.oem3 (.const:ti_sysbios_knl_Task_Module_State_inactiveQ__O)
                  0000cad8    00000004     app_pem3.oem3 (.const:ti_sysbios_knl_Task_Module__diagsEnabled__C)
                  0000cadc    00000004     app_pem3.oem3 (.const:ti_sysbios_knl_Task_Module__diagsIncluded__C)
                  0000cae0    00000004     app_pem3.oem3 (.const:ti_sysbios_knl_Task_Module__diagsMask__C)
                  0000cae4    00000004     app_pem3.oem3 (.const:ti_sysbios_knl_Task_Module__loggerFxn2__C)
                  0000cae8    00000004     app_pem3.oem3 (.const:ti_sysbios_knl_Task_Module__loggerFxn4__C)
                  0000caec    00000004     app_pem3.oem3 (.const:ti_sysbios_knl_Task_Module__loggerObj__C)
                  0000caf0    00000004     app_pem3.oem3 (.const:ti_sysbios_knl_Task_Object__count__C)
                  0000caf4    00000004     app_pem3.oem3 (.const:ti_sysbios_knl_Task_allBlockedFunc__C)
                  0000caf8    00000004     app_pem3.oem3 (.const:ti_sysbios_knl_Task_numConstructedTasks__C)
                  0000cafc    00000004     app_pem3.oem3 (.const:xdc_runtime_Assert_E_assertFailed__C)
                  0000cb00    00000004     app_pem3.oem3 (.const:xdc_runtime_Core_A_initializedParams__C)
                  0000cb04    00000004     app_pem3.oem3 (.const:xdc_runtime_Core_Module__diagsEnabled__C)
                  0000cb08    00000004     app_pem3.oem3 (.const:xdc_runtime_Core_Module__diagsIncluded__C)
                  0000cb0c    00000004     app_pem3.oem3 (.const:xdc_runtime_Core_Module__diagsMask__C)
                  0000cb10    00000004     app_pem3.oem3 (.const:xdc_runtime_Error_E_memory__C)
                  0000cb14    00000004     app_pem3.oem3 (.const:xdc_runtime_Error_Module__diagsEnabled__C)
                  0000cb18    00000004     app_pem3.oem3 (.const:xdc_runtime_Error_Module__diagsIncluded__C)
                  0000cb1c    00000004     app_pem3.oem3 (.const:xdc_runtime_Error_Module__diagsMask__C)
                  0000cb20    00000004     app_pem3.oem3 (.const:xdc_runtime_Error_Module__loggerFxn8__C)
                  0000cb24    00000004     app_pem3.oem3 (.const:xdc_runtime_Error_Module__loggerObj__C)
                  0000cb28    00000004     app_pem3.oem3 (.const:xdc_runtime_Error_raiseHook__C)
                  0000cb2c    00000004     app_pem3.oem3 (.const:xdc_runtime_IFilterLogger_Interface__BASE__C)
                  0000cb30    00000004     app_pem3.oem3 (.const:xdc_runtime_IGateProvider_Interface__BASE__C)
                  0000cb34    00000004     app_pem3.oem3 (.const:xdc_runtime_IHeap_Interface__BASE__C)
                  0000cb38    00000004     app_pem3.oem3 (.const:xdc_runtime_ILogger_Interface__BASE__C)
                  0000cb3c    00000004     app_pem3.oem3 (.const:xdc_runtime_IModule_Interface__BASE__C)
                  0000cb40    00000004     app_pem3.oem3 (.const:xdc_runtime_Log_L_error__C)
                  0000cb44    00000004     app_pem3.oem3 (.const:xdc_runtime_LoggerBuf_E_badLevel__C)
                  0000cb48    00000004     app_pem3.oem3 (.const:xdc_runtime_LoggerBuf_Module__gateObj__C)
                  0000cb4c    00000004     app_pem3.oem3 (.const:xdc_runtime_LoggerBuf_Object__count__C)
                  0000cb50    00000004     app_pem3.oem3 (.const:xdc_runtime_LoggerBuf_statusLogger__C)
                  0000cb54    00000004     app_pem3.oem3 (.const:xdc_runtime_Memory_defaultHeapInstance__C)
                  0000cb58    00000004     app_pem3.oem3 (.const:xdc_runtime_Startup_execImpl__C)
                  0000cb5c    00000004     app_pem3.oem3 (.const:xdc_runtime_Startup_maxPasses__C)
                  0000cb60    00000004     app_pem3.oem3 (.const:xdc_runtime_Startup_sfxnRts__C)
                  0000cb64    00000004     app_pem3.oem3 (.const:xdc_runtime_Startup_sfxnTab__C)
                  0000cb68    00000004     app_pem3.oem3 (.const:xdc_runtime_SysMin_bufSize__C)
                  0000cb6c    00000004     app_pem3.oem3 (.const:xdc_runtime_SysMin_outputFunc__C)
                  0000cb70    00000004     app_pem3.oem3 (.const:xdc_runtime_System_Module__gateObj__C)
                  0000cb74    00000004     app_pem3.oem3 (.const:xdc_runtime_System_extendFxn__C)
                  0000cb78    00000004     app_pem3.oem3 (.const:xdc_runtime_System_maxAtexitHandlers__C)
                  0000cb7c    00000004     app_pem3.oem3 (.const:xdc_runtime_Text_charTab__C)
                  0000cb80    00000004     app_pem3.oem3 (.const:xdc_runtime_Text_nameEmpty__C)
                  0000cb84    00000004     app_pem3.oem3 (.const:xdc_runtime_Text_nameStatic__C)
                  0000cb88    00000004     app_pem3.oem3 (.const:xdc_runtime_Text_nameUnknown__C)
                  0000cb8c    00000004     app_pem3.oem3 (.const:xdc_runtime_Text_nodeTab__C)
                  0000cb90    00000004     app_pem3.oem3 (.const:xdc_runtime_Text_visitRopeFxn__C)
                  0000cb94    00000002     app_pem3.oem3 (.const:ti_sysbios_BIOS_Module__id__C)
                  0000cb96    00000002     --HOLE-- [fill = 0]
                  0000cb98    00000002     app_pem3.oem3 (.const:ti_sysbios_family_arm_lm3_TimestampProvider_useClockTimer__C)
                  0000cb9a    00000002     --HOLE-- [fill = 0]
                  0000cb9c    00000002     app_pem3.oem3 (.const:ti_sysbios_family_arm_m3_Hwi_Module__id__C)
                  0000cb9e    00000002     --HOLE-- [fill = 0]
                  0000cba0    00000002     app_pem3.oem3 (.const:ti_sysbios_family_arm_m3_Hwi_Module__loggerDefined__C)
                  0000cba2    00000002     --HOLE-- [fill = 0]
                  0000cba4    00000002     app_pem3.oem3 (.const:ti_sysbios_gates_GateMutex_Module__id__C)
                  0000cba6    00000002     --HOLE-- [fill = 0]
                  0000cba8    00000002     app_pem3.oem3 (.const:ti_sysbios_hal_Hwi_Module__id__C)
                  0000cbaa    00000002     --HOLE-- [fill = 0]
                  0000cbac    00000002     app_pem3.oem3 (.const:ti_sysbios_heaps_HeapMem_Module__id__C)
                  0000cbae    00000002     --HOLE-- [fill = 0]
                  0000cbb0    00000002     app_pem3.oem3 (.const:ti_sysbios_knl_Clock_Module__id__C)
                  0000cbb2    00000002     --HOLE-- [fill = 0]
                  0000cbb4    00000002     app_pem3.oem3 (.const:ti_sysbios_knl_Clock_Module__loggerDefined__C)
                  0000cbb6    00000002     --HOLE-- [fill = 0]
                  0000cbb8    00000002     app_pem3.oem3 (.const:ti_sysbios_knl_Semaphore_Module__id__C)
                  0000cbba    00000002     --HOLE-- [fill = 0]
                  0000cbbc    00000002     app_pem3.oem3 (.const:ti_sysbios_knl_Semaphore_Module__loggerDefined__C)
                  0000cbbe    00000002     --HOLE-- [fill = 0]
                  0000cbc0    00000002     app_pem3.oem3 (.const:ti_sysbios_knl_Swi_Module__id__C)
                  0000cbc2    00000002     --HOLE-- [fill = 0]
                  0000cbc4    00000002     app_pem3.oem3 (.const:ti_sysbios_knl_Swi_Module__loggerDefined__C)
                  0000cbc6    00000002     --HOLE-- [fill = 0]
                  0000cbc8    00000002     app_pem3.oem3 (.const:ti_sysbios_knl_Task_Module__id__C)
                  0000cbca    00000002     --HOLE-- [fill = 0]
                  0000cbcc    00000002     app_pem3.oem3 (.const:ti_sysbios_knl_Task_Module__loggerDefined__C)
                  0000cbce    00000002     --HOLE-- [fill = 0]
                  0000cbd0    00000002     app_pem3.oem3 (.const:ti_sysbios_knl_Task_initStackFlag__C)
                  0000cbd2    00000002     --HOLE-- [fill = 0]
                  0000cbd4    00000002     app_pem3.oem3 (.const:xdc_runtime_Core_Module__id__C)
                  0000cbd6    00000002     --HOLE-- [fill = 0]
                  0000cbd8    00000002     app_pem3.oem3 (.const:xdc_runtime_Error_Module__loggerDefined__C)
                  0000cbda    00000002     --HOLE-- [fill = 0]
                  0000cbdc    00000002     app_pem3.oem3 (.const:xdc_runtime_Error_maxDepth__C)
                  0000cbde    00000002     --HOLE-- [fill = 0]
                  0000cbe0    00000002     app_pem3.oem3 (.const:xdc_runtime_LoggerBuf_Module__id__C)
                  0000cbe2    00000002     --HOLE-- [fill = 0]
                  0000cbe4    00000002     app_pem3.oem3 (.const:xdc_runtime_LoggerBuf_filterByLevel__C)
                  0000cbe6    00000002     --HOLE-- [fill = 0]
                  0000cbe8    00000002     app_pem3.oem3 (.const:xdc_runtime_Memory_Module__id__C)
                  0000cbea    00000002     --HOLE-- [fill = 0]
                  0000cbec    00000002     app_pem3.oem3 (.const:xdc_runtime_SysMin_flushAtExit__C)
                  0000cbee    00000002     --HOLE-- [fill = 0]
                  0000cbf0    00000002     app_pem3.oem3 (.const:xdc_runtime_Text_charCnt__C)
                  0000cbf2    00000002     --HOLE-- [fill = 0]
                  0000cbf4    00000002     app_pem3.oem3 (.const:xdc_runtime_Text_isLoaded__C)
                  0000cbf6    00000002     --HOLE-- [fill = 0]
                  0000cbf8    00000002     app_pem3.oem3 (.const:xdc_runtime_Text_registryModsLastId__C)
                  0000cbfa    00000002     --HOLE-- [fill = 0]
                  0000cbfc    00000002     app_pem3.oem3 (.const:xdc_runtime_Text_unnamedModsLastId__C)
                  0000cbfe    00000002     --HOLE-- [fill = 0]
                  0000cc00    00000001     app_pem3.oem3 (.const:xdc_runtime_Error_policy__C)

.cinit     0    0000cc08    000005a8     
                  0000cc08    00000571     (.cinit..data.load) [load image, compression = rle]
                  0000d179    00000003     --HOLE-- [fill = 0]
                  0000d17c    0000000c     (__TI_handler_table)
                  0000d188    00000008     (.cinit..bss.load) [load image, compression = zero_init]
                  0000d190    00000008     (.cinit..vecs.load) [load image, compression = zero_init]
                  0000d198    00000018     (__TI_cinit_table)

.vecs      0    20000000    00000140     UNINITIALIZED
                  20000000    00000140     app_pem3.oem3 (.vecs)

.bss       0    20000140    0000d148     UNINITIALIZED
                  20000140    00002800     app_pem3.oem3 (.bss:taskStackSection)
                  20002940    00002108     main.obj (.bss:kiss_fft_cfg_buffer$1)
                  20004a48    00002000     main.obj (.bss:in$2)
                  20006a48    00002000     main.obj (.bss:out$3)
                  20008a48    00001800     frame_graphics.obj (.bss:g_pucFrame)
                  2000a248    00001000     main.obj (.bss:g_pusADCBuffer)
                  2000b248    00001000     app_pem3.oem3 (.bss:ti_sysbios_heaps_HeapMem_Instance_State_0_buf__A)
                  2000c248    00000800     main.obj (.bss:g_waveformBuffer)
                  2000ca48    00000200     app_pem3.oem3 (.bss:xdc_runtime_LoggerBuf_Instance_State_0_entryArr__A)
                  2000cc48    00000200     app_pem3.oem3 (.bss:xdc_runtime_SysMin_Module_State_0_outbuf__A)
                  2000ce48    00000120     rtsv7M3_T_le_eabi.lib : trgmsg.obj (.bss:__CIOBUF_)
                  2000cf68    00000100     main.obj (.bss:fft_buffer)
                  2000d068    00000100     main.obj (.bss:p_buffer)
                  2000d168    000000a0     app_pem3.oem3 (.bss:ti_sysbios_knl_Mailbox_Instance_State_0_allocBuf__A)
                  2000d208    00000030     network.obj (.bss)
                  2000d238    00000018     buttons.obj (.bss)
                  2000d250    00000014     app_pem3.oem3 (.bss)
                  2000d264    00000010     main.obj (.bss)
                  2000d274    0000000c     rit128x96x4.obj (.bss)
                  2000d280    00000008     rtsv7M3_T_le_eabi.lib : trgdrv.obj (.bss)

.stack     0    2000d288    00002000     UNINITIALIZED
                  2000d288    00002000     --HOLE--

.data      0    2000f288    000009f0     
                  2000f288    000001b0     app_pem3.oem3 (.data)
                  2000f438    0000017c     app_pem3.oem3 (.data:ti_sysbios_knl_Task_Object__table__V)
                  2000f5b4    00000140     app_pem3.oem3 (.data:ti_sysbios_family_arm_m3_Hwi_Module_State_0_dispatchTable__A)
                  2000f6f4    000000b0     rtsv7M3_T_le_eabi.lib : signal.obj (.data:sigtable)
                  2000f7a4    00000004                           : dtor_list.obj (.data)
                  2000f7a8    00000080                           : xvalues.obj (.data)
                  2000f828    00000080     app_pem3.oem3 (.data:ti_sysbios_knl_Swi_Module_State_0_readyQ__A)
                  2000f8a8    00000080     app_pem3.oem3 (.data:ti_sysbios_knl_Task_Module_State_0_readyQ__A)
                  2000f928    00000068     rtsv7M3_T_le_eabi.lib : xfvalues.obj (.data)
                  2000f990    00000060     app_pem3.oem3 (.data:ti_sysbios_family_arm_lm3_Timer_Object__table__V)
                  2000f9f0    00000060     app_pem3.oem3 (.data:ti_sysbios_family_arm_m3_Hwi_Object__table__V)
                  2000fa50    00000054     app_pem3.oem3 (.data:ti_sysbios_family_arm_m3_Hwi_Module__state__V)
                  2000faa4    00000050     app_pem3.oem3 (.data:ti_sysbios_knl_Mailbox_Object__table__V)
                  2000faf4    00000044     app_pem3.oem3 (.data:ti_sysbios_knl_Task_Module__state__V)
                  2000fb38    0000003c     app_pem3.oem3 (.data:ti_sysbios_knl_Semaphore_Object__table__V)
                  2000fb74    00000038     app_pem3.oem3 (.data:ti_sysbios_gates_GateMutex_Object__table__V)
                  2000fbac    00000030     app_pem3.oem3 (.data:ti_sysbios_knl_Swi_Object__table__V)
                  2000fbdc    0000002a     main.obj (.data)
                  2000fc06    00000002     --HOLE--
                  2000fc08    00000028     app_pem3.oem3 (.data:ti_sysbios_knl_Clock_Module__state__V)
                  2000fc30    00000024     app_pem3.oem3 (.data:xdc_runtime_LoggerBuf_Object__table__V)
                  2000fc54    00000008     rtsv7M3_T_le_eabi.lib : _lock.obj (.data)
                  2000fc5c    00000008                           : exit.obj (.data)
                  2000fc64    00000008                           : feraiseexcept.obj (.data)
                  2000fc6c    00000004                           : errno.obj (.data)
                  2000fc70    00000004                           : stkdepth_vars.obj (.data)
                  2000fc74    00000004     ustdlib.obj (.data)


LINKER GENERATED COPY TABLES

__TI_cinit_table @ 0000d198 records: 3, size/record: 8, table size: 24
	.data: load addr=0000cc08, load size=00000571 bytes, run addr=2000f288, run size=000009f0 bytes, compression=rle
	.bss: load addr=0000d188, load size=00000008 bytes, run addr=20000140, run size=0000d148 bytes, compression=zero_init
	.vecs: load addr=0000d190, load size=00000008 bytes, run addr=20000000, run size=00000140 bytes, compression=zero_init


LINKER GENERATED HANDLER TABLE

__TI_handler_table @ 0000d17c records: 3, size/record: 4, table size: 12
	index: 0, handler: __TI_zero_init
	index: 1, handler: __TI_decompress_rle24
	index: 2, handler: __TI_decompress_none


GLOBAL SYMBOLS: SORTED ALPHABETICALLY BY Name 

address    name
--------   ----
0000a40f   ADCIntEnable
00009c89   ADCSequenceConfigure
0000a541   ADCSequenceDisable
0000a54f   ADCSequenceEnable
000087a9   ADCSequenceStepConfigure
000011b9   ADC_ISR
00007df5   ButtonDebounce
00009421   C$$EXIT
00008b0f   C$$IO$$
000080d5   CANBitRateSet
0000a26b   CANEnable
000084e5   CANInit
0000939d   CANIntClear
0000a255   CANIntEnable
0000980d   CANIntStatus
0000553d   CANMessageGet
00004e51   CANMessageSet
00008651   CANStatusGet
00005cb5   CAN_ISR
0000a595   CPUcpsid
0000a5a1   CPUcpsie
0000c63c   DisplayTask
0000288d   DrawChar
00002a55   DrawCircle
00002aff   DrawFilledRectangle
00002773   DrawLine
00002703   DrawPoint
00002965   DrawString
00001aa9   FFT_Task
0000c64c   FFTtask
00002691   FillFrame
00009ac9   GPIODirModeSet
000070f1   GPIOPadConfigSet
0000a349   GPIOPinTypeCAN
0000a35b   GPIOPinTypeGPIOInput
0000a36d   GPIOPinTypeGPIOOutput
0000a37f   GPIOPinTypeSSI
0000a6a5   GPIOPinWrite
00003f33   HOSTclock
00003ef9   HOSTclose
00003ebb   HOSTgetenv
00003e5f   HOSTlseek
00003e0f   HOSTopen
00003dc1   HOSTread
00003d61   HOSTrename
00003d25   HOSTtime
00003ceb   HOSTunlink
00003c9d   HOSTwrite
0000c638   InputTask
00008955   IntDisable
000089b9   IntEnable
0000a625   IntMasterDisable
0000a62f   IntMasterEnable
00009fa1   LoggerBuf_instanceStartup
00005cf5   NetworkInit
00005d2f   NetworkMsgInit
00005d8d   NetworkRxCallback
00005d75   NetworkTx
00002e31   RIT128x96x4Clear
000030bf   RIT128x96x4Disable
00003207   RIT128x96x4DisplayOff
000031d3   RIT128x96x4DisplayOn
00003065   RIT128x96x4Enable
00002fc9   RIT128x96x4ImageDraw
0000312d   RIT128x96x4Init
00002e99   RIT128x96x4StringDraw
UNDEFED    SHT$$INIT_ARRAY$$Base
UNDEFED    SHT$$INIT_ARRAY$$Limit
0000a67f   SSIBusy
00009139   SSIConfigSetExpClk
0000a391   SSIDataGetNonBlocking
0000a639   SSIDataPut
0000a643   SSIDisable
0000a64d   SSIEnable
00009ec1   SysCtlADCSpeedSet
00004cb9   SysCtlClockGet
00008d1d   SysCtlPeripheralEnable
2000f568   TSK_idle
0000c640   WaveformTask
2000f7a8   _Denorm
000071b9   _Dint
000073fd   _Dnorm
00006691   _Dscale
000091c1   _Dtest
00008a81   _Dunscale
2000f7b8   _Eps
2000fc6c   _Errno
2000f928   _FDenorm
2000f938   _FEps
2000f948   _FInf
2000f958   _FNan
2000f978   _FRteps
2000f968   _FSnan
2000f988   _FXbig
2000f98c   _FZero
2000fc64   _Fenv
000099a9   _Feraise
2000f7c8   _Hugeval
2000f7d8   _Inf
00003999   _Log
2000f7e8   _Nan
2000f808   _Rteps
00003f81   _Sin
2000f7f8   _Snan
2000fc68   _Tls_setup__Fenv
2000f818   _Xbig
2000f820   _Zero
00000000   __ASM__
2000ce48   __CIOBUF_
00000082   __ISA__
00000094   __PLAT__
2000f288   __STACK_END
00002000   __STACK_SIZE
2000d488   __STACK_TOP
000000ba   __TARG__
0000d198   __TI_CINIT_Base
0000d1b0   __TI_CINIT_Limit
0000d17c   __TI_Handler_Table_Base
0000d188   __TI_Handler_Table_Limit
00000001   __TI_args_main
00007ae1   __TI_auto_init
0000a55d   __TI_decompress_none
0000a6b1   __TI_decompress_rle24
00000000   __TI_static_base__
0000a3a3   __TI_zero_init
000000df   __TRDR__
00006eb3   __aeabi_atexit
0000836d   __aeabi_cdcmpeq
0000836d   __aeabi_cdcmple
00008ef9   __aeabi_d2f
00008f43   __aeabi_d2iz
00004b0b   __aeabi_dadd
00005b7d   __aeabi_ddiv
00006791   __aeabi_dmul
00004b01   __aeabi_dsub
0000964d   __aeabi_f2d
0000698d   __aeabi_fadd
00007fb1   __aeabi_fdiv
0000855f   __aeabi_fmul
00006989   __aeabi_fsub
00009b25   __aeabi_i2d
00009685   __aeabi_i2f
000085d9   __aeabi_memclr
000085d9   __aeabi_memclr4
000085d9   __aeabi_memclr8
00007c21   __aeabi_memcpy
00007c21   __aeabi_memcpy4
00007c21   __aeabi_memcpy8
000085db   __aeabi_memset
000085db   __aeabi_memset4
000085db   __aeabi_memset8
00009ee1   __aeabi_ui2d
000093df   __aeabi_uidivmod
ffffffff   __binit__
ffffffff   __c_args__
00006ea1   __cxa_atexit
00006e5d   __cxa_finalize
00006e9b   __cxa_ia64_exit
2000d288   __stack
0000a6ab   __xdc__init
2000f434   __xdc__init__addr
0000a1c5   _args_main
000090f5   _c_int00
2000fc5c   _cleanup_ptr
2000fc60   _dtors_ptr
2000fc54   _lock
0000a28f   _nop
0000a287   _register_lock
0000a281   _register_unlock
2000fc58   _unlock
00009425   abort
00006ea5   atexit
ffffffff   binit
00001205   buttonTask
0000c630   clock0
0000917d   copy_in
0000a6b7   cos
00002aef   custDrawCircle
000012f9   displayTask
2000fc04   display_state
0000942d   exit
2000d268   fScale
2000fbec   fVoltsPerDiv
00009979   feraiseexcept
2000cf68   fft_buffer
0000727d   floor
00005149   fmod
0000a1ab   free
2000d234   g_frequency
2000fbdc   g_iADCBufferIndex
0000c8e0   g_ppcTimeScaleStr
0000c8d0   g_ppcVoltageScaleStr
0000c000   g_pucFont
20008a48   g_pucFrame
2000a248   g_pusADCBuffer
2000fbe0   g_ulADCErrors
2000d238   g_ulButtons
2000d264   g_ulSystemClock
2000c248   g_waveformBuffer
0000c654   hwi0
0000c658   hwi1
000016e5   inputTask
00000fd7   kiss_fft
00000e57   kiss_fft_alloc
00000fed   kiss_fft_cleanup
00000fef   kiss_fft_next_fast_size
00000f6f   kiss_fft_stride
0000a6bd   log10
0000c634   mailbox0
00001075   main
2000fc70   main_func_sp
00009af7   malloc
00007c21   memcpy
000085e1   memset
2000d068   p_buffer
00009b53   raise
00008b13   readmsg
00008a1d   round
2000fbfe   selection_state
0000c644   sem_display
0000c650   sem_fft
0000c648   sem_waveform
00009461   signal
0000a6c3   sin
000053f1   sqrt
2000fbe4   state
0000a3b5   strcpy
0000a295   strlen
0000a589   ti_catalog_arm_cortexm3_lm3init_Boot_init
00006155   ti_catalog_arm_cortexm3_lm3init_Boot_sysCtlClockSet
0000a69f   ti_catalog_arm_cortexm3_lm3init_Boot_sysCtlDelay
0000c294   ti_sysbios_BIOS_Module__diagsEnabled__C
0000c960   ti_sysbios_BIOS_Module__diagsIncluded__C
0000c964   ti_sysbios_BIOS_Module__diagsMask__C
0000cb94   ti_sysbios_BIOS_Module__id__C
2000f288   ti_sysbios_BIOS_Module__state__V
0000a6e7   ti_sysbios_BIOS_RtsGateProxy_enter__E
0000a6eb   ti_sysbios_BIOS_RtsGateProxy_leave__E
0000a6fb   ti_sysbios_BIOS_RtsGateProxy_query__E
00009205   ti_sysbios_BIOS_errorRaiseHook__I
000099d9   ti_sysbios_BIOS_exitFunc__I
0000c968   ti_sysbios_BIOS_installedErrorHook__C
00004cb7   ti_sysbios_BIOS_nullFunc__I
00009d7d   ti_sysbios_BIOS_registerRTSLock__I
0000a01d   ti_sysbios_BIOS_rtsLock__I
000086c9   ti_sysbios_BIOS_rtsUnlock__I
0000a451   ti_sysbios_BIOS_setThreadType__E
00009da1   ti_sysbios_BIOS_startFunc__I
0000a461   ti_sysbios_BIOS_start__E
2000f2b0   ti_sysbios_family_arm_lm3_Timer_Module_State_0_device__A
2000f2d0   ti_sysbios_family_arm_lm3_Timer_Module_State_0_handles__A
2000f2a8   ti_sysbios_family_arm_lm3_Timer_Module__root__V
0000a1dd   ti_sysbios_family_arm_lm3_Timer_Module__startupDone__F
0000a1dd   ti_sysbios_family_arm_lm3_Timer_Module__startupDone__S
2000f2e0   ti_sysbios_family_arm_lm3_Timer_Module__state__V
000083ed   ti_sysbios_family_arm_lm3_Timer_Module_startup__E
000083ed   ti_sysbios_family_arm_lm3_Timer_Module_startup__F
2000f990   ti_sysbios_family_arm_lm3_Timer_Object__table__V
0000c96c   ti_sysbios_family_arm_lm3_Timer_WRALLOW__C
00009249   ti_sysbios_family_arm_lm3_Timer_enableTimers__I
0000a6ef   ti_sysbios_family_arm_lm3_Timer_getPeriod__E
00008045   ti_sysbios_family_arm_lm3_Timer_initDevice__I
00009dc5   ti_sysbios_family_arm_lm3_Timer_isrStub__E
0000c970   ti_sysbios_family_arm_lm3_Timer_numTimerDevices__C
00008469   ti_sysbios_family_arm_lm3_Timer_start__E
0000c974   ti_sysbios_family_arm_lm3_Timer_startupNeeded__C
0000733d   ti_sysbios_family_arm_lm3_Timer_startup__E
2000f2ec   ti_sysbios_family_arm_lm3_TimestampProvider_Module__state__V
0000a6c9   ti_sysbios_family_arm_lm3_TimestampProvider_Module_startup__E
0000a6c9   ti_sysbios_family_arm_lm3_TimestampProvider_Module_startup__F
00007b81   ti_sysbios_family_arm_lm3_TimestampProvider_get64__E
0000a471   ti_sysbios_family_arm_lm3_TimestampProvider_rolloverFunc__E
0000a5b9   ti_sysbios_family_arm_lm3_TimestampProvider_startTimer__E
0000cb98   ti_sysbios_family_arm_lm3_TimestampProvider_useClockTimer__C
0000c978   ti_sysbios_family_arm_m3_Hwi_E_NMI__C
0000c97c   ti_sysbios_family_arm_m3_Hwi_E_busFault__C
0000c980   ti_sysbios_family_arm_m3_Hwi_E_debugMon__C
0000c984   ti_sysbios_family_arm_m3_Hwi_E_hardFault__C
0000c988   ti_sysbios_family_arm_m3_Hwi_E_memFault__C
0000c98c   ti_sysbios_family_arm_m3_Hwi_E_noIsr__C
0000c990   ti_sysbios_family_arm_m3_Hwi_E_reserved__C
0000c994   ti_sysbios_family_arm_m3_Hwi_E_svCall__C
0000c998   ti_sysbios_family_arm_m3_Hwi_E_usageFault__C
0000a0a9   ti_sysbios_family_arm_m3_Hwi_Handle__label__S
0000c99c   ti_sysbios_family_arm_m3_Hwi_LD_end__C
0000c9a0   ti_sysbios_family_arm_m3_Hwi_LM_begin__C
2000f5b4   ti_sysbios_family_arm_m3_Hwi_Module_State_0_dispatchTable__A
2000f2fc   ti_sysbios_family_arm_m3_Hwi_Module_State_0_excActive__A
2000f300   ti_sysbios_family_arm_m3_Hwi_Module_State_0_excContext__A
2000f304   ti_sysbios_family_arm_m3_Hwi_Module_State_0_excStack__A
0000c9a4   ti_sysbios_family_arm_m3_Hwi_Module__diagsEnabled__C
0000c9a8   ti_sysbios_family_arm_m3_Hwi_Module__diagsIncluded__C
0000c9ac   ti_sysbios_family_arm_m3_Hwi_Module__diagsMask__C
0000cb9c   ti_sysbios_family_arm_m3_Hwi_Module__id__C
0000cba0   ti_sysbios_family_arm_m3_Hwi_Module__loggerDefined__C
0000c9b0   ti_sysbios_family_arm_m3_Hwi_Module__loggerFxn1__C
0000c9b4   ti_sysbios_family_arm_m3_Hwi_Module__loggerFxn8__C
0000c9b8   ti_sysbios_family_arm_m3_Hwi_Module__loggerObj__C
2000f2f4   ti_sysbios_family_arm_m3_Hwi_Module__root__V
0000a1f5   ti_sysbios_family_arm_m3_Hwi_Module__startupDone__F
0000a1f5   ti_sysbios_family_arm_m3_Hwi_Module__startupDone__S
2000fa50   ti_sysbios_family_arm_m3_Hwi_Module__state__V
00007a3d   ti_sysbios_family_arm_m3_Hwi_Module_startup__E
00007a3d   ti_sysbios_family_arm_m3_Hwi_Module_startup__F
0000c9bc   ti_sysbios_family_arm_m3_Hwi_NUM_INTERRUPTS__C
2000f9f0   ti_sysbios_family_arm_m3_Hwi_Object__table__V
0000c9c0   ti_sysbios_family_arm_m3_Hwi_ccr__C
0000928d   ti_sysbios_family_arm_m3_Hwi_disableInterrupt__E
00005f11   ti_sysbios_family_arm_m3_Hwi_dispatchC__I
0000c9c4   ti_sysbios_family_arm_m3_Hwi_dispatchTable__C
00006489   ti_sysbios_family_arm_m3_Hwi_dispatch__I
0000a687   ti_sysbios_family_arm_m3_Hwi_doSwiRestore__I
00009de9   ti_sysbios_family_arm_m3_Hwi_doTaskRestore__I
000092d1   ti_sysbios_family_arm_m3_Hwi_enableInterrupt__E
00004fe1   ti_sysbios_family_arm_m3_Hwi_excBusFault__I
00007791   ti_sysbios_family_arm_m3_Hwi_excDebugMon__I
00003235   ti_sysbios_family_arm_m3_Hwi_excDumpRegs__I
0000656d   ti_sysbios_family_arm_m3_Hwi_excHandlerAsm__I
0000c9c8   ti_sysbios_family_arm_m3_Hwi_excHandlerFunc__C
00004915   ti_sysbios_family_arm_m3_Hwi_excHandlerMax__I
0000a481   ti_sysbios_family_arm_m3_Hwi_excHandler__I
00007575   ti_sysbios_family_arm_m3_Hwi_excHardFault__I
0000c928   ti_sysbios_family_arm_m3_Hwi_excHookFuncs__A
0000c9cc   ti_sysbios_family_arm_m3_Hwi_excHookFuncs__C
00005685   ti_sysbios_family_arm_m3_Hwi_excMemFault__I
00009841   ti_sysbios_family_arm_m3_Hwi_excNmi__I
000096bd   ti_sysbios_family_arm_m3_Hwi_excNoIsr__I
00008f8d   ti_sysbios_family_arm_m3_Hwi_excReserved__I
0000955d   ti_sysbios_family_arm_m3_Hwi_excSvCall__I
0000529d   ti_sysbios_family_arm_m3_Hwi_excUsageFault__I
000096f5   ti_sysbios_family_arm_m3_Hwi_getStackInfo__E
00006f49   ti_sysbios_family_arm_m3_Hwi_initNVIC__E
0000a193   ti_sysbios_family_arm_m3_Hwi_initStacks__E
e000e000   ti_sysbios_family_arm_m3_Hwi_nvic
0000653b   ti_sysbios_family_arm_m3_Hwi_pendSV__I
0000c9d0   ti_sysbios_family_arm_m3_Hwi_priGroup__C
0000c3f4   ti_sysbios_family_arm_m3_Hwi_priorities__A
0000c9d4   ti_sysbios_family_arm_m3_Hwi_priorities__C
20000000   ti_sysbios_family_arm_m3_Hwi_ramVectors
[...]
0000a4b1   ti_sysbios_knl_Swi_disable__E
0000a4c1   ti_sysbios_knl_Task_Object__get__S
0000a4d1   ti_sysbios_knl_Task_disable__E
0000a4e1   xdc_runtime_Gate_leaveSystem__E
0000a4e1   xdc_runtime_Gate_leaveSystem__F
0000a4f1   xdc_runtime_LoggerBuf_write0__E
0000a4f1   xdc_runtime_LoggerBuf_write0__F
0000a501   xdc_runtime_Memory_free__E
0000a501   xdc_runtime_Memory_free__F
0000a511   xdc_runtime_SysMin_ready__E
0000a511   xdc_runtime_SysMin_ready__F
0000a511   xdc_runtime_System_SupportProxy_ready__E
0000a521   xdc_runtime_System_vsnprintf__F
0000a531   xdc_runtime_Text_visitRope__I
0000a541   ADCSequenceDisable
0000a54f   ADCSequenceEnable
0000a55d   __TI_decompress_none
0000a56b   ti_sysbios_family_arm_m3_TaskSupport_checkStack__E
0000a56b   ti_sysbios_knl_Task_SupportProxy_checkStack__E
0000a579   ti_sysbios_knl_Queue_empty__E
0000a589   ti_catalog_arm_cortexm3_lm3init_Boot_init
0000a595   CPUcpsid
0000a5a1   CPUcpsie
0000a5ad   ti_sysbios_family_xxx_Hwi_switchToTaskStack
0000a5b9   ti_sysbios_family_arm_lm3_TimestampProvider_startTimer__E
0000a5c5   ti_sysbios_gates_GateHwi_enter__E
0000a5d1   ti_sysbios_knl_Queue_Object__get__S
0000a5dd   xdc_runtime_Error_init__E
0000a5dd   xdc_runtime_Error_init__F
0000a5e9   xdc_runtime_Gate_enterSystem__E
0000a5e9   xdc_runtime_Gate_enterSystem__F
0000a5f5   xdc_runtime_Memory_calloc__E
0000a5f5   xdc_runtime_Memory_calloc__F
0000a601   xdc_runtime_Memory_getMaxDefaultTypeAlign__E
0000a601   xdc_runtime_Memory_getMaxDefaultTypeAlign__F
0000a60d   xdc_runtime_System_exit__E
0000a60d   xdc_runtime_System_exit__F
0000a619   xdc_runtime_System_lastFxn__I
0000a625   IntMasterDisable
0000a62f   IntMasterEnable
0000a639   SSIDataPut
0000a643   SSIDisable
0000a64d   SSIEnable
0000a66b   xdc_runtime_LoggerBuf_disable__E
0000a66b   xdc_runtime_LoggerBuf_disable__F
0000a675   xdc_runtime_LoggerBuf_enable__E
0000a675   xdc_runtime_LoggerBuf_enable__F
0000a67f   SSIBusy
0000a687   ti_sysbios_family_arm_m3_Hwi_doSwiRestore__I
0000a68f   ti_sysbios_family_arm_m3_Hwi_startup__E
0000a68f   ti_sysbios_hal_Hwi_HwiProxy_startup__E
0000a68f   ti_sysbios_hal_Hwi_startup__E
0000a697   ti_sysbios_knl_Idle_loop__E
0000a69f   ti_catalog_arm_cortexm3_lm3init_Boot_sysCtlDelay
0000a6a5   GPIOPinWrite
0000a6ab   __xdc__init
0000a6b1   __TI_decompress_rle24
0000a6b7   cos
0000a6bd   log10
0000a6c3   sin
0000a6c9   ti_sysbios_family_arm_lm3_TimestampProvider_Module_startup__E
0000a6c9   ti_sysbios_family_arm_lm3_TimestampProvider_Module_startup__F
0000a6cf   ti_sysbios_gates_GateHwi_leave__E
0000a6d5   ti_sysbios_heaps_HeapMem_isBlocking__E
0000a6db   ti_sysbios_knl_Queue_Instance_init__F
0000a6e1   xdc_runtime_System_Module_startup__E
0000a6e1   xdc_runtime_System_Module_startup__F
0000a6e7   ti_sysbios_BIOS_RtsGateProxy_enter__E
0000a6eb   ti_sysbios_BIOS_RtsGateProxy_leave__E
0000a6ef   ti_sysbios_family_arm_lm3_Timer_getPeriod__E
0000a6f3   ti_sysbios_family_arm_m3_TaskSupport_Module__startupDone__S
0000a6f7   ti_sysbios_gates_GateHwi_query__E
0000a6f7   ti_sysbios_gates_GateHwi_query__F
0000a6f7   xdc_runtime_LoggerBuf_Module_GateProxy_query__E
0000a6f7   xdc_runtime_Main_Module_GateProxy_query__E
0000a6f7   xdc_runtime_System_Module_GateProxy_query__E
0000a6fb   ti_sysbios_BIOS_RtsGateProxy_query__E
0000a6fb   ti_sysbios_gates_GateMutex_query__E
0000a6fb   ti_sysbios_gates_GateMutex_query__F
0000a6fb   ti_sysbios_heaps_HeapMem_Module_GateProxy_query__E
0000a6ff   ti_sysbios_hal_Hwi_HwiProxy_Module__startupDone__S
0000a703   ti_sysbios_hal_Timer_TimerProxy_Module__startupDone__S
0000a707   ti_sysbios_hal_Timer_TimerProxy_getPeriod__E
0000a70b   ti_sysbios_heaps_HeapMem_Module_GateProxy_enter__E
0000a70f   ti_sysbios_heaps_HeapMem_Module_GateProxy_leave__E
0000a713   ti_sysbios_knl_Task_SupportProxy_Module__startupDone__S
0000a717   ti_sysbios_knl_Task_startup__E
0000a71b   xdc_runtime_Error_getSite__E
0000a71b   xdc_runtime_Error_getSite__F
0000a71f   xdc_runtime_LoggerBuf_Module_GateProxy_enter__E
0000a723   xdc_runtime_LoggerBuf_Module_GateProxy_leave__E
0000a727   xdc_runtime_Memory_HeapProxy_alloc__E
0000a72b   xdc_runtime_Memory_HeapProxy_free__E
0000a72f   xdc_runtime_Startup_reset__I
0000a733   xdc_runtime_System_Module_GateProxy_enter__E
0000a737   xdc_runtime_System_Module_GateProxy_leave__E
0000a73b   xdc_runtime_System_aprintf_va__F
0000a73f   xdc_runtime_System_printf_va__F
0000a743   xdc_runtime_System_vsnprintf__E
0000a748   xdc_runtime_Text_charTab__A
0000c000   g_pucFont
0000c1dc   xdc_runtime_Text_nodeTab__A
0000c294   ti_sysbios_BIOS_Module__diagsEnabled__C
0000c3f4   ti_sysbios_family_arm_m3_Hwi_priorities__A
0000c55c   xdc_runtime_LoggerBuf_Module__FXNS__C
0000c600   xdc_runtime_Startup_sfxnTab__A
0000c630   clock0
0000c634   mailbox0
0000c638   InputTask
0000c63c   DisplayTask
0000c640   WaveformTask
0000c644   sem_display
0000c648   sem_waveform
0000c64c   FFTtask
0000c650   sem_fft
0000c654   hwi0
0000c658   hwi1
0000c65c   ti_sysbios_heaps_HeapMem_Module__FXNS__C
0000c684   ti_sysbios_gates_GateHwi_Module__FXNS__C
0000c6a8   ti_sysbios_gates_GateMutex_Module__FXNS__C
0000c6cc   ti_sysbios_heaps_HeapMem_Object__PARAMS__C
0000c6f0   ti_sysbios_knl_Semaphore_Object__PARAMS__C
0000c714   xdc_runtime_LoggerBuf_Object__PARAMS__C
0000c77c   ti_sysbios_gates_GateHwi_Object__DESC__C
0000c79c   ti_sysbios_gates_GateMutex_Object__DESC__C
0000c7bc   ti_sysbios_heaps_HeapMem_Object__DESC__C
0000c7dc   ti_sysbios_knl_Queue_Object__DESC__C
0000c7fc   ti_sysbios_knl_Semaphore_Object__DESC__C
0000c81c   xdc_runtime_LoggerBuf_Object__DESC__C
0000c858   ti_sysbios_gates_GateHwi_Object__PARAMS__C
0000c870   ti_sysbios_gates_GateMutex_Object__PARAMS__C
0000c888   ti_sysbios_knl_Queue_Object__PARAMS__C
0000c8a0   ti_sysbios_knl_Task_hooks__A
0000c8b8   xdc_runtime_Startup_sfxnRts__A
0000c8d0   g_ppcVoltageScaleStr
0000c8e0   g_ppcTimeScaleStr
0000c90c   xdc_runtime_Startup_firstFxns__A
0000c928   ti_sysbios_family_arm_m3_Hwi_excHookFuncs__A
0000c930   ti_sysbios_knl_Idle_coreList__C
0000c938   ti_sysbios_knl_Idle_funcList__C
0000c940   ti_sysbios_knl_Task_hooks__C
0000c948   xdc_runtime_Startup_firstFxns__C
0000c950   xdc_runtime_Startup_lastFxns__A
0000c958   xdc_runtime_Startup_lastFxns__C
0000c960   ti_sysbios_BIOS_Module__diagsIncluded__C
0000c964   ti_sysbios_BIOS_Module__diagsMask__C
0000c968   ti_sysbios_BIOS_installedErrorHook__C
0000c96c   ti_sysbios_family_arm_lm3_Timer_WRALLOW__C
0000c970   ti_sysbios_family_arm_lm3_Timer_numTimerDevices__C
0000c974   ti_sysbios_family_arm_lm3_Timer_startupNeeded__C
0000c978   ti_sysbios_family_arm_m3_Hwi_E_NMI__C
0000c97c   ti_sysbios_family_arm_m3_Hwi_E_busFault__C
0000c980   ti_sysbios_family_arm_m3_Hwi_E_debugMon__C
0000c984   ti_sysbios_family_arm_m3_Hwi_E_hardFault__C
0000c988   ti_sysbios_family_arm_m3_Hwi_E_memFault__C
0000c98c   ti_sysbios_family_arm_m3_Hwi_E_noIsr__C
0000c990   ti_sysbios_family_arm_m3_Hwi_E_reserved__C
0000c994   ti_sysbios_family_arm_m3_Hwi_E_svCall__C
0000c998   ti_sysbios_family_arm_m3_Hwi_E_usageFault__C
0000c99c   ti_sysbios_family_arm_m3_Hwi_LD_end__C
0000c9a0   ti_sysbios_family_arm_m3_Hwi_LM_begin__C
0000c9a4   ti_sysbios_family_arm_m3_Hwi_Module__diagsEnabled__C
0000c9a8   ti_sysbios_family_arm_m3_Hwi_Module__diagsIncluded__C
0000c9ac   ti_sysbios_family_arm_m3_Hwi_Module__diagsMask__C
0000c9b0   ti_sysbios_family_arm_m3_Hwi_Module__loggerFxn1__C
0000c9b4   ti_sysbios_family_arm_m3_Hwi_Module__loggerFxn8__C
0000c9b8   ti_sysbios_family_arm_m3_Hwi_Module__loggerObj__C
0000c9bc   ti_sysbios_family_arm_m3_Hwi_NUM_INTERRUPTS__C
0000c9c0   ti_sysbios_family_arm_m3_Hwi_ccr__C
0000c9c4   ti_sysbios_family_arm_m3_Hwi_dispatchTable__C
0000c9c8   ti_sysbios_family_arm_m3_Hwi_excHandlerFunc__C
0000c9cc   ti_sysbios_family_arm_m3_Hwi_excHookFuncs__C
0000c9d0   ti_sysbios_family_arm_m3_Hwi_priGroup__C
0000c9d4   ti_sysbios_family_arm_m3_Hwi_priorities__C
0000c9d8   ti_sysbios_gates_GateMutex_A_badContext__C
0000c9dc   ti_sysbios_gates_GateMutex_Instance_State_sem__O
0000c9e0   ti_sysbios_gates_GateMutex_Module__diagsEnabled__C
0000c9e4   ti_sysbios_gates_GateMutex_Module__diagsIncluded__C
0000c9e8   ti_sysbios_gates_GateMutex_Module__diagsMask__C
0000c9ec   ti_sysbios_hal_Hwi_E_stackOverflow__C
0000c9f0   ti_sysbios_heaps_HeapMem_A_align__C
0000c9f4   ti_sysbios_heaps_HeapMem_A_heapSize__C
0000c9f8   ti_sysbios_heaps_HeapMem_A_invalidFree__C
0000c9fc   ti_sysbios_heaps_HeapMem_A_zeroBlock__C
0000ca00   ti_sysbios_heaps_HeapMem_E_memory__C
0000ca04   ti_sysbios_heaps_HeapMem_Module__diagsEnabled__C
0000ca08   ti_sysbios_heaps_HeapMem_Module__diagsIncluded__C
0000ca0c   ti_sysbios_heaps_HeapMem_Module__diagsMask__C
0000ca10   ti_sysbios_heaps_HeapMem_Module__gateObj__C
0000ca14   ti_sysbios_heaps_HeapMem_Object__count__C
0000ca18   ti_sysbios_heaps_HeapMem_reqAlign__C
0000ca1c   ti_sysbios_knl_Clock_LM_begin__C
0000ca20   ti_sysbios_knl_Clock_LM_tick__C
0000ca24   ti_sysbios_knl_Clock_LW_delayed__C
0000ca28   ti_sysbios_knl_Clock_Module_State_clockQ__O
0000ca2c   ti_sysbios_knl_Clock_Module__diagsEnabled__C
0000ca30   ti_sysbios_knl_Clock_Module__diagsIncluded__C
0000ca34   ti_sysbios_knl_Clock_Module__diagsMask__C
0000ca38   ti_sysbios_knl_Clock_Module__loggerFxn1__C
0000ca3c   ti_sysbios_knl_Clock_Module__loggerFxn2__C
0000ca40   ti_sysbios_knl_Clock_Module__loggerObj__C
0000ca44   ti_sysbios_knl_Idle_coreList__A
0000ca48   ti_sysbios_knl_Idle_funcList__A
0000ca4c   ti_sysbios_knl_Mailbox_Instance_State_dataQue__O
0000ca50   ti_sysbios_knl_Mailbox_Instance_State_dataSem__O
0000ca54   ti_sysbios_knl_Mailbox_Instance_State_freeQue__O
0000ca58   ti_sysbios_knl_Mailbox_Instance_State_freeSem__O
0000ca5c   ti_sysbios_knl_Mailbox_Object__count__C
0000ca60   ti_sysbios_knl_Semaphore_A_badContext__C
0000ca64   ti_sysbios_knl_Semaphore_A_noEvents__C
0000ca68   ti_sysbios_knl_Semaphore_A_overflow__C
0000ca6c   ti_sysbios_knl_Semaphore_A_pendTaskDisabled__C
0000ca70   ti_sysbios_knl_Semaphore_Instance_State_pendQ__O
0000ca74   ti_sysbios_knl_Semaphore_LM_pend__C
0000ca78   ti_sysbios_knl_Semaphore_LM_post__C
0000ca7c   ti_sysbios_knl_Semaphore_Module__diagsEnabled__C
0000ca80   ti_sysbios_knl_Semaphore_Module__diagsIncluded__C
0000ca84   ti_sysbios_knl_Semaphore_Module__diagsMask__C
0000ca88   ti_sysbios_knl_Semaphore_Module__loggerFxn2__C
0000ca8c   ti_sysbios_knl_Semaphore_Module__loggerFxn4__C
0000ca90   ti_sysbios_knl_Semaphore_Module__loggerObj__C
0000ca94   ti_sysbios_knl_Swi_LD_end__C
0000ca98   ti_sysbios_knl_Swi_LM_begin__C
0000ca9c   ti_sysbios_knl_Swi_LM_post__C
0000caa0   ti_sysbios_knl_Swi_Module__diagsEnabled__C
0000caa4   ti_sysbios_knl_Swi_Module__diagsIncluded__C
0000caa8   ti_sysbios_knl_Swi_Module__diagsMask__C
0000caac   ti_sysbios_knl_Swi_Module__loggerFxn1__C
0000cab0   ti_sysbios_knl_Swi_Module__loggerFxn4__C
0000cab4   ti_sysbios_knl_Swi_Module__loggerObj__C
0000cab8   ti_sysbios_knl_Swi_Object__count__C
0000cabc   ti_sysbios_knl_Task_E_spOutOfBounds__C
0000cac0   ti_sysbios_knl_Task_E_stackOverflow__C
0000cac4   ti_sysbios_knl_Task_LD_block__C
0000cac8   ti_sysbios_knl_Task_LD_exit__C
0000cacc   ti_sysbios_knl_Task_LD_ready__C
0000cad0   ti_sysbios_knl_Task_LM_switch__C
0000cad4   ti_sysbios_knl_Task_Module_State_inactiveQ__O
0000cad8   ti_sysbios_knl_Task_Module__diagsEnabled__C
0000cadc   ti_sysbios_knl_Task_Module__diagsIncluded__C
0000cae0   ti_sysbios_knl_Task_Module__diagsMask__C
0000cae4   ti_sysbios_knl_Task_Module__loggerFxn2__C
0000cae8   ti_sysbios_knl_Task_Module__loggerFxn4__C
0000caec   ti_sysbios_knl_Task_Module__loggerObj__C
0000caf0   ti_sysbios_knl_Task_Object__count__C
0000caf4   ti_sysbios_knl_Task_allBlockedFunc__C
0000caf8   ti_sysbios_knl_Task_numConstructedTasks__C
0000cafc   xdc_runtime_Assert_E_assertFailed__C
0000cb00   xdc_runtime_Core_A_initializedParams__C
0000cb04   xdc_runtime_Core_Module__diagsEnabled__C
0000cb08   xdc_runtime_Core_Module__diagsIncluded__C
0000cb0c   xdc_runtime_Core_Module__diagsMask__C
0000cb10   xdc_runtime_Error_E_memory__C
0000cb14   xdc_runtime_Error_Module__diagsEnabled__C
0000cb18   xdc_runtime_Error_Module__diagsIncluded__C
0000cb1c   xdc_runtime_Error_Module__diagsMask__C
0000cb20   xdc_runtime_Error_Module__loggerFxn8__C
0000cb24   xdc_runtime_Error_Module__loggerObj__C
0000cb28   xdc_runtime_Error_raiseHook__C
0000cb2c   xdc_runtime_IFilterLogger_Interface__BASE__C
0000cb30   xdc_runtime_IGateProvider_Interface__BASE__C
0000cb34   xdc_runtime_IHeap_Interface__BASE__C
0000cb38   xdc_runtime_ILogger_Interface__BASE__C
0000cb3c   xdc_runtime_IModule_Interface__BASE__C
0000cb40   xdc_runtime_Log_L_error__C
0000cb44   xdc_runtime_LoggerBuf_E_badLevel__C
0000cb48   xdc_runtime_LoggerBuf_Module__gateObj__C
0000cb4c   xdc_runtime_LoggerBuf_Object__count__C
0000cb50   xdc_runtime_LoggerBuf_statusLogger__C
0000cb54   xdc_runtime_Memory_defaultHeapInstance__C
0000cb58   xdc_runtime_Startup_execImpl__C
0000cb5c   xdc_runtime_Startup_maxPasses__C
0000cb60   xdc_runtime_Startup_sfxnRts__C
0000cb64   xdc_runtime_Startup_sfxnTab__C
0000cb68   xdc_runtime_SysMin_bufSize__C
0000cb6c   xdc_runtime_SysMin_outputFunc__C
0000cb70   xdc_runtime_System_Module__gateObj__C
0000cb74   xdc_runtime_System_extendFxn__C
0000cb78   xdc_runtime_System_maxAtexitHandlers__C
0000cb7c   xdc_runtime_Text_charTab__C
0000cb80   xdc_runtime_Text_nameEmpty__C
0000cb84   xdc_runtime_Text_nameStatic__C
0000cb88   xdc_runtime_Text_nameUnknown__C
0000cb8c   xdc_runtime_Text_nodeTab__C
0000cb90   xdc_runtime_Text_visitRopeFxn__C
0000cb94   ti_sysbios_BIOS_Module__id__C
0000cb98   ti_sysbios_family_arm_lm3_TimestampProvider_useClockTimer__C
0000cb9c   ti_sysbios_family_arm_m3_Hwi_Module__id__C
0000cba0   ti_sysbios_family_arm_m3_Hwi_Module__loggerDefined__C
0000cba4   ti_sysbios_gates_GateMutex_Module__id__C
0000cba8   ti_sysbios_hal_Hwi_Module__id__C
0000cbac   ti_sysbios_heaps_HeapMem_Module__id__C
0000cbb0   ti_sysbios_knl_Clock_Module__id__C
0000cbb4   ti_sysbios_knl_Clock_Module__loggerDefined__C
0000cbb8   ti_sysbios_knl_Semaphore_Module__id__C
0000cbbc   ti_sysbios_knl_Semaphore_Module__loggerDefined__C
0000cbc0   ti_sysbios_knl_Swi_Module__id__C
0000cbc4   ti_sysbios_knl_Swi_Module__loggerDefined__C
0000cbc8   ti_sysbios_knl_Task_Module__id__C
0000cbcc   ti_sysbios_knl_Task_Module__loggerDefined__C
0000cbd0   ti_sysbios_knl_Task_initStackFlag__C
0000cbd4   xdc_runtime_Core_Module__id__C
0000cbd8   xdc_runtime_Error_Module__loggerDefined__C
0000cbdc   xdc_runtime_Error_maxDepth__C
0000cbe0   xdc_runtime_LoggerBuf_Module__id__C
0000cbe4   xdc_runtime_LoggerBuf_filterByLevel__C
0000cbe8   xdc_runtime_Memory_Module__id__C
0000cbec   xdc_runtime_SysMin_flushAtExit__C
0000cbf0   xdc_runtime_Text_charCnt__C
0000cbf4   xdc_runtime_Text_isLoaded__C
0000cbf8   xdc_runtime_Text_registryModsLastId__C
0000cbfc   xdc_runtime_Text_unnamedModsLastId__C
0000cc00   xdc_runtime_Error_policy__C
0000d17c   __TI_Handler_Table_Base
0000d188   __TI_Handler_Table_Limit
0000d198   __TI_CINIT_Base
0000d1b0   __TI_CINIT_Limit
20000000   ti_sysbios_family_arm_m3_Hwi_ramVectors
20000140   ti_sysbios_knl_Task_Instance_State_0_stack__A
20000940   ti_sysbios_knl_Task_Instance_State_1_stack__A
20001140   ti_sysbios_knl_Task_Instance_State_2_stack__A
20001940   ti_sysbios_knl_Task_Instance_State_3_stack__A
20002140   ti_sysbios_knl_Task_Instance_State_4_stack__A
20008a48   g_pucFrame
2000a248   g_pusADCBuffer
2000b248   ti_sysbios_heaps_HeapMem_Instance_State_0_buf__A
2000c248   g_waveformBuffer
2000ca48   xdc_runtime_LoggerBuf_Instance_State_0_entryArr__A
2000cc48   xdc_runtime_SysMin_Module_State_0_outbuf__A
2000ce48   __CIOBUF_
2000cf68   fft_buffer
2000d068   p_buffer
2000d168   ti_sysbios_knl_Mailbox_Instance_State_0_allocBuf__A
2000d234   g_frequency
2000d238   g_ulButtons
2000d250   ti_sysbios_knl_Task_Instance_State_0_hookEnv__A
2000d254   ti_sysbios_knl_Task_Instance_State_1_hookEnv__A
2000d258   ti_sysbios_knl_Task_Instance_State_2_hookEnv__A
2000d25c   ti_sysbios_knl_Task_Instance_State_3_hookEnv__A
2000d260   ti_sysbios_knl_Task_Instance_State_4_hookEnv__A
2000d264   g_ulSystemClock
2000d268   fScale
2000d26c   ulDivider
2000d270   ulPrescaler
2000d288   __stack
2000d488   __STACK_TOP
2000f288   __STACK_END
2000f288   ti_sysbios_BIOS_Module__state__V
2000f2a8   ti_sysbios_family_arm_lm3_Timer_Module__root__V
2000f2b0   ti_sysbios_family_arm_lm3_Timer_Module_State_0_device__A
2000f2d0   ti_sysbios_family_arm_lm3_Timer_Module_State_0_handles__A
2000f2e0   ti_sysbios_family_arm_lm3_Timer_Module__state__V
2000f2ec   ti_sysbios_family_arm_lm3_TimestampProvider_Module__state__V
2000f2f4   ti_sysbios_family_arm_m3_Hwi_Module__root__V
2000f2fc   ti_sysbios_family_arm_m3_Hwi_Module_State_0_excActive__A
2000f300   ti_sysbios_family_arm_m3_Hwi_Module_State_0_excContext__A
2000f304   ti_sysbios_family_arm_m3_Hwi_Module_State_0_excStack__A
2000f308   ti_sysbios_gates_GateHwi_Module__root__V
2000f310   ti_sysbios_gates_GateHwi_Object__table__V
2000f314   ti_sysbios_gates_GateMutex_Module__root__V
2000f31c   ti_sysbios_hal_Hwi_Module__root__V
2000f324   ti_sysbios_hal_Hwi_Object__table__V
2000f334   ti_sysbios_hal_Timer_Module__root__V
2000f33c   ti_sysbios_hal_Timer_Object__table__V
2000f344   ti_sysbios_heaps_HeapMem_Module__root__V
2000f34c   ti_sysbios_heaps_HeapMem_Object__table__V
2000f364   ti_sysbios_knl_Clock_Module__root__V
2000f36c   ti_sysbios_knl_Clock_Object__table__V
2000f38c   ti_sysbios_knl_Event_Module__root__V
2000f394   ti_sysbios_knl_Mailbox_Module__root__V
2000f39c   ti_sysbios_knl_Queue_Module__root__V
2000f3a4   ti_sysbios_knl_Semaphore_Module__root__V
2000f3ac   ti_sysbios_knl_Swi_Module__root__V
2000f3b4   ti_sysbios_knl_Swi_Module__state__V
2000f3d0   ti_sysbios_knl_Task_Module__root__V
2000f3d8   ti_sysbios_knl_Task_Module_State_0_idleTask__A
2000f3dc   xdc_runtime_Error_Module__state__V
2000f3e0   xdc_runtime_LoggerBuf_Module__root__V
2000f3e8   xdc_runtime_LoggerBuf_Module__state__V
2000f3f0   xdc_runtime_Memory_Module__state__V
2000f3f4   xdc_runtime_Registry_Module__state__V
2000f3fc   xdc_runtime_Startup_Module__state__V
2000f404   xdc_runtime_SysMin_Module__state__V
2000f410   xdc_runtime_System_Module_State_0_atexitHandlers__A
2000f420   xdc_runtime_System_Module__state__V
2000f42c   xdc_runtime_Text_Module__state__V
2000f434   __xdc__init__addr
2000f438   ti_sysbios_knl_Task_Object__table__V
2000f568   TSK_idle
2000f5b4   ti_sysbios_family_arm_m3_Hwi_Module_State_0_dispatchTable__A
2000f7a8   _Denorm
2000f7b8   _Eps
2000f7c8   _Hugeval
2000f7d8   _Inf
2000f7e8   _Nan
2000f7f8   _Snan
2000f808   _Rteps
2000f818   _Xbig
2000f820   _Zero
2000f828   ti_sysbios_knl_Swi_Module_State_0_readyQ__A
2000f8a8   ti_sysbios_knl_Task_Module_State_0_readyQ__A
2000f928   _FDenorm
2000f938   _FEps
2000f948   _FInf
2000f958   _FNan
2000f968   _FSnan
2000f978   _FRteps
2000f988   _FXbig
2000f98c   _FZero
2000f990   ti_sysbios_family_arm_lm3_Timer_Object__table__V
2000f9f0   ti_sysbios_family_arm_m3_Hwi_Object__table__V
2000fa50   ti_sysbios_family_arm_m3_Hwi_Module__state__V
2000faa4   ti_sysbios_knl_Mailbox_Object__table__V
2000faf4   ti_sysbios_knl_Task_Module__state__V
2000fb38   ti_sysbios_knl_Semaphore_Object__table__V
2000fb74   ti_sysbios_gates_GateMutex_Object__table__V
2000fbac   ti_sysbios_knl_Swi_Object__table__V
2000fbdc   g_iADCBufferIndex
2000fbe0   g_ulADCErrors
2000fbe4   state
2000fbe8   trigger_val
2000fbec   fVoltsPerDiv
2000fbfc   trigger_state
2000fbfe   selection_state
2000fc00   voltage_state
2000fc02   timing_state
2000fc04   display_state
2000fc08   ti_sysbios_knl_Clock_Module__state__V
2000fc30   xdc_runtime_LoggerBuf_Object__table__V
2000fc54   _lock
2000fc58   _unlock
2000fc5c   _cleanup_ptr
2000fc60   _dtors_ptr
2000fc64   _Fenv
2000fc68   _Tls_setup__Fenv
2000fc6c   _Errno
2000fc70   main_func_sp
e000e000   ti_sysbios_family_arm_m3_Hwi_nvic
ffffffff   __binit__
ffffffff   __c_args__
ffffffff   binit
UNDEFED    SHT$$INIT_ARRAY$$Base
UNDEFED    SHT$$INIT_ARRAY$$Limit

[831 symbols]
