******************************************************************************
                  TI ARM Linker PC v5.0.4                      
******************************************************************************
>> Linked Wed Mar 18 10:46:33 2015

OUTPUT FILE NAME:   <timers.out>
ENTRY POINT SYMBOL: "_c_int00"  address: 00000bed


MEMORY CONFIGURATION

         name            origin    length      used     unused   attr    fill
----------------------  --------  ---------  --------  --------  ----  --------
  FLASH                 00000000   00040000  00001118  0003eee8  R  X
  SRAM                  20000000   00010000  00000124  0000fedc  RW X


SEGMENT ALLOCATION MAP

run origin  load origin   length   init length attrs members
----------  ----------- ---------- ----------- ----- -------
00000000    00000000    00001118   00001118    r-x
  00000000    00000000    000000f0   000000f0    r-- .intvecs
  000000f0    000000f0    00000c98   00000c98    r-x .text
  00000d88    00000d88    00000358   00000358    r-- .const
  000010e0    000010e0    00000038   00000038    r-- .cinit
20000000    20000000    00000100   00000000    rw-
  20000000    20000000    00000100   00000000    rw- .stack
20000100    20000100    00000024   00000014    rw-
  20000100    20000100    00000014   00000014    rw- .data
  20000114    20000114    00000010   00000000    rw- .bss


SECTION ALLOCATION MAP

 output                                  attributes/
section   page    origin      length       input sections
--------  ----  ----------  ----------   ----------------
.intvecs   0    00000000    000000f0     
                  00000000    000000f0     startup_ccs.obj (.intvecs)

.init_array 
*          0    00000000    00000000     UNINITIALIZED

.text      0    000000f0    00000c98     
                  000000f0    00000198     driverlib-cm3.lib : sysctl.obj (.text:SysCtlClockGet)
                  00000288    00000144                       : sysctl.obj (.text:SysCtlClockSet)
                  000003cc    000000d4     rit128x96x4.obj (.text:RIT128x96x4StringDraw)
                  000004a0    000000cc     timers.obj (.text:main)
                  0000056c    000000c8     driverlib-cm3.lib : gpio.obj (.text:GPIOPadConfigSet)
                  00000634    000000a0     rit128x96x4.obj (.text:RIT128x96x4Init)
                  000006d4    0000009c     rtsv7M3_T_le_eabi.lib : memcpy_t2.obj (.text)
                  00000770    00000094                           : auto_init.obj (.text)
                  00000804    00000064     driverlib-cm3.lib : interrupt.obj (.text:IntEnable)
                  00000868    00000060     rit128x96x4.obj (.text:RIT128x96x4Enable)
                  000008c8    0000005e     rtsv7M3_T_le_eabi.lib : copy_decompress_rle.obj (.text)
                  00000926    00000002     startup_ccs.obj (.text:FaultISR)
                  00000928    0000005c     rit128x96x4.obj (.text:RITWriteCommand)
                  00000984    0000005c     rit128x96x4.obj (.text:RITWriteData)
                  000009e0    00000058     driverlib-cm3.lib : sysctl.obj (.text:SysCtlPeripheralEnable)
                  00000a38    00000054     timers.obj (.text:Timer1IntHandler)
                  00000a8c    00000050     timers.obj (.text:Timer0IntHandler)
                  00000adc    00000048     rit128x96x4.obj (.text:RIT128x96x4Clear)
                  00000b24    00000044     driverlib-cm3.lib : ssi.obj (.text:SSIConfigSetExpClk)
                  00000b68    00000044     rtsv7M3_T_le_eabi.lib : cpy_tbl.obj (.text)
                  00000bac    00000040                           : exit.obj (.text)
                  00000bec    00000034                           : boot.obj (.text)
                  00000c20    0000002e     driverlib-cm3.lib : gpio.obj (.text:GPIODirModeSet)
                  00000c4e    00000002     startup_ccs.obj (.text:IntDefaultHandler)
                  00000c50    00000024     driverlib-cm3.lib : timer.obj (.text:TimerConfigure)
                  00000c74    00000018     rtsv7M3_T_le_eabi.lib : args_main.obj (.text)
                  00000c8c    00000014                           : _lock.obj (.text)
                  00000ca0    00000012     driverlib-cm3.lib : gpio.obj (.text:GPIOPinTypeGPIOOutput)
                  00000cb2    00000012                       : gpio.obj (.text:GPIOPinTypeSSI)
                  00000cc4    00000012                       : timer.obj (.text:TimerLoadSet)
                  00000cd6    00000012     rtsv7M3_T_le_eabi.lib : copy_zero_init.obj (.text:decompress:ZI)
                  00000ce8    0000000e     driverlib-cm3.lib : timer.obj (.text:TimerEnable)
                  00000cf6    0000000e     rtsv7M3_T_le_eabi.lib : copy_decompress_none.obj (.text:decompress:none)
                  00000d04    0000000c     driverlib-cm3.lib : cpu.obj (.text:CPUcpsid)
                  00000d10    0000000c                       : cpu.obj (.text:CPUcpsie)
                  00000d1c    0000000c     rit128x96x4.obj (.text:RIT128x96x4DisplayOff)
                  00000d28    0000000a     driverlib-cm3.lib : interrupt.obj (.text:IntMasterDisable)
                  00000d32    0000000a                       : interrupt.obj (.text:IntMasterEnable)
                  00000d3c    0000000a                       : ssi.obj (.text:SSIDataPut)
                  00000d46    0000000a                       : ssi.obj (.text:SSIDisable)
                  00000d50    0000000a                       : ssi.obj (.text:SSIEnable)
                  00000d5a    00000008                       : ssi.obj (.text:SSIBusy)
                  00000d62    00000008                       : timer.obj (.text:TimerIntEnable)
                  00000d6a    00000006                       : gpio.obj (.text:GPIOPinWrite)
                  00000d70    00000006     startup_ccs.obj (.text:ResetISR)
                  00000d76    00000006     driverlib-cm3.lib : sysctl.obj (.text:SysCtlDelay)
                  00000d7c    00000006     rtsv7M3_T_le_eabi.lib : copy_decompress_rle.obj (.text:decompress:rle24)
                  00000d82    00000004     driverlib-cm3.lib : timer.obj (.text:TimerIntClear)
                  00000d86    00000002     startup_ccs.obj (.text:NmiSR)

.const     0    00000d88    00000358     
                  00000d88    000001e0     rit128x96x4.obj (.const:g_pucFont)
                  00000f68    00000070     driverlib-cm3.lib : interrupt.obj (.const)
                  00000fd8    0000006c                       : sysctl.obj (.const:g_pulXtals)
                  00001044    0000004f     rit128x96x4.obj (.const:.string:g_pucRIT128x96x4Init)
                  00001093    00000001     --HOLE-- [fill = 0]
                  00001094    00000040     driverlib-cm3.lib : sysctl.obj (.const)
                  000010d4    0000000c     rit128x96x4.obj (.const:.string)

.cinit     0    000010e0    00000038     
                  000010e0    0000000f     (.cinit..data.load) [load image, compression = rle]
                  000010ef    00000001     --HOLE-- [fill = 0]
                  000010f0    0000000c     (__TI_handler_table)
                  000010fc    00000004     --HOLE-- [fill = 0]
                  00001100    00000008     (.cinit..bss.load) [load image, compression = zero_init]
                  00001108    00000010     (__TI_cinit_table)

.stack     0    20000000    00000100     UNINITIALIZED
                  20000000    00000100     --HOLE--

.data      0    20000100    00000014     
                  20000100    00000008     rtsv7M3_T_le_eabi.lib : _lock.obj (.data)
                  20000108    00000008                           : exit.obj (.data)
                  20000110    00000004                           : stkdepth_vars.obj (.data)

.bss       0    20000114    00000010     UNINITIALIZED
                  20000114    0000000c     rit128x96x4.obj (.bss)
                  20000120    00000004     timers.obj (.bss)


LINKER GENERATED COPY TABLES

__TI_cinit_table @ 00001108 records: 2, size/record: 8, table size: 16
	.data: load addr=000010e0, load size=0000000f bytes, run addr=20000100, run size=00000014 bytes, compression=rle
	.bss: load addr=00001100, load size=00000008 bytes, run addr=20000114, run size=00000010 bytes, compression=zero_init


LINKER GENERATED HANDLER TABLE

__TI_handler_table @ 000010f0 records: 3, size/record: 4, table size: 12
	index: 0, handler: __TI_decompress_rle24
	index: 1, handler: __TI_decompress_none
	index: 2, handler: __TI_zero_init


GLOBAL SYMBOLS: SORTED ALPHABETICALLY BY Name 

address    name
--------   ----
00000bad   C$$EXIT
00000d05   CPUcpsid
00000d11   CPUcpsie
00000c21   GPIODirModeSet
0000056d   GPIOPadConfigSet
00000ca1   GPIOPinTypeGPIOOutput
00000cb3   GPIOPinTypeSSI
00000d6b   GPIOPinWrite
00000805   IntEnable
00000d29   IntMasterDisable
00000d33   IntMasterEnable
00000add   RIT128x96x4Clear
00000d1d   RIT128x96x4DisplayOff
00000869   RIT128x96x4Enable
00000635   RIT128x96x4Init
000003cd   RIT128x96x4StringDraw
00000d71   ResetISR
UNDEFED    SHT$$INIT_ARRAY$$Base
UNDEFED    SHT$$INIT_ARRAY$$Limit
00000d5b   SSIBusy
00000b25   SSIConfigSetExpClk
00000d3d   SSIDataPut
00000d47   SSIDisable
00000d51   SSIEnable
000000f1   SysCtlClockGet
00000289   SysCtlClockSet
00000d77   SysCtlDelay
000009e1   SysCtlPeripheralEnable
00000a8d   Timer0IntHandler
00000a39   Timer1IntHandler
00000c51   TimerConfigure
00000ce9   TimerEnable
00000d83   TimerIntClear
00000d63   TimerIntEnable
00000cc5   TimerLoadSet
20000100   __STACK_END
00000100   __STACK_SIZE
20000100   __STACK_TOP
00001108   __TI_CINIT_Base
00001118   __TI_CINIT_Limit
000010f0   __TI_Handler_Table_Base
000010fc   __TI_Handler_Table_Limit
00000001   __TI_args_main
00000771   __TI_auto_init
00000cf7   __TI_decompress_none
00000d7d   __TI_decompress_rle24
00000000   __TI_static_base__
00000cd7   __TI_zero_init
000006d5   __aeabi_memcpy
000006d5   __aeabi_memcpy4
000006d5   __aeabi_memcpy8
ffffffff   __binit__
ffffffff   __c_args__
20000000   __stack
00000c75   _args_main
00000bed   _c_int00
20000108   _cleanup_ptr
2000010c   _dtors_ptr
20000100   _lock
00000c9b   _nop
00000c93   _register_lock
00000c8d   _register_unlock
20000104   _unlock
00000bb1   abort
ffffffff   binit
00000b69   copy_in
00000bb9   exit
00000000   g_pfnVectors
20000120   g_ulFlags
000004a1   main
20000110   main_func_sp
000006d5   memcpy


GLOBAL SYMBOLS: SORTED BY Symbol Address 

address    name
--------   ----
00000000   __TI_static_base__
00000000   g_pfnVectors
00000001   __TI_args_main
000000f1   SysCtlClockGet
00000100   __STACK_SIZE
00000289   SysCtlClockSet
000003cd   RIT128x96x4StringDraw
000004a1   main
0000056d   GPIOPadConfigSet
00000635   RIT128x96x4Init
000006d5   __aeabi_memcpy
000006d5   __aeabi_memcpy4
000006d5   __aeabi_memcpy8
000006d5   memcpy
00000771   __TI_auto_init
00000805   IntEnable
00000869   RIT128x96x4Enable
000009e1   SysCtlPeripheralEnable
00000a39   Timer1IntHandler
00000a8d   Timer0IntHandler
00000add   RIT128x96x4Clear
00000b25   SSIConfigSetExpClk
00000b69   copy_in
00000bad   C$$EXIT
00000bb1   abort
00000bb9   exit
00000bed   _c_int00
00000c21   GPIODirModeSet
00000c51   TimerConfigure
00000c75   _args_main
00000c8d   _register_unlock
00000c93   _register_lock
00000c9b   _nop
00000ca1   GPIOPinTypeGPIOOutput
00000cb3   GPIOPinTypeSSI
00000cc5   TimerLoadSet
00000cd7   __TI_zero_init
00000ce9   TimerEnable
00000cf7   __TI_decompress_none
00000d05   CPUcpsid
00000d11   CPUcpsie
00000d1d   RIT128x96x4DisplayOff
00000d29   IntMasterDisable
00000d33   IntMasterEnable
00000d3d   SSIDataPut
00000d47   SSIDisable
00000d51   SSIEnable
00000d5b   SSIBusy
00000d63   TimerIntEnable
00000d6b   GPIOPinWrite
00000d71   ResetISR
00000d77   SysCtlDelay
00000d7d   __TI_decompress_rle24
00000d83   TimerIntClear
000010f0   __TI_Handler_Table_Base
000010fc   __TI_Handler_Table_Limit
00001108   __TI_CINIT_Base
00001118   __TI_CINIT_Limit
20000000   __stack
20000100   __STACK_END
20000100   __STACK_TOP
20000100   _lock
20000104   _unlock
20000108   _cleanup_ptr
2000010c   _dtors_ptr
20000110   main_func_sp
20000120   g_ulFlags
ffffffff   __binit__
ffffffff   __c_args__
ffffffff   binit
UNDEFED    SHT$$INIT_ARRAY$$Base
UNDEFED    SHT$$INIT_ARRAY$$Limit

[72 symbols]
