******************************************************************************
                  TI ARM Linker PC v5.0.4                      
******************************************************************************
>> Linked Wed Apr 15 14:47:59 2015

OUTPUT FILE NAME:   <Lab2.out>
ENTRY POINT SYMBOL: "_c_int00"  address: 000069f5


MEMORY CONFIGURATION

         name            origin    length      used     unused   attr    fill
----------------------  --------  ---------  --------  --------  ----  --------
  FLASH                 00000000   00040000  0000a6fd  00035903  R  X
  SRAM                  20000000   00010000  000091e4  00006e1c  RW X


SEGMENT ALLOCATION MAP

run origin  load origin   length   init length attrs members
----------  ----------- ---------- ----------- ----- -------
00000000    00000000    0000a700   0000a700    r-x
  00000000    00000000    00000140   00000140    r-- .resetVecs
  00000140    00000140    00007cf0   00007cf0    r-x .text
  00007e30    00007e30    0000237d   0000237d    r-- .const
  0000a1b0    0000a1b0    00000550   00000550    r-- .cinit
20000000    20000000    00008998   00000000    rw-
  20000000    20000000    00000140   00000000    rw- .vecs
  20000140    20000140    00006858   00000000    rw- .bss
  20006998    20006998    00002000   00000000    rw- .stack
20008998    20008998    0000084c   0000084c    rw-
  20008998    20008998    0000084c   0000084c    rw- .data


SECTION ALLOCATION MAP

 output                                  attributes/
section   page    origin      length       input sections
--------  ----  ----------  ----------   ----------------
.bootVecs 
*          0    00000000    00000008     DSECT
                  00000000    00000008     boot.aem3 : boot.oem3 (.bootVecs)

.resetVecs 
*          0    00000000    00000140     
                  00000000    00000140     app_pem3.oem3 (.resetVecs)

xdc.meta   0    00000000    000000e6     COPY SECTION
                  00000000    000000e6     app_pem3.oem3 (xdc.meta)

.init_array 
*          0    00000000    00000000     UNINITIALIZED

.text      0    00000140    00007cf0     
                  00000140    00000a18     ustdlib.obj (.text)
                  00000b58    00000830     main.obj (.text)
                  00001388    00000694     frame_graphics.obj (.text)
                  00001a1c    00000510     rit128x96x4.obj (.text)
                  00001f2c    00000424     sysbios.aem3 : BIOS.obj (.text:ti_sysbios_family_arm_m3_Hwi_excDumpRegs__I)
                  00002350    00000340     ti.targets.arm.rtsarm.aem3 : System.oem3 (.text:xdc_runtime_System_doPrint__I)
                  00002690    000002e4     rtsv7M3_T_le_eabi.lib : trgdrv.obj (.text)
                  00002974    00000278     sysbios.aem3 : BIOS.obj (.text:ti_sysbios_knl_Semaphore_pend__E)
                  00002bec    00000248                  : BIOS.obj (.text:ti_sysbios_heaps_HeapMem_free__E)
                  00002e34    00000234                  : BIOS.obj (.text:ti_sysbios_heaps_HeapMem_alloc__E)
                  00003068    000001ec                  : BIOS.obj (.text:ti_sysbios_family_arm_m3_Hwi_excHandlerMax__I)
                  00003254    000001b6     rtsv7M3_T_le_eabi.lib : fd_add_t2.obj (.text)
                  0000340a    00000002     sysbios.aem3 : BIOS.obj (.text:ti_sysbios_BIOS_nullFunc__I)
                  0000340c    00000198     driverlib-cm3.lib : sysctl.obj (.text:SysCtlClockGet)
                  000035a4    00000168     sysbios.aem3 : BIOS.obj (.text:ti_sysbios_family_arm_m3_Hwi_excBusFault__I)
                  0000370c    00000154                  : BIOS.obj (.text:ti_sysbios_family_arm_m3_Hwi_excUsageFault__I)
                  00003860    00000144     driverlib-cm3.lib : sysctl.obj (.text:SysCtlClockSet)
                  000039a4    00000140     sysbios.aem3 : BIOS.obj (.text:ti_sysbios_family_arm_m3_Hwi_excMemFault__I)
                  00003ae4    00000140                  : BIOS.obj (.text:ti_sysbios_knl_Semaphore_post__E)
                  00003c24    0000013c                  : BIOS.obj (.text:ti_sysbios_heaps_HeapMem_Instance_init__F)
                  00003d60    0000013c     ti.targets.arm.rtsarm.aem3 : Error.oem3 (.text:xdc_runtime_Error_raiseX__F)
                  00003e9c    0000012c                                : LoggerBuf.oem3 (.text:xdc_runtime_LoggerBuf_write8__F)
                  00003fc8    00000124     sysbios.aem3 : BIOS.obj (.text:ti_sysbios_family_arm_m3_Hwi_dispatchC__I)
                  000040ec    00000120                  : BIOS.obj (.text:ti_sysbios_knl_Clock_workFunc__E)
                  0000420c    0000011c     Boot.aem3 : Boot.oem3 (.text:.bootCodeSection:ti_catalog_arm_cortexm3_lm3init_Boot_sysCtlClockSet)
                  00004328    00000110     sysbios.aem3 : BIOS.obj (.text:ti_sysbios_knl_Swi_run__I)
                  00004438    00000108                  : BIOS.obj (.text:ti_sysbios_knl_Task_exit__E)
                  00004540    00000104                  : m3_Hwi_asm.obj (.text:ti_sysbios_family_arm_m3_Hwi_dispatch__I)
                  00004644    00000104     ti.targets.arm.rtsarm.aem3 : Core-mem.oem3 (.text:xdc_runtime_Core_createObject__I)
                  00004748    000000fc     sysbios.aem3 : BIOS.obj (.text:ti_sysbios_knl_Task_schedule__I)
                  00004844    000000f8     ti.targets.arm.rtsarm.aem3 : Startup.oem3 (.text:xdc_runtime_Startup_startMods__I)
                  0000493c    000000f8     app_pem3.oem3 (.text:xdc_runtime_System_printfExtend__I)
                  00004a34    000000f4     sysbios.aem3 : BIOS.obj (.text:ti_sysbios_knl_Task_postInit__I)
                  00004b28    000000f4                  : BIOS.obj (.text:ti_sysbios_knl_Task_startCore__E)
                  00004c1c    000000ec     rtsv7M3_T_le_eabi.lib : dtor_list.obj (.text)
                  00004d08    000000dc     sysbios.aem3 : BIOS.obj (.text:ti_sysbios_family_arm_m3_Hwi_initNVIC__E)
                  00004de4    000000cc     ti.targets.arm.rtsarm.aem3 : LoggerBuf.oem3 (.text:xdc_runtime_LoggerBuf_write4__F)
                  00004eb0    000000c8     driverlib-cm3.lib : gpio.obj (.text:GPIOPadConfigSet)
                  00004f78    000000c4     rtsv7M3_T_le_eabi.lib : xdint.obj (.text)
                  0000503c    000000c0     sysbios.aem3 : BIOS.obj (.text:ti_sysbios_family_arm_lm3_Timer_startup__E)
                  000050fc    000000b8                  : BIOS.obj (.text:ti_sysbios_knl_Task_unblockI__E)
                  000051b4    000000b4                  : BIOS.obj (.text:ti_sysbios_family_arm_m3_Hwi_excHardFault__I)
                  00005268    000000b4                  : BIOS.obj (.text:ti_sysbios_gates_GateMutex_enter__E)
                  0000531c    000000b4                  : BIOS.obj (.text:ti_sysbios_knl_Task_checkStacks__E)
                  000053d0    000000b0                  : BIOS.obj (.text:ti_sysbios_family_arm_m3_Hwi_excDebugMon__I)
                  00005480    000000ac                  : BIOS.obj (.text:ti_sysbios_knl_Swi_schedule__I)
                  0000552c    000000a8                  : BIOS.obj (.text:ti_sysbios_knl_Semaphore_Instance_init__F)
                  000055d4    000000a8                  : BIOS.obj (.text:ti_sysbios_knl_Swi_post__E)
                  0000567c    000000a4                  : BIOS.obj (.text:ti_sysbios_family_arm_m3_Hwi_Module_startup__F)
                  00005720    000000a0     auto_init.aem3 : auto_init.oem3 (.text)
                  000057c0    000000a0     sysbios.aem3 : BIOS.obj (.text:ti_sysbios_family_arm_lm3_TimestampProvider_get64__E)
                  00005860    0000009c     rtsv7M3_T_le_eabi.lib : memcpy_t2.obj (.text)
                  000058fc    0000009c     sysbios.aem3 : BIOS.obj (.text:ti_sysbios_knl_Task_blockI__E)
                  00005998    0000009a     ti.targets.arm.rtsarm.aem3 : Text.oem3 (.text:xdc_runtime_Text_putSite__F)
                  00005a32    00000002     sysbios.aem3 : BIOS.obj (.text:ti_sysbios_gates_GateHwi_Instance_init__F)
                  00005a34    00000094     buttons.obj (.text)
                  00005ac8    00000094     sysbios.aem3 : BIOS.obj (.text:ti_sysbios_knl_Mailbox_post__E)
                  00005b5c    00000094     ti.targets.arm.rtsarm.aem3 : Text.oem3 (.text:xdc_runtime_Text_putMod__F)
                  00005bf0    00000092     rtsv7M3_T_le_eabi.lib : fs_div_t2.obj (.text)
                  00005c82    00000002     --HOLE-- [fill = 0]
                  00005c84    00000090     sysbios.aem3 : BIOS.obj (.text:ti_sysbios_family_arm_lm3_Timer_initDevice__I)
                  00005d14    00000088                  : BIOS.obj (.text:ti_sysbios_knl_Mailbox_Module_startup__F)
                  00005d9c    00000084                  : BIOS.obj (.text:ti_sysbios_knl_Mailbox_pend__E)
                  00005e20    00000080                  : BIOS.obj (.text:ti_sysbios_knl_Task_Module_startup__F)
                  00005ea0    00000080     ti.targets.arm.rtsarm.aem3 : LoggerBuf.oem3 (.text:xdc_runtime_LoggerBuf_setFilterLevel__F)
                  00005f20    0000007e     rtsv7M3_T_le_eabi.lib : fd_cmp_t2.obj (.text)
                  00005f9e    00000002     --HOLE-- [fill = 0]
                  00005fa0    0000007c     sysbios.aem3 : BIOS.obj (.text:ti_sysbios_family_arm_lm3_Timer_Module_startup__F)
                  0000601c    0000007c                  : BIOS.obj (.text:ti_sysbios_family_arm_lm3_Timer_start__E)
                  00006098    0000007a     rtsv7M3_T_le_eabi.lib : fs_mul_t2.obj (.text)
                  00006112    00000078                           : memset_t2.obj (.text)
                  0000618a    00000002     --HOLE-- [fill = 0]
                  0000618c    00000070     sysbios.aem3 : BIOS.obj (.text:ti_sysbios_BIOS_rtsUnlock__I)
                  000061fc    00000070     ti.targets.arm.rtsarm.aem3 : Memory.oem3 (.text:xdc_runtime_Memory_alloc__F)
                  0000626c    0000006c     driverlib-cm3.lib : adc.obj (.text:ADCSequenceStepConfigure)
                  000062d8    0000006c     ti.targets.arm.rtsarm.aem3 : Error.oem3 (.text:xdc_runtime_Error_print__F)
                  00006344    0000006c                                : LoggerBuf.oem3 (.text:xdc_runtime_LoggerBuf_getFilterLevel__F)
                  000063b0    00000066                                : Core-mem.oem3 (.text:xdc_runtime_Core_deleteObject__I)
                  00006416    00000002     --HOLE-- [fill = 0]
                  00006418    00000064     rtsv7M3_T_le_eabi.lib : round.obj (.text)
                  0000647c    00000060                           : trgmsg.obj (.text)
                  000064dc    00000060     sysbios.aem3 : BIOS.obj (.text:ti_sysbios_knl_Clock_logTick__E)
                  0000653c    00000060     app_pem3.oem3 (.text:xdc_runtime_LoggerBuf_Object__create__S)
                  0000659c    0000005e     rtsv7M3_T_le_eabi.lib : copy_decompress_rle.obj (.text)
                  000065fa    00000002     --HOLE-- [fill = 0]
                  000065fc    0000005c     sysbios.aem3 : BIOS.obj (.text:ti_sysbios_knl_Swi_restoreHwi__E)
                  00006658    0000005b     ti.targets.arm.rtsarm.aem3 : Text.oem3 (.text:xdc_runtime_Text_putLab__F)
                  000066b3    00000001     --HOLE-- [fill = 0]
                  000066b4    00000058     driverlib-cm3.lib : sysctl.obj (.text:SysCtlPeripheralEnable)
                  0000670c    00000050     ti.targets.arm.rtsarm.aem3 : Startup.oem3 (.text:xdc_runtime_Startup_exec__F)
                  0000675c    00000050                                : System.oem3 (.text:xdc_runtime_System_formatNum__I)
                  000067ac    0000004c     sysbios.aem3 : m3_TaskSupport_asm.obj (.text:_ti_sysbios_family_arm_m3_TaskSupport_buildTaskStack)
                  000067f8    0000004c     ti.targets.arm.rtsarm.aem3 : Text.oem3 (.text:xdc_runtime_Text_visitRope2__I)
                  00006844    00000048     rtsv7M3_T_le_eabi.lib : fd_toi_t2.obj (.text)
                  0000688c    00000048     sysbios.aem3 : BIOS.obj (.text:ti_sysbios_family_arm_m3_Hwi_excReserved__I)
                  000068d4    00000048                  : BIOS.obj (.text:ti_sysbios_heaps_HeapMem_getStats__E)
                  0000691c    00000048                  : BIOS.obj (.text:ti_sysbios_knl_Task_allBlockedFunction__I)
                  00006964    00000048     ti.targets.arm.rtsarm.aem3 : Assert.oem3 (.text:xdc_runtime_Assert_raise__I)
                  000069ac    00000048                                : Core-params.oem3 (.text:xdc_runtime_Core_assignParams__I)
                  000069f4    00000044     boot.aem3 : boot.oem3 (.text)
                  00006a38    00000044     driverlib-cm3.lib : ssi.obj (.text:SSIConfigSetExpClk)
                  00006a7c    00000044     rtsv7M3_T_le_eabi.lib : cpy_tbl.obj (.text)
                  00006ac0    00000044                           : xdtest.obj (.text)
                  00006b04    00000044     sysbios.aem3 : BIOS.obj (.text:ti_sysbios_BIOS_errorRaiseHook__I)
                  00006b48    00000044                  : BIOS.obj (.text:ti_sysbios_family_arm_lm3_Timer_enableTimers__I)
                  00006b8c    00000044                  : BIOS.obj (.text:ti_sysbios_family_arm_m3_Hwi_disableInterrupt__E)
                  00006bd0    00000044                  : BIOS.obj (.text:ti_sysbios_family_arm_m3_Hwi_enableInterrupt__E)
                  00006c14    00000044     ti.targets.arm.rtsarm.aem3 : LoggerBuf.oem3 (.text:xdc_runtime_LoggerBuf_filterOutEvent__I)
                  00006c58    00000044                                : SysMin.oem3 (.text:xdc_runtime_SysMin_flush__F)
                  00006c9c    00000042     rtsv7M3_T_le_eabi.lib : u_divt2.obj (.text)
                  00006cde    00000002     --HOLE-- [fill = 0]
                  00006ce0    00000040                           : exit.obj (.text)
                  00006d20    00000040     sysbios.aem3 : BIOS.obj (.text:ti_sysbios_knl_Semaphore_pendTimeout__I)
                  00006d60    00000040     ti.targets.arm.rtsarm.aem3 : System.oem3 (.text:xdc_runtime_System_atexit__F)
                  00006da0    0000003c     sysbios.aem3 : BIOS.obj (.text:ti_sysbios_family_arm_m3_Hwi_excSvCall__I)
                  00006ddc    0000003c                  : BIOS.obj (.text:ti_sysbios_heaps_HeapMem_init__I)
                  00006e18    0000003c                  : BIOS.obj (.text:ti_sysbios_knl_Swi_startup__E)
                  00006e54    0000003c     ti.targets.arm.rtsarm.aem3 : Text.oem3 (.text:xdc_runtime_Text_xprintf__I)
                  00006e90    00000038     rtsv7M3_T_le_eabi.lib : fs_tod_t2.obj (.text)
                  00006ec8    00000038                           : i_tofs_t2.obj (.text)
                  00006f00    00000038     sysbios.aem3 : BIOS.obj (.text:ti_sysbios_family_arm_m3_Hwi_excNoIsr__I)
                  00006f38    00000038                  : BIOS.obj (.text:ti_sysbios_family_arm_m3_Hwi_getStackInfo__E)
                  00006f70    00000038                  : BIOS.obj (.text:ti_sysbios_family_arm_m3_TaskSupport_start__E)
                  00006fa8    00000038     app_pem3.oem3 (.text:ti_sysbios_knl_Semaphore_Object__create__S)
                  00006fe0    00000038     ti.targets.arm.rtsarm.aem3 : LoggerBuf.oem3 (.text:xdc_runtime_LoggerBuf_Instance_init__F)
                  00007018    00000038                                : SysMin.oem3 (.text:xdc_runtime_SysMin_putch__F)
                  00007050    00000034     sysbios.aem3 : BIOS.obj (.text:ti_sysbios_family_arm_m3_Hwi_excNmi__I)
                  00007084    00000034     app_pem3.oem3 (.text:ti_sysbios_gates_GateHwi_Object__create__S)
                  000070b8    00000034     app_pem3.oem3 (.text:ti_sysbios_gates_GateMutex_Object__create__S)
                  000070ec    00000034     sysbios.aem3 : BIOS.obj (.text:ti_sysbios_hal_Hwi_checkStack:ti_sysbios_hal_Hwi_checkStack)
                  00007120    00000034     app_pem3.oem3 (.text:ti_sysbios_heaps_HeapMem_Object__create__S)
                  00007154    00000034     app_pem3.oem3 (.text:ti_sysbios_knl_Queue_Object__create__S)
                  00007188    00000030     app_pem3.oem3 (.text:ti_sysbios_BIOS_exitFunc__I)
                  000071b8    00000030     sysbios.aem3 : BIOS.obj (.text:ti_sysbios_knl_Idle_run__E)
                  000071e8    00000030     ti.targets.arm.rtsarm.aem3 : Core-label.oem3 (.text:xdc_runtime_Core_assignLabel__I)
                  00007218    00000030                                : SysMin.oem3 (.text:xdc_runtime_SysMin_abort__F)
                  00007248    0000002f                                : Text.oem3 (.text:xdc_runtime_Text_printVisFxn__I)
                  00007277    00000001     --HOLE-- [fill = 0]
                  00007278    0000002e     driverlib-cm3.lib : gpio.obj (.text:GPIODirModeSet)
                  000072a6    0000002e     app_pem3.oem3 (.text:malloc)
                  000072d4    0000002c     sysbios.aem3 : BIOS.obj (.text:ti_sysbios_hal_Hwi_initStack:ti_sysbios_hal_Hwi_initStack)
                  00007300    0000002c     app_pem3.oem3 (.text:ti_sysbios_knl_Clock_doTick__I)
                  0000732c    0000002c     sysbios.aem3 : BIOS.obj (.text:ti_sysbios_knl_Task_restore__E)
                  00007358    0000002c     ti.targets.arm.rtsarm.aem3 : System.oem3 (.text:xdc_runtime_System_rtsExit__I)
                  00007384    0000002c                                : Text.oem3 (.text:xdc_runtime_Text_cordText__F)
                  000073b0    0000002a     driverlib-cm3.lib : adc.obj (.text:ADCSequenceConfigure)
                  000073da    0000002a     ti.targets.arm.rtsarm.aem3 : System.oem3 (.text:xdc_runtime_System_putchar__I)
                  00007404    00000028     sysbios.aem3 : BIOS.obj (.text:ti_sysbios_gates_GateMutex_Instance_init__F)
                  0000742c    00000028     ti.targets.arm.rtsarm.aem3 : LoggerBuf.oem3 (.text:xdc_runtime_LoggerBuf_Module_startup__F)
                  00007454    00000026                                : System.oem3 (.text:xdc_runtime_System_avprintf__F)
                  0000747a    00000002     --HOLE-- [fill = 0]
                  0000747c    00000024     driverlib-cm3.lib : timer.obj (.text:TimerConfigure)
                  000074a0    00000024     sysbios.aem3 : BIOS.obj (.text:ti_sysbios_BIOS_registerRTSLock__I)
                  000074c4    00000024     app_pem3.oem3 (.text:ti_sysbios_BIOS_startFunc__I)
                  000074e8    00000024     sysbios.aem3 : BIOS.obj (.text:ti_sysbios_family_arm_lm3_Timer_isrStub__E)
                  0000750c    00000024                  : BIOS.obj (.text:ti_sysbios_family_arm_m3_Hwi_doTaskRestore__I)
                  00007530    00000024     app_pem3.oem3 (.text:ti_sysbios_gates_GateMutex_Object__delete__S)
                  00007554    00000024     sysbios.aem3 : BIOS.obj (.text:ti_sysbios_knl_Clock_Module_startup__F)
                  00007578    00000024                  : BIOS.obj (.text:ti_sysbios_knl_Swi_Module_startup__F)
                  0000759c    00000024     ti.targets.arm.rtsarm.aem3 : System.oem3 (.text:xdc_runtime_System_vprintf__F)
                  000075c0    00000022     app_pem3.oem3 (.text:xdc_runtime_SysMin_output__I)
                  000075e2    00000002     --HOLE-- [fill = 0]
                  000075e4    00000020     driverlib-cm3.lib : sysctl.obj (.text:SysCtlADCSpeedSet)
                  00007604    00000020     app_pem3.oem3 (.text:ti_sysbios_gates_GateHwi_Object__delete__S)
                  00007624    00000020     app_pem3.oem3 (.text:ti_sysbios_heaps_HeapMem_Object__delete__S)
                  00007644    00000020     app_pem3.oem3 (.text:ti_sysbios_knl_Semaphore_Object__destruct__S)
                  00007664    00000020     sysbios.aem3 : BIOS.obj (.text:ti_sysbios_knl_Task_enter__I)
                  00007684    00000020     app_pem3.oem3 (.text:xdc_runtime_LoggerBuf_Object__delete__S)
                  000076a4    00000020     ti.targets.arm.rtsarm.aem3 : LoggerBuf.oem3 (.text:xdc_runtime_LoggerBuf_reset__F)
                  000076c4    00000020                                : Registry.oem3 (.text:xdc_runtime_Registry_findById__F)
                  000076e4    00000020                                : SysMin.oem3 (.text:xdc_runtime_SysMin_Module_startup__F)
                  00007704    0000001c     sysbios.aem3 : BIOS.obj (.text:ti_sysbios_BIOS_rtsLock__I)
                  00007720    0000001c     app_pem3.oem3 (.text:ti_sysbios_knl_Queue_Object__destruct__S)
                  0000773c    0000001c     ti.targets.arm.rtsarm.aem3 : Error.oem3 (.text:xdc_runtime_Error_check__F)
                  00007758    0000001c                                : Memory.oem3 (.text:xdc_runtime_Memory_valloc__F)
                  00007774    0000001c                                : SysMin.oem3 (.text:xdc_runtime_SysMin_exit__F)
                  00007790    0000001a     app_pem3.oem3 (.text:ti_sysbios_family_arm_m3_Hwi_Handle__label__S)
                  000077aa    0000001a     app_pem3.oem3 (.text:ti_sysbios_gates_GateHwi_Handle__label__S)
                  000077c4    0000001a     app_pem3.oem3 (.text:ti_sysbios_gates_GateMutex_Handle__label__S)
                  000077de    0000001a     app_pem3.oem3 (.text:ti_sysbios_heaps_HeapMem_Handle__label__S)
                  000077f8    0000001a     app_pem3.oem3 (.text:ti_sysbios_knl_Swi_Handle__label__S)
                  00007812    0000001a     app_pem3.oem3 (.text:ti_sysbios_knl_Task_Handle__label__S)
                  0000782c    0000001a     app_pem3.oem3 (.text:xdc_runtime_LoggerBuf_Handle__label__S)
                  00007846    0000001a     app_pem3.oem3 (.text:xdc_runtime_System_aprintf__E)
                  00007860    0000001a     app_pem3.oem3 (.text:xdc_runtime_System_printf__E)
                  0000787a    00000018     sysbios.aem3 : m3_Hwi_asm_switch.obj (.text:_ti_sysbios_family_arm_m3_Hwi_initStacks__E)
                  00007892    00000018     app_pem3.oem3 (.text:free)
                  000078aa    00000002     --HOLE-- [fill = 0]
                  000078ac    00000018     rtsv7M3_T_le_eabi.lib : args_main.obj (.text)
                  000078c4    00000018     app_pem3.oem3 (.text:ti_sysbios_family_arm_lm3_Timer_Module__startupDone__F)
                  000078dc    00000018     app_pem3.oem3 (.text:ti_sysbios_family_arm_m3_Hwi_Module__startupDone__F)
                  000078f4    00000018     sysbios.aem3 : BIOS.obj (.text:ti_sysbios_gates_GateMutex_leave__E)
                  0000790c    00000018     app_pem3.oem3 (.text:ti_sysbios_hal_Timer_Module__startupDone__F)
                  00007924    00000018     ti.targets.arm.rtsarm.aem3 : Text.oem3 (.text:xdc_runtime_Text_ropeText__F)
                  0000793c    00000014     driverlib-cm3.lib : timer.obj (.text:TimerDisable)
                  00007950    00000014     rtsv7M3_T_le_eabi.lib : _lock.obj (.text)
                  00007964    00000014                           : strlen.obj (.text)
                  00007978    00000014     sysbios.aem3 : BIOS.obj (.text:ti_sysbios_family_arm_m3_Hwi_switchFromBootStack__E)
                  0000798c    00000014     app_pem3.oem3 (.text:ti_sysbios_heaps_HeapMem_Object__get__S)
                  000079a0    00000014     app_pem3.oem3 (.text:ti_sysbios_knl_Mailbox_Object__get__S)
                  000079b4    00000014     app_pem3.oem3 (.text:ti_sysbios_knl_Swi_Object__get__S)
                  000079c8    00000014     ti.targets.arm.rtsarm.aem3 : LoggerBuf.oem3 (.text:xdc_runtime_LoggerBuf_Instance_finalize__F)
                  000079dc    00000014     app_pem3.oem3 (.text:xdc_runtime_LoggerBuf_Object__get__S)
                  000079f0    00000014     ti.targets.arm.rtsarm.aem3 : LoggerBuf.oem3 (.text:xdc_runtime_LoggerBuf_write2__F)
                  00007a04    00000014                                : System.oem3 (.text:xdc_runtime_System_abort__F)
                  00007a18    00000012     driverlib-cm3.lib : gpio.obj (.text:GPIOPinTypeGPIOInput)
                  00007a2a    00000012                       : gpio.obj (.text:GPIOPinTypeGPIOOutput)
                  00007a3c    00000012                       : gpio.obj (.text:GPIOPinTypeSSI)
                  00007a4e    00000012                       : ssi.obj (.text:SSIDataGetNonBlocking)
                  00007a60    00000012                       : timer.obj (.text:TimerLoadSet)
                  00007a72    00000012     rtsv7M3_T_le_eabi.lib : copy_zero_init.obj (.text:decompress:ZI)
                  00007a84    00000012                           : strcpy.obj (.text)
                  00007a96    00000012     sysbios.aem3 : BIOS.obj (.text:ti_sysbios_hal_Hwi_Module_startup__F)
                  00007aa8    00000012                  : BIOS.obj (.text:ti_sysbios_hal_Timer_Module_startup__F)
                  00007aba    00000012     ti.targets.arm.rtsarm.aem3 : LoggerBuf.oem3 (.text:xdc_runtime_LoggerBuf_write1__F)
                  00007acc    00000012     app_pem3.oem3 (.text:xdc_runtime_Startup_exec__I)
                  00007ade    00000010     driverlib-cm3.lib : adc.obj (.text:ADCIntEnable)
                  00007aee    00000010     sysbios.aem3 : m3_TaskSupport_asm.obj (.text:_ti_sysbios_family_arm_m3_TaskSupport_glue)
                  00007afe    00000010                  : m3_TaskSupport_asm.obj (.text:_ti_sysbios_family_arm_m3_TaskSupport_swap__E)
                  00007b0e    00000010                  : m3_Hwi_asm_switch.obj (.text:_ti_sysbios_family_xxx_Hwi_switchToIsrStack)
                  00007b1e    00000002     --HOLE-- [fill = 0]
                  00007b20    00000010                  : BIOS.obj (.text:ti_sysbios_BIOS_setThreadType__E)
                  00007b30    00000010                  : BIOS.obj (.text:ti_sysbios_BIOS_start__E)
                  00007b40    00000010                  : BIOS.obj (.text:ti_sysbios_family_arm_lm3_TimestampProvider_rolloverFunc__E)
                  00007b50    00000010                  : BIOS.obj (.text:ti_sysbios_family_arm_m3_Hwi_excHandler__I)
                  00007b60    00000010                  : BIOS.obj (.text:ti_sysbios_gates_GateMutex_Instance_finalize__F)
                  00007b70    00000010                  : BIOS.obj (.text:ti_sysbios_knl_Semaphore_Instance_finalize__F)
                  00007b80    00000010                  : BIOS.obj (.text:ti_sysbios_knl_Swi_disable__E)
                  00007b90    00000010     app_pem3.oem3 (.text:ti_sysbios_knl_Task_Object__get__S)
                  00007ba0    00000010     sysbios.aem3 : BIOS.obj (.text:ti_sysbios_knl_Task_disable__E)
                  00007bb0    00000010     ti.targets.arm.rtsarm.aem3 : Gate.oem3 (.text:xdc_runtime_Gate_leaveSystem__F)
                  00007bc0    00000010                                : LoggerBuf.oem3 (.text:xdc_runtime_LoggerBuf_write0__F)
                  00007bd0    00000010                                : Memory.oem3 (.text:xdc_runtime_Memory_free__F)
                  00007be0    00000010                                : SysMin.oem3 (.text:xdc_runtime_SysMin_ready__F)
                  00007bf0    00000010                                : System.oem3 (.text:xdc_runtime_System_vsnprintf__F)
                  00007c00    00000010     app_pem3.oem3 (.text:xdc_runtime_Text_visitRope__I)
                  00007c10    0000000e     driverlib-cm3.lib : adc.obj (.text:ADCSequenceDisable)
                  00007c1e    0000000e                       : adc.obj (.text:ADCSequenceEnable)
                  00007c2c    0000000e                       : timer.obj (.text:TimerEnable)
                  00007c3a    0000000e     rtsv7M3_T_le_eabi.lib : copy_decompress_none.obj (.text:decompress:none)
                  00007c48    0000000e     sysbios.aem3 : BIOS.obj (.text:ti_sysbios_family_arm_m3_TaskSupport_checkStack__E)
                  00007c56    0000000e                  : BIOS.obj (.text:ti_sysbios_knl_Queue_empty__E)
                  00007c64    0000000c     app_pem3.oem3 (.text:.bootCodeSection:ti_catalog_arm_cortexm3_lm3init_Boot_init)
                  00007c70    0000000c     driverlib-cm3.lib : cpu.obj (.text:CPUcpsid)
                  00007c7c    0000000c                       : cpu.obj (.text:CPUcpsie)
                  00007c88    0000000c                       : sysctl.obj (.text:SysCtlLDOSet)
                  00007c94    0000000c     sysbios.aem3 : m3_Hwi_asm_switch.obj (.text:_ti_sysbios_family_xxx_Hwi_switchToTaskStack)
                  00007ca0    0000000c                  : BIOS.obj (.text:ti_sysbios_family_arm_lm3_TimestampProvider_startTimer__E)
                  00007cac    0000000c                  : BIOS.obj (.text:ti_sysbios_gates_GateHwi_enter__E)
                  00007cb8    0000000c     app_pem3.oem3 (.text:ti_sysbios_knl_Queue_Object__get__S)
                  00007cc4    0000000c     ti.targets.arm.rtsarm.aem3 : Error.oem3 (.text:xdc_runtime_Error_init__F)
                  00007cd0    0000000c                                : Gate.oem3 (.text:xdc_runtime_Gate_enterSystem__F)
                  00007cdc    0000000c                                : Memory.oem3 (.text:xdc_runtime_Memory_calloc__F)
                  00007ce8    0000000c                                : Memory.oem3 (.text:xdc_runtime_Memory_getMaxDefaultTypeAlign__F)
                  00007cf4    0000000c                                : System.oem3 (.text:xdc_runtime_System_exit__F)
                  00007d00    0000000c                                : System.oem3 (.text:xdc_runtime_System_lastFxn__I)
                  00007d0c    0000000a     driverlib-cm3.lib : interrupt.obj (.text:IntMasterDisable)
                  00007d16    0000000a                       : interrupt.obj (.text:IntMasterEnable)
                  00007d20    0000000a                       : ssi.obj (.text:SSIDataPut)
                  00007d2a    0000000a                       : ssi.obj (.text:SSIDisable)
                  00007d34    0000000a                       : ssi.obj (.text:SSIEnable)
                  00007d3e    0000000a                       : timer.obj (.text:TimerIntStatus)
                  00007d48    0000000a     app_pem3.oem3 (.text:xdc_runtime_IHeap_alloc)
                  00007d52    0000000a     app_pem3.oem3 (.text:xdc_runtime_IHeap_free)
                  00007d5c    0000000a     ti.targets.arm.rtsarm.aem3 : LoggerBuf.oem3 (.text:xdc_runtime_LoggerBuf_disable__F)
                  00007d66    0000000a                                : LoggerBuf.oem3 (.text:xdc_runtime_LoggerBuf_enable__F)
                  00007d70    00000008     driverlib-cm3.lib : ssi.obj (.text:SSIBusy)
                  00007d78    00000008     sysbios.aem3 : BIOS.obj (.text:ti_sysbios_family_arm_m3_Hwi_doSwiRestore__I)
                  00007d80    00000008                  : BIOS.obj (.text:ti_sysbios_family_arm_m3_Hwi_startup__E)
                  00007d88    00000008                  : BIOS.obj (.text:ti_sysbios_knl_Idle_loop__E)
                  00007d90    00000006     Boot.aem3 : Boot.oem3 (.text)
                  00007d96    00000006     driverlib-cm3.lib : gpio.obj (.text:GPIOPinWrite)
                  00007d9c    00000006                       : sysctl.obj (.text:SysCtlDelay)
                  00007da2    00000006     ti.targets.arm.rtsarm.aem3 : xdc_noinit.oem3 (.text:__xdc__init)
                  00007da8    00000006     rtsv7M3_T_le_eabi.lib : copy_decompress_rle.obj (.text:decompress:rle24)
                  00007dae    00000006     sysbios.aem3 : BIOS.obj (.text:ti_sysbios_family_arm_lm3_TimestampProvider_Module_startup__F)
                  00007db4    00000006                  : BIOS.obj (.text:ti_sysbios_gates_GateHwi_leave__E)
                  00007dba    00000006                  : BIOS.obj (.text:ti_sysbios_heaps_HeapMem_isBlocking__E)
                  00007dc0    00000006                  : BIOS.obj (.text:ti_sysbios_knl_Queue_Instance_init__F)
                  00007dc6    00000006     ti.targets.arm.rtsarm.aem3 : System.oem3 (.text:xdc_runtime_System_Module_startup__F)
                  00007dcc    00000004     driverlib-cm3.lib : timer.obj (.text:TimerIntClear)
                  00007dd0    00000004     app_pem3.oem3 (.text:ti_sysbios_BIOS_RtsGateProxy_enter__E)
                  00007dd4    00000004     app_pem3.oem3 (.text:ti_sysbios_BIOS_RtsGateProxy_leave__E)
                  00007dd8    00000004     sysbios.aem3 : BIOS.obj (.text:ti_sysbios_family_arm_lm3_Timer_getPeriod__E)
                  00007ddc    00000004     app_pem3.oem3 (.text:ti_sysbios_family_arm_m3_TaskSupport_Module__startupDone__S)
                  00007de0    00000004     sysbios.aem3 : BIOS.obj (.text:ti_sysbios_gates_GateHwi_query__F)
                  00007de4    00000004                  : BIOS.obj (.text:ti_sysbios_gates_GateMutex_query__F)
                  00007de8    00000004     app_pem3.oem3 (.text:ti_sysbios_hal_Hwi_HwiProxy_Module__startupDone__S)
                  00007dec    00000004     app_pem3.oem3 (.text:ti_sysbios_hal_Timer_TimerProxy_Module__startupDone__S)
                  00007df0    00000004     app_pem3.oem3 (.text:ti_sysbios_hal_Timer_TimerProxy_getPeriod__E)
                  00007df4    00000004     app_pem3.oem3 (.text:ti_sysbios_heaps_HeapMem_Module_GateProxy_enter__E)
                  00007df8    00000004     app_pem3.oem3 (.text:ti_sysbios_heaps_HeapMem_Module_GateProxy_leave__E)
                  00007dfc    00000004     app_pem3.oem3 (.text:ti_sysbios_knl_Task_SupportProxy_Module__startupDone__S)
                  00007e00    00000004     sysbios.aem3 : BIOS.obj (.text:ti_sysbios_knl_Task_startup__E)
                  00007e04    00000004     ti.targets.arm.rtsarm.aem3 : Error.oem3 (.text:xdc_runtime_Error_getSite__F)
                  00007e08    00000004     app_pem3.oem3 (.text:xdc_runtime_LoggerBuf_Module_GateProxy_enter__E)
                  00007e0c    00000004     app_pem3.oem3 (.text:xdc_runtime_LoggerBuf_Module_GateProxy_leave__E)
                  00007e10    00000004     app_pem3.oem3 (.text:xdc_runtime_Memory_HeapProxy_alloc__E)
                  00007e14    00000004     app_pem3.oem3 (.text:xdc_runtime_Memory_HeapProxy_free__E)
                  00007e18    00000004     app_pem3.oem3 (.text:xdc_runtime_Startup_reset__I)
                  00007e1c    00000004     app_pem3.oem3 (.text:xdc_runtime_System_Module_GateProxy_enter__E)
                  00007e20    00000004     app_pem3.oem3 (.text:xdc_runtime_System_Module_GateProxy_leave__E)
                  00007e24    00000004     ti.targets.arm.rtsarm.aem3 : System.oem3 (.text:xdc_runtime_System_aprintf_va__F)
                  00007e28    00000004                                : System.oem3 (.text:xdc_runtime_System_printf_va__F)
                  00007e2c    00000004     app_pem3.oem3 (.text:xdc_runtime_System_vsnprintf__E)

.const     0    00007e30    0000237d     
                  00007e30    000016e2     app_pem3.oem3 (.const:xdc_runtime_Text_charTab__A)
                  00009512    00000002     --HOLE-- [fill = 0]
                  00009514    000001e0     rit128x96x4.obj (.const:g_pucFont)
                  000096f4    000001db     frame_graphics.obj (.const:g_pucFont)
                  000098cf    00000001     --HOLE-- [fill = 0]
                  000098d0    000000b8     app_pem3.oem3 (.const:xdc_runtime_Text_nodeTab__A)
                  00009988    0000006c     driverlib-cm3.lib : sysctl.obj (.const:g_pulXtals)
                  000099f4    00000050     app_pem3.oem3 (.const:ti_sysbios_family_arm_m3_Hwi_priorities__A)
                  00009a44    0000004f     rit128x96x4.obj (.const:.string:g_pucRIT128x96x4Init)
                  00009a93    00000001     --HOLE-- [fill = 0]
                  00009a94    00000048     app_pem3.oem3 (.const:.string)
                  00009adc    00000040     driverlib-cm3.lib : sysctl.obj (.const)
                  00009b1c    00000040     frame_graphics.obj (.const)
                  00009b5c    0000003c     app_pem3.oem3 (.const:xdc_runtime_LoggerBuf_Module__FXNS__C)
                  00009b98    00000030     rtsv7M3_T_le_eabi.lib : xdint.obj (.const)
                  00009bc8    00000030     app_pem3.oem3 (.const:xdc_runtime_Startup_sfxnTab__A)
                  00009bf8    0000002c     app_pem3.oem3 (.const)
                  00009c24    00000028     app_pem3.oem3 (.const:ti_sysbios_heaps_HeapMem_Module__FXNS__C)
                  00009c4c    00000024     app_pem3.oem3 (.const:ti_sysbios_gates_GateHwi_Module__FXNS__C)
                  00009c70    00000024     app_pem3.oem3 (.const:ti_sysbios_gates_GateMutex_Module__FXNS__C)
                  00009c94    00000024     app_pem3.oem3 (.const:ti_sysbios_heaps_HeapMem_Object__PARAMS__C)
                  00009cb8    00000024     app_pem3.oem3 (.const:ti_sysbios_knl_Semaphore_Object__PARAMS__C)
                  00009cdc    00000024     app_pem3.oem3 (.const:xdc_runtime_LoggerBuf_Object__PARAMS__C)
                  00009d00    00000022     main.obj (.const:.string)
                  00009d22    00000002     --HOLE-- [fill = 0]
                  00009d24    00000020     app_pem3.oem3 (.const:ti_sysbios_gates_GateHwi_Object__DESC__C)
                  00009d44    00000020     app_pem3.oem3 (.const:ti_sysbios_gates_GateMutex_Object__DESC__C)
                  00009d64    00000020     app_pem3.oem3 (.const:ti_sysbios_heaps_HeapMem_Object__DESC__C)
                  00009d84    00000020     app_pem3.oem3 (.const:ti_sysbios_knl_Queue_Object__DESC__C)
                  00009da4    00000020     app_pem3.oem3 (.const:ti_sysbios_knl_Semaphore_Object__DESC__C)
                  00009dc4    00000020     app_pem3.oem3 (.const:xdc_runtime_LoggerBuf_Object__DESC__C)
                  00009de4    0000001c     ustdlib.obj (.const)
                  00009e00    00000018     app_pem3.oem3 (.const:ti_sysbios_gates_GateHwi_Object__PARAMS__C)
                  00009e18    00000018     app_pem3.oem3 (.const:ti_sysbios_gates_GateMutex_Object__PARAMS__C)
                  00009e30    00000018     app_pem3.oem3 (.const:ti_sysbios_knl_Queue_Object__PARAMS__C)
                  00009e48    00000018     app_pem3.oem3 (.const:ti_sysbios_knl_Task_hooks__A)
                  00009e60    00000018     app_pem3.oem3 (.const:xdc_runtime_Startup_sfxnRts__A)
                  00009e78    00000014     main.obj (.const)
                  00009e8c    00000012     ustdlib.obj (.const:.string)
                  00009e9e    00000002     --HOLE-- [fill = 0]
                  00009ea0    00000011     ti.targets.arm.rtsarm.aem3 : System.oem3 (.const)
                  00009eb1    00000003     --HOLE-- [fill = 0]
                  00009eb4    00000010     app_pem3.oem3 (.const:xdc_runtime_Startup_firstFxns__A)
                  00009ec4    0000000c     rit128x96x4.obj (.const:.string)
                  00009ed0    00000008     app_pem3.oem3 (.const:ti_sysbios_family_arm_m3_Hwi_excHookFuncs__A)
                  00009ed8    00000008     app_pem3.oem3 (.const:ti_sysbios_knl_Idle_coreList__C)
                  00009ee0    00000008     app_pem3.oem3 (.const:ti_sysbios_knl_Idle_funcList__C)
                  00009ee8    00000008     app_pem3.oem3 (.const:ti_sysbios_knl_Task_hooks__C)
                  00009ef0    00000008     app_pem3.oem3 (.const:xdc_runtime_Startup_firstFxns__C)
                  00009ef8    00000008     app_pem3.oem3 (.const:xdc_runtime_Startup_lastFxns__A)
                  00009f00    00000008     app_pem3.oem3 (.const:xdc_runtime_Startup_lastFxns__C)
                  00009f08    00000004     app_pem3.oem3 (.const:ti_sysbios_BIOS_Module__diagsEnabled__C)
                  00009f0c    00000004     app_pem3.oem3 (.const:ti_sysbios_BIOS_Module__diagsIncluded__C)
                  00009f10    00000004     app_pem3.oem3 (.const:ti_sysbios_BIOS_Module__diagsMask__C)
                  00009f14    00000004     app_pem3.oem3 (.const:ti_sysbios_BIOS_installedErrorHook__C)
                  00009f18    00000004     app_pem3.oem3 (.const:ti_sysbios_family_arm_lm3_Timer_WRALLOW__C)
                  00009f1c    00000004     app_pem3.oem3 (.const:ti_sysbios_family_arm_lm3_Timer_numTimerDevices__C)
                  00009f20    00000004     app_pem3.oem3 (.const:ti_sysbios_family_arm_lm3_Timer_startupNeeded__C)
                  00009f24    00000004     app_pem3.oem3 (.const:ti_sysbios_family_arm_m3_Hwi_E_NMI__C)
                  00009f28    00000004     app_pem3.oem3 (.const:ti_sysbios_family_arm_m3_Hwi_E_busFault__C)
                  00009f2c    00000004     app_pem3.oem3 (.const:ti_sysbios_family_arm_m3_Hwi_E_debugMon__C)
                  00009f30    00000004     app_pem3.oem3 (.const:ti_sysbios_family_arm_m3_Hwi_E_hardFault__C)
                  00009f34    00000004     app_pem3.oem3 (.const:ti_sysbios_family_arm_m3_Hwi_E_memFault__C)
                  00009f38    00000004     app_pem3.oem3 (.const:ti_sysbios_family_arm_m3_Hwi_E_noIsr__C)
                  00009f3c    00000004     app_pem3.oem3 (.const:ti_sysbios_family_arm_m3_Hwi_E_reserved__C)
                  00009f40    00000004     app_pem3.oem3 (.const:ti_sysbios_family_arm_m3_Hwi_E_svCall__C)
                  00009f44    00000004     app_pem3.oem3 (.const:ti_sysbios_family_arm_m3_Hwi_E_usageFault__C)
                  00009f48    00000004     app_pem3.oem3 (.const:ti_sysbios_family_arm_m3_Hwi_LD_end__C)
                  00009f4c    00000004     app_pem3.oem3 (.const:ti_sysbios_family_arm_m3_Hwi_LM_begin__C)
                  00009f50    00000004     app_pem3.oem3 (.const:ti_sysbios_family_arm_m3_Hwi_Module__diagsEnabled__C)
                  00009f54    00000004     app_pem3.oem3 (.const:ti_sysbios_family_arm_m3_Hwi_Module__diagsIncluded__C)
                  00009f58    00000004     app_pem3.oem3 (.const:ti_sysbios_family_arm_m3_Hwi_Module__diagsMask__C)
                  00009f5c    00000004     app_pem3.oem3 (.const:ti_sysbios_family_arm_m3_Hwi_Module__loggerFxn1__C)
                  00009f60    00000004     app_pem3.oem3 (.const:ti_sysbios_family_arm_m3_Hwi_Module__loggerFxn8__C)
                  00009f64    00000004     app_pem3.oem3 (.const:ti_sysbios_family_arm_m3_Hwi_Module__loggerObj__C)
                  00009f68    00000004     app_pem3.oem3 (.const:ti_sysbios_family_arm_m3_Hwi_NUM_INTERRUPTS__C)
                  00009f6c    00000004     app_pem3.oem3 (.const:ti_sysbios_family_arm_m3_Hwi_ccr__C)
                  00009f70    00000004     app_pem3.oem3 (.const:ti_sysbios_family_arm_m3_Hwi_dispatchTable__C)
                  00009f74    00000004     app_pem3.oem3 (.const:ti_sysbios_family_arm_m3_Hwi_excHandlerFunc__C)
                  00009f78    00000004     app_pem3.oem3 (.const:ti_sysbios_family_arm_m3_Hwi_excHookFuncs__C)
                  00009f7c    00000004     app_pem3.oem3 (.const:ti_sysbios_family_arm_m3_Hwi_priGroup__C)
                  00009f80    00000004     app_pem3.oem3 (.const:ti_sysbios_family_arm_m3_Hwi_priorities__C)
                  00009f84    00000004     app_pem3.oem3 (.const:ti_sysbios_gates_GateMutex_A_badContext__C)
                  00009f88    00000004     app_pem3.oem3 (.const:ti_sysbios_gates_GateMutex_Instance_State_sem__O)
                  00009f8c    00000004     app_pem3.oem3 (.const:ti_sysbios_gates_GateMutex_Module__diagsEnabled__C)
                  00009f90    00000004     app_pem3.oem3 (.const:ti_sysbios_gates_GateMutex_Module__diagsIncluded__C)
                  00009f94    00000004     app_pem3.oem3 (.const:ti_sysbios_gates_GateMutex_Module__diagsMask__C)
                  00009f98    00000004     app_pem3.oem3 (.const:ti_sysbios_hal_Hwi_E_stackOverflow__C)
                  00009f9c    00000004     app_pem3.oem3 (.const:ti_sysbios_heaps_HeapMem_A_align__C)
                  00009fa0    00000004     app_pem3.oem3 (.const:ti_sysbios_heaps_HeapMem_A_heapSize__C)
                  00009fa4    00000004     app_pem3.oem3 (.const:ti_sysbios_heaps_HeapMem_A_invalidFree__C)
                  00009fa8    00000004     app_pem3.oem3 (.const:ti_sysbios_heaps_HeapMem_A_zeroBlock__C)
                  00009fac    00000004     app_pem3.oem3 (.const:ti_sysbios_heaps_HeapMem_E_memory__C)
                  00009fb0    00000004     app_pem3.oem3 (.const:ti_sysbios_heaps_HeapMem_Module__diagsEnabled__C)
                  00009fb4    00000004     app_pem3.oem3 (.const:ti_sysbios_heaps_HeapMem_Module__diagsIncluded__C)
                  00009fb8    00000004     app_pem3.oem3 (.const:ti_sysbios_heaps_HeapMem_Module__diagsMask__C)
                  00009fbc    00000004     app_pem3.oem3 (.const:ti_sysbios_heaps_HeapMem_Module__gateObj__C)
                  00009fc0    00000004     app_pem3.oem3 (.const:ti_sysbios_heaps_HeapMem_Object__count__C)
                  00009fc4    00000004     app_pem3.oem3 (.const:ti_sysbios_heaps_HeapMem_reqAlign__C)
                  00009fc8    00000004     app_pem3.oem3 (.const:ti_sysbios_knl_Clock_LM_begin__C)
                  00009fcc    00000004     app_pem3.oem3 (.const:ti_sysbios_knl_Clock_LM_tick__C)
                  00009fd0    00000004     app_pem3.oem3 (.const:ti_sysbios_knl_Clock_LW_delayed__C)
                  00009fd4    00000004     app_pem3.oem3 (.const:ti_sysbios_knl_Clock_Module_State_clockQ__O)
                  00009fd8    00000004     app_pem3.oem3 (.const:ti_sysbios_knl_Clock_Module__diagsEnabled__C)
                  00009fdc    00000004     app_pem3.oem3 (.const:ti_sysbios_knl_Clock_Module__diagsIncluded__C)
                  00009fe0    00000004     app_pem3.oem3 (.const:ti_sysbios_knl_Clock_Module__diagsMask__C)
                  00009fe4    00000004     app_pem3.oem3 (.const:ti_sysbios_knl_Clock_Module__loggerFxn1__C)
                  00009fe8    00000004     app_pem3.oem3 (.const:ti_sysbios_knl_Clock_Module__loggerFxn2__C)
                  00009fec    00000004     app_pem3.oem3 (.const:ti_sysbios_knl_Clock_Module__loggerObj__C)
                  00009ff0    00000004     app_pem3.oem3 (.const:ti_sysbios_knl_Idle_coreList__A)
                  00009ff4    00000004     app_pem3.oem3 (.const:ti_sysbios_knl_Idle_funcList__A)
                  00009ff8    00000004     app_pem3.oem3 (.const:ti_sysbios_knl_Mailbox_Instance_State_dataQue__O)
                  00009ffc    00000004     app_pem3.oem3 (.const:ti_sysbios_knl_Mailbox_Instance_State_dataSem__O)
                  0000a000    00000004     app_pem3.oem3 (.const:ti_sysbios_knl_Mailbox_Instance_State_freeQue__O)
                  0000a004    00000004     app_pem3.oem3 (.const:ti_sysbios_knl_Mailbox_Instance_State_freeSem__O)
                  0000a008    00000004     app_pem3.oem3 (.const:ti_sysbios_knl_Mailbox_Object__count__C)
                  0000a00c    00000004     app_pem3.oem3 (.const:ti_sysbios_knl_Semaphore_A_badContext__C)
                  0000a010    00000004     app_pem3.oem3 (.const:ti_sysbios_knl_Semaphore_A_noEvents__C)
                  0000a014    00000004     app_pem3.oem3 (.const:ti_sysbios_knl_Semaphore_A_overflow__C)
                  0000a018    00000004     app_pem3.oem3 (.const:ti_sysbios_knl_Semaphore_A_pendTaskDisabled__C)
                  0000a01c    00000004     app_pem3.oem3 (.const:ti_sysbios_knl_Semaphore_Instance_State_pendQ__O)
                  0000a020    00000004     app_pem3.oem3 (.const:ti_sysbios_knl_Semaphore_LM_pend__C)
                  0000a024    00000004     app_pem3.oem3 (.const:ti_sysbios_knl_Semaphore_LM_post__C)
                  0000a028    00000004     app_pem3.oem3 (.const:ti_sysbios_knl_Semaphore_Module__diagsEnabled__C)
                  0000a02c    00000004     app_pem3.oem3 (.const:ti_sysbios_knl_Semaphore_Module__diagsIncluded__C)
                  0000a030    00000004     app_pem3.oem3 (.const:ti_sysbios_knl_Semaphore_Module__diagsMask__C)
                  0000a034    00000004     app_pem3.oem3 (.const:ti_sysbios_knl_Semaphore_Module__loggerFxn2__C)
                  0000a038    00000004     app_pem3.oem3 (.const:ti_sysbios_knl_Semaphore_Module__loggerFxn4__C)
                  0000a03c    00000004     app_pem3.oem3 (.const:ti_sysbios_knl_Semaphore_Module__loggerObj__C)
                  0000a040    00000004     app_pem3.oem3 (.const:ti_sysbios_knl_Swi_LD_end__C)
                  0000a044    00000004     app_pem3.oem3 (.const:ti_sysbios_knl_Swi_LM_begin__C)
                  0000a048    00000004     app_pem3.oem3 (.const:ti_sysbios_knl_Swi_LM_post__C)
                  0000a04c    00000004     app_pem3.oem3 (.const:ti_sysbios_knl_Swi_Module__diagsEnabled__C)
                  0000a050    00000004     app_pem3.oem3 (.const:ti_sysbios_knl_Swi_Module__diagsIncluded__C)
                  0000a054    00000004     app_pem3.oem3 (.const:ti_sysbios_knl_Swi_Module__diagsMask__C)
                  0000a058    00000004     app_pem3.oem3 (.const:ti_sysbios_knl_Swi_Module__loggerFxn1__C)
                  0000a05c    00000004     app_pem3.oem3 (.const:ti_sysbios_knl_Swi_Module__loggerFxn4__C)
                  0000a060    00000004     app_pem3.oem3 (.const:ti_sysbios_knl_Swi_Module__loggerObj__C)
                  0000a064    00000004     app_pem3.oem3 (.const:ti_sysbios_knl_Swi_Object__count__C)
                  0000a068    00000004     app_pem3.oem3 (.const:ti_sysbios_knl_Task_E_spOutOfBounds__C)
                  0000a06c    00000004     app_pem3.oem3 (.const:ti_sysbios_knl_Task_E_stackOverflow__C)
                  0000a070    00000004     app_pem3.oem3 (.const:ti_sysbios_knl_Task_LD_block__C)
                  0000a074    00000004     app_pem3.oem3 (.const:ti_sysbios_knl_Task_LD_exit__C)
                  0000a078    00000004     app_pem3.oem3 (.const:ti_sysbios_knl_Task_LD_ready__C)
                  0000a07c    00000004     app_pem3.oem3 (.const:ti_sysbios_knl_Task_LM_switch__C)
                  0000a080    00000004     app_pem3.oem3 (.const:ti_sysbios_knl_Task_Module_State_inactiveQ__O)
                  0000a084    00000004     app_pem3.oem3 (.const:ti_sysbios_knl_Task_Module__diagsEnabled__C)
                  0000a088    00000004     app_pem3.oem3 (.const:ti_sysbios_knl_Task_Module__diagsIncluded__C)
                  0000a08c    00000004     app_pem3.oem3 (.const:ti_sysbios_knl_Task_Module__diagsMask__C)
                  0000a090    00000004     app_pem3.oem3 (.const:ti_sysbios_knl_Task_Module__loggerFxn2__C)
                  0000a094    00000004     app_pem3.oem3 (.const:ti_sysbios_knl_Task_Module__loggerFxn4__C)
                  0000a098    00000004     app_pem3.oem3 (.const:ti_sysbios_knl_Task_Module__loggerObj__C)
                  0000a09c    00000004     app_pem3.oem3 (.const:ti_sysbios_knl_Task_Object__count__C)
                  0000a0a0    00000004     app_pem3.oem3 (.const:ti_sysbios_knl_Task_allBlockedFunc__C)
                  0000a0a4    00000004     app_pem3.oem3 (.const:ti_sysbios_knl_Task_numConstructedTasks__C)
                  0000a0a8    00000004     app_pem3.oem3 (.const:xdc_runtime_Assert_E_assertFailed__C)
                  0000a0ac    00000004     app_pem3.oem3 (.const:xdc_runtime_Core_A_initializedParams__C)
                  0000a0b0    00000004     app_pem3.oem3 (.const:xdc_runtime_Core_Module__diagsEnabled__C)
                  0000a0b4    00000004     app_pem3.oem3 (.const:xdc_runtime_Core_Module__diagsIncluded__C)
                  0000a0b8    00000004     app_pem3.oem3 (.const:xdc_runtime_Core_Module__diagsMask__C)
                  0000a0bc    00000004     app_pem3.oem3 (.const:xdc_runtime_Error_E_memory__C)
                  0000a0c0    00000004     app_pem3.oem3 (.const:xdc_runtime_Error_Module__diagsEnabled__C)
                  0000a0c4    00000004     app_pem3.oem3 (.const:xdc_runtime_Error_Module__diagsIncluded__C)
                  0000a0c8    00000004     app_pem3.oem3 (.const:xdc_runtime_Error_Module__diagsMask__C)
                  0000a0cc    00000004     app_pem3.oem3 (.const:xdc_runtime_Error_Module__loggerFxn8__C)
                  0000a0d0    00000004     app_pem3.oem3 (.const:xdc_runtime_Error_Module__loggerObj__C)
                  0000a0d4    00000004     app_pem3.oem3 (.const:xdc_runtime_Error_raiseHook__C)
                  0000a0d8    00000004     app_pem3.oem3 (.const:xdc_runtime_IFilterLogger_Interface__BASE__C)
                  0000a0dc    00000004     app_pem3.oem3 (.const:xdc_runtime_IGateProvider_Interface__BASE__C)
                  0000a0e0    00000004     app_pem3.oem3 (.const:xdc_runtime_IHeap_Interface__BASE__C)
                  0000a0e4    00000004     app_pem3.oem3 (.const:xdc_runtime_ILogger_Interface__BASE__C)
                  0000a0e8    00000004     app_pem3.oem3 (.const:xdc_runtime_IModule_Interface__BASE__C)
                  0000a0ec    00000004     app_pem3.oem3 (.const:xdc_runtime_Log_L_error__C)
                  0000a0f0    00000004     app_pem3.oem3 (.const:xdc_runtime_LoggerBuf_E_badLevel__C)
                  0000a0f4    00000004     app_pem3.oem3 (.const:xdc_runtime_LoggerBuf_Module__gateObj__C)
                  0000a0f8    00000004     app_pem3.oem3 (.const:xdc_runtime_LoggerBuf_Object__count__C)
                  0000a0fc    00000004     app_pem3.oem3 (.const:xdc_runtime_LoggerBuf_statusLogger__C)
                  0000a100    00000004     app_pem3.oem3 (.const:xdc_runtime_Memory_defaultHeapInstance__C)
                  0000a104    00000004     app_pem3.oem3 (.const:xdc_runtime_Startup_execImpl__C)
                  0000a108    00000004     app_pem3.oem3 (.const:xdc_runtime_Startup_maxPasses__C)
                  0000a10c    00000004     app_pem3.oem3 (.const:xdc_runtime_Startup_sfxnRts__C)
                  0000a110    00000004     app_pem3.oem3 (.const:xdc_runtime_Startup_sfxnTab__C)
                  0000a114    00000004     app_pem3.oem3 (.const:xdc_runtime_SysMin_bufSize__C)
                  0000a118    00000004     app_pem3.oem3 (.const:xdc_runtime_SysMin_outputFunc__C)
                  0000a11c    00000004     app_pem3.oem3 (.const:xdc_runtime_System_Module__gateObj__C)
                  0000a120    00000004     app_pem3.oem3 (.const:xdc_runtime_System_extendFxn__C)
                  0000a124    00000004     app_pem3.oem3 (.const:xdc_runtime_System_maxAtexitHandlers__C)
                  0000a128    00000004     app_pem3.oem3 (.const:xdc_runtime_Text_charTab__C)
                  0000a12c    00000004     app_pem3.oem3 (.const:xdc_runtime_Text_nameEmpty__C)
                  0000a130    00000004     app_pem3.oem3 (.const:xdc_runtime_Text_nameStatic__C)
                  0000a134    00000004     app_pem3.oem3 (.const:xdc_runtime_Text_nameUnknown__C)
                  0000a138    00000004     app_pem3.oem3 (.const:xdc_runtime_Text_nodeTab__C)
                  0000a13c    00000004     app_pem3.oem3 (.const:xdc_runtime_Text_visitRopeFxn__C)
                  0000a140    00000002     app_pem3.oem3 (.const:ti_sysbios_BIOS_Module__id__C)
                  0000a142    00000002     --HOLE-- [fill = 0]
                  0000a144    00000002     app_pem3.oem3 (.const:ti_sysbios_family_arm_lm3_TimestampProvider_useClockTimer__C)
                  0000a146    00000002     --HOLE-- [fill = 0]
                  0000a148    00000002     app_pem3.oem3 (.const:ti_sysbios_family_arm_m3_Hwi_Module__id__C)
                  0000a14a    00000002     --HOLE-- [fill = 0]
                  0000a14c    00000002     app_pem3.oem3 (.const:ti_sysbios_family_arm_m3_Hwi_Module__loggerDefined__C)
                  0000a14e    00000002     --HOLE-- [fill = 0]
                  0000a150    00000002     app_pem3.oem3 (.const:ti_sysbios_gates_GateMutex_Module__id__C)
                  0000a152    00000002     --HOLE-- [fill = 0]
                  0000a154    00000002     app_pem3.oem3 (.const:ti_sysbios_hal_Hwi_Module__id__C)
                  0000a156    00000002     --HOLE-- [fill = 0]
                  0000a158    00000002     app_pem3.oem3 (.const:ti_sysbios_heaps_HeapMem_Module__id__C)
                  0000a15a    00000002     --HOLE-- [fill = 0]
                  0000a15c    00000002     app_pem3.oem3 (.const:ti_sysbios_knl_Clock_Module__id__C)
                  0000a15e    00000002     --HOLE-- [fill = 0]
                  0000a160    00000002     app_pem3.oem3 (.const:ti_sysbios_knl_Clock_Module__loggerDefined__C)
                  0000a162    00000002     --HOLE-- [fill = 0]
                  0000a164    00000002     app_pem3.oem3 (.const:ti_sysbios_knl_Semaphore_Module__id__C)
                  0000a166    00000002     --HOLE-- [fill = 0]
                  0000a168    00000002     app_pem3.oem3 (.const:ti_sysbios_knl_Semaphore_Module__loggerDefined__C)
                  0000a16a    00000002     --HOLE-- [fill = 0]
                  0000a16c    00000002     app_pem3.oem3 (.const:ti_sysbios_knl_Swi_Module__id__C)
                  0000a16e    00000002     --HOLE-- [fill = 0]
                  0000a170    00000002     app_pem3.oem3 (.const:ti_sysbios_knl_Swi_Module__loggerDefined__C)
                  0000a172    00000002     --HOLE-- [fill = 0]
                  0000a174    00000002     app_pem3.oem3 (.const:ti_sysbios_knl_Task_Module__id__C)
                  0000a176    00000002     --HOLE-- [fill = 0]
                  0000a178    00000002     app_pem3.oem3 (.const:ti_sysbios_knl_Task_Module__loggerDefined__C)
                  0000a17a    00000002     --HOLE-- [fill = 0]
                  0000a17c    00000002     app_pem3.oem3 (.const:ti_sysbios_knl_Task_initStackFlag__C)
                  0000a17e    00000002     --HOLE-- [fill = 0]
                  0000a180    00000002     app_pem3.oem3 (.const:xdc_runtime_Core_Module__id__C)
                  0000a182    00000002     --HOLE-- [fill = 0]
                  0000a184    00000002     app_pem3.oem3 (.const:xdc_runtime_Error_Module__loggerDefined__C)
                  0000a186    00000002     --HOLE-- [fill = 0]
                  0000a188    00000002     app_pem3.oem3 (.const:xdc_runtime_Error_maxDepth__C)
                  0000a18a    00000002     --HOLE-- [fill = 0]
                  0000a18c    00000002     app_pem3.oem3 (.const:xdc_runtime_LoggerBuf_Module__id__C)
                  0000a18e    00000002     --HOLE-- [fill = 0]
                  0000a190    00000002     app_pem3.oem3 (.const:xdc_runtime_LoggerBuf_filterByLevel__C)
                  0000a192    00000002     --HOLE-- [fill = 0]
                  0000a194    00000002     app_pem3.oem3 (.const:xdc_runtime_Memory_Module__id__C)
                  0000a196    00000002     --HOLE-- [fill = 0]
                  0000a198    00000002     app_pem3.oem3 (.const:xdc_runtime_SysMin_flushAtExit__C)
                  0000a19a    00000002     --HOLE-- [fill = 0]
                  0000a19c    00000002     app_pem3.oem3 (.const:xdc_runtime_Text_charCnt__C)
                  0000a19e    00000002     --HOLE-- [fill = 0]
                  0000a1a0    00000002     app_pem3.oem3 (.const:xdc_runtime_Text_isLoaded__C)
                  0000a1a2    00000002     --HOLE-- [fill = 0]
                  0000a1a4    00000002     app_pem3.oem3 (.const:xdc_runtime_Text_registryModsLastId__C)
                  0000a1a6    00000002     --HOLE-- [fill = 0]
                  0000a1a8    00000002     app_pem3.oem3 (.const:xdc_runtime_Text_unnamedModsLastId__C)
                  0000a1aa    00000002     --HOLE-- [fill = 0]
                  0000a1ac    00000001     app_pem3.oem3 (.const:xdc_runtime_Error_policy__C)

.cinit     0    0000a1b0    00000550     
                  0000a1b0    00000518     (.cinit..data.load) [load image, compression = rle]
                  0000a6c8    0000000c     (__TI_handler_table)
                  0000a6d4    00000004     --HOLE-- [fill = 0]
                  0000a6d8    00000008     (.cinit..bss.load) [load image, compression = zero_init]
                  0000a6e0    00000008     (.cinit..vecs.load) [load image, compression = zero_init]
                  0000a6e8    00000018     (__TI_cinit_table)

.vecs      0    20000000    00000140     UNINITIALIZED
                  20000000    00000140     app_pem3.oem3 (.vecs)

.bss       0    20000140    00006858     UNINITIALIZED
                  20000140    00002800     app_pem3.oem3 (.bss:taskStackSection)
                  20002940    00001800     frame_graphics.obj (.bss:g_pucFrame)
                  20004140    00001000     main.obj (.bss:g_pusADCBuffer)
                  20005140    00001000     app_pem3.oem3 (.bss:ti_sysbios_heaps_HeapMem_Instance_State_0_buf__A)
                  20006140    00000200     main.obj (.bss:p_buffer)
                  20006340    00000200     app_pem3.oem3 (.bss:xdc_runtime_LoggerBuf_Instance_State_0_entryArr__A)
                  20006540    00000200     app_pem3.oem3 (.bss:xdc_runtime_SysMin_Module_State_0_outbuf__A)
                  20006740    00000120     rtsv7M3_T_le_eabi.lib : trgmsg.obj (.bss:__CIOBUF_)
                  20006860    000000a0     app_pem3.oem3 (.bss:ti_sysbios_knl_Mailbox_Instance_State_0_allocBuf__A)
                  20006900    00000034     main.obj (.bss:pcStr)
                  20006934    00000024     main.obj (.bss)
                  20006958    00000018     buttons.obj (.bss)
                  20006970    00000014     app_pem3.oem3 (.bss)
                  20006984    0000000c     rit128x96x4.obj (.bss)
                  20006990    00000008     rtsv7M3_T_le_eabi.lib : trgdrv.obj (.bss)

.stack     0    20006998    00002000     UNINITIALIZED
                  20006998    00002000     --HOLE--

.data      0    20008998    0000084c     
                  20008998    000001a0     app_pem3.oem3 (.data)
                  20008b38    0000017c     app_pem3.oem3 (.data:ti_sysbios_knl_Task_Object__table__V)
                  20008cb4    00000140     app_pem3.oem3 (.data:ti_sysbios_family_arm_m3_Hwi_Module_State_0_dispatchTable__A)
                  20008df4    00000080     app_pem3.oem3 (.data:ti_sysbios_knl_Swi_Module_State_0_readyQ__A)
                  20008e74    00000080     app_pem3.oem3 (.data:ti_sysbios_knl_Task_Module_State_0_readyQ__A)
                  20008ef4    00000060     app_pem3.oem3 (.data:ti_sysbios_family_arm_lm3_Timer_Object__table__V)
                  20008f54    00000054     app_pem3.oem3 (.data:ti_sysbios_family_arm_m3_Hwi_Module__state__V)
                  20008fa8    00000050     app_pem3.oem3 (.data:ti_sysbios_knl_Mailbox_Object__table__V)
                  20008ff8    00000050     app_pem3.oem3 (.data:ti_sysbios_knl_Semaphore_Object__table__V)
                  20009048    00000048     app_pem3.oem3 (.data:ti_sysbios_family_arm_m3_Hwi_Object__table__V)
                  20009090    00000044     app_pem3.oem3 (.data:ti_sysbios_knl_Task_Module__state__V)
                  200090d4    00000040     main.obj (.data)
                  20009114    00000038     app_pem3.oem3 (.data:ti_sysbios_gates_GateMutex_Object__table__V)
                  2000914c    00000030     app_pem3.oem3 (.data:ti_sysbios_knl_Swi_Object__table__V)
                  2000917c    00000028     app_pem3.oem3 (.data:ti_sysbios_knl_Clock_Module__state__V)
                  200091a4    00000024     app_pem3.oem3 (.data:xdc_runtime_LoggerBuf_Object__table__V)
                  200091c8    00000008     rtsv7M3_T_le_eabi.lib : _lock.obj (.data)
                  200091d0    00000008                           : exit.obj (.data)
                  200091d8    00000004                           : dtor_list.obj (.data)
                  200091dc    00000004                           : stkdepth_vars.obj (.data)
                  200091e0    00000004     ustdlib.obj (.data)


LINKER GENERATED COPY TABLES

__TI_cinit_table @ 0000a6e8 records: 3, size/record: 8, table size: 24
	.data: load addr=0000a1b0, load size=00000518 bytes, run addr=20008998, run size=0000084c bytes, compression=rle
	.bss: load addr=0000a6d8, load size=00000008 bytes, run addr=20000140, run size=00006858 bytes, compression=zero_init
	.vecs: load addr=0000a6e0, load size=00000008 bytes, run addr=20000000, run size=00000140 bytes, compression=zero_init


LINKER GENERATED HANDLER TABLE

__TI_handler_table @ 0000a6c8 records: 3, size/record: 4, table size: 12
	index: 0, handler: __TI_zero_init
	index: 1, handler: __TI_decompress_rle24
	index: 2, handler: __TI_decompress_none


GLOBAL SYMBOLS: SORTED ALPHABETICALLY BY Name 

address    name
--------   ----
00009bfc   ADCHwi
00007adf   ADCIntEnable
000073b1   ADCSequenceConfigure
00007c11   ADCSequenceDisable
00007c1f   ADCSequenceEnable
0000626d   ADCSequenceStepConfigure
00000c99   ADC_ISR
00005a35   ButtonDebounce
00009bf8   ButtonTask
00006ce1   C$$EXIT
000064a7   C$$IO$$
00007c71   CPUcpsid
00007c7d   CPUcpsie
00009c0c   DisplayTask
00001585   DrawChar
0000174d   DrawCircle
000017f7   DrawFilledRectangle
0000146b   DrawLine
000013fb   DrawPoint
0000165d   DrawString
00001389   FillFrame
00007279   GPIODirModeSet
00004eb1   GPIOPadConfigSet
00007a19   GPIOPinTypeGPIOInput
00007a2b   GPIOPinTypeGPIOOutput
00007a3d   GPIOPinTypeSSI
00007d97   GPIOPinWrite
00002927   HOSTclock
000028ed   HOSTclose
000028af   HOSTgetenv
00002853   HOSTlseek
00002803   HOSTopen
000027b5   HOSTread
00002755   HOSTrename
00002719   HOSTtime
000026df   HOSTunlink
00002691   HOSTwrite
00009c08   InputTask
00007d0d   IntMasterDisable
00007d17   IntMasterEnable
000076a5   LoggerBuf_instanceStartup
00001b29   RIT128x96x4Clear
00001db7   RIT128x96x4Disable
00001eff   RIT128x96x4DisplayOff
00001ecb   RIT128x96x4DisplayOn
00001d5d   RIT128x96x4Enable
00001cc1   RIT128x96x4ImageDraw
00001e25   RIT128x96x4Init
00001b91   RIT128x96x4StringDraw
UNDEFED    SHT$$INIT_ARRAY$$Base
UNDEFED    SHT$$INIT_ARRAY$$Limit
00007d71   SSIBusy
00006a39   SSIConfigSetExpClk
00007a4f   SSIDataGetNonBlocking
00007d21   SSIDataPut
00007d2b   SSIDisable
00007d35   SSIEnable
000075e5   SysCtlADCSpeedSet
0000340d   SysCtlClockGet
00003861   SysCtlClockSet
00007d9d   SysCtlDelay
00007c89   SysCtlLDOSet
000066b5   SysCtlPeripheralEnable
20008c68   TSK_idle
0000747d   TimerConfigure
0000793d   TimerDisable
00007c2d   TimerEnable
00000cdb   TimerISR
00007dcd   TimerIntClear
00007d3f   TimerIntStatus
00007a61   TimerLoadSet
00009c10   WaveformTask
00004f79   _Dint
00006ac1   _Dtest
00000000   __ASM__
20006740   __CIOBUF_
00000061   __ISA__
00000073   __PLAT__
20008998   __STACK_END
00002000   __STACK_SIZE
20006b98   __STACK_TOP
00000099   __TARG__
0000a6e8   __TI_CINIT_Base
0000a700   __TI_CINIT_Limit
0000a6c8   __TI_Handler_Table_Base
0000a6d4   __TI_Handler_Table_Limit
00000001   __TI_args_main
00005721   __TI_auto_init
00007c3b   __TI_decompress_none
00007da9   __TI_decompress_rle24
00000000   __TI_static_base__
00007a73   __TI_zero_init
000000be   __TRDR__
00004c73   __aeabi_atexit
00005f21   __aeabi_cdcmpeq
00005f21   __aeabi_cdcmple
00006845   __aeabi_d2iz
0000325f   __aeabi_dadd
00003255   __aeabi_dsub
00006e91   __aeabi_f2d
00005bf1   __aeabi_fdiv
00006099   __aeabi_fmul
00006ec9   __aeabi_i2f
00006113   __aeabi_memclr
00006113   __aeabi_memclr4
00006113   __aeabi_memclr8
00005861   __aeabi_memcpy
00005861   __aeabi_memcpy4
00005861   __aeabi_memcpy8
00006115   __aeabi_memset
00006115   __aeabi_memset4
00006115   __aeabi_memset8
00006c9d   __aeabi_uidivmod
ffffffff   __binit__
ffffffff   __c_args__
00004c61   __cxa_atexit
00004c1d   __cxa_finalize
00004c5b   __cxa_ia64_exit
20006998   __stack
00007da3   __xdc__init
20008b34   __xdc__init__addr
000078ad   _args_main
000069f5   _c_int00
200091d0   _cleanup_ptr
200091d4   _dtors_ptr
200091c8   _lock
0000795f   _nop
00007957   _register_lock
00007951   _register_unlock
200091cc   _unlock
00006ce5   abort
00004c65   atexit
ffffffff   binit
00000ce7   buttonTask
00009c00   clock0
00006a7d   copy_in
200090e8   count_loaded
200090e4   count_unloaded
200090ec   cpu_load
0000132f   cpu_load_count
200090e0   cpu_load_int
000017e7   custDrawCircle
00000df9   displayTask
00006ced   exit
20006944   fScale
200090f4   fVoltsPerDiv
00007893   free
200090d4   g_iADCBufferIndex
00009e88   g_ppcTimeScaleStr
00009e78   g_ppcVoltageScaleStr
000096f4   g_pucFont
20002940   g_pucFrame
20004140   g_pusADCBuffer
200090d8   g_ulADCErrors
20006958   g_ulButtons
20006934   g_ulSystemClock
20006948   i
0000103d   inputTask
2000694c   j
00009c04   mailbox0
00000b59   main
200091dc   main_func_sp
000072a7   malloc
00005861   memcpy
0000611b   memset
20006140   p_buffer
20006900   pcStr
20006940   prevy
000064ab   readmsg
00006419   round
20009108   selection_state
00009c1c   sem_buf
00009c14   sem_button
00009c18   sem_display
00009c20   sem_waveform
200090dc   state
00007a85   strcpy
00007965   strlen
20006938   temp_index
00007c65   ti_catalog_arm_cortexm3_lm3init_Boot_init
0000420d   ti_catalog_arm_cortexm3_lm3init_Boot_sysCtlClockSet
00007d91   ti_catalog_arm_cortexm3_lm3init_Boot_sysCtlDelay
00009f08   ti_sysbios_BIOS_Module__diagsEnabled__C
00009f0c   ti_sysbios_BIOS_Module__diagsIncluded__C
00009f10   ti_sysbios_BIOS_Module__diagsMask__C
0000a140   ti_sysbios_BIOS_Module__id__C
20008998   ti_sysbios_BIOS_Module__state__V
00007dd1   ti_sysbios_BIOS_RtsGateProxy_enter__E
00007dd5   ti_sysbios_BIOS_RtsGateProxy_leave__E
00007de5   ti_sysbios_BIOS_RtsGateProxy_query__E
00006b05   ti_sysbios_BIOS_errorRaiseHook__I
00007189   ti_sysbios_BIOS_exitFunc__I
00009f14   ti_sysbios_BIOS_installedErrorHook__C
0000340b   ti_sysbios_BIOS_nullFunc__I
000074a1   ti_sysbios_BIOS_registerRTSLock__I
00007705   ti_sysbios_BIOS_rtsLock__I
0000618d   ti_sysbios_BIOS_rtsUnlock__I
00007b21   ti_sysbios_BIOS_setThreadType__E
000074c5   ti_sysbios_BIOS_startFunc__I
00007b31   ti_sysbios_BIOS_start__E
200089c0   ti_sysbios_family_arm_lm3_Timer_Module_State_0_device__A
200089e0   ti_sysbios_family_arm_lm3_Timer_Module_State_0_handles__A
200089b8   ti_sysbios_family_arm_lm3_Timer_Module__root__V
000078c5   ti_sysbios_family_arm_lm3_Timer_Module__startupDone__F
000078c5   ti_sysbios_family_arm_lm3_Timer_Module__startupDone__S
200089f0   ti_sysbios_family_arm_lm3_Timer_Module__state__V
00005fa1   ti_sysbios_family_arm_lm3_Timer_Module_startup__E
00005fa1   ti_sysbios_family_arm_lm3_Timer_Module_startup__F
20008ef4   ti_sysbios_family_arm_lm3_Timer_Object__table__V
00009f18   ti_sysbios_family_arm_lm3_Timer_WRALLOW__C
00006b49   ti_sysbios_family_arm_lm3_Timer_enableTimers__I
00007dd9   ti_sysbios_family_arm_lm3_Timer_getPeriod__E
00005c85   ti_sysbios_family_arm_lm3_Timer_initDevice__I
000074e9   ti_sysbios_family_arm_lm3_Timer_isrStub__E
00009f1c   ti_sysbios_family_arm_lm3_Timer_numTimerDevices__C
0000601d   ti_sysbios_family_arm_lm3_Timer_start__E
00009f20   ti_sysbios_family_arm_lm3_Timer_startupNeeded__C
0000503d   ti_sysbios_family_arm_lm3_Timer_startup__E
200089fc   ti_sysbios_family_arm_lm3_TimestampProvider_Module__state__V
00007daf   ti_sysbios_family_arm_lm3_TimestampProvider_Module_startup__E
00007daf   ti_sysbios_family_arm_lm3_TimestampProvider_Module_startup__F
000057c1   ti_sysbios_family_arm_lm3_TimestampProvider_get64__E
00007b41   ti_sysbios_family_arm_lm3_TimestampProvider_rolloverFunc__E
00007ca1   ti_sysbios_family_arm_lm3_TimestampProvider_startTimer__E
0000a144   ti_sysbios_family_arm_lm3_TimestampProvider_useClockTimer__C
00009f24   ti_sysbios_family_arm_m3_Hwi_E_NMI__C
00009f28   ti_sysbios_family_arm_m3_Hwi_E_busFault__C
00009f2c   ti_sysbios_family_arm_m3_Hwi_E_debugMon__C
00009f30   ti_sysbios_family_arm_m3_Hwi_E_hardFault__C
00009f34   ti_sysbios_family_arm_m3_Hwi_E_memFault__C
00009f38   ti_sysbios_family_arm_m3_Hwi_E_noIsr__C
00009f3c   ti_sysbios_family_arm_m3_Hwi_E_reserved__C
00009f40   ti_sysbios_family_arm_m3_Hwi_E_svCall__C
00009f44   ti_sysbios_family_arm_m3_Hwi_E_usageFault__C
00007791   ti_sysbios_family_arm_m3_Hwi_Handle__label__S
00009f48   ti_sysbios_family_arm_m3_Hwi_LD_end__C
00009f4c   ti_sysbios_family_arm_m3_Hwi_LM_begin__C
20008cb4   ti_sysbios_family_arm_m3_Hwi_Module_State_0_dispatchTable__A
20008a0c   ti_sysbios_family_arm_m3_Hwi_Module_State_0_excActive__A
20008a10   ti_sysbios_family_arm_m3_Hwi_Module_State_0_excContext__A
20008a14   ti_sysbios_family_arm_m3_Hwi_Module_State_0_excStack__A
00009f50   ti_sysbios_family_arm_m3_Hwi_Module__diagsEnabled__C
00009f54   ti_sysbios_family_arm_m3_Hwi_Module__diagsIncluded__C
00009f58   ti_sysbios_family_arm_m3_Hwi_Module__diagsMask__C
0000a148   ti_sysbios_family_arm_m3_Hwi_Module__id__C
0000a14c   ti_sysbios_family_arm_m3_Hwi_Module__loggerDefined__C
00009f5c   ti_sysbios_family_arm_m3_Hwi_Module__loggerFxn1__C
00009f60   ti_sysbios_family_arm_m3_Hwi_Module__loggerFxn8__C
00009f64   ti_sysbios_family_arm_m3_Hwi_Module__loggerObj__C
20008a04   ti_sysbios_family_arm_m3_Hwi_Module__root__V
000078dd   ti_sysbios_family_arm_m3_Hwi_Module__startupDone__F
000078dd   ti_sysbios_family_arm_m3_Hwi_Module__startupDone__S
20008f54   ti_sysbios_family_arm_m3_Hwi_Module__state__V
0000567d   ti_sysbios_family_arm_m3_Hwi_Module_startup__E
0000567d   ti_sysbios_family_arm_m3_Hwi_Module_startup__F
00009f68   ti_sysbios_family_arm_m3_Hwi_NUM_INTERRUPTS__C
20009048   ti_sysbios_family_arm_m3_Hwi_Object__table__V
00009f6c   ti_sysbios_family_arm_m3_Hwi_ccr__C
00006b8d   ti_sysbios_family_arm_m3_Hwi_disableInterrupt__E
00003fc9   ti_sysbios_family_arm_m3_Hwi_dispatchC__I
00009f70   ti_sysbios_family_arm_m3_Hwi_dispatchTable__C
00004541   ti_sysbios_family_arm_m3_Hwi_dispatch__I
00007d79   ti_sysbios_family_arm_m3_Hwi_doSwiRestore__I
0000750d   ti_sysbios_family_arm_m3_Hwi_doTaskRestore__I
00006bd1   ti_sysbios_family_arm_m3_Hwi_enableInterrupt__E
000035a5   ti_sysbios_family_arm_m3_Hwi_excBusFault__I
000053d1   ti_sysbios_family_arm_m3_Hwi_excDebugMon__I
00001f2d   ti_sysbios_family_arm_m3_Hwi_excDumpRegs__I
00004625   ti_sysbios_family_arm_m3_Hwi_excHandlerAsm__I
00009f74   ti_sysbios_family_arm_m3_Hwi_excHandlerFunc__C
00003069   ti_sysbios_family_arm_m3_Hwi_excHandlerMax__I
00007b51   ti_sysbios_family_arm_m3_Hwi_excHandler__I
000051b5   ti_sysbios_family_arm_m3_Hwi_excHardFault__I
00009ed0   ti_sysbios_family_arm_m3_Hwi_excHookFuncs__A
00009f78   ti_sysbios_family_arm_m3_Hwi_excHookFuncs__C
000039a5   ti_sysbios_family_arm_m3_Hwi_excMemFault__I
00007051   ti_sysbios_family_arm_m3_Hwi_excNmi__I
00006f01   ti_sysbios_family_arm_m3_Hwi_excNoIsr__I
0000688d   ti_sysbios_family_arm_m3_Hwi_excReserved__I
00006da1   ti_sysbios_family_arm_m3_Hwi_excSvCall__I
0000370d   ti_sysbios_family_arm_m3_Hwi_excUsageFault__I
00006f39   ti_sysbios_family_arm_m3_Hwi_getStackInfo__E
00004d09   ti_sysbios_family_arm_m3_Hwi_initNVIC__E
0000787b   ti_sysbios_family_arm_m3_Hwi_initStacks__E
e000e000   ti_sysbios_family_arm_m3_Hwi_nvic
000045f3   ti_sysbios_family_arm_m3_Hwi_pendSV__I
00009f7c   ti_sysbios_family_arm_m3_Hwi_priGroup__C
000099f4   ti_sysbios_family_arm_m3_Hwi_priorities__A
00009f80   ti_sysbios_family_arm_m3_Hwi_priorities__C
20000000   ti_sysbios_family_arm_m3_Hwi_ramVectors
00000000   ti_sysbios_family_arm_m3_Hwi_resetVectors
0000460b   ti_sysbios_family_arm_m3_Hwi_return
00007d81   ti_sysbios_family_arm_m3_Hwi_startup__E
00007979   ti_sysbios_family_arm_m3_Hwi_switchFromBootStack__E
00007ddd   ti_sysbios_family_arm_m3_TaskSupport_Module__startupDone__S
000067ad   ti_sysbios_family_arm_m3_TaskSupport_buildTaskStack
00007c49   ti_sysbios_family_arm_m3_TaskSupport_checkStack__E
00007aef   ti_sysbios_family_arm_m3_TaskSupport_glue
00006f71   ti_sysbios_family_arm_m3_TaskSupport_start__E
00007aff   ti_sysbios_family_arm_m3_TaskSupport_swap__E
00007b0f   ti_sysbios_family_xxx_Hwi_switchToIsrStack
00007c95   ti_sysbios_family_xxx_Hwi_switchToTaskStack
000077ab   ti_sysbios_gates_GateHwi_Handle__label__S
00005a33   ti_sysbios_gates_GateHwi_Instance_init__F
00009c4c   ti_sysbios_gates_GateHwi_Module__FXNS__C
20008a18   ti_sysbios_gates_GateHwi_Module__root__V
00009d24   ti_sysbios_gates_GateHwi_Object__DESC__C
00009e00   ti_sysbios_gates_GateHwi_Object__PARAMS__C
00007085   ti_sysbios_gates_GateHwi_Object__create__S
00007605   ti_sysbios_gates_GateHwi_Object__delete__S
20008a20   ti_sysbios_gates_GateHwi_Object__table__V
00007cad   ti_sysbios_gates_GateHwi_enter__E
00007db5   ti_sysbios_gates_GateHwi_leave__E
00007de1   ti_sysbios_gates_GateHwi_query__E
00007de1   ti_sysbios_gates_GateHwi_query__F
00009f84   ti_sysbios_gates_GateMutex_A_badContext__C
000077c5   ti_sysbios_gates_GateMutex_Handle__label__S
00009f88   ti_sysbios_gates_GateMutex_Instance_State_sem__O
00007b61   ti_sysbios_gates_GateMutex_Instance_finalize__F
00007405   ti_sysbios_gates_GateMutex_Instance_init__F
00009c70   ti_sysbios_gates_GateMutex_Module__FXNS__C
00009f8c   ti_sysbios_gates_GateMutex_Module__diagsEnabled__C
00009f90   ti_sysbios_gates_GateMutex_Module__diagsIncluded__C
00009f94   ti_sysbios_gates_GateMutex_Module__diagsMask__C
0000a150   ti_sysbios_gates_GateMutex_Module__id__C
20008a24   ti_sysbios_gates_GateMutex_Module__root__V
00009d44   ti_sysbios_gates_GateMutex_Object__DESC__C
00009e18   ti_sysbios_gates_GateMutex_Object__PARAMS__C
000070b9   ti_sysbios_gates_GateMutex_Object__create__S
00007531   ti_sysbios_gates_GateMutex_Object__delete__S
20009114   ti_sysbios_gates_GateMutex_Object__table__V
00005269   ti_sysbios_gates_GateMutex_enter__E
000078f5   ti_sysbios_gates_GateMutex_leave__E
00007de5   ti_sysbios_gates_GateMutex_query__E
00007de5   ti_sysbios_gates_GateMutex_query__F
00009f98   ti_sysbios_hal_Hwi_E_stackOverflow__C
00007de9   ti_sysbios_hal_Hwi_HwiProxy_Module__startupDone__S
00006b8d   ti_sysbios_hal_Hwi_HwiProxy_disableInterrupt__E
00006bd1   ti_sysbios_hal_Hwi_HwiProxy_enableInterrupt__E
00006f39   ti_sysbios_hal_Hwi_HwiProxy_getStackInfo__E
00007d81   ti_sysbios_hal_Hwi_HwiProxy_startup__E
00007979   ti_sysbios_hal_Hwi_HwiProxy_switchFromBootStack__E
0000a154   ti_sysbios_hal_Hwi_Module__id__C
20008a2c   ti_sysbios_hal_Hwi_Module__root__V
00007a97   ti_sysbios_hal_Hwi_Module_startup__E
00007a97   ti_sysbios_hal_Hwi_Module_startup__F
000070ed   ti_sysbios_hal_Hwi_checkStack
00006b8d   ti_sysbios_hal_Hwi_disableInterrupt__E
00006bd1   ti_sysbios_hal_Hwi_enableInterrupt__E
00006f39   ti_sysbios_hal_Hwi_getStackInfo__E
000072d5   ti_sysbios_hal_Hwi_initStack
00007d81   ti_sysbios_hal_Hwi_startup__E
00007979   ti_sysbios_hal_Hwi_switchFromBootStack__E
20008a34   ti_sysbios_hal_Timer_Module__root__V
0000790d   ti_sysbios_hal_Timer_Module__startupDone__F
0000790d   ti_sysbios_hal_Timer_Module__startupDone__S
00007aa9   ti_sysbios_hal_Timer_Module_startup__E
00007aa9   ti_sysbios_hal_Timer_Module_startup__F
20008a3c   ti_sysbios_hal_Timer_Object__table__V
00007ded   ti_sysbios_hal_Timer_TimerProxy_Module__startupDone__S
00007df1   ti_sysbios_hal_Timer_TimerProxy_getPeriod__E
0000503d   ti_sysbios_hal_Timer_TimerProxy_startup__E
0000503d   ti_sysbios_hal_Timer_startup__E
00009f9c   ti_sysbios_heaps_HeapMem_A_align__C
00009fa0   ti_sysbios_heaps_HeapMem_A_heapSize__C
00009fa4   ti_sysbios_heaps_HeapMem_A_invalidFree__C
00009fa8   ti_sysbios_heaps_HeapMem_A_zeroBlock__C
00009fac   ti_sysbios_heaps_HeapMem_E_memory__C
000077df   ti_sysbios_heaps_HeapMem_Handle__label__S
20005140   ti_sysbios_heaps_HeapMem_Instance_State_0_buf__A
00003c25   ti_sysbios_heaps_HeapMem_Instance_init__F
00007df5   ti_sysbios_heaps_HeapMem_Module_GateProxy_enter__E
00007df9   ti_sysbios_heaps_HeapMem_Module_GateProxy_leave__E
00007de5   ti_sysbios_heaps_HeapMem_Module_GateProxy_query__E
00009c24   ti_sysbios_heaps_HeapMem_Module__FXNS__C
00009fb0   ti_sysbios_heaps_HeapMem_Module__diagsEnabled__C
00009fb4   ti_sysbios_heaps_HeapMem_Module__diagsIncluded__C
00009fb8   ti_sysbios_heaps_HeapMem_Module__diagsMask__C
00009fbc   ti_sysbios_heaps_HeapMem_Module__gateObj__C
0000a158   ti_sysbios_heaps_HeapMem_Module__id__C
20008a44   ti_sysbios_heaps_HeapMem_Module__root__V
00009d64   ti_sysbios_heaps_HeapMem_Object__DESC__C
00009c94   ti_sysbios_heaps_HeapMem_Object__PARAMS__C
00009fc0   ti_sysbios_heaps_HeapMem_Object__count__C
00007121   ti_sysbios_heaps_HeapMem_Object__create__S
00007625   ti_sysbios_heaps_HeapMem_Object__delete__S
0000798d   ti_sysbios_heaps_HeapMem_Object__get__S
[...]
00007b51   ti_sysbios_family_arm_m3_Hwi_excHandler__I
00007b61   ti_sysbios_gates_GateMutex_Instance_finalize__F
00007b71   ti_sysbios_knl_Semaphore_Instance_finalize__F
00007b81   ti_sysbios_knl_Swi_disable__E
00007b91   ti_sysbios_knl_Task_Object__get__S
00007ba1   ti_sysbios_knl_Task_disable__E
00007bb1   xdc_runtime_Gate_leaveSystem__E
00007bb1   xdc_runtime_Gate_leaveSystem__F
00007bc1   xdc_runtime_LoggerBuf_write0__E
00007bc1   xdc_runtime_LoggerBuf_write0__F
00007bd1   xdc_runtime_Memory_free__E
00007bd1   xdc_runtime_Memory_free__F
00007be1   xdc_runtime_SysMin_ready__E
00007be1   xdc_runtime_SysMin_ready__F
00007be1   xdc_runtime_System_SupportProxy_ready__E
00007bf1   xdc_runtime_System_vsnprintf__F
00007c01   xdc_runtime_Text_visitRope__I
00007c11   ADCSequenceDisable
00007c1f   ADCSequenceEnable
00007c2d   TimerEnable
00007c3b   __TI_decompress_none
00007c49   ti_sysbios_family_arm_m3_TaskSupport_checkStack__E
00007c49   ti_sysbios_knl_Task_SupportProxy_checkStack__E
00007c57   ti_sysbios_knl_Queue_empty__E
00007c65   ti_catalog_arm_cortexm3_lm3init_Boot_init
00007c71   CPUcpsid
00007c7d   CPUcpsie
00007c89   SysCtlLDOSet
00007c95   ti_sysbios_family_xxx_Hwi_switchToTaskStack
00007ca1   ti_sysbios_family_arm_lm3_TimestampProvider_startTimer__E
00007cad   ti_sysbios_gates_GateHwi_enter__E
00007cb9   ti_sysbios_knl_Queue_Object__get__S
00007cc5   xdc_runtime_Error_init__E
00007cc5   xdc_runtime_Error_init__F
00007cd1   xdc_runtime_Gate_enterSystem__E
00007cd1   xdc_runtime_Gate_enterSystem__F
00007cdd   xdc_runtime_Memory_calloc__E
00007cdd   xdc_runtime_Memory_calloc__F
00007ce9   xdc_runtime_Memory_getMaxDefaultTypeAlign__E
00007ce9   xdc_runtime_Memory_getMaxDefaultTypeAlign__F
00007cf5   xdc_runtime_System_exit__E
00007cf5   xdc_runtime_System_exit__F
00007d01   xdc_runtime_System_lastFxn__I
00007d0d   IntMasterDisable
00007d17   IntMasterEnable
00007d21   SSIDataPut
00007d2b   SSIDisable
00007d35   SSIEnable
00007d3f   TimerIntStatus
00007d5d   xdc_runtime_LoggerBuf_disable__E
00007d5d   xdc_runtime_LoggerBuf_disable__F
00007d67   xdc_runtime_LoggerBuf_enable__E
00007d67   xdc_runtime_LoggerBuf_enable__F
00007d71   SSIBusy
00007d79   ti_sysbios_family_arm_m3_Hwi_doSwiRestore__I
00007d81   ti_sysbios_family_arm_m3_Hwi_startup__E
00007d81   ti_sysbios_hal_Hwi_HwiProxy_startup__E
00007d81   ti_sysbios_hal_Hwi_startup__E
00007d89   ti_sysbios_knl_Idle_loop__E
00007d91   ti_catalog_arm_cortexm3_lm3init_Boot_sysCtlDelay
00007d97   GPIOPinWrite
00007d9d   SysCtlDelay
00007da3   __xdc__init
00007da9   __TI_decompress_rle24
00007daf   ti_sysbios_family_arm_lm3_TimestampProvider_Module_startup__E
00007daf   ti_sysbios_family_arm_lm3_TimestampProvider_Module_startup__F
00007db5   ti_sysbios_gates_GateHwi_leave__E
00007dbb   ti_sysbios_heaps_HeapMem_isBlocking__E
00007dc1   ti_sysbios_knl_Queue_Instance_init__F
00007dc7   xdc_runtime_System_Module_startup__E
00007dc7   xdc_runtime_System_Module_startup__F
00007dcd   TimerIntClear
00007dd1   ti_sysbios_BIOS_RtsGateProxy_enter__E
00007dd5   ti_sysbios_BIOS_RtsGateProxy_leave__E
00007dd9   ti_sysbios_family_arm_lm3_Timer_getPeriod__E
00007ddd   ti_sysbios_family_arm_m3_TaskSupport_Module__startupDone__S
00007de1   ti_sysbios_gates_GateHwi_query__E
00007de1   ti_sysbios_gates_GateHwi_query__F
00007de1   xdc_runtime_LoggerBuf_Module_GateProxy_query__E
00007de1   xdc_runtime_Main_Module_GateProxy_query__E
00007de1   xdc_runtime_System_Module_GateProxy_query__E
00007de5   ti_sysbios_BIOS_RtsGateProxy_query__E
00007de5   ti_sysbios_gates_GateMutex_query__E
00007de5   ti_sysbios_gates_GateMutex_query__F
00007de5   ti_sysbios_heaps_HeapMem_Module_GateProxy_query__E
00007de9   ti_sysbios_hal_Hwi_HwiProxy_Module__startupDone__S
00007ded   ti_sysbios_hal_Timer_TimerProxy_Module__startupDone__S
00007df1   ti_sysbios_hal_Timer_TimerProxy_getPeriod__E
00007df5   ti_sysbios_heaps_HeapMem_Module_GateProxy_enter__E
00007df9   ti_sysbios_heaps_HeapMem_Module_GateProxy_leave__E
00007dfd   ti_sysbios_knl_Task_SupportProxy_Module__startupDone__S
00007e01   ti_sysbios_knl_Task_startup__E
00007e05   xdc_runtime_Error_getSite__E
00007e05   xdc_runtime_Error_getSite__F
00007e09   xdc_runtime_LoggerBuf_Module_GateProxy_enter__E
00007e0d   xdc_runtime_LoggerBuf_Module_GateProxy_leave__E
00007e11   xdc_runtime_Memory_HeapProxy_alloc__E
00007e15   xdc_runtime_Memory_HeapProxy_free__E
00007e19   xdc_runtime_Startup_reset__I
00007e1d   xdc_runtime_System_Module_GateProxy_enter__E
00007e21   xdc_runtime_System_Module_GateProxy_leave__E
00007e25   xdc_runtime_System_aprintf_va__F
00007e29   xdc_runtime_System_printf_va__F
00007e2d   xdc_runtime_System_vsnprintf__E
00007e30   xdc_runtime_Text_charTab__A
000096f4   g_pucFont
000098d0   xdc_runtime_Text_nodeTab__A
000099f4   ti_sysbios_family_arm_m3_Hwi_priorities__A
00009b5c   xdc_runtime_LoggerBuf_Module__FXNS__C
00009bc8   xdc_runtime_Startup_sfxnTab__A
00009bf8   ButtonTask
00009bfc   ADCHwi
00009c00   clock0
00009c04   mailbox0
00009c08   InputTask
00009c0c   DisplayTask
00009c10   WaveformTask
00009c14   sem_button
00009c18   sem_display
00009c1c   sem_buf
00009c20   sem_waveform
00009c24   ti_sysbios_heaps_HeapMem_Module__FXNS__C
00009c4c   ti_sysbios_gates_GateHwi_Module__FXNS__C
00009c70   ti_sysbios_gates_GateMutex_Module__FXNS__C
00009c94   ti_sysbios_heaps_HeapMem_Object__PARAMS__C
00009cb8   ti_sysbios_knl_Semaphore_Object__PARAMS__C
00009cdc   xdc_runtime_LoggerBuf_Object__PARAMS__C
00009d24   ti_sysbios_gates_GateHwi_Object__DESC__C
00009d44   ti_sysbios_gates_GateMutex_Object__DESC__C
00009d64   ti_sysbios_heaps_HeapMem_Object__DESC__C
00009d84   ti_sysbios_knl_Queue_Object__DESC__C
00009da4   ti_sysbios_knl_Semaphore_Object__DESC__C
00009dc4   xdc_runtime_LoggerBuf_Object__DESC__C
00009e00   ti_sysbios_gates_GateHwi_Object__PARAMS__C
00009e18   ti_sysbios_gates_GateMutex_Object__PARAMS__C
00009e30   ti_sysbios_knl_Queue_Object__PARAMS__C
00009e48   ti_sysbios_knl_Task_hooks__A
00009e60   xdc_runtime_Startup_sfxnRts__A
00009e78   g_ppcVoltageScaleStr
00009e88   g_ppcTimeScaleStr
00009eb4   xdc_runtime_Startup_firstFxns__A
00009ed0   ti_sysbios_family_arm_m3_Hwi_excHookFuncs__A
00009ed8   ti_sysbios_knl_Idle_coreList__C
00009ee0   ti_sysbios_knl_Idle_funcList__C
00009ee8   ti_sysbios_knl_Task_hooks__C
00009ef0   xdc_runtime_Startup_firstFxns__C
00009ef8   xdc_runtime_Startup_lastFxns__A
00009f00   xdc_runtime_Startup_lastFxns__C
00009f08   ti_sysbios_BIOS_Module__diagsEnabled__C
00009f0c   ti_sysbios_BIOS_Module__diagsIncluded__C
00009f10   ti_sysbios_BIOS_Module__diagsMask__C
00009f14   ti_sysbios_BIOS_installedErrorHook__C
00009f18   ti_sysbios_family_arm_lm3_Timer_WRALLOW__C
00009f1c   ti_sysbios_family_arm_lm3_Timer_numTimerDevices__C
00009f20   ti_sysbios_family_arm_lm3_Timer_startupNeeded__C
00009f24   ti_sysbios_family_arm_m3_Hwi_E_NMI__C
00009f28   ti_sysbios_family_arm_m3_Hwi_E_busFault__C
00009f2c   ti_sysbios_family_arm_m3_Hwi_E_debugMon__C
00009f30   ti_sysbios_family_arm_m3_Hwi_E_hardFault__C
00009f34   ti_sysbios_family_arm_m3_Hwi_E_memFault__C
00009f38   ti_sysbios_family_arm_m3_Hwi_E_noIsr__C
00009f3c   ti_sysbios_family_arm_m3_Hwi_E_reserved__C
00009f40   ti_sysbios_family_arm_m3_Hwi_E_svCall__C
00009f44   ti_sysbios_family_arm_m3_Hwi_E_usageFault__C
00009f48   ti_sysbios_family_arm_m3_Hwi_LD_end__C
00009f4c   ti_sysbios_family_arm_m3_Hwi_LM_begin__C
00009f50   ti_sysbios_family_arm_m3_Hwi_Module__diagsEnabled__C
00009f54   ti_sysbios_family_arm_m3_Hwi_Module__diagsIncluded__C
00009f58   ti_sysbios_family_arm_m3_Hwi_Module__diagsMask__C
00009f5c   ti_sysbios_family_arm_m3_Hwi_Module__loggerFxn1__C
00009f60   ti_sysbios_family_arm_m3_Hwi_Module__loggerFxn8__C
00009f64   ti_sysbios_family_arm_m3_Hwi_Module__loggerObj__C
00009f68   ti_sysbios_family_arm_m3_Hwi_NUM_INTERRUPTS__C
00009f6c   ti_sysbios_family_arm_m3_Hwi_ccr__C
00009f70   ti_sysbios_family_arm_m3_Hwi_dispatchTable__C
00009f74   ti_sysbios_family_arm_m3_Hwi_excHandlerFunc__C
00009f78   ti_sysbios_family_arm_m3_Hwi_excHookFuncs__C
00009f7c   ti_sysbios_family_arm_m3_Hwi_priGroup__C
00009f80   ti_sysbios_family_arm_m3_Hwi_priorities__C
00009f84   ti_sysbios_gates_GateMutex_A_badContext__C
00009f88   ti_sysbios_gates_GateMutex_Instance_State_sem__O
00009f8c   ti_sysbios_gates_GateMutex_Module__diagsEnabled__C
00009f90   ti_sysbios_gates_GateMutex_Module__diagsIncluded__C
00009f94   ti_sysbios_gates_GateMutex_Module__diagsMask__C
00009f98   ti_sysbios_hal_Hwi_E_stackOverflow__C
00009f9c   ti_sysbios_heaps_HeapMem_A_align__C
00009fa0   ti_sysbios_heaps_HeapMem_A_heapSize__C
00009fa4   ti_sysbios_heaps_HeapMem_A_invalidFree__C
00009fa8   ti_sysbios_heaps_HeapMem_A_zeroBlock__C
00009fac   ti_sysbios_heaps_HeapMem_E_memory__C
00009fb0   ti_sysbios_heaps_HeapMem_Module__diagsEnabled__C
00009fb4   ti_sysbios_heaps_HeapMem_Module__diagsIncluded__C
00009fb8   ti_sysbios_heaps_HeapMem_Module__diagsMask__C
00009fbc   ti_sysbios_heaps_HeapMem_Module__gateObj__C
00009fc0   ti_sysbios_heaps_HeapMem_Object__count__C
00009fc4   ti_sysbios_heaps_HeapMem_reqAlign__C
00009fc8   ti_sysbios_knl_Clock_LM_begin__C
00009fcc   ti_sysbios_knl_Clock_LM_tick__C
00009fd0   ti_sysbios_knl_Clock_LW_delayed__C
00009fd4   ti_sysbios_knl_Clock_Module_State_clockQ__O
00009fd8   ti_sysbios_knl_Clock_Module__diagsEnabled__C
00009fdc   ti_sysbios_knl_Clock_Module__diagsIncluded__C
00009fe0   ti_sysbios_knl_Clock_Module__diagsMask__C
00009fe4   ti_sysbios_knl_Clock_Module__loggerFxn1__C
00009fe8   ti_sysbios_knl_Clock_Module__loggerFxn2__C
00009fec   ti_sysbios_knl_Clock_Module__loggerObj__C
00009ff0   ti_sysbios_knl_Idle_coreList__A
00009ff4   ti_sysbios_knl_Idle_funcList__A
00009ff8   ti_sysbios_knl_Mailbox_Instance_State_dataQue__O
00009ffc   ti_sysbios_knl_Mailbox_Instance_State_dataSem__O
0000a000   ti_sysbios_knl_Mailbox_Instance_State_freeQue__O
0000a004   ti_sysbios_knl_Mailbox_Instance_State_freeSem__O
0000a008   ti_sysbios_knl_Mailbox_Object__count__C
0000a00c   ti_sysbios_knl_Semaphore_A_badContext__C
0000a010   ti_sysbios_knl_Semaphore_A_noEvents__C
0000a014   ti_sysbios_knl_Semaphore_A_overflow__C
0000a018   ti_sysbios_knl_Semaphore_A_pendTaskDisabled__C
0000a01c   ti_sysbios_knl_Semaphore_Instance_State_pendQ__O
0000a020   ti_sysbios_knl_Semaphore_LM_pend__C
0000a024   ti_sysbios_knl_Semaphore_LM_post__C
0000a028   ti_sysbios_knl_Semaphore_Module__diagsEnabled__C
0000a02c   ti_sysbios_knl_Semaphore_Module__diagsIncluded__C
0000a030   ti_sysbios_knl_Semaphore_Module__diagsMask__C
0000a034   ti_sysbios_knl_Semaphore_Module__loggerFxn2__C
0000a038   ti_sysbios_knl_Semaphore_Module__loggerFxn4__C
0000a03c   ti_sysbios_knl_Semaphore_Module__loggerObj__C
0000a040   ti_sysbios_knl_Swi_LD_end__C
0000a044   ti_sysbios_knl_Swi_LM_begin__C
0000a048   ti_sysbios_knl_Swi_LM_post__C
0000a04c   ti_sysbios_knl_Swi_Module__diagsEnabled__C
0000a050   ti_sysbios_knl_Swi_Module__diagsIncluded__C
0000a054   ti_sysbios_knl_Swi_Module__diagsMask__C
0000a058   ti_sysbios_knl_Swi_Module__loggerFxn1__C
0000a05c   ti_sysbios_knl_Swi_Module__loggerFxn4__C
0000a060   ti_sysbios_knl_Swi_Module__loggerObj__C
0000a064   ti_sysbios_knl_Swi_Object__count__C
0000a068   ti_sysbios_knl_Task_E_spOutOfBounds__C
0000a06c   ti_sysbios_knl_Task_E_stackOverflow__C
0000a070   ti_sysbios_knl_Task_LD_block__C
0000a074   ti_sysbios_knl_Task_LD_exit__C
0000a078   ti_sysbios_knl_Task_LD_ready__C
0000a07c   ti_sysbios_knl_Task_LM_switch__C
0000a080   ti_sysbios_knl_Task_Module_State_inactiveQ__O
0000a084   ti_sysbios_knl_Task_Module__diagsEnabled__C
0000a088   ti_sysbios_knl_Task_Module__diagsIncluded__C
0000a08c   ti_sysbios_knl_Task_Module__diagsMask__C
0000a090   ti_sysbios_knl_Task_Module__loggerFxn2__C
0000a094   ti_sysbios_knl_Task_Module__loggerFxn4__C
0000a098   ti_sysbios_knl_Task_Module__loggerObj__C
0000a09c   ti_sysbios_knl_Task_Object__count__C
0000a0a0   ti_sysbios_knl_Task_allBlockedFunc__C
0000a0a4   ti_sysbios_knl_Task_numConstructedTasks__C
0000a0a8   xdc_runtime_Assert_E_assertFailed__C
0000a0ac   xdc_runtime_Core_A_initializedParams__C
0000a0b0   xdc_runtime_Core_Module__diagsEnabled__C
0000a0b4   xdc_runtime_Core_Module__diagsIncluded__C
0000a0b8   xdc_runtime_Core_Module__diagsMask__C
0000a0bc   xdc_runtime_Error_E_memory__C
0000a0c0   xdc_runtime_Error_Module__diagsEnabled__C
0000a0c4   xdc_runtime_Error_Module__diagsIncluded__C
0000a0c8   xdc_runtime_Error_Module__diagsMask__C
0000a0cc   xdc_runtime_Error_Module__loggerFxn8__C
0000a0d0   xdc_runtime_Error_Module__loggerObj__C
0000a0d4   xdc_runtime_Error_raiseHook__C
0000a0d8   xdc_runtime_IFilterLogger_Interface__BASE__C
0000a0dc   xdc_runtime_IGateProvider_Interface__BASE__C
0000a0e0   xdc_runtime_IHeap_Interface__BASE__C
0000a0e4   xdc_runtime_ILogger_Interface__BASE__C
0000a0e8   xdc_runtime_IModule_Interface__BASE__C
0000a0ec   xdc_runtime_Log_L_error__C
0000a0f0   xdc_runtime_LoggerBuf_E_badLevel__C
0000a0f4   xdc_runtime_LoggerBuf_Module__gateObj__C
0000a0f8   xdc_runtime_LoggerBuf_Object__count__C
0000a0fc   xdc_runtime_LoggerBuf_statusLogger__C
0000a100   xdc_runtime_Memory_defaultHeapInstance__C
0000a104   xdc_runtime_Startup_execImpl__C
0000a108   xdc_runtime_Startup_maxPasses__C
0000a10c   xdc_runtime_Startup_sfxnRts__C
0000a110   xdc_runtime_Startup_sfxnTab__C
0000a114   xdc_runtime_SysMin_bufSize__C
0000a118   xdc_runtime_SysMin_outputFunc__C
0000a11c   xdc_runtime_System_Module__gateObj__C
0000a120   xdc_runtime_System_extendFxn__C
0000a124   xdc_runtime_System_maxAtexitHandlers__C
0000a128   xdc_runtime_Text_charTab__C
0000a12c   xdc_runtime_Text_nameEmpty__C
0000a130   xdc_runtime_Text_nameStatic__C
0000a134   xdc_runtime_Text_nameUnknown__C
0000a138   xdc_runtime_Text_nodeTab__C
0000a13c   xdc_runtime_Text_visitRopeFxn__C
0000a140   ti_sysbios_BIOS_Module__id__C
0000a144   ti_sysbios_family_arm_lm3_TimestampProvider_useClockTimer__C
0000a148   ti_sysbios_family_arm_m3_Hwi_Module__id__C
0000a14c   ti_sysbios_family_arm_m3_Hwi_Module__loggerDefined__C
0000a150   ti_sysbios_gates_GateMutex_Module__id__C
0000a154   ti_sysbios_hal_Hwi_Module__id__C
0000a158   ti_sysbios_heaps_HeapMem_Module__id__C
0000a15c   ti_sysbios_knl_Clock_Module__id__C
0000a160   ti_sysbios_knl_Clock_Module__loggerDefined__C
0000a164   ti_sysbios_knl_Semaphore_Module__id__C
0000a168   ti_sysbios_knl_Semaphore_Module__loggerDefined__C
0000a16c   ti_sysbios_knl_Swi_Module__id__C
0000a170   ti_sysbios_knl_Swi_Module__loggerDefined__C
0000a174   ti_sysbios_knl_Task_Module__id__C
0000a178   ti_sysbios_knl_Task_Module__loggerDefined__C
0000a17c   ti_sysbios_knl_Task_initStackFlag__C
0000a180   xdc_runtime_Core_Module__id__C
0000a184   xdc_runtime_Error_Module__loggerDefined__C
0000a188   xdc_runtime_Error_maxDepth__C
0000a18c   xdc_runtime_LoggerBuf_Module__id__C
0000a190   xdc_runtime_LoggerBuf_filterByLevel__C
0000a194   xdc_runtime_Memory_Module__id__C
0000a198   xdc_runtime_SysMin_flushAtExit__C
0000a19c   xdc_runtime_Text_charCnt__C
0000a1a0   xdc_runtime_Text_isLoaded__C
0000a1a4   xdc_runtime_Text_registryModsLastId__C
0000a1a8   xdc_runtime_Text_unnamedModsLastId__C
0000a1ac   xdc_runtime_Error_policy__C
0000a6c8   __TI_Handler_Table_Base
0000a6d4   __TI_Handler_Table_Limit
0000a6e8   __TI_CINIT_Base
0000a700   __TI_CINIT_Limit
20000000   ti_sysbios_family_arm_m3_Hwi_ramVectors
20000140   ti_sysbios_knl_Task_Instance_State_0_stack__A
20000940   ti_sysbios_knl_Task_Instance_State_1_stack__A
20001140   ti_sysbios_knl_Task_Instance_State_2_stack__A
20001940   ti_sysbios_knl_Task_Instance_State_3_stack__A
20002140   ti_sysbios_knl_Task_Instance_State_4_stack__A
20002940   g_pucFrame
20004140   g_pusADCBuffer
20005140   ti_sysbios_heaps_HeapMem_Instance_State_0_buf__A
20006140   p_buffer
20006340   xdc_runtime_LoggerBuf_Instance_State_0_entryArr__A
20006540   xdc_runtime_SysMin_Module_State_0_outbuf__A
20006740   __CIOBUF_
20006860   ti_sysbios_knl_Mailbox_Instance_State_0_allocBuf__A
20006900   pcStr
20006934   g_ulSystemClock
20006938   temp_index
2000693c   y
20006940   prevy
20006944   fScale
20006948   i
2000694c   j
20006950   ulDivider
20006954   ulPrescaler
20006958   g_ulButtons
20006970   ti_sysbios_knl_Task_Instance_State_0_hookEnv__A
20006974   ti_sysbios_knl_Task_Instance_State_1_hookEnv__A
20006978   ti_sysbios_knl_Task_Instance_State_2_hookEnv__A
2000697c   ti_sysbios_knl_Task_Instance_State_3_hookEnv__A
20006980   ti_sysbios_knl_Task_Instance_State_4_hookEnv__A
20006998   __stack
20006b98   __STACK_TOP
20008998   __STACK_END
20008998   ti_sysbios_BIOS_Module__state__V
200089b8   ti_sysbios_family_arm_lm3_Timer_Module__root__V
200089c0   ti_sysbios_family_arm_lm3_Timer_Module_State_0_device__A
200089e0   ti_sysbios_family_arm_lm3_Timer_Module_State_0_handles__A
200089f0   ti_sysbios_family_arm_lm3_Timer_Module__state__V
200089fc   ti_sysbios_family_arm_lm3_TimestampProvider_Module__state__V
20008a04   ti_sysbios_family_arm_m3_Hwi_Module__root__V
20008a0c   ti_sysbios_family_arm_m3_Hwi_Module_State_0_excActive__A
20008a10   ti_sysbios_family_arm_m3_Hwi_Module_State_0_excContext__A
20008a14   ti_sysbios_family_arm_m3_Hwi_Module_State_0_excStack__A
20008a18   ti_sysbios_gates_GateHwi_Module__root__V
20008a20   ti_sysbios_gates_GateHwi_Object__table__V
20008a24   ti_sysbios_gates_GateMutex_Module__root__V
20008a2c   ti_sysbios_hal_Hwi_Module__root__V
20008a34   ti_sysbios_hal_Timer_Module__root__V
20008a3c   ti_sysbios_hal_Timer_Object__table__V
20008a44   ti_sysbios_heaps_HeapMem_Module__root__V
20008a4c   ti_sysbios_heaps_HeapMem_Object__table__V
20008a64   ti_sysbios_knl_Clock_Module__root__V
20008a6c   ti_sysbios_knl_Clock_Object__table__V
20008a8c   ti_sysbios_knl_Event_Module__root__V
20008a94   ti_sysbios_knl_Mailbox_Module__root__V
20008a9c   ti_sysbios_knl_Queue_Module__root__V
20008aa4   ti_sysbios_knl_Semaphore_Module__root__V
20008aac   ti_sysbios_knl_Swi_Module__root__V
20008ab4   ti_sysbios_knl_Swi_Module__state__V
20008ad0   ti_sysbios_knl_Task_Module__root__V
20008ad8   ti_sysbios_knl_Task_Module_State_0_idleTask__A
20008adc   xdc_runtime_Error_Module__state__V
20008ae0   xdc_runtime_LoggerBuf_Module__root__V
20008ae8   xdc_runtime_LoggerBuf_Module__state__V
20008af0   xdc_runtime_Memory_Module__state__V
20008af4   xdc_runtime_Registry_Module__state__V
20008afc   xdc_runtime_Startup_Module__state__V
20008b04   xdc_runtime_SysMin_Module__state__V
20008b10   xdc_runtime_System_Module_State_0_atexitHandlers__A
20008b20   xdc_runtime_System_Module__state__V
20008b2c   xdc_runtime_Text_Module__state__V
20008b34   __xdc__init__addr
20008b38   ti_sysbios_knl_Task_Object__table__V
20008c68   TSK_idle
20008cb4   ti_sysbios_family_arm_m3_Hwi_Module_State_0_dispatchTable__A
20008df4   ti_sysbios_knl_Swi_Module_State_0_readyQ__A
20008e74   ti_sysbios_knl_Task_Module_State_0_readyQ__A
20008ef4   ti_sysbios_family_arm_lm3_Timer_Object__table__V
20008f54   ti_sysbios_family_arm_m3_Hwi_Module__state__V
20008fa8   ti_sysbios_knl_Mailbox_Object__table__V
20008ff8   ti_sysbios_knl_Semaphore_Object__table__V
20009048   ti_sysbios_family_arm_m3_Hwi_Object__table__V
20009090   ti_sysbios_knl_Task_Module__state__V
200090d4   g_iADCBufferIndex
200090d8   g_ulADCErrors
200090dc   state
200090e0   cpu_load_int
200090e4   count_unloaded
200090e8   count_loaded
200090ec   cpu_load
200090f0   trigger_val
200090f4   fVoltsPerDiv
20009104   trigger_state
20009108   selection_state
2000910c   voltage_state
20009110   timing_state
20009114   ti_sysbios_gates_GateMutex_Object__table__V
2000914c   ti_sysbios_knl_Swi_Object__table__V
2000917c   ti_sysbios_knl_Clock_Module__state__V
200091a4   xdc_runtime_LoggerBuf_Object__table__V
200091c8   _lock
200091cc   _unlock
200091d0   _cleanup_ptr
200091d4   _dtors_ptr
200091dc   main_func_sp
e000e000   ti_sysbios_family_arm_m3_Hwi_nvic
ffffffff   __binit__
ffffffff   __c_args__
ffffffff   binit
UNDEFED    SHT$$INIT_ARRAY$$Base
UNDEFED    SHT$$INIT_ARRAY$$Limit

[782 symbols]
