******************************************************************************
                  TI ARM Linker PC v5.0.4                      
******************************************************************************
>> Linked Wed Apr 29 21:25:43 2015

OUTPUT FILE NAME:   <ece3849d15_lab3_addresser_awharrison.out>
ENTRY POINT SYMBOL: "_c_int00"  address: 0000464d


MEMORY CONFIGURATION

         name            origin    length      used     unused   attr    fill
----------------------  --------  ---------  --------  --------  ----  --------
  FLASH                 00000000   00010000  00007a3d  000085c3  R  X
  SRAM                  20000000   00004000  00003eb0  00000150  RW X


SEGMENT ALLOCATION MAP

run origin  load origin   length   init length attrs members
----------  ----------- ---------- ----------- ----- -------
00000000    00000000    00007a40   00007a40    r-x
  00000000    00000000    00000140   00000140    r-- .resetVecs
  00000140    00000140    000057a4   000057a4    r-x .text
  000058e4    000058e4    00001d69   00001d69    r-- .const
  00007650    00007650    000003f0   000003f0    r-- .cinit
20000000    20000000    00003870   00000000    rw-
  20000000    20000000    00000140   00000000    rw- .vecs
  20000140    20000140    00002000   00000000    rw- .stack
  20002140    20002140    00001730   00000000    rw- .bss
20003870    20003870    00000640   00000640    rw-
  20003870    20003870    00000640   00000640    rw- .data


SECTION ALLOCATION MAP

 output                                  attributes/
section   page    origin      length       input sections
--------  ----  ----------  ----------   ----------------
.bootVecs 
*          0    00000000    00000008     DSECT
                  00000000    00000008     boot.aem3 : boot.oem3 (.bootVecs)

.resetVecs 
*          0    00000000    00000140     
                  00000000    00000140     app_pem3.oem3 (.resetVecs)

xdc.meta   0    00000000    00000106     COPY SECTION
                  00000000    00000106     app_pem3.oem3 (xdc.meta)

.init_array 
*          0    00000000    00000000     UNINITIALIZED

.text      0    00000140    000057a4     
                  00000140    00000424     sysbios.aem3 : BIOS.obj (.text:ti_sysbios_family_arm_m3_Hwi_excDumpRegs__I)
                  00000564    00000340     ti.targets.arm.rtsarm.aem3 : System.oem3 (.text:xdc_runtime_System_doPrint__I)
                  000008a4    000002e4     rtsv7M3_T_le_eabi.lib : trgdrv.obj (.text)
                  00000b88    00000278     sysbios.aem3 : BIOS.obj (.text:ti_sysbios_knl_Semaphore_pend__E)
                  00000e00    00000248                  : BIOS.obj (.text:ti_sysbios_heaps_HeapMem_free__E)
                  00001048    00000234                  : BIOS.obj (.text:ti_sysbios_heaps_HeapMem_alloc__E)
                  0000127c    000001ec                  : BIOS.obj (.text:ti_sysbios_family_arm_m3_Hwi_excHandlerMax__I)
                  00001468    000001d0     main.obj (.text)
                  00001638    00000198     driverlib-cm3.lib : sysctl.obj (.text:SysCtlClockGet)
                  000017d0    00000168     sysbios.aem3 : BIOS.obj (.text:ti_sysbios_family_arm_m3_Hwi_excBusFault__I)
                  00001938    00000154                  : BIOS.obj (.text:ti_sysbios_family_arm_m3_Hwi_excUsageFault__I)
                  00001a8c    00000140                  : BIOS.obj (.text:ti_sysbios_family_arm_m3_Hwi_excMemFault__I)
                  00001bcc    00000140                  : BIOS.obj (.text:ti_sysbios_knl_Semaphore_post__E)
                  00001d0c    0000013c                  : BIOS.obj (.text:ti_sysbios_heaps_HeapMem_Instance_init__F)
                  00001e48    0000013c     ti.targets.arm.rtsarm.aem3 : Error.oem3 (.text:xdc_runtime_Error_raiseX__F)
                  00001f84    0000012c                                : LoggerBuf.oem3 (.text:xdc_runtime_LoggerBuf_write8__F)
                  000020b0    00000124     sysbios.aem3 : BIOS.obj (.text:ti_sysbios_family_arm_m3_Hwi_dispatchC__I)
                  000021d4    00000120                  : BIOS.obj (.text:ti_sysbios_knl_Clock_workFunc__E)
                  000022f4    0000011c     Boot.aem3 : Boot.oem3 (.text:.bootCodeSection:ti_catalog_arm_cortexm3_lm3init_Boot_sysCtlClockSet)
                  00002410    00000110     sysbios.aem3 : BIOS.obj (.text:ti_sysbios_knl_Swi_run__I)
                  00002520    00000108                  : BIOS.obj (.text:ti_sysbios_knl_Task_exit__E)
                  00002628    00000104                  : m3_Hwi_asm.obj (.text:ti_sysbios_family_arm_m3_Hwi_dispatch__I)
                  0000272c    00000104     ti.targets.arm.rtsarm.aem3 : Core-mem.oem3 (.text:xdc_runtime_Core_createObject__I)
                  00002830    000000fc     sysbios.aem3 : BIOS.obj (.text:ti_sysbios_knl_Task_schedule__I)
                  0000292c    000000f8     ti.targets.arm.rtsarm.aem3 : Startup.oem3 (.text:xdc_runtime_Startup_startMods__I)
                  00002a24    000000f8     app_pem3.oem3 (.text:xdc_runtime_System_printfExtend__I)
                  00002b1c    000000f4     sysbios.aem3 : BIOS.obj (.text:ti_sysbios_knl_Task_postInit__I)
                  00002c10    000000f4                  : BIOS.obj (.text:ti_sysbios_knl_Task_startCore__E)
                  00002d04    000000ec     rtsv7M3_T_le_eabi.lib : dtor_list.obj (.text)
                  00002df0    000000dc     sysbios.aem3 : BIOS.obj (.text:ti_sysbios_family_arm_m3_Hwi_initNVIC__E)
                  00002ecc    000000cc     ti.targets.arm.rtsarm.aem3 : LoggerBuf.oem3 (.text:xdc_runtime_LoggerBuf_write4__F)
                  00002f98    000000c8     driverlib-cm3.lib : gpio.obj (.text:GPIOPadConfigSet)
                  00003060    000000c0     sysbios.aem3 : BIOS.obj (.text:ti_sysbios_family_arm_lm3_Timer_startup__E)
                  00003120    000000b8                  : BIOS.obj (.text:ti_sysbios_knl_Task_unblockI__E)
                  000031d8    000000b4                  : BIOS.obj (.text:ti_sysbios_family_arm_m3_Hwi_excHardFault__I)
                  0000328c    000000b4                  : BIOS.obj (.text:ti_sysbios_gates_GateMutex_enter__E)
                  00003340    000000b4                  : BIOS.obj (.text:ti_sysbios_knl_Task_checkStacks__E)
                  000033f4    000000b0                  : BIOS.obj (.text:ti_sysbios_family_arm_m3_Hwi_excDebugMon__I)
                  000034a4    000000ac                  : BIOS.obj (.text:ti_sysbios_knl_Swi_schedule__I)
                  00003550    000000a8                  : BIOS.obj (.text:ti_sysbios_knl_Semaphore_Instance_init__F)
                  000035f8    000000a8                  : BIOS.obj (.text:ti_sysbios_knl_Swi_post__E)
                  000036a0    000000a4                  : BIOS.obj (.text:ti_sysbios_family_arm_m3_Hwi_Module_startup__F)
                  00003744    000000a0     auto_init.aem3 : auto_init.oem3 (.text)
                  000037e4    000000a0     sysbios.aem3 : BIOS.obj (.text:ti_sysbios_family_arm_lm3_TimestampProvider_get64__E)
                  00003884    0000009c     rtsv7M3_T_le_eabi.lib : memcpy_t2.obj (.text)
                  00003920    0000009c     sysbios.aem3 : BIOS.obj (.text:ti_sysbios_knl_Task_blockI__E)
                  000039bc    0000009a     ti.targets.arm.rtsarm.aem3 : Text.oem3 (.text:xdc_runtime_Text_putSite__F)
                  00003a56    00000002     sysbios.aem3 : BIOS.obj (.text:ti_sysbios_BIOS_nullFunc__I)
                  00003a58    00000094     ti.targets.arm.rtsarm.aem3 : Text.oem3 (.text:xdc_runtime_Text_putMod__F)
                  00003aec    00000092     rtsv7M3_T_le_eabi.lib : fs_div_t2.obj (.text)
                  00003b7e    00000002     sysbios.aem3 : BIOS.obj (.text:ti_sysbios_gates_GateHwi_Instance_init__F)
                  00003b80    00000090                  : BIOS.obj (.text:ti_sysbios_family_arm_lm3_Timer_initDevice__I)
                  00003c10    00000080                  : BIOS.obj (.text:ti_sysbios_knl_Task_Module_startup__F)
                  00003c90    00000080     ti.targets.arm.rtsarm.aem3 : LoggerBuf.oem3 (.text:xdc_runtime_LoggerBuf_setFilterLevel__F)
                  00003d10    0000007c     sysbios.aem3 : BIOS.obj (.text:ti_sysbios_family_arm_lm3_Timer_Module_startup__F)
                  00003d8c    0000007c                  : BIOS.obj (.text:ti_sysbios_family_arm_lm3_Timer_start__E)
                  00003e08    0000007a     rtsv7M3_T_le_eabi.lib : fs_mul_t2.obj (.text)
                  00003e82    00000078                           : memset_t2.obj (.text)
                  00003efa    00000002     --HOLE-- [fill = 0]
                  00003efc    00000070     sysbios.aem3 : BIOS.obj (.text:ti_sysbios_BIOS_rtsUnlock__I)
                  00003f6c    00000070     ti.targets.arm.rtsarm.aem3 : Memory.oem3 (.text:xdc_runtime_Memory_alloc__F)
                  00003fdc    0000006c                                : Error.oem3 (.text:xdc_runtime_Error_print__F)
                  00004048    0000006c                                : LoggerBuf.oem3 (.text:xdc_runtime_LoggerBuf_getFilterLevel__F)
                  000040b4    00000066                                : Core-mem.oem3 (.text:xdc_runtime_Core_deleteObject__I)
                  0000411a    00000002     --HOLE-- [fill = 0]
                  0000411c    00000060     rtsv7M3_T_le_eabi.lib : trgmsg.obj (.text)
                  0000417c    00000060     sysbios.aem3 : BIOS.obj (.text:ti_sysbios_knl_Clock_logTick__E)
                  000041dc    00000060     app_pem3.oem3 (.text:xdc_runtime_LoggerBuf_Object__create__S)
                  0000423c    0000005e     rtsv7M3_T_le_eabi.lib : copy_decompress_rle.obj (.text)
                  0000429a    00000002     --HOLE-- [fill = 0]
                  0000429c    0000005c     sysbios.aem3 : BIOS.obj (.text:ti_sysbios_knl_Swi_restoreHwi__E)
                  000042f8    0000005b     ti.targets.arm.rtsarm.aem3 : Text.oem3 (.text:xdc_runtime_Text_putLab__F)
                  00004353    00000001     --HOLE-- [fill = 0]
                  00004354    00000058     driverlib-cm3.lib : sysctl.obj (.text:SysCtlPeripheralEnable)
                  000043ac    00000050     ti.targets.arm.rtsarm.aem3 : Startup.oem3 (.text:xdc_runtime_Startup_exec__F)
                  000043fc    00000050                                : System.oem3 (.text:xdc_runtime_System_formatNum__I)
                  0000444c    0000004c     sysbios.aem3 : m3_TaskSupport_asm.obj (.text:_ti_sysbios_family_arm_m3_TaskSupport_buildTaskStack)
                  00004498    0000004c     ti.targets.arm.rtsarm.aem3 : Text.oem3 (.text:xdc_runtime_Text_visitRope2__I)
                  000044e4    00000048     sysbios.aem3 : BIOS.obj (.text:ti_sysbios_family_arm_m3_Hwi_excReserved__I)
                  0000452c    00000048                  : BIOS.obj (.text:ti_sysbios_heaps_HeapMem_getStats__E)
                  00004574    00000048                  : BIOS.obj (.text:ti_sysbios_knl_Task_allBlockedFunction__I)
                  000045bc    00000048     ti.targets.arm.rtsarm.aem3 : Assert.oem3 (.text:xdc_runtime_Assert_raise__I)
                  00004604    00000048                                : Core-params.oem3 (.text:xdc_runtime_Core_assignParams__I)
                  0000464c    00000044     boot.aem3 : boot.oem3 (.text)
                  00004690    00000044     rtsv7M3_T_le_eabi.lib : cpy_tbl.obj (.text)
                  000046d4    00000044     sysbios.aem3 : BIOS.obj (.text:ti_sysbios_BIOS_errorRaiseHook__I)
                  00004718    00000044                  : BIOS.obj (.text:ti_sysbios_family_arm_lm3_Timer_enableTimers__I)
                  0000475c    00000044                  : BIOS.obj (.text:ti_sysbios_family_arm_m3_Hwi_disableInterrupt__E)
                  000047a0    00000044                  : BIOS.obj (.text:ti_sysbios_family_arm_m3_Hwi_enableInterrupt__E)
                  000047e4    00000044     ti.targets.arm.rtsarm.aem3 : LoggerBuf.oem3 (.text:xdc_runtime_LoggerBuf_filterOutEvent__I)
                  00004828    00000044                                : SysMin.oem3 (.text:xdc_runtime_SysMin_flush__F)
                  0000486c    00000040     rtsv7M3_T_le_eabi.lib : exit.obj (.text)
                  000048ac    00000040     sysbios.aem3 : BIOS.obj (.text:ti_sysbios_knl_Semaphore_pendTimeout__I)
                  000048ec    00000040     ti.targets.arm.rtsarm.aem3 : System.oem3 (.text:xdc_runtime_System_atexit__F)
                  0000492c    0000003c     sysbios.aem3 : BIOS.obj (.text:ti_sysbios_family_arm_m3_Hwi_excSvCall__I)
                  00004968    0000003c                  : BIOS.obj (.text:ti_sysbios_heaps_HeapMem_init__I)
                  000049a4    0000003c                  : BIOS.obj (.text:ti_sysbios_knl_Swi_startup__E)
                  000049e0    0000003c     ti.targets.arm.rtsarm.aem3 : Text.oem3 (.text:xdc_runtime_Text_xprintf__I)
                  00004a1c    00000038     rtsv7M3_T_le_eabi.lib : fs_toi_t2.obj (.text)
                  00004a54    00000038     sysbios.aem3 : BIOS.obj (.text:ti_sysbios_family_arm_m3_Hwi_excNoIsr__I)
                  00004a8c    00000038                  : BIOS.obj (.text:ti_sysbios_family_arm_m3_Hwi_getStackInfo__E)
                  00004ac4    00000038                  : BIOS.obj (.text:ti_sysbios_family_arm_m3_TaskSupport_start__E)
                  00004afc    00000038     app_pem3.oem3 (.text:ti_sysbios_knl_Semaphore_Object__create__S)
                  00004b34    00000038     ti.targets.arm.rtsarm.aem3 : LoggerBuf.oem3 (.text:xdc_runtime_LoggerBuf_Instance_init__F)
                  00004b6c    00000038                                : SysMin.oem3 (.text:xdc_runtime_SysMin_putch__F)
                  00004ba4    00000034     rtsv7M3_T_le_eabi.lib : fs_tou_t2.obj (.text)
                  00004bd8    00000034     sysbios.aem3 : BIOS.obj (.text:ti_sysbios_family_arm_m3_Hwi_excNmi__I)
                  00004c0c    00000034     app_pem3.oem3 (.text:ti_sysbios_gates_GateHwi_Object__create__S)
                  00004c40    00000034     app_pem3.oem3 (.text:ti_sysbios_gates_GateMutex_Object__create__S)
                  00004c74    00000034     sysbios.aem3 : BIOS.obj (.text:ti_sysbios_hal_Hwi_checkStack:ti_sysbios_hal_Hwi_checkStack)
                  00004ca8    00000034     app_pem3.oem3 (.text:ti_sysbios_heaps_HeapMem_Object__create__S)
                  00004cdc    00000034     app_pem3.oem3 (.text:ti_sysbios_knl_Queue_Object__create__S)
                  00004d10    00000030     app_pem3.oem3 (.text:ti_sysbios_BIOS_exitFunc__I)
                  00004d40    00000030     sysbios.aem3 : BIOS.obj (.text:ti_sysbios_knl_Idle_run__E)
                  00004d70    00000030     ti.targets.arm.rtsarm.aem3 : Core-label.oem3 (.text:xdc_runtime_Core_assignLabel__I)
                  00004da0    00000030                                : SysMin.oem3 (.text:xdc_runtime_SysMin_abort__F)
                  00004dd0    0000002f                                : Text.oem3 (.text:xdc_runtime_Text_printVisFxn__I)
                  00004dff    00000001     --HOLE-- [fill = 0]
                  00004e00    0000002e     driverlib-cm3.lib : gpio.obj (.text:GPIODirModeSet)
                  00004e2e    0000002e     app_pem3.oem3 (.text:malloc)
                  00004e5c    0000002c     sysbios.aem3 : BIOS.obj (.text:ti_sysbios_hal_Hwi_initStack:ti_sysbios_hal_Hwi_initStack)
                  00004e88    0000002c     app_pem3.oem3 (.text:ti_sysbios_knl_Clock_doTick__I)
                  00004eb4    0000002c     sysbios.aem3 : BIOS.obj (.text:ti_sysbios_knl_Task_restore__E)
                  00004ee0    0000002c     ti.targets.arm.rtsarm.aem3 : System.oem3 (.text:xdc_runtime_System_rtsExit__I)
                  00004f0c    0000002c                                : Text.oem3 (.text:xdc_runtime_Text_cordText__F)
                  00004f38    0000002a                                : System.oem3 (.text:xdc_runtime_System_putchar__I)
                  00004f62    00000002     --HOLE-- [fill = 0]
                  00004f64    00000028     sysbios.aem3 : BIOS.obj (.text:ti_sysbios_gates_GateMutex_Instance_init__F)
                  00004f8c    00000028     ti.targets.arm.rtsarm.aem3 : LoggerBuf.oem3 (.text:xdc_runtime_LoggerBuf_Module_startup__F)
                  00004fb4    00000026                                : System.oem3 (.text:xdc_runtime_System_avprintf__F)
                  00004fda    00000002     --HOLE-- [fill = 0]
                  00004fdc    00000024     driverlib-cm3.lib : timer.obj (.text:TimerConfigure)
                  00005000    00000024     rtsv7M3_T_le_eabi.lib : u_tofs_t2.obj (.text)
                  00005024    00000024     sysbios.aem3 : BIOS.obj (.text:ti_sysbios_BIOS_registerRTSLock__I)
                  00005048    00000024     app_pem3.oem3 (.text:ti_sysbios_BIOS_startFunc__I)
                  0000506c    00000024     sysbios.aem3 : BIOS.obj (.text:ti_sysbios_family_arm_lm3_Timer_isrStub__E)
                  00005090    00000024                  : BIOS.obj (.text:ti_sysbios_family_arm_m3_Hwi_doTaskRestore__I)
                  000050b4    00000024     app_pem3.oem3 (.text:ti_sysbios_gates_GateMutex_Object__delete__S)
                  000050d8    00000024     sysbios.aem3 : BIOS.obj (.text:ti_sysbios_knl_Clock_Module_startup__F)
                  000050fc    00000024                  : BIOS.obj (.text:ti_sysbios_knl_Swi_Module_startup__F)
                  00005120    00000024     ti.targets.arm.rtsarm.aem3 : System.oem3 (.text:xdc_runtime_System_vprintf__F)
                  00005144    00000022     app_pem3.oem3 (.text:xdc_runtime_SysMin_output__I)
                  00005166    00000002     --HOLE-- [fill = 0]
                  00005168    00000020     app_pem3.oem3 (.text:ti_sysbios_gates_GateHwi_Object__delete__S)
                  00005188    00000020     app_pem3.oem3 (.text:ti_sysbios_heaps_HeapMem_Object__delete__S)
                  000051a8    00000020     app_pem3.oem3 (.text:ti_sysbios_knl_Semaphore_Object__destruct__S)
                  000051c8    00000020     sysbios.aem3 : BIOS.obj (.text:ti_sysbios_knl_Task_enter__I)
                  000051e8    00000020     app_pem3.oem3 (.text:xdc_runtime_LoggerBuf_Object__delete__S)
                  00005208    00000020     ti.targets.arm.rtsarm.aem3 : LoggerBuf.oem3 (.text:xdc_runtime_LoggerBuf_reset__F)
                  00005228    00000020                                : Registry.oem3 (.text:xdc_runtime_Registry_findById__F)
                  00005248    00000020                                : SysMin.oem3 (.text:xdc_runtime_SysMin_Module_startup__F)
                  00005268    0000001c     sysbios.aem3 : BIOS.obj (.text:ti_sysbios_BIOS_rtsLock__I)
                  00005284    0000001c     app_pem3.oem3 (.text:ti_sysbios_knl_Queue_Object__destruct__S)
                  000052a0    0000001c     ti.targets.arm.rtsarm.aem3 : Error.oem3 (.text:xdc_runtime_Error_check__F)
                  000052bc    0000001c                                : Memory.oem3 (.text:xdc_runtime_Memory_valloc__F)
                  000052d8    0000001c                                : SysMin.oem3 (.text:xdc_runtime_SysMin_exit__F)
                  000052f4    0000001a     app_pem3.oem3 (.text:ti_sysbios_family_arm_m3_Hwi_Handle__label__S)
                  0000530e    0000001a     app_pem3.oem3 (.text:ti_sysbios_gates_GateHwi_Handle__label__S)
                  00005328    0000001a     app_pem3.oem3 (.text:ti_sysbios_gates_GateMutex_Handle__label__S)
                  00005342    0000001a     app_pem3.oem3 (.text:ti_sysbios_heaps_HeapMem_Handle__label__S)
                  0000535c    0000001a     app_pem3.oem3 (.text:ti_sysbios_knl_Swi_Handle__label__S)
                  00005376    0000001a     app_pem3.oem3 (.text:ti_sysbios_knl_Task_Handle__label__S)
                  00005390    0000001a     app_pem3.oem3 (.text:xdc_runtime_LoggerBuf_Handle__label__S)
                  000053aa    0000001a     app_pem3.oem3 (.text:xdc_runtime_System_aprintf__E)
                  000053c4    0000001a     app_pem3.oem3 (.text:xdc_runtime_System_printf__E)
                  000053de    00000018     sysbios.aem3 : m3_Hwi_asm_switch.obj (.text:_ti_sysbios_family_arm_m3_Hwi_initStacks__E)
                  000053f6    00000018     app_pem3.oem3 (.text:free)
                  0000540e    00000002     --HOLE-- [fill = 0]
                  00005410    00000018     rtsv7M3_T_le_eabi.lib : args_main.obj (.text)
                  00005428    00000018     app_pem3.oem3 (.text:ti_sysbios_family_arm_lm3_Timer_Module__startupDone__F)
                  00005440    00000018     app_pem3.oem3 (.text:ti_sysbios_family_arm_m3_Hwi_Module__startupDone__F)
                  00005458    00000018     sysbios.aem3 : BIOS.obj (.text:ti_sysbios_gates_GateMutex_leave__E)
                  00005470    00000018     app_pem3.oem3 (.text:ti_sysbios_hal_Timer_Module__startupDone__F)
                  00005488    00000018     ti.targets.arm.rtsarm.aem3 : Text.oem3 (.text:xdc_runtime_Text_ropeText__F)
                  000054a0    00000014     driverlib-cm3.lib : timer.obj (.text:TimerDisable)
                  000054b4    00000014     rtsv7M3_T_le_eabi.lib : _lock.obj (.text)
                  000054c8    00000014                           : strlen.obj (.text)
                  000054dc    00000014     sysbios.aem3 : BIOS.obj (.text:ti_sysbios_family_arm_m3_Hwi_switchFromBootStack__E)
                  000054f0    00000014     app_pem3.oem3 (.text:ti_sysbios_heaps_HeapMem_Object__get__S)
                  00005504    00000014     app_pem3.oem3 (.text:ti_sysbios_knl_Swi_Object__get__S)
                  00005518    00000014     ti.targets.arm.rtsarm.aem3 : LoggerBuf.oem3 (.text:xdc_runtime_LoggerBuf_Instance_finalize__F)
                  0000552c    00000014     app_pem3.oem3 (.text:xdc_runtime_LoggerBuf_Object__get__S)
                  00005540    00000014     ti.targets.arm.rtsarm.aem3 : LoggerBuf.oem3 (.text:xdc_runtime_LoggerBuf_write2__F)
                  00005554    00000014                                : System.oem3 (.text:xdc_runtime_System_abort__F)
                  00005568    00000012     driverlib-cm3.lib : timer.obj (.text:TimerControlEvent)
                  0000557a    00000012                       : timer.obj (.text:TimerLoadSet)
                  0000558c    00000012     rtsv7M3_T_le_eabi.lib : copy_zero_init.obj (.text:decompress:ZI)
                  0000559e    00000012                           : strcpy.obj (.text)
                  000055b0    00000012     sysbios.aem3 : BIOS.obj (.text:ti_sysbios_hal_Hwi_Module_startup__F)
                  000055c2    00000012                  : BIOS.obj (.text:ti_sysbios_hal_Timer_Module_startup__F)
                  000055d4    00000012     ti.targets.arm.rtsarm.aem3 : LoggerBuf.oem3 (.text:xdc_runtime_LoggerBuf_write1__F)
                  000055e6    00000012     app_pem3.oem3 (.text:xdc_runtime_Startup_exec__I)
                  000055f8    00000010     sysbios.aem3 : m3_TaskSupport_asm.obj (.text:_ti_sysbios_family_arm_m3_TaskSupport_glue)
                  00005608    00000010                  : m3_TaskSupport_asm.obj (.text:_ti_sysbios_family_arm_m3_TaskSupport_swap__E)
                  00005618    00000010                  : m3_Hwi_asm_switch.obj (.text:_ti_sysbios_family_xxx_Hwi_switchToIsrStack)
                  00005628    00000010                  : BIOS.obj (.text:ti_sysbios_BIOS_setThreadType__E)
                  00005638    00000010                  : BIOS.obj (.text:ti_sysbios_BIOS_start__E)
                  00005648    00000010                  : BIOS.obj (.text:ti_sysbios_family_arm_lm3_TimestampProvider_rolloverFunc__E)
                  00005658    00000010                  : BIOS.obj (.text:ti_sysbios_family_arm_m3_Hwi_excHandler__I)
                  00005668    00000010                  : BIOS.obj (.text:ti_sysbios_gates_GateMutex_Instance_finalize__F)
                  00005678    00000010                  : BIOS.obj (.text:ti_sysbios_knl_Semaphore_Instance_finalize__F)
                  00005688    00000010                  : BIOS.obj (.text:ti_sysbios_knl_Swi_disable__E)
                  00005698    00000010     app_pem3.oem3 (.text:ti_sysbios_knl_Task_Object__get__S)
                  000056a8    00000010     sysbios.aem3 : BIOS.obj (.text:ti_sysbios_knl_Task_disable__E)
                  000056b8    00000010     ti.targets.arm.rtsarm.aem3 : Gate.oem3 (.text:xdc_runtime_Gate_leaveSystem__F)
                  000056c8    00000010                                : LoggerBuf.oem3 (.text:xdc_runtime_LoggerBuf_write0__F)
                  000056d8    00000010                                : Memory.oem3 (.text:xdc_runtime_Memory_free__F)
                  000056e8    00000010                                : SysMin.oem3 (.text:xdc_runtime_SysMin_ready__F)
                  000056f8    00000010                                : System.oem3 (.text:xdc_runtime_System_vsnprintf__F)
                  00005708    00000010     app_pem3.oem3 (.text:xdc_runtime_Text_visitRope__I)
                  00005718    0000000e     driverlib-cm3.lib : timer.obj (.text:TimerEnable)
                  00005726    0000000e     rtsv7M3_T_le_eabi.lib : copy_decompress_none.obj (.text:decompress:none)
                  00005734    0000000e     sysbios.aem3 : BIOS.obj (.text:ti_sysbios_family_arm_m3_TaskSupport_checkStack__E)
                  00005742    0000000e                  : BIOS.obj (.text:ti_sysbios_knl_Queue_empty__E)
                  00005750    0000000c     app_pem3.oem3 (.text:.bootCodeSection:ti_catalog_arm_cortexm3_lm3init_Boot_init)
                  0000575c    0000000c     driverlib-cm3.lib : cpu.obj (.text:CPUcpsid)
                  00005768    0000000c                       : cpu.obj (.text:CPUcpsie)
                  00005774    0000000c     sysbios.aem3 : m3_Hwi_asm_switch.obj (.text:_ti_sysbios_family_xxx_Hwi_switchToTaskStack)
                  00005780    0000000c                  : BIOS.obj (.text:ti_sysbios_family_arm_lm3_TimestampProvider_startTimer__E)
                  0000578c    0000000c                  : BIOS.obj (.text:ti_sysbios_gates_GateHwi_enter__E)
                  00005798    0000000c     app_pem3.oem3 (.text:ti_sysbios_knl_Queue_Object__get__S)
                  000057a4    0000000c     ti.targets.arm.rtsarm.aem3 : Error.oem3 (.text:xdc_runtime_Error_init__F)
                  000057b0    0000000c                                : Gate.oem3 (.text:xdc_runtime_Gate_enterSystem__F)
                  000057bc    0000000c                                : Memory.oem3 (.text:xdc_runtime_Memory_calloc__F)
                  000057c8    0000000c                                : Memory.oem3 (.text:xdc_runtime_Memory_getMaxDefaultTypeAlign__F)
                  000057d4    0000000c                                : System.oem3 (.text:xdc_runtime_System_exit__F)
                  000057e0    0000000c                                : System.oem3 (.text:xdc_runtime_System_lastFxn__I)
                  000057ec    0000000a     driverlib-cm3.lib : interrupt.obj (.text:IntMasterDisable)
                  000057f6    0000000a                       : interrupt.obj (.text:IntMasterEnable)
                  00005800    0000000a     app_pem3.oem3 (.text:xdc_runtime_IHeap_alloc)
                  0000580a    0000000a     app_pem3.oem3 (.text:xdc_runtime_IHeap_free)
                  00005814    0000000a     ti.targets.arm.rtsarm.aem3 : LoggerBuf.oem3 (.text:xdc_runtime_LoggerBuf_disable__F)
                  0000581e    0000000a                                : LoggerBuf.oem3 (.text:xdc_runtime_LoggerBuf_enable__F)
                  00005828    00000008     driverlib-cm3.lib : comp.obj (.text:ComparatorConfigure)
                  00005830    00000008                       : timer.obj (.text:TimerIntEnable)
                  00005838    00000008     sysbios.aem3 : BIOS.obj (.text:ti_sysbios_family_arm_m3_Hwi_doSwiRestore__I)
                  00005840    00000008                  : BIOS.obj (.text:ti_sysbios_family_arm_m3_Hwi_startup__E)
                  00005848    00000008                  : BIOS.obj (.text:ti_sysbios_knl_Idle_loop__E)
                  00005850    00000006     Boot.aem3 : Boot.oem3 (.text)
                  00005856    00000006     ti.targets.arm.rtsarm.aem3 : xdc_noinit.oem3 (.text:__xdc__init)
                  0000585c    00000006     rtsv7M3_T_le_eabi.lib : copy_decompress_rle.obj (.text:decompress:rle24)
                  00005862    00000006     sysbios.aem3 : BIOS.obj (.text:ti_sysbios_family_arm_lm3_TimestampProvider_Module_startup__F)
                  00005868    00000006                  : BIOS.obj (.text:ti_sysbios_gates_GateHwi_leave__E)
                  0000586e    00000006                  : BIOS.obj (.text:ti_sysbios_heaps_HeapMem_isBlocking__E)
                  00005874    00000006                  : BIOS.obj (.text:ti_sysbios_knl_Queue_Instance_init__F)
                  0000587a    00000006     ti.targets.arm.rtsarm.aem3 : System.oem3 (.text:xdc_runtime_System_Module_startup__F)
                  00005880    00000004     driverlib-cm3.lib : comp.obj (.text:ComparatorRefSet)
                  00005884    00000004     app_pem3.oem3 (.text:ti_sysbios_BIOS_RtsGateProxy_enter__E)
                  00005888    00000004     app_pem3.oem3 (.text:ti_sysbios_BIOS_RtsGateProxy_leave__E)
                  0000588c    00000004     sysbios.aem3 : BIOS.obj (.text:ti_sysbios_family_arm_lm3_Timer_getPeriod__E)
                  00005890    00000004     app_pem3.oem3 (.text:ti_sysbios_family_arm_m3_TaskSupport_Module__startupDone__S)
                  00005894    00000004     sysbios.aem3 : BIOS.obj (.text:ti_sysbios_gates_GateHwi_query__F)
                  00005898    00000004                  : BIOS.obj (.text:ti_sysbios_gates_GateMutex_query__F)
                  0000589c    00000004     app_pem3.oem3 (.text:ti_sysbios_hal_Hwi_HwiProxy_Module__startupDone__S)
                  000058a0    00000004     app_pem3.oem3 (.text:ti_sysbios_hal_Timer_TimerProxy_Module__startupDone__S)
                  000058a4    00000004     app_pem3.oem3 (.text:ti_sysbios_hal_Timer_TimerProxy_getPeriod__E)
                  000058a8    00000004     app_pem3.oem3 (.text:ti_sysbios_heaps_HeapMem_Module_GateProxy_enter__E)
                  000058ac    00000004     app_pem3.oem3 (.text:ti_sysbios_heaps_HeapMem_Module_GateProxy_leave__E)
                  000058b0    00000004     app_pem3.oem3 (.text:ti_sysbios_knl_Task_SupportProxy_Module__startupDone__S)
                  000058b4    00000004     sysbios.aem3 : BIOS.obj (.text:ti_sysbios_knl_Task_startup__E)
                  000058b8    00000004     ti.targets.arm.rtsarm.aem3 : Error.oem3 (.text:xdc_runtime_Error_getSite__F)
                  000058bc    00000004     app_pem3.oem3 (.text:xdc_runtime_LoggerBuf_Module_GateProxy_enter__E)
                  000058c0    00000004     app_pem3.oem3 (.text:xdc_runtime_LoggerBuf_Module_GateProxy_leave__E)
                  000058c4    00000004     app_pem3.oem3 (.text:xdc_runtime_Memory_HeapProxy_alloc__E)
                  000058c8    00000004     app_pem3.oem3 (.text:xdc_runtime_Memory_HeapProxy_free__E)
                  000058cc    00000004     app_pem3.oem3 (.text:xdc_runtime_Startup_reset__I)
                  000058d0    00000004     app_pem3.oem3 (.text:xdc_runtime_System_Module_GateProxy_enter__E)
                  000058d4    00000004     app_pem3.oem3 (.text:xdc_runtime_System_Module_GateProxy_leave__E)
                  000058d8    00000004     ti.targets.arm.rtsarm.aem3 : System.oem3 (.text:xdc_runtime_System_aprintf_va__F)
                  000058dc    00000004                                : System.oem3 (.text:xdc_runtime_System_printf_va__F)
                  000058e0    00000004     app_pem3.oem3 (.text:xdc_runtime_System_vsnprintf__E)

.const     0    000058e4    00001d69     
                  000058e4    000015fb     app_pem3.oem3 (.const:xdc_runtime_Text_charTab__A)
                  00006edf    00000001     --HOLE-- [fill = 0]
                  00006ee0    000000b4     app_pem3.oem3 (.const:xdc_runtime_Text_nodeTab__A)
                  00006f94    0000006c     driverlib-cm3.lib : sysctl.obj (.const:g_pulXtals)
                  00007000    00000050     app_pem3.oem3 (.const:ti_sysbios_family_arm_m3_Hwi_priorities__A)
                  00007050    00000048     app_pem3.oem3 (.const:.string)
                  00007098    00000040     driverlib-cm3.lib : sysctl.obj (.const)
                  000070d8    0000003c     app_pem3.oem3 (.const:xdc_runtime_LoggerBuf_Module__FXNS__C)
                  00007114    0000002c     app_pem3.oem3 (.const:xdc_runtime_Startup_sfxnTab__A)
                  00007140    00000028     app_pem3.oem3 (.const:ti_sysbios_heaps_HeapMem_Module__FXNS__C)
                  00007168    00000024     app_pem3.oem3 (.const:ti_sysbios_gates_GateHwi_Module__FXNS__C)
                  0000718c    00000024     app_pem3.oem3 (.const:ti_sysbios_gates_GateMutex_Module__FXNS__C)
                  000071b0    00000024     app_pem3.oem3 (.const:ti_sysbios_heaps_HeapMem_Object__PARAMS__C)
                  000071d4    00000024     app_pem3.oem3 (.const:ti_sysbios_knl_Semaphore_Object__PARAMS__C)
                  000071f8    00000024     app_pem3.oem3 (.const:xdc_runtime_LoggerBuf_Object__PARAMS__C)
                  0000721c    00000020     app_pem3.oem3 (.const:ti_sysbios_gates_GateHwi_Object__DESC__C)
                  0000723c    00000020     app_pem3.oem3 (.const:ti_sysbios_gates_GateMutex_Object__DESC__C)
                  0000725c    00000020     app_pem3.oem3 (.const:ti_sysbios_heaps_HeapMem_Object__DESC__C)
                  0000727c    00000020     app_pem3.oem3 (.const:ti_sysbios_knl_Queue_Object__DESC__C)
                  0000729c    00000020     app_pem3.oem3 (.const:ti_sysbios_knl_Semaphore_Object__DESC__C)
                  000072bc    00000020     app_pem3.oem3 (.const:xdc_runtime_LoggerBuf_Object__DESC__C)
                  000072dc    00000018     app_pem3.oem3 (.const:ti_sysbios_gates_GateHwi_Object__PARAMS__C)
                  000072f4    00000018     app_pem3.oem3 (.const:ti_sysbios_gates_GateMutex_Object__PARAMS__C)
                  0000730c    00000018     app_pem3.oem3 (.const:ti_sysbios_knl_Queue_Object__PARAMS__C)
                  00007324    00000018     app_pem3.oem3 (.const:ti_sysbios_knl_Task_hooks__A)
                  0000733c    00000016     app_pem3.oem3 (.const:xdc_runtime_Startup_sfxnRts__A)
                  00007352    00000002     --HOLE-- [fill = 0]
                  00007354    00000011     ti.targets.arm.rtsarm.aem3 : System.oem3 (.const)
                  00007365    00000003     --HOLE-- [fill = 0]
                  00007368    00000010     app_pem3.oem3 (.const:xdc_runtime_Startup_firstFxns__A)
                  00007378    0000000c     app_pem3.oem3 (.const)
                  00007384    00000008     app_pem3.oem3 (.const:ti_sysbios_family_arm_m3_Hwi_excHookFuncs__A)
                  0000738c    00000008     app_pem3.oem3 (.const:ti_sysbios_knl_Idle_coreList__C)
                  00007394    00000008     app_pem3.oem3 (.const:ti_sysbios_knl_Idle_funcList__C)
                  0000739c    00000008     app_pem3.oem3 (.const:ti_sysbios_knl_Task_hooks__C)
                  000073a4    00000008     app_pem3.oem3 (.const:xdc_runtime_Startup_firstFxns__C)
                  000073ac    00000008     app_pem3.oem3 (.const:xdc_runtime_Startup_lastFxns__A)
                  000073b4    00000008     app_pem3.oem3 (.const:xdc_runtime_Startup_lastFxns__C)
                  000073bc    00000004     app_pem3.oem3 (.const:ti_sysbios_BIOS_Module__diagsEnabled__C)
                  000073c0    00000004     app_pem3.oem3 (.const:ti_sysbios_BIOS_Module__diagsIncluded__C)
                  000073c4    00000004     app_pem3.oem3 (.const:ti_sysbios_BIOS_Module__diagsMask__C)
                  000073c8    00000004     app_pem3.oem3 (.const:ti_sysbios_BIOS_installedErrorHook__C)
                  000073cc    00000004     app_pem3.oem3 (.const:ti_sysbios_family_arm_lm3_Timer_WRALLOW__C)
                  000073d0    00000004     app_pem3.oem3 (.const:ti_sysbios_family_arm_lm3_Timer_numTimerDevices__C)
                  000073d4    00000004     app_pem3.oem3 (.const:ti_sysbios_family_arm_lm3_Timer_startupNeeded__C)
                  000073d8    00000004     app_pem3.oem3 (.const:ti_sysbios_family_arm_m3_Hwi_E_NMI__C)
                  000073dc    00000004     app_pem3.oem3 (.const:ti_sysbios_family_arm_m3_Hwi_E_busFault__C)
                  000073e0    00000004     app_pem3.oem3 (.const:ti_sysbios_family_arm_m3_Hwi_E_debugMon__C)
                  000073e4    00000004     app_pem3.oem3 (.const:ti_sysbios_family_arm_m3_Hwi_E_hardFault__C)
                  000073e8    00000004     app_pem3.oem3 (.const:ti_sysbios_family_arm_m3_Hwi_E_memFault__C)
                  000073ec    00000004     app_pem3.oem3 (.const:ti_sysbios_family_arm_m3_Hwi_E_noIsr__C)
                  000073f0    00000004     app_pem3.oem3 (.const:ti_sysbios_family_arm_m3_Hwi_E_reserved__C)
                  000073f4    00000004     app_pem3.oem3 (.const:ti_sysbios_family_arm_m3_Hwi_E_svCall__C)
                  000073f8    00000004     app_pem3.oem3 (.const:ti_sysbios_family_arm_m3_Hwi_E_usageFault__C)
                  000073fc    00000004     app_pem3.oem3 (.const:ti_sysbios_family_arm_m3_Hwi_LD_end__C)
                  00007400    00000004     app_pem3.oem3 (.const:ti_sysbios_family_arm_m3_Hwi_LM_begin__C)
                  00007404    00000004     app_pem3.oem3 (.const:ti_sysbios_family_arm_m3_Hwi_Module__diagsEnabled__C)
                  00007408    00000004     app_pem3.oem3 (.const:ti_sysbios_family_arm_m3_Hwi_Module__diagsIncluded__C)
                  0000740c    00000004     app_pem3.oem3 (.const:ti_sysbios_family_arm_m3_Hwi_Module__diagsMask__C)
                  00007410    00000004     app_pem3.oem3 (.const:ti_sysbios_family_arm_m3_Hwi_Module__loggerFxn1__C)
                  00007414    00000004     app_pem3.oem3 (.const:ti_sysbios_family_arm_m3_Hwi_Module__loggerFxn8__C)
                  00007418    00000004     app_pem3.oem3 (.const:ti_sysbios_family_arm_m3_Hwi_Module__loggerObj__C)
                  0000741c    00000004     app_pem3.oem3 (.const:ti_sysbios_family_arm_m3_Hwi_NUM_INTERRUPTS__C)
                  00007420    00000004     app_pem3.oem3 (.const:ti_sysbios_family_arm_m3_Hwi_ccr__C)
                  00007424    00000004     app_pem3.oem3 (.const:ti_sysbios_family_arm_m3_Hwi_dispatchTable__C)
                  00007428    00000004     app_pem3.oem3 (.const:ti_sysbios_family_arm_m3_Hwi_excHandlerFunc__C)
                  0000742c    00000004     app_pem3.oem3 (.const:ti_sysbios_family_arm_m3_Hwi_excHookFuncs__C)
                  00007430    00000004     app_pem3.oem3 (.const:ti_sysbios_family_arm_m3_Hwi_priGroup__C)
                  00007434    00000004     app_pem3.oem3 (.const:ti_sysbios_family_arm_m3_Hwi_priorities__C)
                  00007438    00000004     app_pem3.oem3 (.const:ti_sysbios_gates_GateMutex_A_badContext__C)
                  0000743c    00000004     app_pem3.oem3 (.const:ti_sysbios_gates_GateMutex_Instance_State_sem__O)
                  00007440    00000004     app_pem3.oem3 (.const:ti_sysbios_gates_GateMutex_Module__diagsEnabled__C)
                  00007444    00000004     app_pem3.oem3 (.const:ti_sysbios_gates_GateMutex_Module__diagsIncluded__C)
                  00007448    00000004     app_pem3.oem3 (.const:ti_sysbios_gates_GateMutex_Module__diagsMask__C)
                  0000744c    00000004     app_pem3.oem3 (.const:ti_sysbios_hal_Hwi_E_stackOverflow__C)
                  00007450    00000004     app_pem3.oem3 (.const:ti_sysbios_heaps_HeapMem_A_align__C)
                  00007454    00000004     app_pem3.oem3 (.const:ti_sysbios_heaps_HeapMem_A_heapSize__C)
                  00007458    00000004     app_pem3.oem3 (.const:ti_sysbios_heaps_HeapMem_A_invalidFree__C)
                  0000745c    00000004     app_pem3.oem3 (.const:ti_sysbios_heaps_HeapMem_A_zeroBlock__C)
                  00007460    00000004     app_pem3.oem3 (.const:ti_sysbios_heaps_HeapMem_E_memory__C)
                  00007464    00000004     app_pem3.oem3 (.const:ti_sysbios_heaps_HeapMem_Module__diagsEnabled__C)
                  00007468    00000004     app_pem3.oem3 (.const:ti_sysbios_heaps_HeapMem_Module__diagsIncluded__C)
                  0000746c    00000004     app_pem3.oem3 (.const:ti_sysbios_heaps_HeapMem_Module__diagsMask__C)
                  00007470    00000004     app_pem3.oem3 (.const:ti_sysbios_heaps_HeapMem_Module__gateObj__C)
                  00007474    00000004     app_pem3.oem3 (.const:ti_sysbios_heaps_HeapMem_Object__count__C)
                  00007478    00000004     app_pem3.oem3 (.const:ti_sysbios_heaps_HeapMem_reqAlign__C)
                  0000747c    00000004     app_pem3.oem3 (.const:ti_sysbios_knl_Clock_LM_begin__C)
                  00007480    00000004     app_pem3.oem3 (.const:ti_sysbios_knl_Clock_LM_tick__C)
                  00007484    00000004     app_pem3.oem3 (.const:ti_sysbios_knl_Clock_LW_delayed__C)
                  00007488    00000004     app_pem3.oem3 (.const:ti_sysbios_knl_Clock_Module_State_clockQ__O)
                  0000748c    00000004     app_pem3.oem3 (.const:ti_sysbios_knl_Clock_Module__diagsEnabled__C)
                  00007490    00000004     app_pem3.oem3 (.const:ti_sysbios_knl_Clock_Module__diagsIncluded__C)
                  00007494    00000004     app_pem3.oem3 (.const:ti_sysbios_knl_Clock_Module__diagsMask__C)
                  00007498    00000004     app_pem3.oem3 (.const:ti_sysbios_knl_Clock_Module__loggerFxn1__C)
                  0000749c    00000004     app_pem3.oem3 (.const:ti_sysbios_knl_Clock_Module__loggerFxn2__C)
                  000074a0    00000004     app_pem3.oem3 (.const:ti_sysbios_knl_Clock_Module__loggerObj__C)
                  000074a4    00000004     app_pem3.oem3 (.const:ti_sysbios_knl_Idle_coreList__A)
                  000074a8    00000004     app_pem3.oem3 (.const:ti_sysbios_knl_Idle_funcList__A)
                  000074ac    00000004     app_pem3.oem3 (.const:ti_sysbios_knl_Semaphore_A_badContext__C)
                  000074b0    00000004     app_pem3.oem3 (.const:ti_sysbios_knl_Semaphore_A_noEvents__C)
                  000074b4    00000004     app_pem3.oem3 (.const:ti_sysbios_knl_Semaphore_A_overflow__C)
                  000074b8    00000004     app_pem3.oem3 (.const:ti_sysbios_knl_Semaphore_A_pendTaskDisabled__C)
                  000074bc    00000004     app_pem3.oem3 (.const:ti_sysbios_knl_Semaphore_Instance_State_pendQ__O)
                  000074c0    00000004     app_pem3.oem3 (.const:ti_sysbios_knl_Semaphore_LM_pend__C)
                  000074c4    00000004     app_pem3.oem3 (.const:ti_sysbios_knl_Semaphore_LM_post__C)
                  000074c8    00000004     app_pem3.oem3 (.const:ti_sysbios_knl_Semaphore_Module__diagsEnabled__C)
                  000074cc    00000004     app_pem3.oem3 (.const:ti_sysbios_knl_Semaphore_Module__diagsIncluded__C)
                  000074d0    00000004     app_pem3.oem3 (.const:ti_sysbios_knl_Semaphore_Module__diagsMask__C)
                  000074d4    00000004     app_pem3.oem3 (.const:ti_sysbios_knl_Semaphore_Module__loggerFxn2__C)
                  000074d8    00000004     app_pem3.oem3 (.const:ti_sysbios_knl_Semaphore_Module__loggerFxn4__C)
                  000074dc    00000004     app_pem3.oem3 (.const:ti_sysbios_knl_Semaphore_Module__loggerObj__C)
                  000074e0    00000004     app_pem3.oem3 (.const:ti_sysbios_knl_Swi_LD_end__C)
                  000074e4    00000004     app_pem3.oem3 (.const:ti_sysbios_knl_Swi_LM_begin__C)
                  000074e8    00000004     app_pem3.oem3 (.const:ti_sysbios_knl_Swi_LM_post__C)
                  000074ec    00000004     app_pem3.oem3 (.const:ti_sysbios_knl_Swi_Module__diagsEnabled__C)
                  000074f0    00000004     app_pem3.oem3 (.const:ti_sysbios_knl_Swi_Module__diagsIncluded__C)
                  000074f4    00000004     app_pem3.oem3 (.const:ti_sysbios_knl_Swi_Module__diagsMask__C)
                  000074f8    00000004     app_pem3.oem3 (.const:ti_sysbios_knl_Swi_Module__loggerFxn1__C)
                  000074fc    00000004     app_pem3.oem3 (.const:ti_sysbios_knl_Swi_Module__loggerFxn4__C)
                  00007500    00000004     app_pem3.oem3 (.const:ti_sysbios_knl_Swi_Module__loggerObj__C)
                  00007504    00000004     app_pem3.oem3 (.const:ti_sysbios_knl_Swi_Object__count__C)
                  00007508    00000004     app_pem3.oem3 (.const:ti_sysbios_knl_Task_E_spOutOfBounds__C)
                  0000750c    00000004     app_pem3.oem3 (.const:ti_sysbios_knl_Task_E_stackOverflow__C)
                  00007510    00000004     app_pem3.oem3 (.const:ti_sysbios_knl_Task_LD_block__C)
                  00007514    00000004     app_pem3.oem3 (.const:ti_sysbios_knl_Task_LD_exit__C)
                  00007518    00000004     app_pem3.oem3 (.const:ti_sysbios_knl_Task_LD_ready__C)
                  0000751c    00000004     app_pem3.oem3 (.const:ti_sysbios_knl_Task_LM_switch__C)
                  00007520    00000004     app_pem3.oem3 (.const:ti_sysbios_knl_Task_Module_State_inactiveQ__O)
                  00007524    00000004     app_pem3.oem3 (.const:ti_sysbios_knl_Task_Module__diagsEnabled__C)
                  00007528    00000004     app_pem3.oem3 (.const:ti_sysbios_knl_Task_Module__diagsIncluded__C)
                  0000752c    00000004     app_pem3.oem3 (.const:ti_sysbios_knl_Task_Module__diagsMask__C)
                  00007530    00000004     app_pem3.oem3 (.const:ti_sysbios_knl_Task_Module__loggerFxn2__C)
                  00007534    00000004     app_pem3.oem3 (.const:ti_sysbios_knl_Task_Module__loggerFxn4__C)
                  00007538    00000004     app_pem3.oem3 (.const:ti_sysbios_knl_Task_Module__loggerObj__C)
                  0000753c    00000004     app_pem3.oem3 (.const:ti_sysbios_knl_Task_Object__count__C)
                  00007540    00000004     app_pem3.oem3 (.const:ti_sysbios_knl_Task_allBlockedFunc__C)
                  00007544    00000004     app_pem3.oem3 (.const:ti_sysbios_knl_Task_numConstructedTasks__C)
                  00007548    00000004     app_pem3.oem3 (.const:xdc_runtime_Assert_E_assertFailed__C)
                  0000754c    00000004     app_pem3.oem3 (.const:xdc_runtime_Core_A_initializedParams__C)
                  00007550    00000004     app_pem3.oem3 (.const:xdc_runtime_Core_Module__diagsEnabled__C)
                  00007554    00000004     app_pem3.oem3 (.const:xdc_runtime_Core_Module__diagsIncluded__C)
                  00007558    00000004     app_pem3.oem3 (.const:xdc_runtime_Core_Module__diagsMask__C)
                  0000755c    00000004     app_pem3.oem3 (.const:xdc_runtime_Error_E_memory__C)
                  00007560    00000004     app_pem3.oem3 (.const:xdc_runtime_Error_Module__diagsEnabled__C)
                  00007564    00000004     app_pem3.oem3 (.const:xdc_runtime_Error_Module__diagsIncluded__C)
                  00007568    00000004     app_pem3.oem3 (.const:xdc_runtime_Error_Module__diagsMask__C)
                  0000756c    00000004     app_pem3.oem3 (.const:xdc_runtime_Error_Module__loggerFxn8__C)
                  00007570    00000004     app_pem3.oem3 (.const:xdc_runtime_Error_Module__loggerObj__C)
                  00007574    00000004     app_pem3.oem3 (.const:xdc_runtime_Error_raiseHook__C)
                  00007578    00000004     app_pem3.oem3 (.const:xdc_runtime_IFilterLogger_Interface__BASE__C)
                  0000757c    00000004     app_pem3.oem3 (.const:xdc_runtime_IGateProvider_Interface__BASE__C)
                  00007580    00000004     app_pem3.oem3 (.const:xdc_runtime_IHeap_Interface__BASE__C)
                  00007584    00000004     app_pem3.oem3 (.const:xdc_runtime_ILogger_Interface__BASE__C)
                  00007588    00000004     app_pem3.oem3 (.const:xdc_runtime_IModule_Interface__BASE__C)
                  0000758c    00000004     app_pem3.oem3 (.const:xdc_runtime_Log_L_error__C)
                  00007590    00000004     app_pem3.oem3 (.const:xdc_runtime_LoggerBuf_E_badLevel__C)
                  00007594    00000004     app_pem3.oem3 (.const:xdc_runtime_LoggerBuf_Module__gateObj__C)
                  00007598    00000004     app_pem3.oem3 (.const:xdc_runtime_LoggerBuf_Object__count__C)
                  0000759c    00000004     app_pem3.oem3 (.const:xdc_runtime_LoggerBuf_statusLogger__C)
                  000075a0    00000004     app_pem3.oem3 (.const:xdc_runtime_Memory_defaultHeapInstance__C)
                  000075a4    00000004     app_pem3.oem3 (.const:xdc_runtime_Startup_execImpl__C)
                  000075a8    00000004     app_pem3.oem3 (.const:xdc_runtime_Startup_maxPasses__C)
                  000075ac    00000004     app_pem3.oem3 (.const:xdc_runtime_Startup_sfxnRts__C)
                  000075b0    00000004     app_pem3.oem3 (.const:xdc_runtime_Startup_sfxnTab__C)
                  000075b4    00000004     app_pem3.oem3 (.const:xdc_runtime_SysMin_bufSize__C)
                  000075b8    00000004     app_pem3.oem3 (.const:xdc_runtime_SysMin_outputFunc__C)
                  000075bc    00000004     app_pem3.oem3 (.const:xdc_runtime_System_Module__gateObj__C)
                  000075c0    00000004     app_pem3.oem3 (.const:xdc_runtime_System_extendFxn__C)
                  000075c4    00000004     app_pem3.oem3 (.const:xdc_runtime_System_maxAtexitHandlers__C)
                  000075c8    00000004     app_pem3.oem3 (.const:xdc_runtime_Text_charTab__C)
                  000075cc    00000004     app_pem3.oem3 (.const:xdc_runtime_Text_nameEmpty__C)
                  000075d0    00000004     app_pem3.oem3 (.const:xdc_runtime_Text_nameStatic__C)
                  000075d4    00000004     app_pem3.oem3 (.const:xdc_runtime_Text_nameUnknown__C)
                  000075d8    00000004     app_pem3.oem3 (.const:xdc_runtime_Text_nodeTab__C)
                  000075dc    00000004     app_pem3.oem3 (.const:xdc_runtime_Text_visitRopeFxn__C)
                  000075e0    00000002     app_pem3.oem3 (.const:ti_sysbios_BIOS_Module__id__C)
                  000075e2    00000002     --HOLE-- [fill = 0]
                  000075e4    00000002     app_pem3.oem3 (.const:ti_sysbios_family_arm_lm3_TimestampProvider_useClockTimer__C)
                  000075e6    00000002     --HOLE-- [fill = 0]
                  000075e8    00000002     app_pem3.oem3 (.const:ti_sysbios_family_arm_m3_Hwi_Module__id__C)
                  000075ea    00000002     --HOLE-- [fill = 0]
                  000075ec    00000002     app_pem3.oem3 (.const:ti_sysbios_family_arm_m3_Hwi_Module__loggerDefined__C)
                  000075ee    00000002     --HOLE-- [fill = 0]
                  000075f0    00000002     app_pem3.oem3 (.const:ti_sysbios_gates_GateMutex_Module__id__C)
                  000075f2    00000002     --HOLE-- [fill = 0]
                  000075f4    00000002     app_pem3.oem3 (.const:ti_sysbios_hal_Hwi_Module__id__C)
                  000075f6    00000002     --HOLE-- [fill = 0]
                  000075f8    00000002     app_pem3.oem3 (.const:ti_sysbios_heaps_HeapMem_Module__id__C)
                  000075fa    00000002     --HOLE-- [fill = 0]
                  000075fc    00000002     app_pem3.oem3 (.const:ti_sysbios_knl_Clock_Module__id__C)
                  000075fe    00000002     --HOLE-- [fill = 0]
                  00007600    00000002     app_pem3.oem3 (.const:ti_sysbios_knl_Clock_Module__loggerDefined__C)
                  00007602    00000002     --HOLE-- [fill = 0]
                  00007604    00000002     app_pem3.oem3 (.const:ti_sysbios_knl_Semaphore_Module__id__C)
                  00007606    00000002     --HOLE-- [fill = 0]
                  00007608    00000002     app_pem3.oem3 (.const:ti_sysbios_knl_Semaphore_Module__loggerDefined__C)
                  0000760a    00000002     --HOLE-- [fill = 0]
                  0000760c    00000002     app_pem3.oem3 (.const:ti_sysbios_knl_Swi_Module__id__C)
                  0000760e    00000002     --HOLE-- [fill = 0]
                  00007610    00000002     app_pem3.oem3 (.const:ti_sysbios_knl_Swi_Module__loggerDefined__C)
                  00007612    00000002     --HOLE-- [fill = 0]
                  00007614    00000002     app_pem3.oem3 (.const:ti_sysbios_knl_Task_Module__id__C)
                  00007616    00000002     --HOLE-- [fill = 0]
                  00007618    00000002     app_pem3.oem3 (.const:ti_sysbios_knl_Task_Module__loggerDefined__C)
                  0000761a    00000002     --HOLE-- [fill = 0]
                  0000761c    00000002     app_pem3.oem3 (.const:ti_sysbios_knl_Task_initStackFlag__C)
                  0000761e    00000002     --HOLE-- [fill = 0]
                  00007620    00000002     app_pem3.oem3 (.const:xdc_runtime_Core_Module__id__C)
                  00007622    00000002     --HOLE-- [fill = 0]
                  00007624    00000002     app_pem3.oem3 (.const:xdc_runtime_Error_Module__loggerDefined__C)
                  00007626    00000002     --HOLE-- [fill = 0]
                  00007628    00000002     app_pem3.oem3 (.const:xdc_runtime_Error_maxDepth__C)
                  0000762a    00000002     --HOLE-- [fill = 0]
                  0000762c    00000002     app_pem3.oem3 (.const:xdc_runtime_LoggerBuf_Module__id__C)
                  0000762e    00000002     --HOLE-- [fill = 0]
                  00007630    00000002     app_pem3.oem3 (.const:xdc_runtime_LoggerBuf_filterByLevel__C)
                  00007632    00000002     --HOLE-- [fill = 0]
                  00007634    00000002     app_pem3.oem3 (.const:xdc_runtime_Memory_Module__id__C)
                  00007636    00000002     --HOLE-- [fill = 0]
                  00007638    00000002     app_pem3.oem3 (.const:xdc_runtime_SysMin_flushAtExit__C)
                  0000763a    00000002     --HOLE-- [fill = 0]
                  0000763c    00000002     app_pem3.oem3 (.const:xdc_runtime_Text_charCnt__C)
                  0000763e    00000002     --HOLE-- [fill = 0]
                  00007640    00000002     app_pem3.oem3 (.const:xdc_runtime_Text_isLoaded__C)
                  00007642    00000002     --HOLE-- [fill = 0]
                  00007644    00000002     app_pem3.oem3 (.const:xdc_runtime_Text_registryModsLastId__C)
                  00007646    00000002     --HOLE-- [fill = 0]
                  00007648    00000002     app_pem3.oem3 (.const:xdc_runtime_Text_unnamedModsLastId__C)
                  0000764a    00000002     --HOLE-- [fill = 0]
                  0000764c    00000001     app_pem3.oem3 (.const:xdc_runtime_Error_policy__C)

.cinit     0    00007650    000003f0     
                  00007650    000003ba     (.cinit..data.load) [load image, compression = rle]
                  00007a0a    00000002     --HOLE-- [fill = 0]
                  00007a0c    0000000c     (__TI_handler_table)
                  00007a18    00000008     (.cinit..bss.load) [load image, compression = zero_init]
                  00007a20    00000008     (.cinit..vecs.load) [load image, compression = zero_init]
                  00007a28    00000018     (__TI_cinit_table)

.vecs      0    20000000    00000140     UNINITIALIZED
                  20000000    00000140     app_pem3.oem3 (.vecs)

.stack     0    20000140    00002000     UNINITIALIZED
                  20000140    00002000     --HOLE--

.bss       0    20002140    00001730     UNINITIALIZED
                  20002140    00001000     app_pem3.oem3 (.bss:ti_sysbios_heaps_HeapMem_Instance_State_0_buf__A)
                  20003140    00000200     app_pem3.oem3 (.bss:taskStackSection)
                  20003340    00000200     app_pem3.oem3 (.bss:xdc_runtime_LoggerBuf_Instance_State_0_entryArr__A)
                  20003540    00000200     app_pem3.oem3 (.bss:xdc_runtime_SysMin_Module_State_0_outbuf__A)
                  20003740    00000120     rtsv7M3_T_le_eabi.lib : trgmsg.obj (.bss:__CIOBUF_)
                  20003860    00000008                           : trgdrv.obj (.bss)
                  20003868    00000004     app_pem3.oem3 (.bss)
                  2000386c    00000004     main.obj (.bss)

.data      0    20003870    00000640     
                  20003870    00000190     app_pem3.oem3 (.data)
                  20003a00    00000140     app_pem3.oem3 (.data:ti_sysbios_family_arm_m3_Hwi_Module_State_0_dispatchTable__A)
                  20003b40    00000080     app_pem3.oem3 (.data:ti_sysbios_knl_Swi_Module_State_0_readyQ__A)
                  20003bc0    00000080     app_pem3.oem3 (.data:ti_sysbios_knl_Task_Module_State_0_readyQ__A)
                  20003c40    00000060     app_pem3.oem3 (.data:ti_sysbios_family_arm_lm3_Timer_Object__table__V)
                  20003ca0    00000054     app_pem3.oem3 (.data:ti_sysbios_family_arm_m3_Hwi_Module__state__V)
                  20003cf4    0000004c     app_pem3.oem3 (.data:ti_sysbios_knl_Task_Object__table__V)
                  20003d40    00000048     app_pem3.oem3 (.data:ti_sysbios_family_arm_m3_Hwi_Object__table__V)
                  20003d88    00000044     app_pem3.oem3 (.data:ti_sysbios_knl_Task_Module__state__V)
                  20003dcc    00000038     app_pem3.oem3 (.data:ti_sysbios_gates_GateMutex_Object__table__V)
                  20003e04    00000030     app_pem3.oem3 (.data:ti_sysbios_knl_Swi_Object__table__V)
                  20003e34    00000028     app_pem3.oem3 (.data:ti_sysbios_knl_Clock_Module__state__V)
                  20003e5c    00000024     app_pem3.oem3 (.data:xdc_runtime_LoggerBuf_Object__table__V)
                  20003e80    00000018     main.obj (.data)
                  20003e98    00000008     rtsv7M3_T_le_eabi.lib : _lock.obj (.data)
                  20003ea0    00000008                           : exit.obj (.data)
                  20003ea8    00000004                           : dtor_list.obj (.data)
                  20003eac    00000004                           : stkdepth_vars.obj (.data)


LINKER GENERATED COPY TABLES

__TI_cinit_table @ 00007a28 records: 3, size/record: 8, table size: 24
	.data: load addr=00007650, load size=000003ba bytes, run addr=20003870, run size=00000640 bytes, compression=rle
	.bss: load addr=00007a18, load size=00000008 bytes, run addr=20002140, run size=00001730 bytes, compression=zero_init
	.vecs: load addr=00007a20, load size=00000008 bytes, run addr=20000000, run size=00000140 bytes, compression=zero_init


LINKER GENERATED HANDLER TABLE

__TI_handler_table @ 00007a0c records: 3, size/record: 4, table size: 12
	index: 0, handler: __TI_zero_init
	index: 1, handler: __TI_decompress_rle24
	index: 2, handler: __TI_decompress_none


GLOBAL SYMBOLS: SORTED ALPHABETICALLY BY Name 

address    name
--------   ----
0000486d   C$$EXIT
00004147   C$$IO$$
0000575d   CPUcpsid
00005769   CPUcpsie
00005829   ComparatorConfigure
00005881   ComparatorRefSet
00004e01   GPIODirModeSet
00002f99   GPIOPadConfigSet
00000b3b   HOSTclock
00000b01   HOSTclose
00000ac3   HOSTgetenv
00000a67   HOSTlseek
00000a17   HOSTopen
000009c9   HOSTread
00000969   HOSTrename
0000092d   HOSTtime
000008f3   HOSTunlink
000008a5   HOSTwrite
000057ed   IntMasterDisable
000057f7   IntMasterEnable
00005209   LoggerBuf_instanceStartup
UNDEFED    SHT$$INIT_ARRAY$$Base
UNDEFED    SHT$$INIT_ARRAY$$Limit
00001639   SysCtlClockGet
00004355   SysCtlPeripheralEnable
20003cf4   TSK_idle
00001529   Timer0A_ISR
0000157d   Timer1A_ISR
00004fdd   TimerConfigure
00005569   TimerControlEvent
000054a1   TimerDisable
00005719   TimerEnable
00005831   TimerIntEnable
0000557b   TimerLoadSet
00000000   __ASM__
20003740   __CIOBUF_
00000081   __ISA__
00000093   __PLAT__
20002140   __STACK_END
00002000   __STACK_SIZE
20000340   __STACK_TOP
000000b9   __TARG__
00007a28   __TI_CINIT_Base
00007a40   __TI_CINIT_Limit
00007a0c   __TI_Handler_Table_Base
00007a18   __TI_Handler_Table_Limit
00000001   __TI_args_main
00003745   __TI_auto_init
00005727   __TI_decompress_none
0000585d   __TI_decompress_rle24
00000000   __TI_static_base__
0000558d   __TI_zero_init
000000de   __TRDR__
00002d5b   __aeabi_atexit
00004a1d   __aeabi_f2iz
00004ba5   __aeabi_f2uiz
00003aed   __aeabi_fdiv
00003e09   __aeabi_fmul
00003e83   __aeabi_memclr
00003e83   __aeabi_memclr4
00003e83   __aeabi_memclr8
00003885   __aeabi_memcpy
00003885   __aeabi_memcpy4
00003885   __aeabi_memcpy8
00003e85   __aeabi_memset
00003e85   __aeabi_memset4
00003e85   __aeabi_memset8
00005001   __aeabi_ui2f
ffffffff   __binit__
ffffffff   __c_args__
00002d49   __cxa_atexit
00002d05   __cxa_finalize
00002d43   __cxa_ia64_exit
20000140   __stack
00005857   __xdc__init
200039fc   __xdc__init__addr
00005411   _args_main
0000464d   _c_int00
20003ea0   _cleanup_ptr
20003ea4   _dtors_ptr
20003e98   _lock
000054c3   _nop
000054bb   _register_lock
000054b5   _register_unlock
20003e9c   _unlock
00004871   abort
00002d4d   atexit
ffffffff   binit
0000737c   clock0
00004691   copy_in
00004879   exit
000053f7   free
2000386c   g_SystemClock
20003e84   g_accumulatedPeriod
20003e90   g_frequency
20003e88   g_numPeriods
20003e8c   g_periodDiff
20003e80   g_periodInit
00007380   gateHwi0
00007378   hwi0
00001469   main
20003eac   main_func_sp
00004e2f   malloc
00003885   memcpy
00003e8b   memset
0000414b   readmsg
0000559f   strcpy
000054c9   strlen
00005751   ti_catalog_arm_cortexm3_lm3init_Boot_init
000022f5   ti_catalog_arm_cortexm3_lm3init_Boot_sysCtlClockSet
00005851   ti_catalog_arm_cortexm3_lm3init_Boot_sysCtlDelay
000073bc   ti_sysbios_BIOS_Module__diagsEnabled__C
000073c0   ti_sysbios_BIOS_Module__diagsIncluded__C
000073c4   ti_sysbios_BIOS_Module__diagsMask__C
000075e0   ti_sysbios_BIOS_Module__id__C
20003870   ti_sysbios_BIOS_Module__state__V
00005885   ti_sysbios_BIOS_RtsGateProxy_enter__E
00005889   ti_sysbios_BIOS_RtsGateProxy_leave__E
00005899   ti_sysbios_BIOS_RtsGateProxy_query__E
000046d5   ti_sysbios_BIOS_errorRaiseHook__I
00004d11   ti_sysbios_BIOS_exitFunc__I
000073c8   ti_sysbios_BIOS_installedErrorHook__C
00003a57   ti_sysbios_BIOS_nullFunc__I
00005025   ti_sysbios_BIOS_registerRTSLock__I
00005269   ti_sysbios_BIOS_rtsLock__I
00003efd   ti_sysbios_BIOS_rtsUnlock__I
00005629   ti_sysbios_BIOS_setThreadType__E
00005049   ti_sysbios_BIOS_startFunc__I
00005639   ti_sysbios_BIOS_start__E
20003898   ti_sysbios_family_arm_lm3_Timer_Module_State_0_device__A
200038b0   ti_sysbios_family_arm_lm3_Timer_Module_State_0_handles__A
20003890   ti_sysbios_family_arm_lm3_Timer_Module__root__V
00005429   ti_sysbios_family_arm_lm3_Timer_Module__startupDone__F
00005429   ti_sysbios_family_arm_lm3_Timer_Module__startupDone__S
200038bc   ti_sysbios_family_arm_lm3_Timer_Module__state__V
00003d11   ti_sysbios_family_arm_lm3_Timer_Module_startup__E
00003d11   ti_sysbios_family_arm_lm3_Timer_Module_startup__F
20003c40   ti_sysbios_family_arm_lm3_Timer_Object__table__V
000073cc   ti_sysbios_family_arm_lm3_Timer_WRALLOW__C
00004719   ti_sysbios_family_arm_lm3_Timer_enableTimers__I
0000588d   ti_sysbios_family_arm_lm3_Timer_getPeriod__E
00003b81   ti_sysbios_family_arm_lm3_Timer_initDevice__I
0000506d   ti_sysbios_family_arm_lm3_Timer_isrStub__E
000073d0   ti_sysbios_family_arm_lm3_Timer_numTimerDevices__C
00003d8d   ti_sysbios_family_arm_lm3_Timer_start__E
000073d4   ti_sysbios_family_arm_lm3_Timer_startupNeeded__C
00003061   ti_sysbios_family_arm_lm3_Timer_startup__E
200038c8   ti_sysbios_family_arm_lm3_TimestampProvider_Module__state__V
00005863   ti_sysbios_family_arm_lm3_TimestampProvider_Module_startup__E
00005863   ti_sysbios_family_arm_lm3_TimestampProvider_Module_startup__F
000037e5   ti_sysbios_family_arm_lm3_TimestampProvider_get64__E
00005649   ti_sysbios_family_arm_lm3_TimestampProvider_rolloverFunc__E
00005781   ti_sysbios_family_arm_lm3_TimestampProvider_startTimer__E
000075e4   ti_sysbios_family_arm_lm3_TimestampProvider_useClockTimer__C
000073d8   ti_sysbios_family_arm_m3_Hwi_E_NMI__C
000073dc   ti_sysbios_family_arm_m3_Hwi_E_busFault__C
000073e0   ti_sysbios_family_arm_m3_Hwi_E_debugMon__C
000073e4   ti_sysbios_family_arm_m3_Hwi_E_hardFault__C
000073e8   ti_sysbios_family_arm_m3_Hwi_E_memFault__C
000073ec   ti_sysbios_family_arm_m3_Hwi_E_noIsr__C
000073f0   ti_sysbios_family_arm_m3_Hwi_E_reserved__C
000073f4   ti_sysbios_family_arm_m3_Hwi_E_svCall__C
000073f8   ti_sysbios_family_arm_m3_Hwi_E_usageFault__C
000052f5   ti_sysbios_family_arm_m3_Hwi_Handle__label__S
000073fc   ti_sysbios_family_arm_m3_Hwi_LD_end__C
00007400   ti_sysbios_family_arm_m3_Hwi_LM_begin__C
20003a00   ti_sysbios_family_arm_m3_Hwi_Module_State_0_dispatchTable__A
200038d8   ti_sysbios_family_arm_m3_Hwi_Module_State_0_excActive__A
200038dc   ti_sysbios_family_arm_m3_Hwi_Module_State_0_excContext__A
200038e0   ti_sysbios_family_arm_m3_Hwi_Module_State_0_excStack__A
00007404   ti_sysbios_family_arm_m3_Hwi_Module__diagsEnabled__C
00007408   ti_sysbios_family_arm_m3_Hwi_Module__diagsIncluded__C
0000740c   ti_sysbios_family_arm_m3_Hwi_Module__diagsMask__C
000075e8   ti_sysbios_family_arm_m3_Hwi_Module__id__C
000075ec   ti_sysbios_family_arm_m3_Hwi_Module__loggerDefined__C
00007410   ti_sysbios_family_arm_m3_Hwi_Module__loggerFxn1__C
00007414   ti_sysbios_family_arm_m3_Hwi_Module__loggerFxn8__C
00007418   ti_sysbios_family_arm_m3_Hwi_Module__loggerObj__C
200038d0   ti_sysbios_family_arm_m3_Hwi_Module__root__V
00005441   ti_sysbios_family_arm_m3_Hwi_Module__startupDone__F
00005441   ti_sysbios_family_arm_m3_Hwi_Module__startupDone__S
20003ca0   ti_sysbios_family_arm_m3_Hwi_Module__state__V
000036a1   ti_sysbios_family_arm_m3_Hwi_Module_startup__E
000036a1   ti_sysbios_family_arm_m3_Hwi_Module_startup__F
0000741c   ti_sysbios_family_arm_m3_Hwi_NUM_INTERRUPTS__C
20003d40   ti_sysbios_family_arm_m3_Hwi_Object__table__V
00007420   ti_sysbios_family_arm_m3_Hwi_ccr__C
0000475d   ti_sysbios_family_arm_m3_Hwi_disableInterrupt__E
000020b1   ti_sysbios_family_arm_m3_Hwi_dispatchC__I
00007424   ti_sysbios_family_arm_m3_Hwi_dispatchTable__C
00002629   ti_sysbios_family_arm_m3_Hwi_dispatch__I
00005839   ti_sysbios_family_arm_m3_Hwi_doSwiRestore__I
00005091   ti_sysbios_family_arm_m3_Hwi_doTaskRestore__I
000047a1   ti_sysbios_family_arm_m3_Hwi_enableInterrupt__E
000017d1   ti_sysbios_family_arm_m3_Hwi_excBusFault__I
000033f5   ti_sysbios_family_arm_m3_Hwi_excDebugMon__I
00000141   ti_sysbios_family_arm_m3_Hwi_excDumpRegs__I
0000270d   ti_sysbios_family_arm_m3_Hwi_excHandlerAsm__I
00007428   ti_sysbios_family_arm_m3_Hwi_excHandlerFunc__C
0000127d   ti_sysbios_family_arm_m3_Hwi_excHandlerMax__I
00005659   ti_sysbios_family_arm_m3_Hwi_excHandler__I
000031d9   ti_sysbios_family_arm_m3_Hwi_excHardFault__I
00007384   ti_sysbios_family_arm_m3_Hwi_excHookFuncs__A
0000742c   ti_sysbios_family_arm_m3_Hwi_excHookFuncs__C
00001a8d   ti_sysbios_family_arm_m3_Hwi_excMemFault__I
00004bd9   ti_sysbios_family_arm_m3_Hwi_excNmi__I
00004a55   ti_sysbios_family_arm_m3_Hwi_excNoIsr__I
000044e5   ti_sysbios_family_arm_m3_Hwi_excReserved__I
0000492d   ti_sysbios_family_arm_m3_Hwi_excSvCall__I
00001939   ti_sysbios_family_arm_m3_Hwi_excUsageFault__I
00004a8d   ti_sysbios_family_arm_m3_Hwi_getStackInfo__E
00002df1   ti_sysbios_family_arm_m3_Hwi_initNVIC__E
000053df   ti_sysbios_family_arm_m3_Hwi_initStacks__E
e000e000   ti_sysbios_family_arm_m3_Hwi_nvic
000026db   ti_sysbios_family_arm_m3_Hwi_pendSV__I
00007430   ti_sysbios_family_arm_m3_Hwi_priGroup__C
00007000   ti_sysbios_family_arm_m3_Hwi_priorities__A
00007434   ti_sysbios_family_arm_m3_Hwi_priorities__C
20000000   ti_sysbios_family_arm_m3_Hwi_ramVectors
00000000   ti_sysbios_family_arm_m3_Hwi_resetVectors
000026f3   ti_sysbios_family_arm_m3_Hwi_return
00005841   ti_sysbios_family_arm_m3_Hwi_startup__E
000054dd   ti_sysbios_family_arm_m3_Hwi_switchFromBootStack__E
00005891   ti_sysbios_family_arm_m3_TaskSupport_Module__startupDone__S
0000444d   ti_sysbios_family_arm_m3_TaskSupport_buildTaskStack
00005735   ti_sysbios_family_arm_m3_TaskSupport_checkStack__E
000055f9   ti_sysbios_family_arm_m3_TaskSupport_glue
00004ac5   ti_sysbios_family_arm_m3_TaskSupport_start__E
00005609   ti_sysbios_family_arm_m3_TaskSupport_swap__E
00005619   ti_sysbios_family_xxx_Hwi_switchToIsrStack
00005775   ti_sysbios_family_xxx_Hwi_switchToTaskStack
0000530f   ti_sysbios_gates_GateHwi_Handle__label__S
00003b7f   ti_sysbios_gates_GateHwi_Instance_init__F
00007168   ti_sysbios_gates_GateHwi_Module__FXNS__C
200038e4   ti_sysbios_gates_GateHwi_Module__root__V
0000721c   ti_sysbios_gates_GateHwi_Object__DESC__C
000072dc   ti_sysbios_gates_GateHwi_Object__PARAMS__C
00004c0d   ti_sysbios_gates_GateHwi_Object__create__S
00005169   ti_sysbios_gates_GateHwi_Object__delete__S
200038ec   ti_sysbios_gates_GateHwi_Object__table__V
0000578d   ti_sysbios_gates_GateHwi_enter__E
00005869   ti_sysbios_gates_GateHwi_leave__E
00005895   ti_sysbios_gates_GateHwi_query__E
00005895   ti_sysbios_gates_GateHwi_query__F
00007438   ti_sysbios_gates_GateMutex_A_badContext__C
00005329   ti_sysbios_gates_GateMutex_Handle__label__S
0000743c   ti_sysbios_gates_GateMutex_Instance_State_sem__O
00005669   ti_sysbios_gates_GateMutex_Instance_finalize__F
00004f65   ti_sysbios_gates_GateMutex_Instance_init__F
0000718c   ti_sysbios_gates_GateMutex_Module__FXNS__C
00007440   ti_sysbios_gates_GateMutex_Module__diagsEnabled__C
00007444   ti_sysbios_gates_GateMutex_Module__diagsIncluded__C
00007448   ti_sysbios_gates_GateMutex_Module__diagsMask__C
000075f0   ti_sysbios_gates_GateMutex_Module__id__C
200038f4   ti_sysbios_gates_GateMutex_Module__root__V
0000723c   ti_sysbios_gates_GateMutex_Object__DESC__C
000072f4   ti_sysbios_gates_GateMutex_Object__PARAMS__C
00004c41   ti_sysbios_gates_GateMutex_Object__create__S
000050b5   ti_sysbios_gates_GateMutex_Object__delete__S
20003dcc   ti_sysbios_gates_GateMutex_Object__table__V
0000328d   ti_sysbios_gates_GateMutex_enter__E
00005459   ti_sysbios_gates_GateMutex_leave__E
00005899   ti_sysbios_gates_GateMutex_query__E
00005899   ti_sysbios_gates_GateMutex_query__F
0000744c   ti_sysbios_hal_Hwi_E_stackOverflow__C
0000589d   ti_sysbios_hal_Hwi_HwiProxy_Module__startupDone__S
0000475d   ti_sysbios_hal_Hwi_HwiProxy_disableInterrupt__E
000047a1   ti_sysbios_hal_Hwi_HwiProxy_enableInterrupt__E
00004a8d   ti_sysbios_hal_Hwi_HwiProxy_getStackInfo__E
00005841   ti_sysbios_hal_Hwi_HwiProxy_startup__E
000054dd   ti_sysbios_hal_Hwi_HwiProxy_switchFromBootStack__E
000075f4   ti_sysbios_hal_Hwi_Module__id__C
200038fc   ti_sysbios_hal_Hwi_Module__root__V
000055b1   ti_sysbios_hal_Hwi_Module_startup__E
000055b1   ti_sysbios_hal_Hwi_Module_startup__F
20003904   ti_sysbios_hal_Hwi_Object__table__V
00004c75   ti_sysbios_hal_Hwi_checkStack
0000475d   ti_sysbios_hal_Hwi_disableInterrupt__E
000047a1   ti_sysbios_hal_Hwi_enableInterrupt__E
00004a8d   ti_sysbios_hal_Hwi_getStackInfo__E
00004e5d   ti_sysbios_hal_Hwi_initStack
00005841   ti_sysbios_hal_Hwi_startup__E
000054dd   ti_sysbios_hal_Hwi_switchFromBootStack__E
2000390c   ti_sysbios_hal_Timer_Module__root__V
00005471   ti_sysbios_hal_Timer_Module__startupDone__F
00005471   ti_sysbios_hal_Timer_Module__startupDone__S
000055c3   ti_sysbios_hal_Timer_Module_startup__E
000055c3   ti_sysbios_hal_Timer_Module_startup__F
20003914   ti_sysbios_hal_Timer_Object__table__V
000058a1   ti_sysbios_hal_Timer_TimerProxy_Module__startupDone__S
000058a5   ti_sysbios_hal_Timer_TimerProxy_getPeriod__E
00003061   ti_sysbios_hal_Timer_TimerProxy_startup__E
00003061   ti_sysbios_hal_Timer_startup__E
00007450   ti_sysbios_heaps_HeapMem_A_align__C
00007454   ti_sysbios_heaps_HeapMem_A_heapSize__C
00007458   ti_sysbios_heaps_HeapMem_A_invalidFree__C
0000745c   ti_sysbios_heaps_HeapMem_A_zeroBlock__C
00007460   ti_sysbios_heaps_HeapMem_E_memory__C
00005343   ti_sysbios_heaps_HeapMem_Handle__label__S
20002140   ti_sysbios_heaps_HeapMem_Instance_State_0_buf__A
00001d0d   ti_sysbios_heaps_HeapMem_Instance_init__F
000058a9   ti_sysbios_heaps_HeapMem_Module_GateProxy_enter__E
000058ad   ti_sysbios_heaps_HeapMem_Module_GateProxy_leave__E
00005899   ti_sysbios_heaps_HeapMem_Module_GateProxy_query__E
00007140   ti_sysbios_heaps_HeapMem_Module__FXNS__C
00007464   ti_sysbios_heaps_HeapMem_Module__diagsEnabled__C
00007468   ti_sysbios_heaps_HeapMem_Module__diagsIncluded__C
0000746c   ti_sysbios_heaps_HeapMem_Module__diagsMask__C
00007470   ti_sysbios_heaps_HeapMem_Module__gateObj__C
000075f8   ti_sysbios_heaps_HeapMem_Module__id__C
2000391c   ti_sysbios_heaps_HeapMem_Module__root__V
0000725c   ti_sysbios_heaps_HeapMem_Object__DESC__C
000071b0   ti_sysbios_heaps_HeapMem_Object__PARAMS__C
00007474   ti_sysbios_heaps_HeapMem_Object__count__C
00004ca9   ti_sysbios_heaps_HeapMem_Object__create__S
00005189   ti_sysbios_heaps_HeapMem_Object__delete__S
000054f1   ti_sysbios_heaps_HeapMem_Object__get__S
20003924   ti_sysbios_heaps_HeapMem_Object__table__V
00001049   ti_sysbios_heaps_HeapMem_alloc__E
00000e01   ti_sysbios_heaps_HeapMem_free__E
0000452d   ti_sysbios_heaps_HeapMem_getStats__E
00004969   ti_sysbios_heaps_HeapMem_init__I
0000586f   ti_sysbios_heaps_HeapMem_isBlocking__E
00007478   ti_sysbios_heaps_HeapMem_reqAlign__C
0000747c   ti_sysbios_knl_Clock_LM_begin__C
00007480   ti_sysbios_knl_Clock_LM_tick__C
00007484   ti_sysbios_knl_Clock_LW_delayed__C
00007488   ti_sysbios_knl_Clock_Module_State_clockQ__O
0000748c   ti_sysbios_knl_Clock_Module__diagsEnabled__C
00007490   ti_sysbios_knl_Clock_Module__diagsIncluded__C
00007494   ti_sysbios_knl_Clock_Module__diagsMask__C
000075fc   ti_sysbios_knl_Clock_Module__id__C
00007600   ti_sysbios_knl_Clock_Module__loggerDefined__C
00007498   ti_sysbios_knl_Clock_Module__loggerFxn1__C
0000749c   ti_sysbios_knl_Clock_Module__loggerFxn2__C
000074a0   ti_sysbios_knl_Clock_Module__loggerObj__C
2000393c   ti_sysbios_knl_Clock_Module__root__V
20003e34   ti_sysbios_knl_Clock_Module__state__V
000050d9   ti_sysbios_knl_Clock_Module_startup__E
000050d9   ti_sysbios_knl_Clock_Module_startup__F
20003944   ti_sysbios_knl_Clock_Object__table__V
00004e89   ti_sysbios_knl_Clock_doTick__I
0000417d   ti_sysbios_knl_Clock_logTick__E
000021d5   ti_sysbios_knl_Clock_workFunc__E
000074a4   ti_sysbios_knl_Idle_coreList__A
0000738c   ti_sysbios_knl_Idle_coreList__C
000074a8   ti_sysbios_knl_Idle_funcList__A
00007394   ti_sysbios_knl_Idle_funcList__C
00005849   ti_sysbios_knl_Idle_loop__E
00004d41   ti_sysbios_knl_Idle_run__E
00005875   ti_sysbios_knl_Queue_Instance_init__F
20003964   ti_sysbios_knl_Queue_Module__root__V
0000727c   ti_sysbios_knl_Queue_Object__DESC__C
0000730c   ti_sysbios_knl_Queue_Object__PARAMS__C
00004cdd   ti_sysbios_knl_Queue_Object__create__S
00005285   ti_sysbios_knl_Queue_Object__destruct__S
00005799   ti_sysbios_knl_Queue_Object__get__S
00005743   ti_sysbios_knl_Queue_empty__E
000074ac   ti_sysbios_knl_Semaphore_A_badContext__C
000074b0   ti_sysbios_knl_Semaphore_A_noEvents__C
000074b4   ti_sysbios_knl_Semaphore_A_overflow__C
000074b8   ti_sysbios_knl_Semaphore_A_pendTaskDisabled__C
000074bc   ti_sysbios_knl_Semaphore_Instance_State_pendQ__O
00005679   ti_sysbios_knl_Semaphore_Instance_finalize__F
00003551   ti_sysbios_knl_Semaphore_Instance_init__F
000074c0   ti_sysbios_knl_Semaphore_LM_pend__C
000074c4   ti_sysbios_knl_Semaphore_LM_post__C
000074c8   ti_sysbios_knl_Semaphore_Module__diagsEnabled__C
000074cc   ti_sysbios_knl_Semaphore_Module__diagsIncluded__C
000074d0   ti_sysbios_knl_Semaphore_Module__diagsMask__C
00007604   ti_sysbios_knl_Semaphore_Module__id__C
00007608   ti_sysbios_knl_Semaphore_Module__loggerDefined__C
000074d4   ti_sysbios_knl_Semaphore_Module__loggerFxn2__C
000074d8   ti_sysbios_knl_Semaphore_Module__loggerFxn4__C
000074dc   ti_sysbios_knl_Semaphore_Module__loggerObj__C
2000396c   ti_sysbios_knl_Semaphore_Module__root__V
0000729c   ti_sysbios_knl_Semaphore_Object__DESC__C
000071d4   ti_sysbios_knl_Semaphore_Object__PARAMS__C
00004afd   ti_sysbios_knl_Semaphore_Object__create__S
000051a9   ti_sysbios_knl_Semaphore_Object__destruct__S
000048ad   ti_sysbios_knl_Semaphore_pendTimeout__I
00000b89   ti_sysbios_knl_Semaphore_pend__E
00001bcd   ti_sysbios_knl_Semaphore_post__E
0000535d   ti_sysbios_knl_Swi_Handle__label__S
000074e0   ti_sysbios_knl_Swi_LD_end__C
000074e4   ti_sysbios_knl_Swi_LM_begin__C
000074e8   ti_sysbios_knl_Swi_LM_post__C
20003b40   ti_sysbios_knl_Swi_Module_State_0_readyQ__A
000074ec   ti_sysbios_knl_Swi_Module__diagsEnabled__C
000074f0   ti_sysbios_knl_Swi_Module__diagsIncluded__C
000074f4   ti_sysbios_knl_Swi_Module__diagsMask__C
0000760c   ti_sysbios_knl_Swi_Module__id__C
00007610   ti_sysbios_knl_Swi_Module__loggerDefined__C
000074f8   ti_sysbios_knl_Swi_Module__loggerFxn1__C
000074fc   ti_sysbios_knl_Swi_Module__loggerFxn4__C
00007500   ti_sysbios_knl_Swi_Module__loggerObj__C
20003974   ti_sysbios_knl_Swi_Module__root__V
2000397c   ti_sysbios_knl_Swi_Module__state__V
000050fd   ti_sysbios_knl_Swi_Module_startup__E
000050fd   ti_sysbios_knl_Swi_Module_startup__F
00007504   ti_sysbios_knl_Swi_Object__count__C
00005505   ti_sysbios_knl_Swi_Object__get__S
20003e04   ti_sysbios_knl_Swi_Object__table__V
00005689   ti_sysbios_knl_Swi_disable__E
000035f9   ti_sysbios_knl_Swi_post__E
0000429d   ti_sysbios_knl_Swi_restoreHwi__E
00002411   ti_sysbios_knl_Swi_run__I
000034a5   ti_sysbios_knl_Swi_schedule__I
000049a5   ti_sysbios_knl_Swi_startup__E
00007508   ti_sysbios_knl_Task_E_spOutOfBounds__C
0000750c   ti_sysbios_knl_Task_E_stackOverflow__C
00005377   ti_sysbios_knl_Task_Handle__label__S
20003868   ti_sysbios_knl_Task_Instance_State_0_hookEnv__A
20003140   ti_sysbios_knl_Task_Instance_State_0_stack__A
00007510   ti_sysbios_knl_Task_LD_block__C
00007514   ti_sysbios_knl_Task_LD_exit__C
00007518   ti_sysbios_knl_Task_LD_ready__C
0000751c   ti_sysbios_knl_Task_LM_switch__C
200039a0   ti_sysbios_knl_Task_Module_State_0_idleTask__A
20003bc0   ti_sysbios_knl_Task_Module_State_0_readyQ__A
00007520   ti_sysbios_knl_Task_Module_State_inactiveQ__O
00007524   ti_sysbios_knl_Task_Module__diagsEnabled__C
00007528   ti_sysbios_knl_Task_Module__diagsIncluded__C
0000752c   ti_sysbios_knl_Task_Module__diagsMask__C
00007614   ti_sysbios_knl_Task_Module__id__C
00007618   ti_sysbios_knl_Task_Module__loggerDefined__C
00007530   ti_sysbios_knl_Task_Module__loggerFxn2__C
00007534   ti_sysbios_knl_Task_Module__loggerFxn4__C
00007538   ti_sysbios_knl_Task_Module__loggerObj__C
20003998   ti_sysbios_knl_Task_Module__root__V
20003d88   ti_sysbios_knl_Task_Module__state__V
00003c11   ti_sysbios_knl_Task_Module_startup__E
00003c11   ti_sysbios_knl_Task_Module_startup__F
0000753c   ti_sysbios_knl_Task_Object__count__C
00005699   ti_sysbios_knl_Task_Object__get__S
20003cf4   ti_sysbios_knl_Task_Object__table__V
000058b1   ti_sysbios_knl_Task_SupportProxy_Module__startupDone__S
00005735   ti_sysbios_knl_Task_SupportProxy_checkStack__E
00004ac5   ti_sysbios_knl_Task_SupportProxy_start__E
00005609   ti_sysbios_knl_Task_SupportProxy_swap__E
00007540   ti_sysbios_knl_Task_allBlockedFunc__C
00004575   ti_sysbios_knl_Task_allBlockedFunction__I
00003921   ti_sysbios_knl_Task_blockI__E
00003341   ti_sysbios_knl_Task_checkStacks__E
000056a9   ti_sysbios_knl_Task_disable__E
000051c9   ti_sysbios_knl_Task_enter__I
00002521   ti_sysbios_knl_Task_exit__E
00007324   ti_sysbios_knl_Task_hooks__A
0000739c   ti_sysbios_knl_Task_hooks__C
0000761c   ti_sysbios_knl_Task_initStackFlag__C
00007544   ti_sysbios_knl_Task_numConstructedTasks__C
00002b1d   ti_sysbios_knl_Task_postInit__I
00004eb5   ti_sysbios_knl_Task_restore__E
00002831   ti_sysbios_knl_Task_schedule__I
00002c11   ti_sysbios_knl_Task_startCore__E
000058b5   ti_sysbios_knl_Task_startup__E
00005611   ti_sysbios_knl_Task_swapReturn
00003121   ti_sysbios_knl_Task_unblockI__E
0000411d   writemsg
00007548   xdc_runtime_Assert_E_assertFailed__C
000045bd   xdc_runtime_Assert_raise__I
[...]
00005429   ti_sysbios_family_arm_lm3_Timer_Module__startupDone__S
00005441   ti_sysbios_family_arm_m3_Hwi_Module__startupDone__F
00005441   ti_sysbios_family_arm_m3_Hwi_Module__startupDone__S
00005459   ti_sysbios_gates_GateMutex_leave__E
00005471   ti_sysbios_hal_Timer_Module__startupDone__F
00005471   ti_sysbios_hal_Timer_Module__startupDone__S
00005489   xdc_runtime_Text_ropeText__E
00005489   xdc_runtime_Text_ropeText__F
000054a1   TimerDisable
000054b5   _register_unlock
000054bb   _register_lock
000054c3   _nop
000054c9   strlen
000054dd   ti_sysbios_family_arm_m3_Hwi_switchFromBootStack__E
000054dd   ti_sysbios_hal_Hwi_HwiProxy_switchFromBootStack__E
000054dd   ti_sysbios_hal_Hwi_switchFromBootStack__E
000054f1   ti_sysbios_heaps_HeapMem_Object__get__S
00005505   ti_sysbios_knl_Swi_Object__get__S
00005519   xdc_runtime_LoggerBuf_Instance_finalize__F
0000552d   xdc_runtime_LoggerBuf_Object__get__S
00005541   xdc_runtime_LoggerBuf_write2__E
00005541   xdc_runtime_LoggerBuf_write2__F
00005555   xdc_runtime_System_abort__E
00005555   xdc_runtime_System_abort__F
00005569   TimerControlEvent
0000557b   TimerLoadSet
0000558d   __TI_zero_init
0000559f   strcpy
000055b1   ti_sysbios_hal_Hwi_Module_startup__E
000055b1   ti_sysbios_hal_Hwi_Module_startup__F
000055c3   ti_sysbios_hal_Timer_Module_startup__E
000055c3   ti_sysbios_hal_Timer_Module_startup__F
000055d5   xdc_runtime_LoggerBuf_write1__E
000055d5   xdc_runtime_LoggerBuf_write1__F
000055e7   xdc_runtime_Startup_exec__I
000055f9   ti_sysbios_family_arm_m3_TaskSupport_glue
00005609   ti_sysbios_family_arm_m3_TaskSupport_swap__E
00005609   ti_sysbios_knl_Task_SupportProxy_swap__E
00005611   ti_sysbios_knl_Task_swapReturn
00005619   ti_sysbios_family_xxx_Hwi_switchToIsrStack
00005629   ti_sysbios_BIOS_setThreadType__E
00005639   ti_sysbios_BIOS_start__E
00005649   ti_sysbios_family_arm_lm3_TimestampProvider_rolloverFunc__E
00005659   ti_sysbios_family_arm_m3_Hwi_excHandler__I
00005669   ti_sysbios_gates_GateMutex_Instance_finalize__F
00005679   ti_sysbios_knl_Semaphore_Instance_finalize__F
00005689   ti_sysbios_knl_Swi_disable__E
00005699   ti_sysbios_knl_Task_Object__get__S
000056a9   ti_sysbios_knl_Task_disable__E
000056b9   xdc_runtime_Gate_leaveSystem__E
000056b9   xdc_runtime_Gate_leaveSystem__F
000056c9   xdc_runtime_LoggerBuf_write0__E
000056c9   xdc_runtime_LoggerBuf_write0__F
000056d9   xdc_runtime_Memory_free__E
000056d9   xdc_runtime_Memory_free__F
000056e9   xdc_runtime_SysMin_ready__E
000056e9   xdc_runtime_SysMin_ready__F
000056e9   xdc_runtime_System_SupportProxy_ready__E
000056f9   xdc_runtime_System_vsnprintf__F
00005709   xdc_runtime_Text_visitRope__I
00005719   TimerEnable
00005727   __TI_decompress_none
00005735   ti_sysbios_family_arm_m3_TaskSupport_checkStack__E
00005735   ti_sysbios_knl_Task_SupportProxy_checkStack__E
00005743   ti_sysbios_knl_Queue_empty__E
00005751   ti_catalog_arm_cortexm3_lm3init_Boot_init
0000575d   CPUcpsid
00005769   CPUcpsie
00005775   ti_sysbios_family_xxx_Hwi_switchToTaskStack
00005781   ti_sysbios_family_arm_lm3_TimestampProvider_startTimer__E
0000578d   ti_sysbios_gates_GateHwi_enter__E
00005799   ti_sysbios_knl_Queue_Object__get__S
000057a5   xdc_runtime_Error_init__E
000057a5   xdc_runtime_Error_init__F
000057b1   xdc_runtime_Gate_enterSystem__E
000057b1   xdc_runtime_Gate_enterSystem__F
000057bd   xdc_runtime_Memory_calloc__E
000057bd   xdc_runtime_Memory_calloc__F
000057c9   xdc_runtime_Memory_getMaxDefaultTypeAlign__E
000057c9   xdc_runtime_Memory_getMaxDefaultTypeAlign__F
000057d5   xdc_runtime_System_exit__E
000057d5   xdc_runtime_System_exit__F
000057e1   xdc_runtime_System_lastFxn__I
000057ed   IntMasterDisable
000057f7   IntMasterEnable
00005815   xdc_runtime_LoggerBuf_disable__E
00005815   xdc_runtime_LoggerBuf_disable__F
0000581f   xdc_runtime_LoggerBuf_enable__E
0000581f   xdc_runtime_LoggerBuf_enable__F
00005829   ComparatorConfigure
00005831   TimerIntEnable
00005839   ti_sysbios_family_arm_m3_Hwi_doSwiRestore__I
00005841   ti_sysbios_family_arm_m3_Hwi_startup__E
00005841   ti_sysbios_hal_Hwi_HwiProxy_startup__E
00005841   ti_sysbios_hal_Hwi_startup__E
00005849   ti_sysbios_knl_Idle_loop__E
00005851   ti_catalog_arm_cortexm3_lm3init_Boot_sysCtlDelay
00005857   __xdc__init
0000585d   __TI_decompress_rle24
00005863   ti_sysbios_family_arm_lm3_TimestampProvider_Module_startup__E
00005863   ti_sysbios_family_arm_lm3_TimestampProvider_Module_startup__F
00005869   ti_sysbios_gates_GateHwi_leave__E
0000586f   ti_sysbios_heaps_HeapMem_isBlocking__E
00005875   ti_sysbios_knl_Queue_Instance_init__F
0000587b   xdc_runtime_System_Module_startup__E
0000587b   xdc_runtime_System_Module_startup__F
00005881   ComparatorRefSet
00005885   ti_sysbios_BIOS_RtsGateProxy_enter__E
00005889   ti_sysbios_BIOS_RtsGateProxy_leave__E
0000588d   ti_sysbios_family_arm_lm3_Timer_getPeriod__E
00005891   ti_sysbios_family_arm_m3_TaskSupport_Module__startupDone__S
00005895   ti_sysbios_gates_GateHwi_query__E
00005895   ti_sysbios_gates_GateHwi_query__F
00005895   xdc_runtime_LoggerBuf_Module_GateProxy_query__E
00005895   xdc_runtime_Main_Module_GateProxy_query__E
00005895   xdc_runtime_System_Module_GateProxy_query__E
00005899   ti_sysbios_BIOS_RtsGateProxy_query__E
00005899   ti_sysbios_gates_GateMutex_query__E
00005899   ti_sysbios_gates_GateMutex_query__F
00005899   ti_sysbios_heaps_HeapMem_Module_GateProxy_query__E
0000589d   ti_sysbios_hal_Hwi_HwiProxy_Module__startupDone__S
000058a1   ti_sysbios_hal_Timer_TimerProxy_Module__startupDone__S
000058a5   ti_sysbios_hal_Timer_TimerProxy_getPeriod__E
000058a9   ti_sysbios_heaps_HeapMem_Module_GateProxy_enter__E
000058ad   ti_sysbios_heaps_HeapMem_Module_GateProxy_leave__E
000058b1   ti_sysbios_knl_Task_SupportProxy_Module__startupDone__S
000058b5   ti_sysbios_knl_Task_startup__E
000058b9   xdc_runtime_Error_getSite__E
000058b9   xdc_runtime_Error_getSite__F
000058bd   xdc_runtime_LoggerBuf_Module_GateProxy_enter__E
000058c1   xdc_runtime_LoggerBuf_Module_GateProxy_leave__E
000058c5   xdc_runtime_Memory_HeapProxy_alloc__E
000058c9   xdc_runtime_Memory_HeapProxy_free__E
000058cd   xdc_runtime_Startup_reset__I
000058d1   xdc_runtime_System_Module_GateProxy_enter__E
000058d5   xdc_runtime_System_Module_GateProxy_leave__E
000058d9   xdc_runtime_System_aprintf_va__F
000058dd   xdc_runtime_System_printf_va__F
000058e1   xdc_runtime_System_vsnprintf__E
000058e4   xdc_runtime_Text_charTab__A
00006ee0   xdc_runtime_Text_nodeTab__A
00007000   ti_sysbios_family_arm_m3_Hwi_priorities__A
000070d8   xdc_runtime_LoggerBuf_Module__FXNS__C
00007114   xdc_runtime_Startup_sfxnTab__A
00007140   ti_sysbios_heaps_HeapMem_Module__FXNS__C
00007168   ti_sysbios_gates_GateHwi_Module__FXNS__C
0000718c   ti_sysbios_gates_GateMutex_Module__FXNS__C
000071b0   ti_sysbios_heaps_HeapMem_Object__PARAMS__C
000071d4   ti_sysbios_knl_Semaphore_Object__PARAMS__C
000071f8   xdc_runtime_LoggerBuf_Object__PARAMS__C
0000721c   ti_sysbios_gates_GateHwi_Object__DESC__C
0000723c   ti_sysbios_gates_GateMutex_Object__DESC__C
0000725c   ti_sysbios_heaps_HeapMem_Object__DESC__C
0000727c   ti_sysbios_knl_Queue_Object__DESC__C
0000729c   ti_sysbios_knl_Semaphore_Object__DESC__C
000072bc   xdc_runtime_LoggerBuf_Object__DESC__C
000072dc   ti_sysbios_gates_GateHwi_Object__PARAMS__C
000072f4   ti_sysbios_gates_GateMutex_Object__PARAMS__C
0000730c   ti_sysbios_knl_Queue_Object__PARAMS__C
00007324   ti_sysbios_knl_Task_hooks__A
0000733c   xdc_runtime_Startup_sfxnRts__A
00007368   xdc_runtime_Startup_firstFxns__A
00007378   hwi0
0000737c   clock0
00007380   gateHwi0
00007384   ti_sysbios_family_arm_m3_Hwi_excHookFuncs__A
0000738c   ti_sysbios_knl_Idle_coreList__C
00007394   ti_sysbios_knl_Idle_funcList__C
0000739c   ti_sysbios_knl_Task_hooks__C
000073a4   xdc_runtime_Startup_firstFxns__C
000073ac   xdc_runtime_Startup_lastFxns__A
000073b4   xdc_runtime_Startup_lastFxns__C
000073bc   ti_sysbios_BIOS_Module__diagsEnabled__C
000073c0   ti_sysbios_BIOS_Module__diagsIncluded__C
000073c4   ti_sysbios_BIOS_Module__diagsMask__C
000073c8   ti_sysbios_BIOS_installedErrorHook__C
000073cc   ti_sysbios_family_arm_lm3_Timer_WRALLOW__C
000073d0   ti_sysbios_family_arm_lm3_Timer_numTimerDevices__C
000073d4   ti_sysbios_family_arm_lm3_Timer_startupNeeded__C
000073d8   ti_sysbios_family_arm_m3_Hwi_E_NMI__C
000073dc   ti_sysbios_family_arm_m3_Hwi_E_busFault__C
000073e0   ti_sysbios_family_arm_m3_Hwi_E_debugMon__C
000073e4   ti_sysbios_family_arm_m3_Hwi_E_hardFault__C
000073e8   ti_sysbios_family_arm_m3_Hwi_E_memFault__C
000073ec   ti_sysbios_family_arm_m3_Hwi_E_noIsr__C
000073f0   ti_sysbios_family_arm_m3_Hwi_E_reserved__C
000073f4   ti_sysbios_family_arm_m3_Hwi_E_svCall__C
000073f8   ti_sysbios_family_arm_m3_Hwi_E_usageFault__C
000073fc   ti_sysbios_family_arm_m3_Hwi_LD_end__C
00007400   ti_sysbios_family_arm_m3_Hwi_LM_begin__C
00007404   ti_sysbios_family_arm_m3_Hwi_Module__diagsEnabled__C
00007408   ti_sysbios_family_arm_m3_Hwi_Module__diagsIncluded__C
0000740c   ti_sysbios_family_arm_m3_Hwi_Module__diagsMask__C
00007410   ti_sysbios_family_arm_m3_Hwi_Module__loggerFxn1__C
00007414   ti_sysbios_family_arm_m3_Hwi_Module__loggerFxn8__C
00007418   ti_sysbios_family_arm_m3_Hwi_Module__loggerObj__C
0000741c   ti_sysbios_family_arm_m3_Hwi_NUM_INTERRUPTS__C
00007420   ti_sysbios_family_arm_m3_Hwi_ccr__C
00007424   ti_sysbios_family_arm_m3_Hwi_dispatchTable__C
00007428   ti_sysbios_family_arm_m3_Hwi_excHandlerFunc__C
0000742c   ti_sysbios_family_arm_m3_Hwi_excHookFuncs__C
00007430   ti_sysbios_family_arm_m3_Hwi_priGroup__C
00007434   ti_sysbios_family_arm_m3_Hwi_priorities__C
00007438   ti_sysbios_gates_GateMutex_A_badContext__C
0000743c   ti_sysbios_gates_GateMutex_Instance_State_sem__O
00007440   ti_sysbios_gates_GateMutex_Module__diagsEnabled__C
00007444   ti_sysbios_gates_GateMutex_Module__diagsIncluded__C
00007448   ti_sysbios_gates_GateMutex_Module__diagsMask__C
0000744c   ti_sysbios_hal_Hwi_E_stackOverflow__C
00007450   ti_sysbios_heaps_HeapMem_A_align__C
00007454   ti_sysbios_heaps_HeapMem_A_heapSize__C
00007458   ti_sysbios_heaps_HeapMem_A_invalidFree__C
0000745c   ti_sysbios_heaps_HeapMem_A_zeroBlock__C
00007460   ti_sysbios_heaps_HeapMem_E_memory__C
00007464   ti_sysbios_heaps_HeapMem_Module__diagsEnabled__C
00007468   ti_sysbios_heaps_HeapMem_Module__diagsIncluded__C
0000746c   ti_sysbios_heaps_HeapMem_Module__diagsMask__C
00007470   ti_sysbios_heaps_HeapMem_Module__gateObj__C
00007474   ti_sysbios_heaps_HeapMem_Object__count__C
00007478   ti_sysbios_heaps_HeapMem_reqAlign__C
0000747c   ti_sysbios_knl_Clock_LM_begin__C
00007480   ti_sysbios_knl_Clock_LM_tick__C
00007484   ti_sysbios_knl_Clock_LW_delayed__C
00007488   ti_sysbios_knl_Clock_Module_State_clockQ__O
0000748c   ti_sysbios_knl_Clock_Module__diagsEnabled__C
00007490   ti_sysbios_knl_Clock_Module__diagsIncluded__C
00007494   ti_sysbios_knl_Clock_Module__diagsMask__C
00007498   ti_sysbios_knl_Clock_Module__loggerFxn1__C
0000749c   ti_sysbios_knl_Clock_Module__loggerFxn2__C
000074a0   ti_sysbios_knl_Clock_Module__loggerObj__C
000074a4   ti_sysbios_knl_Idle_coreList__A
000074a8   ti_sysbios_knl_Idle_funcList__A
000074ac   ti_sysbios_knl_Semaphore_A_badContext__C
000074b0   ti_sysbios_knl_Semaphore_A_noEvents__C
000074b4   ti_sysbios_knl_Semaphore_A_overflow__C
000074b8   ti_sysbios_knl_Semaphore_A_pendTaskDisabled__C
000074bc   ti_sysbios_knl_Semaphore_Instance_State_pendQ__O
000074c0   ti_sysbios_knl_Semaphore_LM_pend__C
000074c4   ti_sysbios_knl_Semaphore_LM_post__C
000074c8   ti_sysbios_knl_Semaphore_Module__diagsEnabled__C
000074cc   ti_sysbios_knl_Semaphore_Module__diagsIncluded__C
000074d0   ti_sysbios_knl_Semaphore_Module__diagsMask__C
000074d4   ti_sysbios_knl_Semaphore_Module__loggerFxn2__C
000074d8   ti_sysbios_knl_Semaphore_Module__loggerFxn4__C
000074dc   ti_sysbios_knl_Semaphore_Module__loggerObj__C
000074e0   ti_sysbios_knl_Swi_LD_end__C
000074e4   ti_sysbios_knl_Swi_LM_begin__C
000074e8   ti_sysbios_knl_Swi_LM_post__C
000074ec   ti_sysbios_knl_Swi_Module__diagsEnabled__C
000074f0   ti_sysbios_knl_Swi_Module__diagsIncluded__C
000074f4   ti_sysbios_knl_Swi_Module__diagsMask__C
000074f8   ti_sysbios_knl_Swi_Module__loggerFxn1__C
000074fc   ti_sysbios_knl_Swi_Module__loggerFxn4__C
00007500   ti_sysbios_knl_Swi_Module__loggerObj__C
00007504   ti_sysbios_knl_Swi_Object__count__C
00007508   ti_sysbios_knl_Task_E_spOutOfBounds__C
0000750c   ti_sysbios_knl_Task_E_stackOverflow__C
00007510   ti_sysbios_knl_Task_LD_block__C
00007514   ti_sysbios_knl_Task_LD_exit__C
00007518   ti_sysbios_knl_Task_LD_ready__C
0000751c   ti_sysbios_knl_Task_LM_switch__C
00007520   ti_sysbios_knl_Task_Module_State_inactiveQ__O
00007524   ti_sysbios_knl_Task_Module__diagsEnabled__C
00007528   ti_sysbios_knl_Task_Module__diagsIncluded__C
0000752c   ti_sysbios_knl_Task_Module__diagsMask__C
00007530   ti_sysbios_knl_Task_Module__loggerFxn2__C
00007534   ti_sysbios_knl_Task_Module__loggerFxn4__C
00007538   ti_sysbios_knl_Task_Module__loggerObj__C
0000753c   ti_sysbios_knl_Task_Object__count__C
00007540   ti_sysbios_knl_Task_allBlockedFunc__C
00007544   ti_sysbios_knl_Task_numConstructedTasks__C
00007548   xdc_runtime_Assert_E_assertFailed__C
0000754c   xdc_runtime_Core_A_initializedParams__C
00007550   xdc_runtime_Core_Module__diagsEnabled__C
00007554   xdc_runtime_Core_Module__diagsIncluded__C
00007558   xdc_runtime_Core_Module__diagsMask__C
0000755c   xdc_runtime_Error_E_memory__C
00007560   xdc_runtime_Error_Module__diagsEnabled__C
00007564   xdc_runtime_Error_Module__diagsIncluded__C
00007568   xdc_runtime_Error_Module__diagsMask__C
0000756c   xdc_runtime_Error_Module__loggerFxn8__C
00007570   xdc_runtime_Error_Module__loggerObj__C
00007574   xdc_runtime_Error_raiseHook__C
00007578   xdc_runtime_IFilterLogger_Interface__BASE__C
0000757c   xdc_runtime_IGateProvider_Interface__BASE__C
00007580   xdc_runtime_IHeap_Interface__BASE__C
00007584   xdc_runtime_ILogger_Interface__BASE__C
00007588   xdc_runtime_IModule_Interface__BASE__C
0000758c   xdc_runtime_Log_L_error__C
00007590   xdc_runtime_LoggerBuf_E_badLevel__C
00007594   xdc_runtime_LoggerBuf_Module__gateObj__C
00007598   xdc_runtime_LoggerBuf_Object__count__C
0000759c   xdc_runtime_LoggerBuf_statusLogger__C
000075a0   xdc_runtime_Memory_defaultHeapInstance__C
000075a4   xdc_runtime_Startup_execImpl__C
000075a8   xdc_runtime_Startup_maxPasses__C
000075ac   xdc_runtime_Startup_sfxnRts__C
000075b0   xdc_runtime_Startup_sfxnTab__C
000075b4   xdc_runtime_SysMin_bufSize__C
000075b8   xdc_runtime_SysMin_outputFunc__C
000075bc   xdc_runtime_System_Module__gateObj__C
000075c0   xdc_runtime_System_extendFxn__C
000075c4   xdc_runtime_System_maxAtexitHandlers__C
000075c8   xdc_runtime_Text_charTab__C
000075cc   xdc_runtime_Text_nameEmpty__C
000075d0   xdc_runtime_Text_nameStatic__C
000075d4   xdc_runtime_Text_nameUnknown__C
000075d8   xdc_runtime_Text_nodeTab__C
000075dc   xdc_runtime_Text_visitRopeFxn__C
000075e0   ti_sysbios_BIOS_Module__id__C
000075e4   ti_sysbios_family_arm_lm3_TimestampProvider_useClockTimer__C
000075e8   ti_sysbios_family_arm_m3_Hwi_Module__id__C
000075ec   ti_sysbios_family_arm_m3_Hwi_Module__loggerDefined__C
000075f0   ti_sysbios_gates_GateMutex_Module__id__C
000075f4   ti_sysbios_hal_Hwi_Module__id__C
000075f8   ti_sysbios_heaps_HeapMem_Module__id__C
000075fc   ti_sysbios_knl_Clock_Module__id__C
00007600   ti_sysbios_knl_Clock_Module__loggerDefined__C
00007604   ti_sysbios_knl_Semaphore_Module__id__C
00007608   ti_sysbios_knl_Semaphore_Module__loggerDefined__C
0000760c   ti_sysbios_knl_Swi_Module__id__C
00007610   ti_sysbios_knl_Swi_Module__loggerDefined__C
00007614   ti_sysbios_knl_Task_Module__id__C
00007618   ti_sysbios_knl_Task_Module__loggerDefined__C
0000761c   ti_sysbios_knl_Task_initStackFlag__C
00007620   xdc_runtime_Core_Module__id__C
00007624   xdc_runtime_Error_Module__loggerDefined__C
00007628   xdc_runtime_Error_maxDepth__C
0000762c   xdc_runtime_LoggerBuf_Module__id__C
00007630   xdc_runtime_LoggerBuf_filterByLevel__C
00007634   xdc_runtime_Memory_Module__id__C
00007638   xdc_runtime_SysMin_flushAtExit__C
0000763c   xdc_runtime_Text_charCnt__C
00007640   xdc_runtime_Text_isLoaded__C
00007644   xdc_runtime_Text_registryModsLastId__C
00007648   xdc_runtime_Text_unnamedModsLastId__C
0000764c   xdc_runtime_Error_policy__C
00007a0c   __TI_Handler_Table_Base
00007a18   __TI_Handler_Table_Limit
00007a28   __TI_CINIT_Base
00007a40   __TI_CINIT_Limit
20000000   ti_sysbios_family_arm_m3_Hwi_ramVectors
20000140   __stack
20000340   __STACK_TOP
20002140   __STACK_END
20002140   ti_sysbios_heaps_HeapMem_Instance_State_0_buf__A
20003140   ti_sysbios_knl_Task_Instance_State_0_stack__A
20003340   xdc_runtime_LoggerBuf_Instance_State_0_entryArr__A
20003540   xdc_runtime_SysMin_Module_State_0_outbuf__A
20003740   __CIOBUF_
20003868   ti_sysbios_knl_Task_Instance_State_0_hookEnv__A
2000386c   g_SystemClock
20003870   ti_sysbios_BIOS_Module__state__V
20003890   ti_sysbios_family_arm_lm3_Timer_Module__root__V
20003898   ti_sysbios_family_arm_lm3_Timer_Module_State_0_device__A
200038b0   ti_sysbios_family_arm_lm3_Timer_Module_State_0_handles__A
200038bc   ti_sysbios_family_arm_lm3_Timer_Module__state__V
200038c8   ti_sysbios_family_arm_lm3_TimestampProvider_Module__state__V
200038d0   ti_sysbios_family_arm_m3_Hwi_Module__root__V
200038d8   ti_sysbios_family_arm_m3_Hwi_Module_State_0_excActive__A
200038dc   ti_sysbios_family_arm_m3_Hwi_Module_State_0_excContext__A
200038e0   ti_sysbios_family_arm_m3_Hwi_Module_State_0_excStack__A
200038e4   ti_sysbios_gates_GateHwi_Module__root__V
200038ec   ti_sysbios_gates_GateHwi_Object__table__V
200038f4   ti_sysbios_gates_GateMutex_Module__root__V
200038fc   ti_sysbios_hal_Hwi_Module__root__V
20003904   ti_sysbios_hal_Hwi_Object__table__V
2000390c   ti_sysbios_hal_Timer_Module__root__V
20003914   ti_sysbios_hal_Timer_Object__table__V
2000391c   ti_sysbios_heaps_HeapMem_Module__root__V
20003924   ti_sysbios_heaps_HeapMem_Object__table__V
2000393c   ti_sysbios_knl_Clock_Module__root__V
20003944   ti_sysbios_knl_Clock_Object__table__V
20003964   ti_sysbios_knl_Queue_Module__root__V
2000396c   ti_sysbios_knl_Semaphore_Module__root__V
20003974   ti_sysbios_knl_Swi_Module__root__V
2000397c   ti_sysbios_knl_Swi_Module__state__V
20003998   ti_sysbios_knl_Task_Module__root__V
200039a0   ti_sysbios_knl_Task_Module_State_0_idleTask__A
200039a4   xdc_runtime_Error_Module__state__V
200039a8   xdc_runtime_LoggerBuf_Module__root__V
200039b0   xdc_runtime_LoggerBuf_Module__state__V
200039b8   xdc_runtime_Memory_Module__state__V
200039bc   xdc_runtime_Registry_Module__state__V
200039c4   xdc_runtime_Startup_Module__state__V
200039cc   xdc_runtime_SysMin_Module__state__V
200039d8   xdc_runtime_System_Module_State_0_atexitHandlers__A
200039e8   xdc_runtime_System_Module__state__V
200039f4   xdc_runtime_Text_Module__state__V
200039fc   __xdc__init__addr
20003a00   ti_sysbios_family_arm_m3_Hwi_Module_State_0_dispatchTable__A
20003b40   ti_sysbios_knl_Swi_Module_State_0_readyQ__A
20003bc0   ti_sysbios_knl_Task_Module_State_0_readyQ__A
20003c40   ti_sysbios_family_arm_lm3_Timer_Object__table__V
20003ca0   ti_sysbios_family_arm_m3_Hwi_Module__state__V
20003cf4   TSK_idle
20003cf4   ti_sysbios_knl_Task_Object__table__V
20003d40   ti_sysbios_family_arm_m3_Hwi_Object__table__V
20003d88   ti_sysbios_knl_Task_Module__state__V
20003dcc   ti_sysbios_gates_GateMutex_Object__table__V
20003e04   ti_sysbios_knl_Swi_Object__table__V
20003e34   ti_sysbios_knl_Clock_Module__state__V
20003e5c   xdc_runtime_LoggerBuf_Object__table__V
20003e80   g_periodInit
20003e84   g_accumulatedPeriod
20003e88   g_numPeriods
20003e8c   g_periodDiff
20003e90   g_frequency
20003e98   _lock
20003e9c   _unlock
20003ea0   _cleanup_ptr
20003ea4   _dtors_ptr
20003eac   main_func_sp
e000e000   ti_sysbios_family_arm_m3_Hwi_nvic
ffffffff   __binit__
ffffffff   __c_args__
ffffffff   binit
UNDEFED    SHT$$INIT_ARRAY$$Base
UNDEFED    SHT$$INIT_ARRAY$$Limit

[669 symbols]
