******************************************************************************
                  TI ARM Linker PC v5.0.4                      
******************************************************************************
>> Linked Thu Apr 30 12:51:32 2015

OUTPUT FILE NAME:   <ece3849d15_lab3_addresser_awharrison.out>
ENTRY POINT SYMBOL: "_c_int00"  address: 00004ce9


MEMORY CONFIGURATION

         name            origin    length      used     unused   attr    fill
----------------------  --------  ---------  --------  --------  ----  --------
  FLASH                 00000000   00010000  000082f5  00007d0b  R  X
  SRAM                  20000000   00004000  00003efc  00000104  RW X


SEGMENT ALLOCATION MAP

run origin  load origin   length   init length attrs members
----------  ----------- ---------- ----------- ----- -------
00000000    00000000    000082f8   000082f8    r-x
  00000000    00000000    00000140   00000140    r-- .resetVecs
  00000140    00000140    00005fa4   00005fa4    r-x .text
  000060e4    000060e4    00001e01   00001e01    r-- .const
  00007ee8    00007ee8    00000410   00000410    r-- .cinit
20000000    20000000    0000389c   00000000    rw-
  20000000    20000000    00000140   00000000    rw- .vecs
  20000140    20000140    00002000   00000000    rw- .stack
  20002140    20002140    0000175c   00000000    rw- .bss
2000389c    2000389c    00000660   00000660    rw-
  2000389c    2000389c    00000660   00000660    rw- .data


SECTION ALLOCATION MAP

 output                                  attributes/
section   page    origin      length       input sections
--------  ----  ----------  ----------   ----------------
.bootVecs 
*          0    00000000    00000008     DSECT
                  00000000    00000008     boot.aem3 : boot.oem3 (.bootVecs)

.resetVecs 
*          0    00000000    00000140     
                  00000000    00000140     app_pem3.oem3 (.resetVecs)

xdc.meta   0    00000000    00000106     COPY SECTION
                  00000000    00000106     app_pem3.oem3 (xdc.meta)

.init_array 
*          0    00000000    00000000     UNINITIALIZED

.text      0    00000140    00005fa4     
                  00000140    00000424     sysbios.aem3 : BIOS.obj (.text:ti_sysbios_family_arm_m3_Hwi_excDumpRegs__I)
                  00000564    00000340     ti.targets.arm.rtsarm.aem3 : System.oem3 (.text:xdc_runtime_System_doPrint__I)
                  000008a4    000002e4     rtsv7M3_T_le_eabi.lib : trgdrv.obj (.text)
                  00000b88    00000278     sysbios.aem3 : BIOS.obj (.text:ti_sysbios_knl_Semaphore_pend__E)
                  00000e00    00000248                  : BIOS.obj (.text:ti_sysbios_heaps_HeapMem_free__E)
                  00001048    00000234                  : BIOS.obj (.text:ti_sysbios_heaps_HeapMem_alloc__E)
                  0000127c    000001ec                  : BIOS.obj (.text:ti_sysbios_family_arm_m3_Hwi_excHandlerMax__I)
                  00001468    000001dc     main.obj (.text)
                  00001644    00000198     driverlib-cm3.lib : sysctl.obj (.text:SysCtlClockGet)
                  000017dc    00000190                       : can.obj (.text:CANMessageSet)
                  0000196c    00000168     sysbios.aem3 : BIOS.obj (.text:ti_sysbios_family_arm_m3_Hwi_excBusFault__I)
                  00001ad4    00000154                  : BIOS.obj (.text:ti_sysbios_family_arm_m3_Hwi_excUsageFault__I)
                  00001c28    00000148     driverlib-cm3.lib : can.obj (.text:CANMessageGet)
                  00001d70    00000140     sysbios.aem3 : BIOS.obj (.text:ti_sysbios_family_arm_m3_Hwi_excMemFault__I)
                  00001eb0    00000140                  : BIOS.obj (.text:ti_sysbios_knl_Semaphore_post__E)
                  00001ff0    0000013c                  : BIOS.obj (.text:ti_sysbios_heaps_HeapMem_Instance_init__F)
                  0000212c    0000013c     ti.targets.arm.rtsarm.aem3 : Error.oem3 (.text:xdc_runtime_Error_raiseX__F)
                  00002268    0000012c                                : LoggerBuf.oem3 (.text:xdc_runtime_LoggerBuf_write8__F)
                  00002394    00000128     network.obj (.text)
                  000024bc    00000124     sysbios.aem3 : BIOS.obj (.text:ti_sysbios_family_arm_m3_Hwi_dispatchC__I)
                  000025e0    00000120                  : BIOS.obj (.text:ti_sysbios_knl_Clock_workFunc__E)
                  00002700    0000011c     Boot.aem3 : Boot.oem3 (.text:.bootCodeSection:ti_catalog_arm_cortexm3_lm3init_Boot_sysCtlClockSet)
                  0000281c    00000110     sysbios.aem3 : BIOS.obj (.text:ti_sysbios_knl_Swi_run__I)
                  0000292c    00000108                  : BIOS.obj (.text:ti_sysbios_knl_Task_exit__E)
                  00002a34    00000104                  : m3_Hwi_asm.obj (.text:ti_sysbios_family_arm_m3_Hwi_dispatch__I)
                  00002b38    00000104     ti.targets.arm.rtsarm.aem3 : Core-mem.oem3 (.text:xdc_runtime_Core_createObject__I)
                  00002c3c    000000fc     sysbios.aem3 : BIOS.obj (.text:ti_sysbios_knl_Task_schedule__I)
                  00002d38    000000f8     ti.targets.arm.rtsarm.aem3 : Startup.oem3 (.text:xdc_runtime_Startup_startMods__I)
                  00002e30    000000f8     app_pem3.oem3 (.text:xdc_runtime_System_printfExtend__I)
                  00002f28    000000f4     sysbios.aem3 : BIOS.obj (.text:ti_sysbios_knl_Task_postInit__I)
                  0000301c    000000f4                  : BIOS.obj (.text:ti_sysbios_knl_Task_startCore__E)
                  00003110    000000ec     rtsv7M3_T_le_eabi.lib : dtor_list.obj (.text)
                  000031fc    000000dc     sysbios.aem3 : BIOS.obj (.text:ti_sysbios_family_arm_m3_Hwi_initNVIC__E)
                  000032d8    000000cc     ti.targets.arm.rtsarm.aem3 : LoggerBuf.oem3 (.text:xdc_runtime_LoggerBuf_write4__F)
                  000033a4    000000c8     driverlib-cm3.lib : gpio.obj (.text:GPIOPadConfigSet)
                  0000346c    000000c0     sysbios.aem3 : BIOS.obj (.text:ti_sysbios_family_arm_lm3_Timer_startup__E)
                  0000352c    000000b8                  : BIOS.obj (.text:ti_sysbios_knl_Task_unblockI__E)
                  000035e4    000000b4                  : BIOS.obj (.text:ti_sysbios_family_arm_m3_Hwi_excHardFault__I)
                  00003698    000000b4                  : BIOS.obj (.text:ti_sysbios_gates_GateMutex_enter__E)
                  0000374c    000000b4                  : BIOS.obj (.text:ti_sysbios_knl_Task_checkStacks__E)
                  00003800    000000b0                  : BIOS.obj (.text:ti_sysbios_family_arm_m3_Hwi_excDebugMon__I)
                  000038b0    000000ac                  : BIOS.obj (.text:ti_sysbios_knl_Swi_schedule__I)
                  0000395c    000000a8                  : BIOS.obj (.text:ti_sysbios_knl_Semaphore_Instance_init__F)
                  00003a04    000000a8                  : BIOS.obj (.text:ti_sysbios_knl_Swi_post__E)
                  00003aac    000000a4                  : BIOS.obj (.text:ti_sysbios_family_arm_m3_Hwi_Module_startup__F)
                  00003b50    000000a0     auto_init.aem3 : auto_init.oem3 (.text)
                  00003bf0    000000a0     sysbios.aem3 : BIOS.obj (.text:ti_sysbios_family_arm_lm3_TimestampProvider_get64__E)
                  00003c90    0000009c     rtsv7M3_T_le_eabi.lib : memcpy_t2.obj (.text)
                  00003d2c    0000009c     sysbios.aem3 : BIOS.obj (.text:ti_sysbios_knl_Task_blockI__E)
                  00003dc8    0000009a     ti.targets.arm.rtsarm.aem3 : Text.oem3 (.text:xdc_runtime_Text_putSite__F)
                  00003e62    00000002     sysbios.aem3 : BIOS.obj (.text:ti_sysbios_BIOS_nullFunc__I)
                  00003e64    00000094     ti.targets.arm.rtsarm.aem3 : Text.oem3 (.text:xdc_runtime_Text_putMod__F)
                  00003ef8    00000092     rtsv7M3_T_le_eabi.lib : fs_div_t2.obj (.text)
                  00003f8a    00000002     sysbios.aem3 : BIOS.obj (.text:ti_sysbios_gates_GateHwi_Instance_init__F)
                  00003f8c    00000090                  : BIOS.obj (.text:ti_sysbios_family_arm_lm3_Timer_initDevice__I)
                  0000401c    0000008c     driverlib-cm3.lib : can.obj (.text:CANBitRateSet)
                  000040a8    00000080     sysbios.aem3 : BIOS.obj (.text:ti_sysbios_knl_Task_Module_startup__F)
                  00004128    00000080     ti.targets.arm.rtsarm.aem3 : LoggerBuf.oem3 (.text:xdc_runtime_LoggerBuf_setFilterLevel__F)
                  000041a8    0000007c     sysbios.aem3 : BIOS.obj (.text:ti_sysbios_family_arm_lm3_Timer_Module_startup__F)
                  00004224    0000007c                  : BIOS.obj (.text:ti_sysbios_family_arm_lm3_Timer_start__E)
                  000042a0    0000007a     driverlib-cm3.lib : can.obj (.text:CANInit)
                  0000431a    0000007a     rtsv7M3_T_le_eabi.lib : fs_mul_t2.obj (.text)
                  00004394    00000078                           : memset_t2.obj (.text)
                  0000440c    00000076     driverlib-cm3.lib : can.obj (.text:CANStatusGet)
                  00004482    00000002     --HOLE-- [fill = 0]
                  00004484    00000070     sysbios.aem3 : BIOS.obj (.text:ti_sysbios_BIOS_rtsUnlock__I)
                  000044f4    00000070     ti.targets.arm.rtsarm.aem3 : Memory.oem3 (.text:xdc_runtime_Memory_alloc__F)
                  00004564    0000006c                                : Error.oem3 (.text:xdc_runtime_Error_print__F)
                  000045d0    0000006c                                : LoggerBuf.oem3 (.text:xdc_runtime_LoggerBuf_getFilterLevel__F)
                  0000463c    00000066                                : Core-mem.oem3 (.text:xdc_runtime_Core_deleteObject__I)
                  000046a2    00000002     --HOLE-- [fill = 0]
                  000046a4    00000064     driverlib-cm3.lib : interrupt.obj (.text:IntDisable)
                  00004708    00000064                       : interrupt.obj (.text:IntEnable)
                  0000476c    00000060     rtsv7M3_T_le_eabi.lib : trgmsg.obj (.text)
                  000047cc    00000060     sysbios.aem3 : BIOS.obj (.text:ti_sysbios_knl_Clock_logTick__E)
                  0000482c    00000060     app_pem3.oem3 (.text:xdc_runtime_LoggerBuf_Object__create__S)
                  0000488c    0000005e     rtsv7M3_T_le_eabi.lib : copy_decompress_rle.obj (.text)
                  000048ea    00000002     --HOLE-- [fill = 0]
                  000048ec    0000005c     sysbios.aem3 : BIOS.obj (.text:ti_sysbios_knl_Swi_restoreHwi__E)
                  00004948    0000005b     ti.targets.arm.rtsarm.aem3 : Text.oem3 (.text:xdc_runtime_Text_putLab__F)
                  000049a3    00000001     --HOLE-- [fill = 0]
                  000049a4    00000058     driverlib-cm3.lib : sysctl.obj (.text:SysCtlPeripheralEnable)
                  000049fc    00000050     ti.targets.arm.rtsarm.aem3 : Startup.oem3 (.text:xdc_runtime_Startup_exec__F)
                  00004a4c    00000050                                : System.oem3 (.text:xdc_runtime_System_formatNum__I)
                  00004a9c    0000004c     driverlib-cm3.lib : can.obj (.text:CANRegRead)
                  00004ae8    0000004c     sysbios.aem3 : m3_TaskSupport_asm.obj (.text:_ti_sysbios_family_arm_m3_TaskSupport_buildTaskStack)
                  00004b34    0000004c     ti.targets.arm.rtsarm.aem3 : Text.oem3 (.text:xdc_runtime_Text_visitRope2__I)
                  00004b80    00000048     sysbios.aem3 : BIOS.obj (.text:ti_sysbios_family_arm_m3_Hwi_excReserved__I)
                  00004bc8    00000048                  : BIOS.obj (.text:ti_sysbios_heaps_HeapMem_getStats__E)
                  00004c10    00000048                  : BIOS.obj (.text:ti_sysbios_knl_Task_allBlockedFunction__I)
                  00004c58    00000048     ti.targets.arm.rtsarm.aem3 : Assert.oem3 (.text:xdc_runtime_Assert_raise__I)
                  00004ca0    00000048                                : Core-params.oem3 (.text:xdc_runtime_Core_assignParams__I)
                  00004ce8    00000044     boot.aem3 : boot.oem3 (.text)
                  00004d2c    00000044     rtsv7M3_T_le_eabi.lib : cpy_tbl.obj (.text)
                  00004d70    00000044     sysbios.aem3 : BIOS.obj (.text:ti_sysbios_BIOS_errorRaiseHook__I)
                  00004db4    00000044                  : BIOS.obj (.text:ti_sysbios_family_arm_lm3_Timer_enableTimers__I)
                  00004df8    00000044                  : BIOS.obj (.text:ti_sysbios_family_arm_m3_Hwi_disableInterrupt__E)
                  00004e3c    00000044                  : BIOS.obj (.text:ti_sysbios_family_arm_m3_Hwi_enableInterrupt__E)
                  00004e80    00000044     ti.targets.arm.rtsarm.aem3 : LoggerBuf.oem3 (.text:xdc_runtime_LoggerBuf_filterOutEvent__I)
                  00004ec4    00000044                                : SysMin.oem3 (.text:xdc_runtime_SysMin_flush__F)
                  00004f08    00000042     driverlib-cm3.lib : can.obj (.text:CANIntClear)
                  00004f4a    00000002     --HOLE-- [fill = 0]
                  00004f4c    00000040     rtsv7M3_T_le_eabi.lib : exit.obj (.text)
                  00004f8c    00000040     sysbios.aem3 : BIOS.obj (.text:ti_sysbios_knl_Semaphore_pendTimeout__I)
                  00004fcc    00000040     ti.targets.arm.rtsarm.aem3 : System.oem3 (.text:xdc_runtime_System_atexit__F)
                  0000500c    0000003c     driverlib-cm3.lib : can.obj (.text:CANDataRegRead)
                  00005048    0000003c     sysbios.aem3 : BIOS.obj (.text:ti_sysbios_family_arm_m3_Hwi_excSvCall__I)
                  00005084    0000003c                  : BIOS.obj (.text:ti_sysbios_heaps_HeapMem_init__I)
                  000050c0    0000003c                  : BIOS.obj (.text:ti_sysbios_knl_Swi_startup__E)
                  000050fc    0000003c     ti.targets.arm.rtsarm.aem3 : Text.oem3 (.text:xdc_runtime_Text_xprintf__I)
                  00005138    00000038     rtsv7M3_T_le_eabi.lib : fs_toi_t2.obj (.text)
                  00005170    00000038     sysbios.aem3 : BIOS.obj (.text:ti_sysbios_family_arm_m3_Hwi_excNoIsr__I)
                  000051a8    00000038                  : BIOS.obj (.text:ti_sysbios_family_arm_m3_Hwi_getStackInfo__E)
                  000051e0    00000038                  : BIOS.obj (.text:ti_sysbios_family_arm_m3_TaskSupport_start__E)
                  00005218    00000038     app_pem3.oem3 (.text:ti_sysbios_knl_Semaphore_Object__create__S)
                  00005250    00000038     ti.targets.arm.rtsarm.aem3 : LoggerBuf.oem3 (.text:xdc_runtime_LoggerBuf_Instance_init__F)
                  00005288    00000038                                : SysMin.oem3 (.text:xdc_runtime_SysMin_putch__F)
                  000052c0    00000034     driverlib-cm3.lib : can.obj (.text:CANIntStatus)
                  000052f4    00000034     rtsv7M3_T_le_eabi.lib : fs_tou_t2.obj (.text)
                  00005328    00000034     sysbios.aem3 : BIOS.obj (.text:ti_sysbios_family_arm_m3_Hwi_excNmi__I)
                  0000535c    00000034     app_pem3.oem3 (.text:ti_sysbios_gates_GateHwi_Object__create__S)
                  00005390    00000034     app_pem3.oem3 (.text:ti_sysbios_gates_GateMutex_Object__create__S)
                  000053c4    00000034     sysbios.aem3 : BIOS.obj (.text:ti_sysbios_hal_Hwi_checkStack:ti_sysbios_hal_Hwi_checkStack)
                  000053f8    00000034     app_pem3.oem3 (.text:ti_sysbios_heaps_HeapMem_Object__create__S)
                  0000542c    00000034     app_pem3.oem3 (.text:ti_sysbios_knl_Queue_Object__create__S)
                  00005460    00000030     app_pem3.oem3 (.text:ti_sysbios_BIOS_exitFunc__I)
                  00005490    00000030     sysbios.aem3 : BIOS.obj (.text:ti_sysbios_knl_Idle_run__E)
                  000054c0    00000030     ti.targets.arm.rtsarm.aem3 : Core-label.oem3 (.text:xdc_runtime_Core_assignLabel__I)
                  000054f0    00000030                                : SysMin.oem3 (.text:xdc_runtime_SysMin_abort__F)
                  00005520    0000002f                                : Text.oem3 (.text:xdc_runtime_Text_printVisFxn__I)
                  0000554f    00000001     --HOLE-- [fill = 0]
                  00005550    0000002e     driverlib-cm3.lib : gpio.obj (.text:GPIODirModeSet)
                  0000557e    0000002e     app_pem3.oem3 (.text:malloc)
                  000055ac    0000002c     driverlib-cm3.lib : can.obj (.text:CANDataRegWrite)
                  000055d8    0000002c     sysbios.aem3 : BIOS.obj (.text:ti_sysbios_hal_Hwi_initStack:ti_sysbios_hal_Hwi_initStack)
                  00005604    0000002c     app_pem3.oem3 (.text:ti_sysbios_knl_Clock_doTick__I)
                  00005630    0000002c     sysbios.aem3 : BIOS.obj (.text:ti_sysbios_knl_Task_restore__E)
                  0000565c    0000002c     ti.targets.arm.rtsarm.aem3 : System.oem3 (.text:xdc_runtime_System_rtsExit__I)
                  00005688    0000002c                                : Text.oem3 (.text:xdc_runtime_Text_cordText__F)
                  000056b4    0000002a                                : System.oem3 (.text:xdc_runtime_System_putchar__I)
                  000056de    00000002     --HOLE-- [fill = 0]
                  000056e0    00000028     driverlib-cm3.lib : can.obj (.text:CANIntNumberGet)
                  00005708    00000028     sysbios.aem3 : BIOS.obj (.text:ti_sysbios_gates_GateMutex_Instance_init__F)
                  00005730    00000028     ti.targets.arm.rtsarm.aem3 : LoggerBuf.oem3 (.text:xdc_runtime_LoggerBuf_Module_startup__F)
                  00005758    00000026                                : System.oem3 (.text:xdc_runtime_System_avprintf__F)
                  0000577e    00000002     --HOLE-- [fill = 0]
                  00005780    00000024     driverlib-cm3.lib : timer.obj (.text:TimerConfigure)
                  000057a4    00000024     rtsv7M3_T_le_eabi.lib : u_tofs_t2.obj (.text)
                  000057c8    00000024     sysbios.aem3 : BIOS.obj (.text:ti_sysbios_BIOS_registerRTSLock__I)
                  000057ec    00000024     app_pem3.oem3 (.text:ti_sysbios_BIOS_startFunc__I)
                  00005810    00000024     sysbios.aem3 : BIOS.obj (.text:ti_sysbios_family_arm_lm3_Timer_isrStub__E)
                  00005834    00000024                  : BIOS.obj (.text:ti_sysbios_family_arm_m3_Hwi_doTaskRestore__I)
                  00005858    00000024     app_pem3.oem3 (.text:ti_sysbios_gates_GateMutex_Object__delete__S)
                  0000587c    00000024     sysbios.aem3 : BIOS.obj (.text:ti_sysbios_knl_Clock_Module_startup__F)
                  000058a0    00000024                  : BIOS.obj (.text:ti_sysbios_knl_Swi_Module_startup__F)
                  000058c4    00000024     ti.targets.arm.rtsarm.aem3 : System.oem3 (.text:xdc_runtime_System_vprintf__F)
                  000058e8    00000022     app_pem3.oem3 (.text:xdc_runtime_SysMin_output__I)
                  0000590a    00000002     --HOLE-- [fill = 0]
                  0000590c    00000020     app_pem3.oem3 (.text:ti_sysbios_gates_GateHwi_Object__delete__S)
                  0000592c    00000020     app_pem3.oem3 (.text:ti_sysbios_heaps_HeapMem_Object__delete__S)
                  0000594c    00000020     app_pem3.oem3 (.text:ti_sysbios_knl_Semaphore_Object__destruct__S)
                  0000596c    00000020     sysbios.aem3 : BIOS.obj (.text:ti_sysbios_knl_Task_enter__I)
                  0000598c    00000020     app_pem3.oem3 (.text:xdc_runtime_LoggerBuf_Object__delete__S)
                  000059ac    00000020     ti.targets.arm.rtsarm.aem3 : LoggerBuf.oem3 (.text:xdc_runtime_LoggerBuf_reset__F)
                  000059cc    00000020                                : Registry.oem3 (.text:xdc_runtime_Registry_findById__F)
                  000059ec    00000020                                : SysMin.oem3 (.text:xdc_runtime_SysMin_Module_startup__F)
                  00005a0c    0000001c     driverlib-cm3.lib : can.obj (.text:CANRegWrite)
                  00005a28    0000001c     sysbios.aem3 : BIOS.obj (.text:ti_sysbios_BIOS_rtsLock__I)
                  00005a44    0000001c     app_pem3.oem3 (.text:ti_sysbios_knl_Queue_Object__destruct__S)
                  00005a60    0000001c     ti.targets.arm.rtsarm.aem3 : Error.oem3 (.text:xdc_runtime_Error_check__F)
                  00005a7c    0000001c                                : Memory.oem3 (.text:xdc_runtime_Memory_valloc__F)
                  00005a98    0000001c                                : SysMin.oem3 (.text:xdc_runtime_SysMin_exit__F)
                  00005ab4    0000001a     app_pem3.oem3 (.text:ti_sysbios_family_arm_m3_Hwi_Handle__label__S)
                  00005ace    0000001a     app_pem3.oem3 (.text:ti_sysbios_gates_GateHwi_Handle__label__S)
                  00005ae8    0000001a     app_pem3.oem3 (.text:ti_sysbios_gates_GateMutex_Handle__label__S)
                  00005b02    0000001a     app_pem3.oem3 (.text:ti_sysbios_heaps_HeapMem_Handle__label__S)
                  00005b1c    0000001a     app_pem3.oem3 (.text:ti_sysbios_knl_Swi_Handle__label__S)
                  00005b36    0000001a     app_pem3.oem3 (.text:ti_sysbios_knl_Task_Handle__label__S)
                  00005b50    0000001a     app_pem3.oem3 (.text:xdc_runtime_LoggerBuf_Handle__label__S)
                  00005b6a    0000001a     app_pem3.oem3 (.text:xdc_runtime_System_aprintf__E)
                  00005b84    0000001a     app_pem3.oem3 (.text:xdc_runtime_System_printf__E)
                  00005b9e    00000018     sysbios.aem3 : m3_Hwi_asm_switch.obj (.text:_ti_sysbios_family_arm_m3_Hwi_initStacks__E)
                  00005bb6    00000018     app_pem3.oem3 (.text:free)
                  00005bce    00000002     --HOLE-- [fill = 0]
                  00005bd0    00000018     rtsv7M3_T_le_eabi.lib : args_main.obj (.text)
                  00005be8    00000018     app_pem3.oem3 (.text:ti_sysbios_family_arm_lm3_Timer_Module__startupDone__F)
                  00005c00    00000018     app_pem3.oem3 (.text:ti_sysbios_family_arm_m3_Hwi_Module__startupDone__F)
                  00005c18    00000018     sysbios.aem3 : BIOS.obj (.text:ti_sysbios_gates_GateMutex_leave__E)
                  00005c30    00000018     app_pem3.oem3 (.text:ti_sysbios_hal_Timer_Module__startupDone__F)
                  00005c48    00000018     ti.targets.arm.rtsarm.aem3 : Text.oem3 (.text:xdc_runtime_Text_ropeText__F)
                  00005c60    00000016     driverlib-cm3.lib : can.obj (.text:CANIntEnable)
                  00005c76    00000014                       : can.obj (.text:CANEnable)
                  00005c8a    00000002     --HOLE-- [fill = 0]
                  00005c8c    00000014                       : timer.obj (.text:TimerDisable)
                  00005ca0    00000014     rtsv7M3_T_le_eabi.lib : _lock.obj (.text)
                  00005cb4    00000014                           : strlen.obj (.text)
                  00005cc8    00000014     sysbios.aem3 : BIOS.obj (.text:ti_sysbios_family_arm_m3_Hwi_switchFromBootStack__E)
                  00005cdc    00000014     app_pem3.oem3 (.text:ti_sysbios_heaps_HeapMem_Object__get__S)
                  00005cf0    00000014     app_pem3.oem3 (.text:ti_sysbios_knl_Swi_Object__get__S)
                  00005d04    00000014     ti.targets.arm.rtsarm.aem3 : LoggerBuf.oem3 (.text:xdc_runtime_LoggerBuf_Instance_finalize__F)
                  00005d18    00000014     app_pem3.oem3 (.text:xdc_runtime_LoggerBuf_Object__get__S)
                  00005d2c    00000014     ti.targets.arm.rtsarm.aem3 : LoggerBuf.oem3 (.text:xdc_runtime_LoggerBuf_write2__F)
                  00005d40    00000014                                : System.oem3 (.text:xdc_runtime_System_abort__F)
                  00005d54    00000012     driverlib-cm3.lib : gpio.obj (.text:GPIOPinTypeCAN)
                  00005d66    00000012                       : timer.obj (.text:TimerControlEvent)
                  00005d78    00000012                       : timer.obj (.text:TimerLoadSet)
                  00005d8a    00000012     rtsv7M3_T_le_eabi.lib : copy_zero_init.obj (.text:decompress:ZI)
                  00005d9c    00000012                           : strcpy.obj (.text)
                  00005dae    00000012     sysbios.aem3 : BIOS.obj (.text:ti_sysbios_hal_Hwi_Module_startup__F)
                  00005dc0    00000012                  : BIOS.obj (.text:ti_sysbios_hal_Timer_Module_startup__F)
                  00005dd2    00000012     ti.targets.arm.rtsarm.aem3 : LoggerBuf.oem3 (.text:xdc_runtime_LoggerBuf_write1__F)
                  00005de4    00000012     app_pem3.oem3 (.text:xdc_runtime_Startup_exec__I)
                  00005df6    00000010     sysbios.aem3 : m3_TaskSupport_asm.obj (.text:_ti_sysbios_family_arm_m3_TaskSupport_glue)
                  00005e06    00000010                  : m3_TaskSupport_asm.obj (.text:_ti_sysbios_family_arm_m3_TaskSupport_swap__E)
                  00005e16    00000010                  : m3_Hwi_asm_switch.obj (.text:_ti_sysbios_family_xxx_Hwi_switchToIsrStack)
                  00005e26    00000002     --HOLE-- [fill = 0]
                  00005e28    00000010                  : BIOS.obj (.text:ti_sysbios_BIOS_setThreadType__E)
                  00005e38    00000010                  : BIOS.obj (.text:ti_sysbios_BIOS_start__E)
                  00005e48    00000010                  : BIOS.obj (.text:ti_sysbios_family_arm_lm3_TimestampProvider_rolloverFunc__E)
                  00005e58    00000010                  : BIOS.obj (.text:ti_sysbios_family_arm_m3_Hwi_excHandler__I)
                  00005e68    00000010                  : BIOS.obj (.text:ti_sysbios_gates_GateMutex_Instance_finalize__F)
                  00005e78    00000010                  : BIOS.obj (.text:ti_sysbios_knl_Semaphore_Instance_finalize__F)
                  00005e88    00000010                  : BIOS.obj (.text:ti_sysbios_knl_Swi_disable__E)
                  00005e98    00000010     app_pem3.oem3 (.text:ti_sysbios_knl_Task_Object__get__S)
                  00005ea8    00000010     sysbios.aem3 : BIOS.obj (.text:ti_sysbios_knl_Task_disable__E)
                  00005eb8    00000010     ti.targets.arm.rtsarm.aem3 : Gate.oem3 (.text:xdc_runtime_Gate_leaveSystem__F)
                  00005ec8    00000010                                : LoggerBuf.oem3 (.text:xdc_runtime_LoggerBuf_write0__F)
                  00005ed8    00000010                                : Memory.oem3 (.text:xdc_runtime_Memory_free__F)
                  00005ee8    00000010                                : SysMin.oem3 (.text:xdc_runtime_SysMin_ready__F)
                  00005ef8    00000010                                : System.oem3 (.text:xdc_runtime_System_vsnprintf__F)
                  00005f08    00000010     app_pem3.oem3 (.text:xdc_runtime_Text_visitRope__I)
                  00005f18    0000000e     driverlib-cm3.lib : timer.obj (.text:TimerEnable)
                  00005f26    0000000e     rtsv7M3_T_le_eabi.lib : copy_decompress_none.obj (.text:decompress:none)
                  00005f34    0000000e     sysbios.aem3 : BIOS.obj (.text:ti_sysbios_family_arm_m3_TaskSupport_checkStack__E)
                  00005f42    0000000e                  : BIOS.obj (.text:ti_sysbios_knl_Queue_empty__E)
                  00005f50    0000000c     app_pem3.oem3 (.text:.bootCodeSection:ti_catalog_arm_cortexm3_lm3init_Boot_init)
                  00005f5c    0000000c     driverlib-cm3.lib : cpu.obj (.text:CPUcpsid)
                  00005f68    0000000c                       : cpu.obj (.text:CPUcpsie)
                  00005f74    0000000c     sysbios.aem3 : m3_Hwi_asm_switch.obj (.text:_ti_sysbios_family_xxx_Hwi_switchToTaskStack)
                  00005f80    0000000c                  : BIOS.obj (.text:ti_sysbios_family_arm_lm3_TimestampProvider_startTimer__E)
                  00005f8c    0000000c                  : BIOS.obj (.text:ti_sysbios_gates_GateHwi_enter__E)
                  00005f98    0000000c     app_pem3.oem3 (.text:ti_sysbios_knl_Queue_Object__get__S)
                  00005fa4    0000000c     ti.targets.arm.rtsarm.aem3 : Error.oem3 (.text:xdc_runtime_Error_init__F)
                  00005fb0    0000000c                                : Gate.oem3 (.text:xdc_runtime_Gate_enterSystem__F)
                  00005fbc    0000000c                                : Memory.oem3 (.text:xdc_runtime_Memory_calloc__F)
                  00005fc8    0000000c                                : Memory.oem3 (.text:xdc_runtime_Memory_getMaxDefaultTypeAlign__F)
                  00005fd4    0000000c                                : System.oem3 (.text:xdc_runtime_System_exit__F)
                  00005fe0    0000000c                                : System.oem3 (.text:xdc_runtime_System_lastFxn__I)
                  00005fec    0000000a     driverlib-cm3.lib : interrupt.obj (.text:IntMasterDisable)
                  00005ff6    0000000a                       : interrupt.obj (.text:IntMasterEnable)
                  00006000    0000000a     app_pem3.oem3 (.text:xdc_runtime_IHeap_alloc)
                  0000600a    0000000a     app_pem3.oem3 (.text:xdc_runtime_IHeap_free)
                  00006014    0000000a     ti.targets.arm.rtsarm.aem3 : LoggerBuf.oem3 (.text:xdc_runtime_LoggerBuf_disable__F)
                  0000601e    0000000a                                : LoggerBuf.oem3 (.text:xdc_runtime_LoggerBuf_enable__F)
                  00006028    00000008     driverlib-cm3.lib : comp.obj (.text:ComparatorConfigure)
                  00006030    00000008                       : timer.obj (.text:TimerIntEnable)
                  00006038    00000008     sysbios.aem3 : BIOS.obj (.text:ti_sysbios_family_arm_m3_Hwi_doSwiRestore__I)
                  00006040    00000008                  : BIOS.obj (.text:ti_sysbios_family_arm_m3_Hwi_startup__E)
                  00006048    00000008                  : BIOS.obj (.text:ti_sysbios_knl_Idle_loop__E)
                  00006050    00000006     Boot.aem3 : Boot.oem3 (.text)
                  00006056    00000006     ti.targets.arm.rtsarm.aem3 : xdc_noinit.oem3 (.text:__xdc__init)
                  0000605c    00000006     rtsv7M3_T_le_eabi.lib : copy_decompress_rle.obj (.text:decompress:rle24)
                  00006062    00000006     sysbios.aem3 : BIOS.obj (.text:ti_sysbios_family_arm_lm3_TimestampProvider_Module_startup__F)
                  00006068    00000006                  : BIOS.obj (.text:ti_sysbios_gates_GateHwi_leave__E)
                  0000606e    00000006                  : BIOS.obj (.text:ti_sysbios_heaps_HeapMem_isBlocking__E)
                  00006074    00000006                  : BIOS.obj (.text:ti_sysbios_knl_Queue_Instance_init__F)
                  0000607a    00000006     ti.targets.arm.rtsarm.aem3 : System.oem3 (.text:xdc_runtime_System_Module_startup__F)
                  00006080    00000004     driverlib-cm3.lib : comp.obj (.text:ComparatorRefSet)
                  00006084    00000004     app_pem3.oem3 (.text:ti_sysbios_BIOS_RtsGateProxy_enter__E)
                  00006088    00000004     app_pem3.oem3 (.text:ti_sysbios_BIOS_RtsGateProxy_leave__E)
                  0000608c    00000004     sysbios.aem3 : BIOS.obj (.text:ti_sysbios_family_arm_lm3_Timer_getPeriod__E)
                  00006090    00000004     app_pem3.oem3 (.text:ti_sysbios_family_arm_m3_TaskSupport_Module__startupDone__S)
                  00006094    00000004     sysbios.aem3 : BIOS.obj (.text:ti_sysbios_gates_GateHwi_query__F)
                  00006098    00000004                  : BIOS.obj (.text:ti_sysbios_gates_GateMutex_query__F)
                  0000609c    00000004     app_pem3.oem3 (.text:ti_sysbios_hal_Hwi_HwiProxy_Module__startupDone__S)
                  000060a0    00000004     app_pem3.oem3 (.text:ti_sysbios_hal_Timer_TimerProxy_Module__startupDone__S)
                  000060a4    00000004     app_pem3.oem3 (.text:ti_sysbios_hal_Timer_TimerProxy_getPeriod__E)
                  000060a8    00000004     app_pem3.oem3 (.text:ti_sysbios_heaps_HeapMem_Module_GateProxy_enter__E)
                  000060ac    00000004     app_pem3.oem3 (.text:ti_sysbios_heaps_HeapMem_Module_GateProxy_leave__E)
                  000060b0    00000004     app_pem3.oem3 (.text:ti_sysbios_knl_Task_SupportProxy_Module__startupDone__S)
                  000060b4    00000004     sysbios.aem3 : BIOS.obj (.text:ti_sysbios_knl_Task_startup__E)
                  000060b8    00000004     ti.targets.arm.rtsarm.aem3 : Error.oem3 (.text:xdc_runtime_Error_getSite__F)
                  000060bc    00000004     app_pem3.oem3 (.text:xdc_runtime_LoggerBuf_Module_GateProxy_enter__E)
                  000060c0    00000004     app_pem3.oem3 (.text:xdc_runtime_LoggerBuf_Module_GateProxy_leave__E)
                  000060c4    00000004     app_pem3.oem3 (.text:xdc_runtime_Memory_HeapProxy_alloc__E)
                  000060c8    00000004     app_pem3.oem3 (.text:xdc_runtime_Memory_HeapProxy_free__E)
                  000060cc    00000004     app_pem3.oem3 (.text:xdc_runtime_Startup_reset__I)
                  000060d0    00000004     app_pem3.oem3 (.text:xdc_runtime_System_Module_GateProxy_enter__E)
                  000060d4    00000004     app_pem3.oem3 (.text:xdc_runtime_System_Module_GateProxy_leave__E)
                  000060d8    00000004     ti.targets.arm.rtsarm.aem3 : System.oem3 (.text:xdc_runtime_System_aprintf_va__F)
                  000060dc    00000004                                : System.oem3 (.text:xdc_runtime_System_printf_va__F)
                  000060e0    00000004     app_pem3.oem3 (.text:xdc_runtime_System_vsnprintf__E)

.const     0    000060e4    00001e01     
                  000060e4    00001600     app_pem3.oem3 (.const:xdc_runtime_Text_charTab__A)
                  000076e4    000000b4     app_pem3.oem3 (.const:xdc_runtime_Text_nodeTab__A)
                  00007798    00000070     driverlib-cm3.lib : interrupt.obj (.const)
                  00007808    0000006c                       : sysctl.obj (.const:g_pulXtals)
                  00007874    00000050     app_pem3.oem3 (.const:ti_sysbios_family_arm_m3_Hwi_priorities__A)
                  000078c4    00000048     app_pem3.oem3 (.const:.string)
                  0000790c    00000040     driverlib-cm3.lib : sysctl.obj (.const)
                  0000794c    0000003c     app_pem3.oem3 (.const:xdc_runtime_LoggerBuf_Module__FXNS__C)
                  00007988    0000002c     app_pem3.oem3 (.const:xdc_runtime_Startup_sfxnTab__A)
                  000079b4    00000028     app_pem3.oem3 (.const:ti_sysbios_heaps_HeapMem_Module__FXNS__C)
                  000079dc    00000024     app_pem3.oem3 (.const:ti_sysbios_gates_GateHwi_Module__FXNS__C)
                  00007a00    00000024     app_pem3.oem3 (.const:ti_sysbios_gates_GateMutex_Module__FXNS__C)
                  00007a24    00000024     app_pem3.oem3 (.const:ti_sysbios_heaps_HeapMem_Object__PARAMS__C)
                  00007a48    00000024     app_pem3.oem3 (.const:ti_sysbios_knl_Semaphore_Object__PARAMS__C)
                  00007a6c    00000024     app_pem3.oem3 (.const:xdc_runtime_LoggerBuf_Object__PARAMS__C)
                  00007a90    00000020     driverlib-cm3.lib : can.obj (.const)
                  00007ab0    00000020     app_pem3.oem3 (.const:ti_sysbios_gates_GateHwi_Object__DESC__C)
                  00007ad0    00000020     app_pem3.oem3 (.const:ti_sysbios_gates_GateMutex_Object__DESC__C)
                  00007af0    00000020     app_pem3.oem3 (.const:ti_sysbios_heaps_HeapMem_Object__DESC__C)
                  00007b10    00000020     app_pem3.oem3 (.const:ti_sysbios_knl_Queue_Object__DESC__C)
                  00007b30    00000020     app_pem3.oem3 (.const:ti_sysbios_knl_Semaphore_Object__DESC__C)
                  00007b50    00000020     app_pem3.oem3 (.const:xdc_runtime_LoggerBuf_Object__DESC__C)
                  00007b70    00000018     app_pem3.oem3 (.const:ti_sysbios_gates_GateHwi_Object__PARAMS__C)
                  00007b88    00000018     app_pem3.oem3 (.const:ti_sysbios_gates_GateMutex_Object__PARAMS__C)
                  00007ba0    00000018     app_pem3.oem3 (.const:ti_sysbios_knl_Queue_Object__PARAMS__C)
                  00007bb8    00000018     app_pem3.oem3 (.const:ti_sysbios_knl_Task_hooks__A)
                  00007bd0    00000016     app_pem3.oem3 (.const:xdc_runtime_Startup_sfxnRts__A)
                  00007be6    00000002     --HOLE-- [fill = 0]
                  00007be8    00000011     ti.targets.arm.rtsarm.aem3 : System.oem3 (.const)
                  00007bf9    00000003     --HOLE-- [fill = 0]
                  00007bfc    00000010     app_pem3.oem3 (.const)
                  00007c0c    00000010     app_pem3.oem3 (.const:xdc_runtime_Startup_firstFxns__A)
                  00007c1c    00000008     app_pem3.oem3 (.const:ti_sysbios_family_arm_m3_Hwi_excHookFuncs__A)
                  00007c24    00000008     app_pem3.oem3 (.const:ti_sysbios_knl_Idle_coreList__C)
                  00007c2c    00000008     app_pem3.oem3 (.const:ti_sysbios_knl_Idle_funcList__C)
                  00007c34    00000008     app_pem3.oem3 (.const:ti_sysbios_knl_Task_hooks__C)
                  00007c3c    00000008     app_pem3.oem3 (.const:xdc_runtime_Startup_firstFxns__C)
                  00007c44    00000008     app_pem3.oem3 (.const:xdc_runtime_Startup_lastFxns__A)
                  00007c4c    00000008     app_pem3.oem3 (.const:xdc_runtime_Startup_lastFxns__C)
                  00007c54    00000004     app_pem3.oem3 (.const:ti_sysbios_BIOS_Module__diagsEnabled__C)
                  00007c58    00000004     app_pem3.oem3 (.const:ti_sysbios_BIOS_Module__diagsIncluded__C)
                  00007c5c    00000004     app_pem3.oem3 (.const:ti_sysbios_BIOS_Module__diagsMask__C)
                  00007c60    00000004     app_pem3.oem3 (.const:ti_sysbios_BIOS_installedErrorHook__C)
                  00007c64    00000004     app_pem3.oem3 (.const:ti_sysbios_family_arm_lm3_Timer_WRALLOW__C)
                  00007c68    00000004     app_pem3.oem3 (.const:ti_sysbios_family_arm_lm3_Timer_numTimerDevices__C)
                  00007c6c    00000004     app_pem3.oem3 (.const:ti_sysbios_family_arm_lm3_Timer_startupNeeded__C)
                  00007c70    00000004     app_pem3.oem3 (.const:ti_sysbios_family_arm_m3_Hwi_E_NMI__C)
                  00007c74    00000004     app_pem3.oem3 (.const:ti_sysbios_family_arm_m3_Hwi_E_busFault__C)
                  00007c78    00000004     app_pem3.oem3 (.const:ti_sysbios_family_arm_m3_Hwi_E_debugMon__C)
                  00007c7c    00000004     app_pem3.oem3 (.const:ti_sysbios_family_arm_m3_Hwi_E_hardFault__C)
                  00007c80    00000004     app_pem3.oem3 (.const:ti_sysbios_family_arm_m3_Hwi_E_memFault__C)
                  00007c84    00000004     app_pem3.oem3 (.const:ti_sysbios_family_arm_m3_Hwi_E_noIsr__C)
                  00007c88    00000004     app_pem3.oem3 (.const:ti_sysbios_family_arm_m3_Hwi_E_reserved__C)
                  00007c8c    00000004     app_pem3.oem3 (.const:ti_sysbios_family_arm_m3_Hwi_E_svCall__C)
                  00007c90    00000004     app_pem3.oem3 (.const:ti_sysbios_family_arm_m3_Hwi_E_usageFault__C)
                  00007c94    00000004     app_pem3.oem3 (.const:ti_sysbios_family_arm_m3_Hwi_LD_end__C)
                  00007c98    00000004     app_pem3.oem3 (.const:ti_sysbios_family_arm_m3_Hwi_LM_begin__C)
                  00007c9c    00000004     app_pem3.oem3 (.const:ti_sysbios_family_arm_m3_Hwi_Module__diagsEnabled__C)
                  00007ca0    00000004     app_pem3.oem3 (.const:ti_sysbios_family_arm_m3_Hwi_Module__diagsIncluded__C)
                  00007ca4    00000004     app_pem3.oem3 (.const:ti_sysbios_family_arm_m3_Hwi_Module__diagsMask__C)
                  00007ca8    00000004     app_pem3.oem3 (.const:ti_sysbios_family_arm_m3_Hwi_Module__loggerFxn1__C)
                  00007cac    00000004     app_pem3.oem3 (.const:ti_sysbios_family_arm_m3_Hwi_Module__loggerFxn8__C)
                  00007cb0    00000004     app_pem3.oem3 (.const:ti_sysbios_family_arm_m3_Hwi_Module__loggerObj__C)
                  00007cb4    00000004     app_pem3.oem3 (.const:ti_sysbios_family_arm_m3_Hwi_NUM_INTERRUPTS__C)
                  00007cb8    00000004     app_pem3.oem3 (.const:ti_sysbios_family_arm_m3_Hwi_ccr__C)
                  00007cbc    00000004     app_pem3.oem3 (.const:ti_sysbios_family_arm_m3_Hwi_dispatchTable__C)
                  00007cc0    00000004     app_pem3.oem3 (.const:ti_sysbios_family_arm_m3_Hwi_excHandlerFunc__C)
                  00007cc4    00000004     app_pem3.oem3 (.const:ti_sysbios_family_arm_m3_Hwi_excHookFuncs__C)
                  00007cc8    00000004     app_pem3.oem3 (.const:ti_sysbios_family_arm_m3_Hwi_priGroup__C)
                  00007ccc    00000004     app_pem3.oem3 (.const:ti_sysbios_family_arm_m3_Hwi_priorities__C)
                  00007cd0    00000004     app_pem3.oem3 (.const:ti_sysbios_gates_GateMutex_A_badContext__C)
                  00007cd4    00000004     app_pem3.oem3 (.const:ti_sysbios_gates_GateMutex_Instance_State_sem__O)
                  00007cd8    00000004     app_pem3.oem3 (.const:ti_sysbios_gates_GateMutex_Module__diagsEnabled__C)
                  00007cdc    00000004     app_pem3.oem3 (.const:ti_sysbios_gates_GateMutex_Module__diagsIncluded__C)
                  00007ce0    00000004     app_pem3.oem3 (.const:ti_sysbios_gates_GateMutex_Module__diagsMask__C)
                  00007ce4    00000004     app_pem3.oem3 (.const:ti_sysbios_hal_Hwi_E_stackOverflow__C)
                  00007ce8    00000004     app_pem3.oem3 (.const:ti_sysbios_heaps_HeapMem_A_align__C)
                  00007cec    00000004     app_pem3.oem3 (.const:ti_sysbios_heaps_HeapMem_A_heapSize__C)
                  00007cf0    00000004     app_pem3.oem3 (.const:ti_sysbios_heaps_HeapMem_A_invalidFree__C)
                  00007cf4    00000004     app_pem3.oem3 (.const:ti_sysbios_heaps_HeapMem_A_zeroBlock__C)
                  00007cf8    00000004     app_pem3.oem3 (.const:ti_sysbios_heaps_HeapMem_E_memory__C)
                  00007cfc    00000004     app_pem3.oem3 (.const:ti_sysbios_heaps_HeapMem_Module__diagsEnabled__C)
                  00007d00    00000004     app_pem3.oem3 (.const:ti_sysbios_heaps_HeapMem_Module__diagsIncluded__C)
                  00007d04    00000004     app_pem3.oem3 (.const:ti_sysbios_heaps_HeapMem_Module__diagsMask__C)
                  00007d08    00000004     app_pem3.oem3 (.const:ti_sysbios_heaps_HeapMem_Module__gateObj__C)
                  00007d0c    00000004     app_pem3.oem3 (.const:ti_sysbios_heaps_HeapMem_Object__count__C)
                  00007d10    00000004     app_pem3.oem3 (.const:ti_sysbios_heaps_HeapMem_reqAlign__C)
                  00007d14    00000004     app_pem3.oem3 (.const:ti_sysbios_knl_Clock_LM_begin__C)
                  00007d18    00000004     app_pem3.oem3 (.const:ti_sysbios_knl_Clock_LM_tick__C)
                  00007d1c    00000004     app_pem3.oem3 (.const:ti_sysbios_knl_Clock_LW_delayed__C)
                  00007d20    00000004     app_pem3.oem3 (.const:ti_sysbios_knl_Clock_Module_State_clockQ__O)
                  00007d24    00000004     app_pem3.oem3 (.const:ti_sysbios_knl_Clock_Module__diagsEnabled__C)
                  00007d28    00000004     app_pem3.oem3 (.const:ti_sysbios_knl_Clock_Module__diagsIncluded__C)
                  00007d2c    00000004     app_pem3.oem3 (.const:ti_sysbios_knl_Clock_Module__diagsMask__C)
                  00007d30    00000004     app_pem3.oem3 (.const:ti_sysbios_knl_Clock_Module__loggerFxn1__C)
                  00007d34    00000004     app_pem3.oem3 (.const:ti_sysbios_knl_Clock_Module__loggerFxn2__C)
                  00007d38    00000004     app_pem3.oem3 (.const:ti_sysbios_knl_Clock_Module__loggerObj__C)
                  00007d3c    00000004     app_pem3.oem3 (.const:ti_sysbios_knl_Idle_coreList__A)
                  00007d40    00000004     app_pem3.oem3 (.const:ti_sysbios_knl_Idle_funcList__A)
                  00007d44    00000004     app_pem3.oem3 (.const:ti_sysbios_knl_Semaphore_A_badContext__C)
                  00007d48    00000004     app_pem3.oem3 (.const:ti_sysbios_knl_Semaphore_A_noEvents__C)
                  00007d4c    00000004     app_pem3.oem3 (.const:ti_sysbios_knl_Semaphore_A_overflow__C)
                  00007d50    00000004     app_pem3.oem3 (.const:ti_sysbios_knl_Semaphore_A_pendTaskDisabled__C)
                  00007d54    00000004     app_pem3.oem3 (.const:ti_sysbios_knl_Semaphore_Instance_State_pendQ__O)
                  00007d58    00000004     app_pem3.oem3 (.const:ti_sysbios_knl_Semaphore_LM_pend__C)
                  00007d5c    00000004     app_pem3.oem3 (.const:ti_sysbios_knl_Semaphore_LM_post__C)
                  00007d60    00000004     app_pem3.oem3 (.const:ti_sysbios_knl_Semaphore_Module__diagsEnabled__C)
                  00007d64    00000004     app_pem3.oem3 (.const:ti_sysbios_knl_Semaphore_Module__diagsIncluded__C)
                  00007d68    00000004     app_pem3.oem3 (.const:ti_sysbios_knl_Semaphore_Module__diagsMask__C)
                  00007d6c    00000004     app_pem3.oem3 (.const:ti_sysbios_knl_Semaphore_Module__loggerFxn2__C)
                  00007d70    00000004     app_pem3.oem3 (.const:ti_sysbios_knl_Semaphore_Module__loggerFxn4__C)
                  00007d74    00000004     app_pem3.oem3 (.const:ti_sysbios_knl_Semaphore_Module__loggerObj__C)
                  00007d78    00000004     app_pem3.oem3 (.const:ti_sysbios_knl_Swi_LD_end__C)
                  00007d7c    00000004     app_pem3.oem3 (.const:ti_sysbios_knl_Swi_LM_begin__C)
                  00007d80    00000004     app_pem3.oem3 (.const:ti_sysbios_knl_Swi_LM_post__C)
                  00007d84    00000004     app_pem3.oem3 (.const:ti_sysbios_knl_Swi_Module__diagsEnabled__C)
                  00007d88    00000004     app_pem3.oem3 (.const:ti_sysbios_knl_Swi_Module__diagsIncluded__C)
                  00007d8c    00000004     app_pem3.oem3 (.const:ti_sysbios_knl_Swi_Module__diagsMask__C)
                  00007d90    00000004     app_pem3.oem3 (.const:ti_sysbios_knl_Swi_Module__loggerFxn1__C)
                  00007d94    00000004     app_pem3.oem3 (.const:ti_sysbios_knl_Swi_Module__loggerFxn4__C)
                  00007d98    00000004     app_pem3.oem3 (.const:ti_sysbios_knl_Swi_Module__loggerObj__C)
                  00007d9c    00000004     app_pem3.oem3 (.const:ti_sysbios_knl_Swi_Object__count__C)
                  00007da0    00000004     app_pem3.oem3 (.const:ti_sysbios_knl_Task_E_spOutOfBounds__C)
                  00007da4    00000004     app_pem3.oem3 (.const:ti_sysbios_knl_Task_E_stackOverflow__C)
                  00007da8    00000004     app_pem3.oem3 (.const:ti_sysbios_knl_Task_LD_block__C)
                  00007dac    00000004     app_pem3.oem3 (.const:ti_sysbios_knl_Task_LD_exit__C)
                  00007db0    00000004     app_pem3.oem3 (.const:ti_sysbios_knl_Task_LD_ready__C)
                  00007db4    00000004     app_pem3.oem3 (.const:ti_sysbios_knl_Task_LM_switch__C)
                  00007db8    00000004     app_pem3.oem3 (.const:ti_sysbios_knl_Task_Module_State_inactiveQ__O)
                  00007dbc    00000004     app_pem3.oem3 (.const:ti_sysbios_knl_Task_Module__diagsEnabled__C)
                  00007dc0    00000004     app_pem3.oem3 (.const:ti_sysbios_knl_Task_Module__diagsIncluded__C)
                  00007dc4    00000004     app_pem3.oem3 (.const:ti_sysbios_knl_Task_Module__diagsMask__C)
                  00007dc8    00000004     app_pem3.oem3 (.const:ti_sysbios_knl_Task_Module__loggerFxn2__C)
                  00007dcc    00000004     app_pem3.oem3 (.const:ti_sysbios_knl_Task_Module__loggerFxn4__C)
                  00007dd0    00000004     app_pem3.oem3 (.const:ti_sysbios_knl_Task_Module__loggerObj__C)
                  00007dd4    00000004     app_pem3.oem3 (.const:ti_sysbios_knl_Task_Object__count__C)
                  00007dd8    00000004     app_pem3.oem3 (.const:ti_sysbios_knl_Task_allBlockedFunc__C)
                  00007ddc    00000004     app_pem3.oem3 (.const:ti_sysbios_knl_Task_numConstructedTasks__C)
                  00007de0    00000004     app_pem3.oem3 (.const:xdc_runtime_Assert_E_assertFailed__C)
                  00007de4    00000004     app_pem3.oem3 (.const:xdc_runtime_Core_A_initializedParams__C)
                  00007de8    00000004     app_pem3.oem3 (.const:xdc_runtime_Core_Module__diagsEnabled__C)
                  00007dec    00000004     app_pem3.oem3 (.const:xdc_runtime_Core_Module__diagsIncluded__C)
                  00007df0    00000004     app_pem3.oem3 (.const:xdc_runtime_Core_Module__diagsMask__C)
                  00007df4    00000004     app_pem3.oem3 (.const:xdc_runtime_Error_E_memory__C)
                  00007df8    00000004     app_pem3.oem3 (.const:xdc_runtime_Error_Module__diagsEnabled__C)
                  00007dfc    00000004     app_pem3.oem3 (.const:xdc_runtime_Error_Module__diagsIncluded__C)
                  00007e00    00000004     app_pem3.oem3 (.const:xdc_runtime_Error_Module__diagsMask__C)
                  00007e04    00000004     app_pem3.oem3 (.const:xdc_runtime_Error_Module__loggerFxn8__C)
                  00007e08    00000004     app_pem3.oem3 (.const:xdc_runtime_Error_Module__loggerObj__C)
                  00007e0c    00000004     app_pem3.oem3 (.const:xdc_runtime_Error_raiseHook__C)
                  00007e10    00000004     app_pem3.oem3 (.const:xdc_runtime_IFilterLogger_Interface__BASE__C)
                  00007e14    00000004     app_pem3.oem3 (.const:xdc_runtime_IGateProvider_Interface__BASE__C)
                  00007e18    00000004     app_pem3.oem3 (.const:xdc_runtime_IHeap_Interface__BASE__C)
                  00007e1c    00000004     app_pem3.oem3 (.const:xdc_runtime_ILogger_Interface__BASE__C)
                  00007e20    00000004     app_pem3.oem3 (.const:xdc_runtime_IModule_Interface__BASE__C)
                  00007e24    00000004     app_pem3.oem3 (.const:xdc_runtime_Log_L_error__C)
                  00007e28    00000004     app_pem3.oem3 (.const:xdc_runtime_LoggerBuf_E_badLevel__C)
                  00007e2c    00000004     app_pem3.oem3 (.const:xdc_runtime_LoggerBuf_Module__gateObj__C)
                  00007e30    00000004     app_pem3.oem3 (.const:xdc_runtime_LoggerBuf_Object__count__C)
                  00007e34    00000004     app_pem3.oem3 (.const:xdc_runtime_LoggerBuf_statusLogger__C)
                  00007e38    00000004     app_pem3.oem3 (.const:xdc_runtime_Memory_defaultHeapInstance__C)
                  00007e3c    00000004     app_pem3.oem3 (.const:xdc_runtime_Startup_execImpl__C)
                  00007e40    00000004     app_pem3.oem3 (.const:xdc_runtime_Startup_maxPasses__C)
                  00007e44    00000004     app_pem3.oem3 (.const:xdc_runtime_Startup_sfxnRts__C)
                  00007e48    00000004     app_pem3.oem3 (.const:xdc_runtime_Startup_sfxnTab__C)
                  00007e4c    00000004     app_pem3.oem3 (.const:xdc_runtime_SysMin_bufSize__C)
                  00007e50    00000004     app_pem3.oem3 (.const:xdc_runtime_SysMin_outputFunc__C)
                  00007e54    00000004     app_pem3.oem3 (.const:xdc_runtime_System_Module__gateObj__C)
                  00007e58    00000004     app_pem3.oem3 (.const:xdc_runtime_System_extendFxn__C)
                  00007e5c    00000004     app_pem3.oem3 (.const:xdc_runtime_System_maxAtexitHandlers__C)
                  00007e60    00000004     app_pem3.oem3 (.const:xdc_runtime_Text_charTab__C)
                  00007e64    00000004     app_pem3.oem3 (.const:xdc_runtime_Text_nameEmpty__C)
                  00007e68    00000004     app_pem3.oem3 (.const:xdc_runtime_Text_nameStatic__C)
                  00007e6c    00000004     app_pem3.oem3 (.const:xdc_runtime_Text_nameUnknown__C)
                  00007e70    00000004     app_pem3.oem3 (.const:xdc_runtime_Text_nodeTab__C)
                  00007e74    00000004     app_pem3.oem3 (.const:xdc_runtime_Text_visitRopeFxn__C)
                  00007e78    00000002     app_pem3.oem3 (.const:ti_sysbios_BIOS_Module__id__C)
                  00007e7a    00000002     --HOLE-- [fill = 0]
                  00007e7c    00000002     app_pem3.oem3 (.const:ti_sysbios_family_arm_lm3_TimestampProvider_useClockTimer__C)
                  00007e7e    00000002     --HOLE-- [fill = 0]
                  00007e80    00000002     app_pem3.oem3 (.const:ti_sysbios_family_arm_m3_Hwi_Module__id__C)
                  00007e82    00000002     --HOLE-- [fill = 0]
                  00007e84    00000002     app_pem3.oem3 (.const:ti_sysbios_family_arm_m3_Hwi_Module__loggerDefined__C)
                  00007e86    00000002     --HOLE-- [fill = 0]
                  00007e88    00000002     app_pem3.oem3 (.const:ti_sysbios_gates_GateMutex_Module__id__C)
                  00007e8a    00000002     --HOLE-- [fill = 0]
                  00007e8c    00000002     app_pem3.oem3 (.const:ti_sysbios_hal_Hwi_Module__id__C)
                  00007e8e    00000002     --HOLE-- [fill = 0]
                  00007e90    00000002     app_pem3.oem3 (.const:ti_sysbios_heaps_HeapMem_Module__id__C)
                  00007e92    00000002     --HOLE-- [fill = 0]
                  00007e94    00000002     app_pem3.oem3 (.const:ti_sysbios_knl_Clock_Module__id__C)
                  00007e96    00000002     --HOLE-- [fill = 0]
                  00007e98    00000002     app_pem3.oem3 (.const:ti_sysbios_knl_Clock_Module__loggerDefined__C)
                  00007e9a    00000002     --HOLE-- [fill = 0]
                  00007e9c    00000002     app_pem3.oem3 (.const:ti_sysbios_knl_Semaphore_Module__id__C)
                  00007e9e    00000002     --HOLE-- [fill = 0]
                  00007ea0    00000002     app_pem3.oem3 (.const:ti_sysbios_knl_Semaphore_Module__loggerDefined__C)
                  00007ea2    00000002     --HOLE-- [fill = 0]
                  00007ea4    00000002     app_pem3.oem3 (.const:ti_sysbios_knl_Swi_Module__id__C)
                  00007ea6    00000002     --HOLE-- [fill = 0]
                  00007ea8    00000002     app_pem3.oem3 (.const:ti_sysbios_knl_Swi_Module__loggerDefined__C)
                  00007eaa    00000002     --HOLE-- [fill = 0]
                  00007eac    00000002     app_pem3.oem3 (.const:ti_sysbios_knl_Task_Module__id__C)
                  00007eae    00000002     --HOLE-- [fill = 0]
                  00007eb0    00000002     app_pem3.oem3 (.const:ti_sysbios_knl_Task_Module__loggerDefined__C)
                  00007eb2    00000002     --HOLE-- [fill = 0]
                  00007eb4    00000002     app_pem3.oem3 (.const:ti_sysbios_knl_Task_initStackFlag__C)
                  00007eb6    00000002     --HOLE-- [fill = 0]
                  00007eb8    00000002     app_pem3.oem3 (.const:xdc_runtime_Core_Module__id__C)
                  00007eba    00000002     --HOLE-- [fill = 0]
                  00007ebc    00000002     app_pem3.oem3 (.const:xdc_runtime_Error_Module__loggerDefined__C)
                  00007ebe    00000002     --HOLE-- [fill = 0]
                  00007ec0    00000002     app_pem3.oem3 (.const:xdc_runtime_Error_maxDepth__C)
                  00007ec2    00000002     --HOLE-- [fill = 0]
                  00007ec4    00000002     app_pem3.oem3 (.const:xdc_runtime_LoggerBuf_Module__id__C)
                  00007ec6    00000002     --HOLE-- [fill = 0]
                  00007ec8    00000002     app_pem3.oem3 (.const:xdc_runtime_LoggerBuf_filterByLevel__C)
                  00007eca    00000002     --HOLE-- [fill = 0]
                  00007ecc    00000002     app_pem3.oem3 (.const:xdc_runtime_Memory_Module__id__C)
                  00007ece    00000002     --HOLE-- [fill = 0]
                  00007ed0    00000002     app_pem3.oem3 (.const:xdc_runtime_SysMin_flushAtExit__C)
                  00007ed2    00000002     --HOLE-- [fill = 0]
                  00007ed4    00000002     app_pem3.oem3 (.const:xdc_runtime_Text_charCnt__C)
                  00007ed6    00000002     --HOLE-- [fill = 0]
                  00007ed8    00000002     app_pem3.oem3 (.const:xdc_runtime_Text_isLoaded__C)
                  00007eda    00000002     --HOLE-- [fill = 0]
                  00007edc    00000002     app_pem3.oem3 (.const:xdc_runtime_Text_registryModsLastId__C)
                  00007ede    00000002     --HOLE-- [fill = 0]
                  00007ee0    00000002     app_pem3.oem3 (.const:xdc_runtime_Text_unnamedModsLastId__C)
                  00007ee2    00000002     --HOLE-- [fill = 0]
                  00007ee4    00000001     app_pem3.oem3 (.const:xdc_runtime_Error_policy__C)

.cinit     0    00007ee8    00000410     
                  00007ee8    000003d6     (.cinit..data.load) [load image, compression = rle]
                  000082be    00000002     --HOLE-- [fill = 0]
                  000082c0    0000000c     (__TI_handler_table)
                  000082cc    00000004     --HOLE-- [fill = 0]
                  000082d0    00000008     (.cinit..bss.load) [load image, compression = zero_init]
                  000082d8    00000008     (.cinit..vecs.load) [load image, compression = zero_init]
                  000082e0    00000018     (__TI_cinit_table)

.vecs      0    20000000    00000140     UNINITIALIZED
                  20000000    00000140     app_pem3.oem3 (.vecs)

.stack     0    20000140    00002000     UNINITIALIZED
                  20000140    00002000     --HOLE--

.bss       0    20002140    0000175c     UNINITIALIZED
                  20002140    00001000     app_pem3.oem3 (.bss:ti_sysbios_heaps_HeapMem_Instance_State_0_buf__A)
                  20003140    00000200     app_pem3.oem3 (.bss:taskStackSection)
                  20003340    00000200     app_pem3.oem3 (.bss:xdc_runtime_LoggerBuf_Instance_State_0_entryArr__A)
                  20003540    00000200     app_pem3.oem3 (.bss:xdc_runtime_SysMin_Module_State_0_outbuf__A)
                  20003740    00000120     rtsv7M3_T_le_eabi.lib : trgmsg.obj (.bss:__CIOBUF_)
                  20003860    0000002c     network.obj (.bss)
                  2000388c    00000008     rtsv7M3_T_le_eabi.lib : trgdrv.obj (.bss)
                  20003894    00000004     app_pem3.oem3 (.bss)
                  20003898    00000004     main.obj (.bss)

.data      0    2000389c    00000660     
                  2000389c    00000198     app_pem3.oem3 (.data)
                  20003a34    00000140     app_pem3.oem3 (.data:ti_sysbios_family_arm_m3_Hwi_Module_State_0_dispatchTable__A)
                  20003b74    00000080     app_pem3.oem3 (.data:ti_sysbios_knl_Swi_Module_State_0_readyQ__A)
                  20003bf4    00000080     app_pem3.oem3 (.data:ti_sysbios_knl_Task_Module_State_0_readyQ__A)
                  20003c74    00000060     app_pem3.oem3 (.data:ti_sysbios_family_arm_lm3_Timer_Object__table__V)
                  20003cd4    00000060     app_pem3.oem3 (.data:ti_sysbios_family_arm_m3_Hwi_Object__table__V)
                  20003d34    00000054     app_pem3.oem3 (.data:ti_sysbios_family_arm_m3_Hwi_Module__state__V)
                  20003d88    0000004c     app_pem3.oem3 (.data:ti_sysbios_knl_Task_Object__table__V)
                  20003dd4    00000044     app_pem3.oem3 (.data:ti_sysbios_knl_Task_Module__state__V)
                  20003e18    00000038     app_pem3.oem3 (.data:ti_sysbios_gates_GateMutex_Object__table__V)
                  20003e50    00000030     app_pem3.oem3 (.data:ti_sysbios_knl_Swi_Object__table__V)
                  20003e80    00000028     app_pem3.oem3 (.data:ti_sysbios_knl_Clock_Module__state__V)
                  20003ea8    00000024     app_pem3.oem3 (.data:xdc_runtime_LoggerBuf_Object__table__V)
                  20003ecc    00000018     main.obj (.data)
                  20003ee4    00000008     rtsv7M3_T_le_eabi.lib : _lock.obj (.data)
                  20003eec    00000008                           : exit.obj (.data)
                  20003ef4    00000004                           : dtor_list.obj (.data)
                  20003ef8    00000004                           : stkdepth_vars.obj (.data)


LINKER GENERATED COPY TABLES

__TI_cinit_table @ 000082e0 records: 3, size/record: 8, table size: 24
	.data: load addr=00007ee8, load size=000003d6 bytes, run addr=2000389c, run size=00000660 bytes, compression=rle
	.bss: load addr=000082d0, load size=00000008 bytes, run addr=20002140, run size=0000175c bytes, compression=zero_init
	.vecs: load addr=000082d8, load size=00000008 bytes, run addr=20000000, run size=00000140 bytes, compression=zero_init


LINKER GENERATED HANDLER TABLE

__TI_handler_table @ 000082c0 records: 3, size/record: 4, table size: 12
	index: 0, handler: __TI_zero_init
	index: 1, handler: __TI_decompress_rle24
	index: 2, handler: __TI_decompress_none


GLOBAL SYMBOLS: SORTED ALPHABETICALLY BY Name 

address    name
--------   ----
00004f4d   C$$EXIT
00004797   C$$IO$$
0000401d   CANBitRateSet
00005c77   CANEnable
000042a1   CANInit
00004f09   CANIntClear
00005c61   CANIntEnable
000052c1   CANIntStatus
00001c29   CANMessageGet
000017dd   CANMessageSet
0000440d   CANStatusGet
00002395   CAN_ISR
00005f5d   CPUcpsid
00005f69   CPUcpsie
00006029   ComparatorConfigure
00006081   ComparatorRefSet
00005551   GPIODirModeSet
000033a5   GPIOPadConfigSet
00005d55   GPIOPinTypeCAN
00000b3b   HOSTclock
00000b01   HOSTclose
00000ac3   HOSTgetenv
00000a67   HOSTlseek
00000a17   HOSTopen
000009c9   HOSTread
00000969   HOSTrename
0000092d   HOSTtime
000008f3   HOSTunlink
000008a5   HOSTwrite
000046a5   IntDisable
00004709   IntEnable
00005fed   IntMasterDisable
00005ff7   IntMasterEnable
000059ad   LoggerBuf_instanceStartup
000023d5   NetworkInit
0000240f   NetworkMsgInit
0000246d   NetworkRxCallback
00002455   NetworkTx
UNDEFED    SHT$$INIT_ARRAY$$Base
UNDEFED    SHT$$INIT_ARRAY$$Limit
00001645   SysCtlClockGet
000049a5   SysCtlPeripheralEnable
20003d88   TSK_idle
0000152d   Timer0A_ISR
00001581   Timer1A_ISR
00005781   TimerConfigure
00005d67   TimerControlEvent
00005c8d   TimerDisable
00005f19   TimerEnable
00006031   TimerIntEnable
00005d79   TimerLoadSet
00000000   __ASM__
20003740   __CIOBUF_
00000081   __ISA__
00000093   __PLAT__
20002140   __STACK_END
00002000   __STACK_SIZE
20000340   __STACK_TOP
000000b9   __TARG__
000082e0   __TI_CINIT_Base
000082f8   __TI_CINIT_Limit
000082c0   __TI_Handler_Table_Base
000082cc   __TI_Handler_Table_Limit
00000001   __TI_args_main
00003b51   __TI_auto_init
00005f27   __TI_decompress_none
0000605d   __TI_decompress_rle24
00000000   __TI_static_base__
00005d8b   __TI_zero_init
000000de   __TRDR__
00003167   __aeabi_atexit
00005139   __aeabi_f2iz
000052f5   __aeabi_f2uiz
00003ef9   __aeabi_fdiv
0000431b   __aeabi_fmul
00004395   __aeabi_memclr
00004395   __aeabi_memclr4
00004395   __aeabi_memclr8
00003c91   __aeabi_memcpy
00003c91   __aeabi_memcpy4
00003c91   __aeabi_memcpy8
00004397   __aeabi_memset
00004397   __aeabi_memset4
00004397   __aeabi_memset8
000057a5   __aeabi_ui2f
ffffffff   __binit__
ffffffff   __c_args__
00003155   __cxa_atexit
00003111   __cxa_finalize
0000314f   __cxa_ia64_exit
20000140   __stack
00006057   __xdc__init
20003a30   __xdc__init__addr
00005bd1   _args_main
00004ce9   _c_int00
20003eec   _cleanup_ptr
20003ef0   _dtors_ptr
20003ee4   _lock
00005caf   _nop
00005ca7   _register_lock
00005ca1   _register_unlock
20003ee8   _unlock
00004f51   abort
00003159   atexit
ffffffff   binit
00007c00   clock0
00004d2d   copy_in
00004f59   exit
00005bb7   free
20003898   g_SystemClock
20003ed0   g_accumulatedPeriod
20003edc   g_frequency
20003ed4   g_numPeriods
20003ed8   g_periodDiff
20003ecc   g_periodInit
00007c04   gateHwi0
00007bfc   hwi0
00007c08   hwi1
00001469   main
20003ef8   main_func_sp
0000557f   malloc
00003c91   memcpy
0000439d   memset
0000479b   readmsg
00005d9d   strcpy
00005cb5   strlen
00005f51   ti_catalog_arm_cortexm3_lm3init_Boot_init
00002701   ti_catalog_arm_cortexm3_lm3init_Boot_sysCtlClockSet
00006051   ti_catalog_arm_cortexm3_lm3init_Boot_sysCtlDelay
00007c54   ti_sysbios_BIOS_Module__diagsEnabled__C
00007c58   ti_sysbios_BIOS_Module__diagsIncluded__C
00007c5c   ti_sysbios_BIOS_Module__diagsMask__C
00007e78   ti_sysbios_BIOS_Module__id__C
2000389c   ti_sysbios_BIOS_Module__state__V
00006085   ti_sysbios_BIOS_RtsGateProxy_enter__E
00006089   ti_sysbios_BIOS_RtsGateProxy_leave__E
00006099   ti_sysbios_BIOS_RtsGateProxy_query__E
00004d71   ti_sysbios_BIOS_errorRaiseHook__I
00005461   ti_sysbios_BIOS_exitFunc__I
00007c60   ti_sysbios_BIOS_installedErrorHook__C
00003e63   ti_sysbios_BIOS_nullFunc__I
000057c9   ti_sysbios_BIOS_registerRTSLock__I
00005a29   ti_sysbios_BIOS_rtsLock__I
00004485   ti_sysbios_BIOS_rtsUnlock__I
00005e29   ti_sysbios_BIOS_setThreadType__E
000057ed   ti_sysbios_BIOS_startFunc__I
00005e39   ti_sysbios_BIOS_start__E
200038c4   ti_sysbios_family_arm_lm3_Timer_Module_State_0_device__A
200038dc   ti_sysbios_family_arm_lm3_Timer_Module_State_0_handles__A
200038bc   ti_sysbios_family_arm_lm3_Timer_Module__root__V
00005be9   ti_sysbios_family_arm_lm3_Timer_Module__startupDone__F
00005be9   ti_sysbios_family_arm_lm3_Timer_Module__startupDone__S
200038e8   ti_sysbios_family_arm_lm3_Timer_Module__state__V
000041a9   ti_sysbios_family_arm_lm3_Timer_Module_startup__E
000041a9   ti_sysbios_family_arm_lm3_Timer_Module_startup__F
20003c74   ti_sysbios_family_arm_lm3_Timer_Object__table__V
00007c64   ti_sysbios_family_arm_lm3_Timer_WRALLOW__C
00004db5   ti_sysbios_family_arm_lm3_Timer_enableTimers__I
0000608d   ti_sysbios_family_arm_lm3_Timer_getPeriod__E
00003f8d   ti_sysbios_family_arm_lm3_Timer_initDevice__I
00005811   ti_sysbios_family_arm_lm3_Timer_isrStub__E
00007c68   ti_sysbios_family_arm_lm3_Timer_numTimerDevices__C
00004225   ti_sysbios_family_arm_lm3_Timer_start__E
00007c6c   ti_sysbios_family_arm_lm3_Timer_startupNeeded__C
0000346d   ti_sysbios_family_arm_lm3_Timer_startup__E
200038f4   ti_sysbios_family_arm_lm3_TimestampProvider_Module__state__V
00006063   ti_sysbios_family_arm_lm3_TimestampProvider_Module_startup__E
00006063   ti_sysbios_family_arm_lm3_TimestampProvider_Module_startup__F
00003bf1   ti_sysbios_family_arm_lm3_TimestampProvider_get64__E
00005e49   ti_sysbios_family_arm_lm3_TimestampProvider_rolloverFunc__E
00005f81   ti_sysbios_family_arm_lm3_TimestampProvider_startTimer__E
00007e7c   ti_sysbios_family_arm_lm3_TimestampProvider_useClockTimer__C
00007c70   ti_sysbios_family_arm_m3_Hwi_E_NMI__C
00007c74   ti_sysbios_family_arm_m3_Hwi_E_busFault__C
00007c78   ti_sysbios_family_arm_m3_Hwi_E_debugMon__C
00007c7c   ti_sysbios_family_arm_m3_Hwi_E_hardFault__C
00007c80   ti_sysbios_family_arm_m3_Hwi_E_memFault__C
00007c84   ti_sysbios_family_arm_m3_Hwi_E_noIsr__C
00007c88   ti_sysbios_family_arm_m3_Hwi_E_reserved__C
00007c8c   ti_sysbios_family_arm_m3_Hwi_E_svCall__C
00007c90   ti_sysbios_family_arm_m3_Hwi_E_usageFault__C
00005ab5   ti_sysbios_family_arm_m3_Hwi_Handle__label__S
00007c94   ti_sysbios_family_arm_m3_Hwi_LD_end__C
00007c98   ti_sysbios_family_arm_m3_Hwi_LM_begin__C
20003a34   ti_sysbios_family_arm_m3_Hwi_Module_State_0_dispatchTable__A
20003904   ti_sysbios_family_arm_m3_Hwi_Module_State_0_excActive__A
20003908   ti_sysbios_family_arm_m3_Hwi_Module_State_0_excContext__A
2000390c   ti_sysbios_family_arm_m3_Hwi_Module_State_0_excStack__A
00007c9c   ti_sysbios_family_arm_m3_Hwi_Module__diagsEnabled__C
00007ca0   ti_sysbios_family_arm_m3_Hwi_Module__diagsIncluded__C
00007ca4   ti_sysbios_family_arm_m3_Hwi_Module__diagsMask__C
00007e80   ti_sysbios_family_arm_m3_Hwi_Module__id__C
00007e84   ti_sysbios_family_arm_m3_Hwi_Module__loggerDefined__C
00007ca8   ti_sysbios_family_arm_m3_Hwi_Module__loggerFxn1__C
00007cac   ti_sysbios_family_arm_m3_Hwi_Module__loggerFxn8__C
00007cb0   ti_sysbios_family_arm_m3_Hwi_Module__loggerObj__C
200038fc   ti_sysbios_family_arm_m3_Hwi_Module__root__V
00005c01   ti_sysbios_family_arm_m3_Hwi_Module__startupDone__F
00005c01   ti_sysbios_family_arm_m3_Hwi_Module__startupDone__S
20003d34   ti_sysbios_family_arm_m3_Hwi_Module__state__V
00003aad   ti_sysbios_family_arm_m3_Hwi_Module_startup__E
00003aad   ti_sysbios_family_arm_m3_Hwi_Module_startup__F
00007cb4   ti_sysbios_family_arm_m3_Hwi_NUM_INTERRUPTS__C
20003cd4   ti_sysbios_family_arm_m3_Hwi_Object__table__V
00007cb8   ti_sysbios_family_arm_m3_Hwi_ccr__C
00004df9   ti_sysbios_family_arm_m3_Hwi_disableInterrupt__E
000024bd   ti_sysbios_family_arm_m3_Hwi_dispatchC__I
00007cbc   ti_sysbios_family_arm_m3_Hwi_dispatchTable__C
00002a35   ti_sysbios_family_arm_m3_Hwi_dispatch__I
00006039   ti_sysbios_family_arm_m3_Hwi_doSwiRestore__I
00005835   ti_sysbios_family_arm_m3_Hwi_doTaskRestore__I
00004e3d   ti_sysbios_family_arm_m3_Hwi_enableInterrupt__E
0000196d   ti_sysbios_family_arm_m3_Hwi_excBusFault__I
00003801   ti_sysbios_family_arm_m3_Hwi_excDebugMon__I
00000141   ti_sysbios_family_arm_m3_Hwi_excDumpRegs__I
00002b19   ti_sysbios_family_arm_m3_Hwi_excHandlerAsm__I
00007cc0   ti_sysbios_family_arm_m3_Hwi_excHandlerFunc__C
0000127d   ti_sysbios_family_arm_m3_Hwi_excHandlerMax__I
00005e59   ti_sysbios_family_arm_m3_Hwi_excHandler__I
000035e5   ti_sysbios_family_arm_m3_Hwi_excHardFault__I
00007c1c   ti_sysbios_family_arm_m3_Hwi_excHookFuncs__A
00007cc4   ti_sysbios_family_arm_m3_Hwi_excHookFuncs__C
00001d71   ti_sysbios_family_arm_m3_Hwi_excMemFault__I
00005329   ti_sysbios_family_arm_m3_Hwi_excNmi__I
00005171   ti_sysbios_family_arm_m3_Hwi_excNoIsr__I
00004b81   ti_sysbios_family_arm_m3_Hwi_excReserved__I
00005049   ti_sysbios_family_arm_m3_Hwi_excSvCall__I
00001ad5   ti_sysbios_family_arm_m3_Hwi_excUsageFault__I
000051a9   ti_sysbios_family_arm_m3_Hwi_getStackInfo__E
000031fd   ti_sysbios_family_arm_m3_Hwi_initNVIC__E
00005b9f   ti_sysbios_family_arm_m3_Hwi_initStacks__E
e000e000   ti_sysbios_family_arm_m3_Hwi_nvic
00002ae7   ti_sysbios_family_arm_m3_Hwi_pendSV__I
00007cc8   ti_sysbios_family_arm_m3_Hwi_priGroup__C
00007874   ti_sysbios_family_arm_m3_Hwi_priorities__A
00007ccc   ti_sysbios_family_arm_m3_Hwi_priorities__C
20000000   ti_sysbios_family_arm_m3_Hwi_ramVectors
00000000   ti_sysbios_family_arm_m3_Hwi_resetVectors
00002aff   ti_sysbios_family_arm_m3_Hwi_return
00006041   ti_sysbios_family_arm_m3_Hwi_startup__E
00005cc9   ti_sysbios_family_arm_m3_Hwi_switchFromBootStack__E
00006091   ti_sysbios_family_arm_m3_TaskSupport_Module__startupDone__S
00004ae9   ti_sysbios_family_arm_m3_TaskSupport_buildTaskStack
00005f35   ti_sysbios_family_arm_m3_TaskSupport_checkStack__E
00005df7   ti_sysbios_family_arm_m3_TaskSupport_glue
000051e1   ti_sysbios_family_arm_m3_TaskSupport_start__E
00005e07   ti_sysbios_family_arm_m3_TaskSupport_swap__E
00005e17   ti_sysbios_family_xxx_Hwi_switchToIsrStack
00005f75   ti_sysbios_family_xxx_Hwi_switchToTaskStack
00005acf   ti_sysbios_gates_GateHwi_Handle__label__S
00003f8b   ti_sysbios_gates_GateHwi_Instance_init__F
000079dc   ti_sysbios_gates_GateHwi_Module__FXNS__C
20003910   ti_sysbios_gates_GateHwi_Module__root__V
00007ab0   ti_sysbios_gates_GateHwi_Object__DESC__C
00007b70   ti_sysbios_gates_GateHwi_Object__PARAMS__C
0000535d   ti_sysbios_gates_GateHwi_Object__create__S
0000590d   ti_sysbios_gates_GateHwi_Object__delete__S
20003918   ti_sysbios_gates_GateHwi_Object__table__V
00005f8d   ti_sysbios_gates_GateHwi_enter__E
00006069   ti_sysbios_gates_GateHwi_leave__E
00006095   ti_sysbios_gates_GateHwi_query__E
00006095   ti_sysbios_gates_GateHwi_query__F
00007cd0   ti_sysbios_gates_GateMutex_A_badContext__C
00005ae9   ti_sysbios_gates_GateMutex_Handle__label__S
00007cd4   ti_sysbios_gates_GateMutex_Instance_State_sem__O
00005e69   ti_sysbios_gates_GateMutex_Instance_finalize__F
00005709   ti_sysbios_gates_GateMutex_Instance_init__F
00007a00   ti_sysbios_gates_GateMutex_Module__FXNS__C
00007cd8   ti_sysbios_gates_GateMutex_Module__diagsEnabled__C
00007cdc   ti_sysbios_gates_GateMutex_Module__diagsIncluded__C
00007ce0   ti_sysbios_gates_GateMutex_Module__diagsMask__C
00007e88   ti_sysbios_gates_GateMutex_Module__id__C
20003920   ti_sysbios_gates_GateMutex_Module__root__V
00007ad0   ti_sysbios_gates_GateMutex_Object__DESC__C
00007b88   ti_sysbios_gates_GateMutex_Object__PARAMS__C
00005391   ti_sysbios_gates_GateMutex_Object__create__S
00005859   ti_sysbios_gates_GateMutex_Object__delete__S
20003e18   ti_sysbios_gates_GateMutex_Object__table__V
00003699   ti_sysbios_gates_GateMutex_enter__E
00005c19   ti_sysbios_gates_GateMutex_leave__E
00006099   ti_sysbios_gates_GateMutex_query__E
00006099   ti_sysbios_gates_GateMutex_query__F
00007ce4   ti_sysbios_hal_Hwi_E_stackOverflow__C
0000609d   ti_sysbios_hal_Hwi_HwiProxy_Module__startupDone__S
00004df9   ti_sysbios_hal_Hwi_HwiProxy_disableInterrupt__E
00004e3d   ti_sysbios_hal_Hwi_HwiProxy_enableInterrupt__E
000051a9   ti_sysbios_hal_Hwi_HwiProxy_getStackInfo__E
00006041   ti_sysbios_hal_Hwi_HwiProxy_startup__E
00005cc9   ti_sysbios_hal_Hwi_HwiProxy_switchFromBootStack__E
00007e8c   ti_sysbios_hal_Hwi_Module__id__C
20003928   ti_sysbios_hal_Hwi_Module__root__V
00005daf   ti_sysbios_hal_Hwi_Module_startup__E
00005daf   ti_sysbios_hal_Hwi_Module_startup__F
20003930   ti_sysbios_hal_Hwi_Object__table__V
000053c5   ti_sysbios_hal_Hwi_checkStack
00004df9   ti_sysbios_hal_Hwi_disableInterrupt__E
00004e3d   ti_sysbios_hal_Hwi_enableInterrupt__E
000051a9   ti_sysbios_hal_Hwi_getStackInfo__E
000055d9   ti_sysbios_hal_Hwi_initStack
00006041   ti_sysbios_hal_Hwi_startup__E
00005cc9   ti_sysbios_hal_Hwi_switchFromBootStack__E
20003940   ti_sysbios_hal_Timer_Module__root__V
00005c31   ti_sysbios_hal_Timer_Module__startupDone__F
00005c31   ti_sysbios_hal_Timer_Module__startupDone__S
00005dc1   ti_sysbios_hal_Timer_Module_startup__E
00005dc1   ti_sysbios_hal_Timer_Module_startup__F
20003948   ti_sysbios_hal_Timer_Object__table__V
000060a1   ti_sysbios_hal_Timer_TimerProxy_Module__startupDone__S
000060a5   ti_sysbios_hal_Timer_TimerProxy_getPeriod__E
0000346d   ti_sysbios_hal_Timer_TimerProxy_startup__E
0000346d   ti_sysbios_hal_Timer_startup__E
00007ce8   ti_sysbios_heaps_HeapMem_A_align__C
00007cec   ti_sysbios_heaps_HeapMem_A_heapSize__C
00007cf0   ti_sysbios_heaps_HeapMem_A_invalidFree__C
00007cf4   ti_sysbios_heaps_HeapMem_A_zeroBlock__C
00007cf8   ti_sysbios_heaps_HeapMem_E_memory__C
00005b03   ti_sysbios_heaps_HeapMem_Handle__label__S
20002140   ti_sysbios_heaps_HeapMem_Instance_State_0_buf__A
00001ff1   ti_sysbios_heaps_HeapMem_Instance_init__F
000060a9   ti_sysbios_heaps_HeapMem_Module_GateProxy_enter__E
000060ad   ti_sysbios_heaps_HeapMem_Module_GateProxy_leave__E
00006099   ti_sysbios_heaps_HeapMem_Module_GateProxy_query__E
000079b4   ti_sysbios_heaps_HeapMem_Module__FXNS__C
00007cfc   ti_sysbios_heaps_HeapMem_Module__diagsEnabled__C
00007d00   ti_sysbios_heaps_HeapMem_Module__diagsIncluded__C
00007d04   ti_sysbios_heaps_HeapMem_Module__diagsMask__C
00007d08   ti_sysbios_heaps_HeapMem_Module__gateObj__C
00007e90   ti_sysbios_heaps_HeapMem_Module__id__C
20003950   ti_sysbios_heaps_HeapMem_Module__root__V
00007af0   ti_sysbios_heaps_HeapMem_Object__DESC__C
00007a24   ti_sysbios_heaps_HeapMem_Object__PARAMS__C
00007d0c   ti_sysbios_heaps_HeapMem_Object__count__C
000053f9   ti_sysbios_heaps_HeapMem_Object__create__S
0000592d   ti_sysbios_heaps_HeapMem_Object__delete__S
00005cdd   ti_sysbios_heaps_HeapMem_Object__get__S
20003958   ti_sysbios_heaps_HeapMem_Object__table__V
00001049   ti_sysbios_heaps_HeapMem_alloc__E
00000e01   ti_sysbios_heaps_HeapMem_free__E
00004bc9   ti_sysbios_heaps_HeapMem_getStats__E
00005085   ti_sysbios_heaps_HeapMem_init__I
0000606f   ti_sysbios_heaps_HeapMem_isBlocking__E
00007d10   ti_sysbios_heaps_HeapMem_reqAlign__C
00007d14   ti_sysbios_knl_Clock_LM_begin__C
00007d18   ti_sysbios_knl_Clock_LM_tick__C
00007d1c   ti_sysbios_knl_Clock_LW_delayed__C
00007d20   ti_sysbios_knl_Clock_Module_State_clockQ__O
00007d24   ti_sysbios_knl_Clock_Module__diagsEnabled__C
00007d28   ti_sysbios_knl_Clock_Module__diagsIncluded__C
00007d2c   ti_sysbios_knl_Clock_Module__diagsMask__C
00007e94   ti_sysbios_knl_Clock_Module__id__C
00007e98   ti_sysbios_knl_Clock_Module__loggerDefined__C
00007d30   ti_sysbios_knl_Clock_Module__loggerFxn1__C
00007d34   ti_sysbios_knl_Clock_Module__loggerFxn2__C
00007d38   ti_sysbios_knl_Clock_Module__loggerObj__C
20003970   ti_sysbios_knl_Clock_Module__root__V
20003e80   ti_sysbios_knl_Clock_Module__state__V
0000587d   ti_sysbios_knl_Clock_Module_startup__E
0000587d   ti_sysbios_knl_Clock_Module_startup__F
20003978   ti_sysbios_knl_Clock_Object__table__V
00005605   ti_sysbios_knl_Clock_doTick__I
000047cd   ti_sysbios_knl_Clock_logTick__E
000025e1   ti_sysbios_knl_Clock_workFunc__E
00007d3c   ti_sysbios_knl_Idle_coreList__A
00007c24   ti_sysbios_knl_Idle_coreList__C
00007d40   ti_sysbios_knl_Idle_funcList__A
00007c2c   ti_sysbios_knl_Idle_funcList__C
00006049   ti_sysbios_knl_Idle_loop__E
00005491   ti_sysbios_knl_Idle_run__E
00006075   ti_sysbios_knl_Queue_Instance_init__F
20003998   ti_sysbios_knl_Queue_Module__root__V
00007b10   ti_sysbios_knl_Queue_Object__DESC__C
00007ba0   ti_sysbios_knl_Queue_Object__PARAMS__C
0000542d   ti_sysbios_knl_Queue_Object__create__S
00005a45   ti_sysbios_knl_Queue_Object__destruct__S
00005f99   ti_sysbios_knl_Queue_Object__get__S
00005f43   ti_sysbios_knl_Queue_empty__E
00007d44   ti_sysbios_knl_Semaphore_A_badContext__C
00007d48   ti_sysbios_knl_Semaphore_A_noEvents__C
00007d4c   ti_sysbios_knl_Semaphore_A_overflow__C
00007d50   ti_sysbios_knl_Semaphore_A_pendTaskDisabled__C
00007d54   ti_sysbios_knl_Semaphore_Instance_State_pendQ__O
00005e79   ti_sysbios_knl_Semaphore_Instance_finalize__F
0000395d   ti_sysbios_knl_Semaphore_Instance_init__F
00007d58   ti_sysbios_knl_Semaphore_LM_pend__C
00007d5c   ti_sysbios_knl_Semaphore_LM_post__C
00007d60   ti_sysbios_knl_Semaphore_Module__diagsEnabled__C
00007d64   ti_sysbios_knl_Semaphore_Module__diagsIncluded__C
00007d68   ti_sysbios_knl_Semaphore_Module__diagsMask__C
00007e9c   ti_sysbios_knl_Semaphore_Module__id__C
00007ea0   ti_sysbios_knl_Semaphore_Module__loggerDefined__C
00007d6c   ti_sysbios_knl_Semaphore_Module__loggerFxn2__C
00007d70   ti_sysbios_knl_Semaphore_Module__loggerFxn4__C
00007d74   ti_sysbios_knl_Semaphore_Module__loggerObj__C
200039a0   ti_sysbios_knl_Semaphore_Module__root__V
00007b30   ti_sysbios_knl_Semaphore_Object__DESC__C
00007a48   ti_sysbios_knl_Semaphore_Object__PARAMS__C
00005219   ti_sysbios_knl_Semaphore_Object__create__S
0000594d   ti_sysbios_knl_Semaphore_Object__destruct__S
00004f8d   ti_sysbios_knl_Semaphore_pendTimeout__I
00000b89   ti_sysbios_knl_Semaphore_pend__E
00001eb1   ti_sysbios_knl_Semaphore_post__E
00005b1d   ti_sysbios_knl_Swi_Handle__label__S
00007d78   ti_sysbios_knl_Swi_LD_end__C
00007d7c   ti_sysbios_knl_Swi_LM_begin__C
00007d80   ti_sysbios_knl_Swi_LM_post__C
20003b74   ti_sysbios_knl_Swi_Module_State_0_readyQ__A
00007d84   ti_sysbios_knl_Swi_Module__diagsEnabled__C
00007d88   ti_sysbios_knl_Swi_Module__diagsIncluded__C
00007d8c   ti_sysbios_knl_Swi_Module__diagsMask__C
00007ea4   ti_sysbios_knl_Swi_Module__id__C
00007ea8   ti_sysbios_knl_Swi_Module__loggerDefined__C
00007d90   ti_sysbios_knl_Swi_Module__loggerFxn1__C
00007d94   ti_sysbios_knl_Swi_Module__loggerFxn4__C
00007d98   ti_sysbios_knl_Swi_Module__loggerObj__C
200039a8   ti_sysbios_knl_Swi_Module__root__V
200039b0   ti_sysbios_knl_Swi_Module__state__V
000058a1   ti_sysbios_knl_Swi_Module_startup__E
000058a1   ti_sysbios_knl_Swi_Module_startup__F
00007d9c   ti_sysbios_knl_Swi_Object__count__C
00005cf1   ti_sysbios_knl_Swi_Object__get__S
20003e50   ti_sysbios_knl_Swi_Object__table__V
00005e89   ti_sysbios_knl_Swi_disable__E
00003a05   ti_sysbios_knl_Swi_post__E
000048ed   ti_sysbios_knl_Swi_restoreHwi__E
0000281d   ti_sysbios_knl_Swi_run__I
000038b1   ti_sysbios_knl_Swi_schedule__I
000050c1   ti_sysbios_knl_Swi_startup__E
00007da0   ti_sysbios_knl_Task_E_spOutOfBounds__C
[...]
00005c01   ti_sysbios_family_arm_m3_Hwi_Module__startupDone__S
00005c19   ti_sysbios_gates_GateMutex_leave__E
00005c31   ti_sysbios_hal_Timer_Module__startupDone__F
00005c31   ti_sysbios_hal_Timer_Module__startupDone__S
00005c49   xdc_runtime_Text_ropeText__E
00005c49   xdc_runtime_Text_ropeText__F
00005c61   CANIntEnable
00005c77   CANEnable
00005c8d   TimerDisable
00005ca1   _register_unlock
00005ca7   _register_lock
00005caf   _nop
00005cb5   strlen
00005cc9   ti_sysbios_family_arm_m3_Hwi_switchFromBootStack__E
00005cc9   ti_sysbios_hal_Hwi_HwiProxy_switchFromBootStack__E
00005cc9   ti_sysbios_hal_Hwi_switchFromBootStack__E
00005cdd   ti_sysbios_heaps_HeapMem_Object__get__S
00005cf1   ti_sysbios_knl_Swi_Object__get__S
00005d05   xdc_runtime_LoggerBuf_Instance_finalize__F
00005d19   xdc_runtime_LoggerBuf_Object__get__S
00005d2d   xdc_runtime_LoggerBuf_write2__E
00005d2d   xdc_runtime_LoggerBuf_write2__F
00005d41   xdc_runtime_System_abort__E
00005d41   xdc_runtime_System_abort__F
00005d55   GPIOPinTypeCAN
00005d67   TimerControlEvent
00005d79   TimerLoadSet
00005d8b   __TI_zero_init
00005d9d   strcpy
00005daf   ti_sysbios_hal_Hwi_Module_startup__E
00005daf   ti_sysbios_hal_Hwi_Module_startup__F
00005dc1   ti_sysbios_hal_Timer_Module_startup__E
00005dc1   ti_sysbios_hal_Timer_Module_startup__F
00005dd3   xdc_runtime_LoggerBuf_write1__E
00005dd3   xdc_runtime_LoggerBuf_write1__F
00005de5   xdc_runtime_Startup_exec__I
00005df7   ti_sysbios_family_arm_m3_TaskSupport_glue
00005e07   ti_sysbios_family_arm_m3_TaskSupport_swap__E
00005e07   ti_sysbios_knl_Task_SupportProxy_swap__E
00005e0f   ti_sysbios_knl_Task_swapReturn
00005e17   ti_sysbios_family_xxx_Hwi_switchToIsrStack
00005e29   ti_sysbios_BIOS_setThreadType__E
00005e39   ti_sysbios_BIOS_start__E
00005e49   ti_sysbios_family_arm_lm3_TimestampProvider_rolloverFunc__E
00005e59   ti_sysbios_family_arm_m3_Hwi_excHandler__I
00005e69   ti_sysbios_gates_GateMutex_Instance_finalize__F
00005e79   ti_sysbios_knl_Semaphore_Instance_finalize__F
00005e89   ti_sysbios_knl_Swi_disable__E
00005e99   ti_sysbios_knl_Task_Object__get__S
00005ea9   ti_sysbios_knl_Task_disable__E
00005eb9   xdc_runtime_Gate_leaveSystem__E
00005eb9   xdc_runtime_Gate_leaveSystem__F
00005ec9   xdc_runtime_LoggerBuf_write0__E
00005ec9   xdc_runtime_LoggerBuf_write0__F
00005ed9   xdc_runtime_Memory_free__E
00005ed9   xdc_runtime_Memory_free__F
00005ee9   xdc_runtime_SysMin_ready__E
00005ee9   xdc_runtime_SysMin_ready__F
00005ee9   xdc_runtime_System_SupportProxy_ready__E
00005ef9   xdc_runtime_System_vsnprintf__F
00005f09   xdc_runtime_Text_visitRope__I
00005f19   TimerEnable
00005f27   __TI_decompress_none
00005f35   ti_sysbios_family_arm_m3_TaskSupport_checkStack__E
00005f35   ti_sysbios_knl_Task_SupportProxy_checkStack__E
00005f43   ti_sysbios_knl_Queue_empty__E
00005f51   ti_catalog_arm_cortexm3_lm3init_Boot_init
00005f5d   CPUcpsid
00005f69   CPUcpsie
00005f75   ti_sysbios_family_xxx_Hwi_switchToTaskStack
00005f81   ti_sysbios_family_arm_lm3_TimestampProvider_startTimer__E
00005f8d   ti_sysbios_gates_GateHwi_enter__E
00005f99   ti_sysbios_knl_Queue_Object__get__S
00005fa5   xdc_runtime_Error_init__E
00005fa5   xdc_runtime_Error_init__F
00005fb1   xdc_runtime_Gate_enterSystem__E
00005fb1   xdc_runtime_Gate_enterSystem__F
00005fbd   xdc_runtime_Memory_calloc__E
00005fbd   xdc_runtime_Memory_calloc__F
00005fc9   xdc_runtime_Memory_getMaxDefaultTypeAlign__E
00005fc9   xdc_runtime_Memory_getMaxDefaultTypeAlign__F
00005fd5   xdc_runtime_System_exit__E
00005fd5   xdc_runtime_System_exit__F
00005fe1   xdc_runtime_System_lastFxn__I
00005fed   IntMasterDisable
00005ff7   IntMasterEnable
00006015   xdc_runtime_LoggerBuf_disable__E
00006015   xdc_runtime_LoggerBuf_disable__F
0000601f   xdc_runtime_LoggerBuf_enable__E
0000601f   xdc_runtime_LoggerBuf_enable__F
00006029   ComparatorConfigure
00006031   TimerIntEnable
00006039   ti_sysbios_family_arm_m3_Hwi_doSwiRestore__I
00006041   ti_sysbios_family_arm_m3_Hwi_startup__E
00006041   ti_sysbios_hal_Hwi_HwiProxy_startup__E
00006041   ti_sysbios_hal_Hwi_startup__E
00006049   ti_sysbios_knl_Idle_loop__E
00006051   ti_catalog_arm_cortexm3_lm3init_Boot_sysCtlDelay
00006057   __xdc__init
0000605d   __TI_decompress_rle24
00006063   ti_sysbios_family_arm_lm3_TimestampProvider_Module_startup__E
00006063   ti_sysbios_family_arm_lm3_TimestampProvider_Module_startup__F
00006069   ti_sysbios_gates_GateHwi_leave__E
0000606f   ti_sysbios_heaps_HeapMem_isBlocking__E
00006075   ti_sysbios_knl_Queue_Instance_init__F
0000607b   xdc_runtime_System_Module_startup__E
0000607b   xdc_runtime_System_Module_startup__F
00006081   ComparatorRefSet
00006085   ti_sysbios_BIOS_RtsGateProxy_enter__E
00006089   ti_sysbios_BIOS_RtsGateProxy_leave__E
0000608d   ti_sysbios_family_arm_lm3_Timer_getPeriod__E
00006091   ti_sysbios_family_arm_m3_TaskSupport_Module__startupDone__S
00006095   ti_sysbios_gates_GateHwi_query__E
00006095   ti_sysbios_gates_GateHwi_query__F
00006095   xdc_runtime_LoggerBuf_Module_GateProxy_query__E
00006095   xdc_runtime_Main_Module_GateProxy_query__E
00006095   xdc_runtime_System_Module_GateProxy_query__E
00006099   ti_sysbios_BIOS_RtsGateProxy_query__E
00006099   ti_sysbios_gates_GateMutex_query__E
00006099   ti_sysbios_gates_GateMutex_query__F
00006099   ti_sysbios_heaps_HeapMem_Module_GateProxy_query__E
0000609d   ti_sysbios_hal_Hwi_HwiProxy_Module__startupDone__S
000060a1   ti_sysbios_hal_Timer_TimerProxy_Module__startupDone__S
000060a5   ti_sysbios_hal_Timer_TimerProxy_getPeriod__E
000060a9   ti_sysbios_heaps_HeapMem_Module_GateProxy_enter__E
000060ad   ti_sysbios_heaps_HeapMem_Module_GateProxy_leave__E
000060b1   ti_sysbios_knl_Task_SupportProxy_Module__startupDone__S
000060b5   ti_sysbios_knl_Task_startup__E
000060b9   xdc_runtime_Error_getSite__E
000060b9   xdc_runtime_Error_getSite__F
000060bd   xdc_runtime_LoggerBuf_Module_GateProxy_enter__E
000060c1   xdc_runtime_LoggerBuf_Module_GateProxy_leave__E
000060c5   xdc_runtime_Memory_HeapProxy_alloc__E
000060c9   xdc_runtime_Memory_HeapProxy_free__E
000060cd   xdc_runtime_Startup_reset__I
000060d1   xdc_runtime_System_Module_GateProxy_enter__E
000060d5   xdc_runtime_System_Module_GateProxy_leave__E
000060d9   xdc_runtime_System_aprintf_va__F
000060dd   xdc_runtime_System_printf_va__F
000060e1   xdc_runtime_System_vsnprintf__E
000060e4   xdc_runtime_Text_charTab__A
000076e4   xdc_runtime_Text_nodeTab__A
00007874   ti_sysbios_family_arm_m3_Hwi_priorities__A
0000794c   xdc_runtime_LoggerBuf_Module__FXNS__C
00007988   xdc_runtime_Startup_sfxnTab__A
000079b4   ti_sysbios_heaps_HeapMem_Module__FXNS__C
000079dc   ti_sysbios_gates_GateHwi_Module__FXNS__C
00007a00   ti_sysbios_gates_GateMutex_Module__FXNS__C
00007a24   ti_sysbios_heaps_HeapMem_Object__PARAMS__C
00007a48   ti_sysbios_knl_Semaphore_Object__PARAMS__C
00007a6c   xdc_runtime_LoggerBuf_Object__PARAMS__C
00007ab0   ti_sysbios_gates_GateHwi_Object__DESC__C
00007ad0   ti_sysbios_gates_GateMutex_Object__DESC__C
00007af0   ti_sysbios_heaps_HeapMem_Object__DESC__C
00007b10   ti_sysbios_knl_Queue_Object__DESC__C
00007b30   ti_sysbios_knl_Semaphore_Object__DESC__C
00007b50   xdc_runtime_LoggerBuf_Object__DESC__C
00007b70   ti_sysbios_gates_GateHwi_Object__PARAMS__C
00007b88   ti_sysbios_gates_GateMutex_Object__PARAMS__C
00007ba0   ti_sysbios_knl_Queue_Object__PARAMS__C
00007bb8   ti_sysbios_knl_Task_hooks__A
00007bd0   xdc_runtime_Startup_sfxnRts__A
00007bfc   hwi0
00007c00   clock0
00007c04   gateHwi0
00007c08   hwi1
00007c0c   xdc_runtime_Startup_firstFxns__A
00007c1c   ti_sysbios_family_arm_m3_Hwi_excHookFuncs__A
00007c24   ti_sysbios_knl_Idle_coreList__C
00007c2c   ti_sysbios_knl_Idle_funcList__C
00007c34   ti_sysbios_knl_Task_hooks__C
00007c3c   xdc_runtime_Startup_firstFxns__C
00007c44   xdc_runtime_Startup_lastFxns__A
00007c4c   xdc_runtime_Startup_lastFxns__C
00007c54   ti_sysbios_BIOS_Module__diagsEnabled__C
00007c58   ti_sysbios_BIOS_Module__diagsIncluded__C
00007c5c   ti_sysbios_BIOS_Module__diagsMask__C
00007c60   ti_sysbios_BIOS_installedErrorHook__C
00007c64   ti_sysbios_family_arm_lm3_Timer_WRALLOW__C
00007c68   ti_sysbios_family_arm_lm3_Timer_numTimerDevices__C
00007c6c   ti_sysbios_family_arm_lm3_Timer_startupNeeded__C
00007c70   ti_sysbios_family_arm_m3_Hwi_E_NMI__C
00007c74   ti_sysbios_family_arm_m3_Hwi_E_busFault__C
00007c78   ti_sysbios_family_arm_m3_Hwi_E_debugMon__C
00007c7c   ti_sysbios_family_arm_m3_Hwi_E_hardFault__C
00007c80   ti_sysbios_family_arm_m3_Hwi_E_memFault__C
00007c84   ti_sysbios_family_arm_m3_Hwi_E_noIsr__C
00007c88   ti_sysbios_family_arm_m3_Hwi_E_reserved__C
00007c8c   ti_sysbios_family_arm_m3_Hwi_E_svCall__C
00007c90   ti_sysbios_family_arm_m3_Hwi_E_usageFault__C
00007c94   ti_sysbios_family_arm_m3_Hwi_LD_end__C
00007c98   ti_sysbios_family_arm_m3_Hwi_LM_begin__C
00007c9c   ti_sysbios_family_arm_m3_Hwi_Module__diagsEnabled__C
00007ca0   ti_sysbios_family_arm_m3_Hwi_Module__diagsIncluded__C
00007ca4   ti_sysbios_family_arm_m3_Hwi_Module__diagsMask__C
00007ca8   ti_sysbios_family_arm_m3_Hwi_Module__loggerFxn1__C
00007cac   ti_sysbios_family_arm_m3_Hwi_Module__loggerFxn8__C
00007cb0   ti_sysbios_family_arm_m3_Hwi_Module__loggerObj__C
00007cb4   ti_sysbios_family_arm_m3_Hwi_NUM_INTERRUPTS__C
00007cb8   ti_sysbios_family_arm_m3_Hwi_ccr__C
00007cbc   ti_sysbios_family_arm_m3_Hwi_dispatchTable__C
00007cc0   ti_sysbios_family_arm_m3_Hwi_excHandlerFunc__C
00007cc4   ti_sysbios_family_arm_m3_Hwi_excHookFuncs__C
00007cc8   ti_sysbios_family_arm_m3_Hwi_priGroup__C
00007ccc   ti_sysbios_family_arm_m3_Hwi_priorities__C
00007cd0   ti_sysbios_gates_GateMutex_A_badContext__C
00007cd4   ti_sysbios_gates_GateMutex_Instance_State_sem__O
00007cd8   ti_sysbios_gates_GateMutex_Module__diagsEnabled__C
00007cdc   ti_sysbios_gates_GateMutex_Module__diagsIncluded__C
00007ce0   ti_sysbios_gates_GateMutex_Module__diagsMask__C
00007ce4   ti_sysbios_hal_Hwi_E_stackOverflow__C
00007ce8   ti_sysbios_heaps_HeapMem_A_align__C
00007cec   ti_sysbios_heaps_HeapMem_A_heapSize__C
00007cf0   ti_sysbios_heaps_HeapMem_A_invalidFree__C
00007cf4   ti_sysbios_heaps_HeapMem_A_zeroBlock__C
00007cf8   ti_sysbios_heaps_HeapMem_E_memory__C
00007cfc   ti_sysbios_heaps_HeapMem_Module__diagsEnabled__C
00007d00   ti_sysbios_heaps_HeapMem_Module__diagsIncluded__C
00007d04   ti_sysbios_heaps_HeapMem_Module__diagsMask__C
00007d08   ti_sysbios_heaps_HeapMem_Module__gateObj__C
00007d0c   ti_sysbios_heaps_HeapMem_Object__count__C
00007d10   ti_sysbios_heaps_HeapMem_reqAlign__C
00007d14   ti_sysbios_knl_Clock_LM_begin__C
00007d18   ti_sysbios_knl_Clock_LM_tick__C
00007d1c   ti_sysbios_knl_Clock_LW_delayed__C
00007d20   ti_sysbios_knl_Clock_Module_State_clockQ__O
00007d24   ti_sysbios_knl_Clock_Module__diagsEnabled__C
00007d28   ti_sysbios_knl_Clock_Module__diagsIncluded__C
00007d2c   ti_sysbios_knl_Clock_Module__diagsMask__C
00007d30   ti_sysbios_knl_Clock_Module__loggerFxn1__C
00007d34   ti_sysbios_knl_Clock_Module__loggerFxn2__C
00007d38   ti_sysbios_knl_Clock_Module__loggerObj__C
00007d3c   ti_sysbios_knl_Idle_coreList__A
00007d40   ti_sysbios_knl_Idle_funcList__A
00007d44   ti_sysbios_knl_Semaphore_A_badContext__C
00007d48   ti_sysbios_knl_Semaphore_A_noEvents__C
00007d4c   ti_sysbios_knl_Semaphore_A_overflow__C
00007d50   ti_sysbios_knl_Semaphore_A_pendTaskDisabled__C
00007d54   ti_sysbios_knl_Semaphore_Instance_State_pendQ__O
00007d58   ti_sysbios_knl_Semaphore_LM_pend__C
00007d5c   ti_sysbios_knl_Semaphore_LM_post__C
00007d60   ti_sysbios_knl_Semaphore_Module__diagsEnabled__C
00007d64   ti_sysbios_knl_Semaphore_Module__diagsIncluded__C
00007d68   ti_sysbios_knl_Semaphore_Module__diagsMask__C
00007d6c   ti_sysbios_knl_Semaphore_Module__loggerFxn2__C
00007d70   ti_sysbios_knl_Semaphore_Module__loggerFxn4__C
00007d74   ti_sysbios_knl_Semaphore_Module__loggerObj__C
00007d78   ti_sysbios_knl_Swi_LD_end__C
00007d7c   ti_sysbios_knl_Swi_LM_begin__C
00007d80   ti_sysbios_knl_Swi_LM_post__C
00007d84   ti_sysbios_knl_Swi_Module__diagsEnabled__C
00007d88   ti_sysbios_knl_Swi_Module__diagsIncluded__C
00007d8c   ti_sysbios_knl_Swi_Module__diagsMask__C
00007d90   ti_sysbios_knl_Swi_Module__loggerFxn1__C
00007d94   ti_sysbios_knl_Swi_Module__loggerFxn4__C
00007d98   ti_sysbios_knl_Swi_Module__loggerObj__C
00007d9c   ti_sysbios_knl_Swi_Object__count__C
00007da0   ti_sysbios_knl_Task_E_spOutOfBounds__C
00007da4   ti_sysbios_knl_Task_E_stackOverflow__C
00007da8   ti_sysbios_knl_Task_LD_block__C
00007dac   ti_sysbios_knl_Task_LD_exit__C
00007db0   ti_sysbios_knl_Task_LD_ready__C
00007db4   ti_sysbios_knl_Task_LM_switch__C
00007db8   ti_sysbios_knl_Task_Module_State_inactiveQ__O
00007dbc   ti_sysbios_knl_Task_Module__diagsEnabled__C
00007dc0   ti_sysbios_knl_Task_Module__diagsIncluded__C
00007dc4   ti_sysbios_knl_Task_Module__diagsMask__C
00007dc8   ti_sysbios_knl_Task_Module__loggerFxn2__C
00007dcc   ti_sysbios_knl_Task_Module__loggerFxn4__C
00007dd0   ti_sysbios_knl_Task_Module__loggerObj__C
00007dd4   ti_sysbios_knl_Task_Object__count__C
00007dd8   ti_sysbios_knl_Task_allBlockedFunc__C
00007ddc   ti_sysbios_knl_Task_numConstructedTasks__C
00007de0   xdc_runtime_Assert_E_assertFailed__C
00007de4   xdc_runtime_Core_A_initializedParams__C
00007de8   xdc_runtime_Core_Module__diagsEnabled__C
00007dec   xdc_runtime_Core_Module__diagsIncluded__C
00007df0   xdc_runtime_Core_Module__diagsMask__C
00007df4   xdc_runtime_Error_E_memory__C
00007df8   xdc_runtime_Error_Module__diagsEnabled__C
00007dfc   xdc_runtime_Error_Module__diagsIncluded__C
00007e00   xdc_runtime_Error_Module__diagsMask__C
00007e04   xdc_runtime_Error_Module__loggerFxn8__C
00007e08   xdc_runtime_Error_Module__loggerObj__C
00007e0c   xdc_runtime_Error_raiseHook__C
00007e10   xdc_runtime_IFilterLogger_Interface__BASE__C
00007e14   xdc_runtime_IGateProvider_Interface__BASE__C
00007e18   xdc_runtime_IHeap_Interface__BASE__C
00007e1c   xdc_runtime_ILogger_Interface__BASE__C
00007e20   xdc_runtime_IModule_Interface__BASE__C
00007e24   xdc_runtime_Log_L_error__C
00007e28   xdc_runtime_LoggerBuf_E_badLevel__C
00007e2c   xdc_runtime_LoggerBuf_Module__gateObj__C
00007e30   xdc_runtime_LoggerBuf_Object__count__C
00007e34   xdc_runtime_LoggerBuf_statusLogger__C
00007e38   xdc_runtime_Memory_defaultHeapInstance__C
00007e3c   xdc_runtime_Startup_execImpl__C
00007e40   xdc_runtime_Startup_maxPasses__C
00007e44   xdc_runtime_Startup_sfxnRts__C
00007e48   xdc_runtime_Startup_sfxnTab__C
00007e4c   xdc_runtime_SysMin_bufSize__C
00007e50   xdc_runtime_SysMin_outputFunc__C
00007e54   xdc_runtime_System_Module__gateObj__C
00007e58   xdc_runtime_System_extendFxn__C
00007e5c   xdc_runtime_System_maxAtexitHandlers__C
00007e60   xdc_runtime_Text_charTab__C
00007e64   xdc_runtime_Text_nameEmpty__C
00007e68   xdc_runtime_Text_nameStatic__C
00007e6c   xdc_runtime_Text_nameUnknown__C
00007e70   xdc_runtime_Text_nodeTab__C
00007e74   xdc_runtime_Text_visitRopeFxn__C
00007e78   ti_sysbios_BIOS_Module__id__C
00007e7c   ti_sysbios_family_arm_lm3_TimestampProvider_useClockTimer__C
00007e80   ti_sysbios_family_arm_m3_Hwi_Module__id__C
00007e84   ti_sysbios_family_arm_m3_Hwi_Module__loggerDefined__C
00007e88   ti_sysbios_gates_GateMutex_Module__id__C
00007e8c   ti_sysbios_hal_Hwi_Module__id__C
00007e90   ti_sysbios_heaps_HeapMem_Module__id__C
00007e94   ti_sysbios_knl_Clock_Module__id__C
00007e98   ti_sysbios_knl_Clock_Module__loggerDefined__C
00007e9c   ti_sysbios_knl_Semaphore_Module__id__C
00007ea0   ti_sysbios_knl_Semaphore_Module__loggerDefined__C
00007ea4   ti_sysbios_knl_Swi_Module__id__C
00007ea8   ti_sysbios_knl_Swi_Module__loggerDefined__C
00007eac   ti_sysbios_knl_Task_Module__id__C
00007eb0   ti_sysbios_knl_Task_Module__loggerDefined__C
00007eb4   ti_sysbios_knl_Task_initStackFlag__C
00007eb8   xdc_runtime_Core_Module__id__C
00007ebc   xdc_runtime_Error_Module__loggerDefined__C
00007ec0   xdc_runtime_Error_maxDepth__C
00007ec4   xdc_runtime_LoggerBuf_Module__id__C
00007ec8   xdc_runtime_LoggerBuf_filterByLevel__C
00007ecc   xdc_runtime_Memory_Module__id__C
00007ed0   xdc_runtime_SysMin_flushAtExit__C
00007ed4   xdc_runtime_Text_charCnt__C
00007ed8   xdc_runtime_Text_isLoaded__C
00007edc   xdc_runtime_Text_registryModsLastId__C
00007ee0   xdc_runtime_Text_unnamedModsLastId__C
00007ee4   xdc_runtime_Error_policy__C
000082c0   __TI_Handler_Table_Base
000082cc   __TI_Handler_Table_Limit
000082e0   __TI_CINIT_Base
000082f8   __TI_CINIT_Limit
20000000   ti_sysbios_family_arm_m3_Hwi_ramVectors
20000140   __stack
20000340   __STACK_TOP
20002140   __STACK_END
20002140   ti_sysbios_heaps_HeapMem_Instance_State_0_buf__A
20003140   ti_sysbios_knl_Task_Instance_State_0_stack__A
20003340   xdc_runtime_LoggerBuf_Instance_State_0_entryArr__A
20003540   xdc_runtime_SysMin_Module_State_0_outbuf__A
20003740   __CIOBUF_
20003894   ti_sysbios_knl_Task_Instance_State_0_hookEnv__A
20003898   g_SystemClock
2000389c   ti_sysbios_BIOS_Module__state__V
200038bc   ti_sysbios_family_arm_lm3_Timer_Module__root__V
200038c4   ti_sysbios_family_arm_lm3_Timer_Module_State_0_device__A
200038dc   ti_sysbios_family_arm_lm3_Timer_Module_State_0_handles__A
200038e8   ti_sysbios_family_arm_lm3_Timer_Module__state__V
200038f4   ti_sysbios_family_arm_lm3_TimestampProvider_Module__state__V
200038fc   ti_sysbios_family_arm_m3_Hwi_Module__root__V
20003904   ti_sysbios_family_arm_m3_Hwi_Module_State_0_excActive__A
20003908   ti_sysbios_family_arm_m3_Hwi_Module_State_0_excContext__A
2000390c   ti_sysbios_family_arm_m3_Hwi_Module_State_0_excStack__A
20003910   ti_sysbios_gates_GateHwi_Module__root__V
20003918   ti_sysbios_gates_GateHwi_Object__table__V
20003920   ti_sysbios_gates_GateMutex_Module__root__V
20003928   ti_sysbios_hal_Hwi_Module__root__V
20003930   ti_sysbios_hal_Hwi_Object__table__V
20003940   ti_sysbios_hal_Timer_Module__root__V
20003948   ti_sysbios_hal_Timer_Object__table__V
20003950   ti_sysbios_heaps_HeapMem_Module__root__V
20003958   ti_sysbios_heaps_HeapMem_Object__table__V
20003970   ti_sysbios_knl_Clock_Module__root__V
20003978   ti_sysbios_knl_Clock_Object__table__V
20003998   ti_sysbios_knl_Queue_Module__root__V
200039a0   ti_sysbios_knl_Semaphore_Module__root__V
200039a8   ti_sysbios_knl_Swi_Module__root__V
200039b0   ti_sysbios_knl_Swi_Module__state__V
200039cc   ti_sysbios_knl_Task_Module__root__V
200039d4   ti_sysbios_knl_Task_Module_State_0_idleTask__A
200039d8   xdc_runtime_Error_Module__state__V
200039dc   xdc_runtime_LoggerBuf_Module__root__V
200039e4   xdc_runtime_LoggerBuf_Module__state__V
200039ec   xdc_runtime_Memory_Module__state__V
200039f0   xdc_runtime_Registry_Module__state__V
200039f8   xdc_runtime_Startup_Module__state__V
20003a00   xdc_runtime_SysMin_Module__state__V
20003a0c   xdc_runtime_System_Module_State_0_atexitHandlers__A
20003a1c   xdc_runtime_System_Module__state__V
20003a28   xdc_runtime_Text_Module__state__V
20003a30   __xdc__init__addr
20003a34   ti_sysbios_family_arm_m3_Hwi_Module_State_0_dispatchTable__A
20003b74   ti_sysbios_knl_Swi_Module_State_0_readyQ__A
20003bf4   ti_sysbios_knl_Task_Module_State_0_readyQ__A
20003c74   ti_sysbios_family_arm_lm3_Timer_Object__table__V
20003cd4   ti_sysbios_family_arm_m3_Hwi_Object__table__V
20003d34   ti_sysbios_family_arm_m3_Hwi_Module__state__V
20003d88   TSK_idle
20003d88   ti_sysbios_knl_Task_Object__table__V
20003dd4   ti_sysbios_knl_Task_Module__state__V
20003e18   ti_sysbios_gates_GateMutex_Object__table__V
20003e50   ti_sysbios_knl_Swi_Object__table__V
20003e80   ti_sysbios_knl_Clock_Module__state__V
20003ea8   xdc_runtime_LoggerBuf_Object__table__V
20003ecc   g_periodInit
20003ed0   g_accumulatedPeriod
20003ed4   g_numPeriods
20003ed8   g_periodDiff
20003edc   g_frequency
20003ee4   _lock
20003ee8   _unlock
20003eec   _cleanup_ptr
20003ef0   _dtors_ptr
20003ef8   main_func_sp
e000e000   ti_sysbios_family_arm_m3_Hwi_nvic
ffffffff   __binit__
ffffffff   __c_args__
ffffffff   binit
UNDEFED    SHT$$INIT_ARRAY$$Base
UNDEFED    SHT$$INIT_ARRAY$$Limit

[687 symbols]
