******************************************************************************
                  TI ARM Linker PC v5.0.4                      
******************************************************************************
>> Linked Wed Apr 29 20:36:06 2015

OUTPUT FILE NAME:   <ece3849d15_lab3_addresser_awharrison.out>
ENTRY POINT SYMBOL: "_c_int00"  address: 000046d9


MEMORY CONFIGURATION

         name            origin    length      used     unused   attr    fill
----------------------  --------  ---------  --------  --------  ----  --------
  FLASH                 00000000   00010000  00007b91  0000846f  R  X
  SRAM                  20000000   00004000  00003ec0  00000140  RW X


SEGMENT ALLOCATION MAP

run origin  load origin   length   init length attrs members
----------  ----------- ---------- ----------- ----- -------
00000000    00000000    00007b98   00007b98    r-x
  00000000    00000000    00000140   00000140    r-- .resetVecs
  00000140    00000140    00005840   00005840    r-x .text
  00005980    00005980    00001e11   00001e11    r-- .const
  00007798    00007798    00000400   00000400    r-- .cinit
20000000    20000000    00003870   00000000    rw-
  20000000    20000000    00000140   00000000    rw- .vecs
  20000140    20000140    00002000   00000000    rw- .stack
  20002140    20002140    00001730   00000000    rw- .bss
20003870    20003870    00000650   00000650    rw-
  20003870    20003870    00000650   00000650    rw- .data


SECTION ALLOCATION MAP

 output                                  attributes/
section   page    origin      length       input sections
--------  ----  ----------  ----------   ----------------
.bootVecs 
*          0    00000000    00000008     DSECT
                  00000000    00000008     boot.aem3 : boot.oem3 (.bootVecs)

.resetVecs 
*          0    00000000    00000140     
                  00000000    00000140     app_pem3.oem3 (.resetVecs)

xdc.meta   0    00000000    00000106     COPY SECTION
                  00000000    00000106     app_pem3.oem3 (xdc.meta)

.init_array 
*          0    00000000    00000000     UNINITIALIZED

.text      0    00000140    00005840     
                  00000140    00000424     sysbios.aem3 : BIOS.obj (.text:ti_sysbios_family_arm_m3_Hwi_excDumpRegs__I)
                  00000564    00000340     ti.targets.arm.rtsarm.aem3 : System.oem3 (.text:xdc_runtime_System_doPrint__I)
                  000008a4    000002e4     rtsv7M3_T_le_eabi.lib : trgdrv.obj (.text)
                  00000b88    00000278     sysbios.aem3 : BIOS.obj (.text:ti_sysbios_knl_Semaphore_pend__E)
                  00000e00    00000248                  : BIOS.obj (.text:ti_sysbios_heaps_HeapMem_free__E)
                  00001048    00000234                  : BIOS.obj (.text:ti_sysbios_heaps_HeapMem_alloc__E)
                  0000127c    000001ec                  : BIOS.obj (.text:ti_sysbios_family_arm_m3_Hwi_excHandlerMax__I)
                  00001468    000001d4     main.obj (.text)
                  0000163c    00000198     driverlib-cm3.lib : sysctl.obj (.text:SysCtlClockGet)
                  000017d4    00000168     sysbios.aem3 : BIOS.obj (.text:ti_sysbios_family_arm_m3_Hwi_excBusFault__I)
                  0000193c    00000154                  : BIOS.obj (.text:ti_sysbios_family_arm_m3_Hwi_excUsageFault__I)
                  00001a90    00000140                  : BIOS.obj (.text:ti_sysbios_family_arm_m3_Hwi_excMemFault__I)
                  00001bd0    00000140                  : BIOS.obj (.text:ti_sysbios_knl_Semaphore_post__E)
                  00001d10    0000013c                  : BIOS.obj (.text:ti_sysbios_heaps_HeapMem_Instance_init__F)
                  00001e4c    0000013c     ti.targets.arm.rtsarm.aem3 : Error.oem3 (.text:xdc_runtime_Error_raiseX__F)
                  00001f88    0000012c                                : LoggerBuf.oem3 (.text:xdc_runtime_LoggerBuf_write8__F)
                  000020b4    00000124     sysbios.aem3 : BIOS.obj (.text:ti_sysbios_family_arm_m3_Hwi_dispatchC__I)
                  000021d8    00000120                  : BIOS.obj (.text:ti_sysbios_knl_Clock_workFunc__E)
                  000022f8    0000011c     Boot.aem3 : Boot.oem3 (.text:.bootCodeSection:ti_catalog_arm_cortexm3_lm3init_Boot_sysCtlClockSet)
                  00002414    00000110     sysbios.aem3 : BIOS.obj (.text:ti_sysbios_knl_Swi_run__I)
                  00002524    00000108                  : BIOS.obj (.text:ti_sysbios_knl_Task_exit__E)
                  0000262c    00000104                  : m3_Hwi_asm.obj (.text:ti_sysbios_family_arm_m3_Hwi_dispatch__I)
                  00002730    00000104     ti.targets.arm.rtsarm.aem3 : Core-mem.oem3 (.text:xdc_runtime_Core_createObject__I)
                  00002834    000000fc     sysbios.aem3 : BIOS.obj (.text:ti_sysbios_knl_Task_schedule__I)
                  00002930    000000f8     ti.targets.arm.rtsarm.aem3 : Startup.oem3 (.text:xdc_runtime_Startup_startMods__I)
                  00002a28    000000f8     app_pem3.oem3 (.text:xdc_runtime_System_printfExtend__I)
                  00002b20    000000f4     sysbios.aem3 : BIOS.obj (.text:ti_sysbios_knl_Task_postInit__I)
                  00002c14    000000f4                  : BIOS.obj (.text:ti_sysbios_knl_Task_startCore__E)
                  00002d08    000000ec     rtsv7M3_T_le_eabi.lib : dtor_list.obj (.text)
                  00002df4    000000dc     sysbios.aem3 : BIOS.obj (.text:ti_sysbios_family_arm_m3_Hwi_initNVIC__E)
                  00002ed0    000000cc     ti.targets.arm.rtsarm.aem3 : LoggerBuf.oem3 (.text:xdc_runtime_LoggerBuf_write4__F)
                  00002f9c    000000c8     driverlib-cm3.lib : gpio.obj (.text:GPIOPadConfigSet)
                  00003064    000000c0     sysbios.aem3 : BIOS.obj (.text:ti_sysbios_family_arm_lm3_Timer_startup__E)
                  00003124    000000b8                  : BIOS.obj (.text:ti_sysbios_knl_Task_unblockI__E)
                  000031dc    000000b4                  : BIOS.obj (.text:ti_sysbios_family_arm_m3_Hwi_excHardFault__I)
                  00003290    000000b4                  : BIOS.obj (.text:ti_sysbios_gates_GateMutex_enter__E)
                  00003344    000000b4                  : BIOS.obj (.text:ti_sysbios_knl_Task_checkStacks__E)
                  000033f8    000000b0                  : BIOS.obj (.text:ti_sysbios_family_arm_m3_Hwi_excDebugMon__I)
                  000034a8    000000ac                  : BIOS.obj (.text:ti_sysbios_knl_Swi_schedule__I)
                  00003554    000000a8                  : BIOS.obj (.text:ti_sysbios_knl_Semaphore_Instance_init__F)
                  000035fc    000000a8                  : BIOS.obj (.text:ti_sysbios_knl_Swi_post__E)
                  000036a4    000000a4                  : BIOS.obj (.text:ti_sysbios_family_arm_m3_Hwi_Module_startup__F)
                  00003748    000000a0     auto_init.aem3 : auto_init.oem3 (.text)
                  000037e8    000000a0     sysbios.aem3 : BIOS.obj (.text:ti_sysbios_family_arm_lm3_TimestampProvider_get64__E)
                  00003888    0000009c     rtsv7M3_T_le_eabi.lib : memcpy_t2.obj (.text)
                  00003924    0000009c     sysbios.aem3 : BIOS.obj (.text:ti_sysbios_knl_Task_blockI__E)
                  000039c0    0000009a     ti.targets.arm.rtsarm.aem3 : Text.oem3 (.text:xdc_runtime_Text_putSite__F)
                  00003a5a    00000002     sysbios.aem3 : BIOS.obj (.text:ti_sysbios_BIOS_nullFunc__I)
                  00003a5c    00000094     ti.targets.arm.rtsarm.aem3 : Text.oem3 (.text:xdc_runtime_Text_putMod__F)
                  00003af0    00000092     rtsv7M3_T_le_eabi.lib : fs_div_t2.obj (.text)
                  00003b82    00000002     sysbios.aem3 : BIOS.obj (.text:ti_sysbios_gates_GateHwi_Instance_init__F)
                  00003b84    00000090                  : BIOS.obj (.text:ti_sysbios_family_arm_lm3_Timer_initDevice__I)
                  00003c14    00000088                  : BIOS.obj (.text:ti_sysbios_knl_Mailbox_Module_startup__F)
                  00003c9c    00000080                  : BIOS.obj (.text:ti_sysbios_knl_Task_Module_startup__F)
                  00003d1c    00000080     ti.targets.arm.rtsarm.aem3 : LoggerBuf.oem3 (.text:xdc_runtime_LoggerBuf_setFilterLevel__F)
                  00003d9c    0000007c     sysbios.aem3 : BIOS.obj (.text:ti_sysbios_family_arm_lm3_Timer_Module_startup__F)
                  00003e18    0000007c                  : BIOS.obj (.text:ti_sysbios_family_arm_lm3_Timer_start__E)
                  00003e94    0000007a     rtsv7M3_T_le_eabi.lib : fs_mul_t2.obj (.text)
                  00003f0e    00000078                           : memset_t2.obj (.text)
                  00003f86    00000002     --HOLE-- [fill = 0]
                  00003f88    00000070     sysbios.aem3 : BIOS.obj (.text:ti_sysbios_BIOS_rtsUnlock__I)
                  00003ff8    00000070     ti.targets.arm.rtsarm.aem3 : Memory.oem3 (.text:xdc_runtime_Memory_alloc__F)
                  00004068    0000006c                                : Error.oem3 (.text:xdc_runtime_Error_print__F)
                  000040d4    0000006c                                : LoggerBuf.oem3 (.text:xdc_runtime_LoggerBuf_getFilterLevel__F)
                  00004140    00000066                                : Core-mem.oem3 (.text:xdc_runtime_Core_deleteObject__I)
                  000041a6    00000002     --HOLE-- [fill = 0]
                  000041a8    00000060     rtsv7M3_T_le_eabi.lib : trgmsg.obj (.text)
                  00004208    00000060     sysbios.aem3 : BIOS.obj (.text:ti_sysbios_knl_Clock_logTick__E)
                  00004268    00000060     app_pem3.oem3 (.text:xdc_runtime_LoggerBuf_Object__create__S)
                  000042c8    0000005e     rtsv7M3_T_le_eabi.lib : copy_decompress_rle.obj (.text)
                  00004326    00000002     --HOLE-- [fill = 0]
                  00004328    0000005c     sysbios.aem3 : BIOS.obj (.text:ti_sysbios_knl_Swi_restoreHwi__E)
                  00004384    0000005b     ti.targets.arm.rtsarm.aem3 : Text.oem3 (.text:xdc_runtime_Text_putLab__F)
                  000043df    00000001     --HOLE-- [fill = 0]
                  000043e0    00000058     driverlib-cm3.lib : sysctl.obj (.text:SysCtlPeripheralEnable)
                  00004438    00000050     ti.targets.arm.rtsarm.aem3 : Startup.oem3 (.text:xdc_runtime_Startup_exec__F)
                  00004488    00000050                                : System.oem3 (.text:xdc_runtime_System_formatNum__I)
                  000044d8    0000004c     sysbios.aem3 : m3_TaskSupport_asm.obj (.text:_ti_sysbios_family_arm_m3_TaskSupport_buildTaskStack)
                  00004524    0000004c     ti.targets.arm.rtsarm.aem3 : Text.oem3 (.text:xdc_runtime_Text_visitRope2__I)
                  00004570    00000048     sysbios.aem3 : BIOS.obj (.text:ti_sysbios_family_arm_m3_Hwi_excReserved__I)
                  000045b8    00000048                  : BIOS.obj (.text:ti_sysbios_heaps_HeapMem_getStats__E)
                  00004600    00000048                  : BIOS.obj (.text:ti_sysbios_knl_Task_allBlockedFunction__I)
                  00004648    00000048     ti.targets.arm.rtsarm.aem3 : Assert.oem3 (.text:xdc_runtime_Assert_raise__I)
                  00004690    00000048                                : Core-params.oem3 (.text:xdc_runtime_Core_assignParams__I)
                  000046d8    00000044     boot.aem3 : boot.oem3 (.text)
                  0000471c    00000044     rtsv7M3_T_le_eabi.lib : cpy_tbl.obj (.text)
                  00004760    00000044     sysbios.aem3 : BIOS.obj (.text:ti_sysbios_BIOS_errorRaiseHook__I)
                  000047a4    00000044                  : BIOS.obj (.text:ti_sysbios_family_arm_lm3_Timer_enableTimers__I)
                  000047e8    00000044                  : BIOS.obj (.text:ti_sysbios_family_arm_m3_Hwi_disableInterrupt__E)
                  0000482c    00000044                  : BIOS.obj (.text:ti_sysbios_family_arm_m3_Hwi_enableInterrupt__E)
                  00004870    00000044     ti.targets.arm.rtsarm.aem3 : LoggerBuf.oem3 (.text:xdc_runtime_LoggerBuf_filterOutEvent__I)
                  000048b4    00000044                                : SysMin.oem3 (.text:xdc_runtime_SysMin_flush__F)
                  000048f8    00000040     rtsv7M3_T_le_eabi.lib : exit.obj (.text)
                  00004938    00000040     sysbios.aem3 : BIOS.obj (.text:ti_sysbios_knl_Semaphore_pendTimeout__I)
                  00004978    00000040     ti.targets.arm.rtsarm.aem3 : System.oem3 (.text:xdc_runtime_System_atexit__F)
                  000049b8    0000003c     sysbios.aem3 : BIOS.obj (.text:ti_sysbios_family_arm_m3_Hwi_excSvCall__I)
                  000049f4    0000003c                  : BIOS.obj (.text:ti_sysbios_heaps_HeapMem_init__I)
                  00004a30    0000003c                  : BIOS.obj (.text:ti_sysbios_knl_Swi_startup__E)
                  00004a6c    0000003c     ti.targets.arm.rtsarm.aem3 : Text.oem3 (.text:xdc_runtime_Text_xprintf__I)
                  00004aa8    00000038     rtsv7M3_T_le_eabi.lib : fs_toi_t2.obj (.text)
                  00004ae0    00000038     sysbios.aem3 : BIOS.obj (.text:ti_sysbios_family_arm_m3_Hwi_excNoIsr__I)
                  00004b18    00000038                  : BIOS.obj (.text:ti_sysbios_family_arm_m3_Hwi_getStackInfo__E)
                  00004b50    00000038                  : BIOS.obj (.text:ti_sysbios_family_arm_m3_TaskSupport_start__E)
                  00004b88    00000038     app_pem3.oem3 (.text:ti_sysbios_knl_Semaphore_Object__create__S)
                  00004bc0    00000038     ti.targets.arm.rtsarm.aem3 : LoggerBuf.oem3 (.text:xdc_runtime_LoggerBuf_Instance_init__F)
                  00004bf8    00000038                                : SysMin.oem3 (.text:xdc_runtime_SysMin_putch__F)
                  00004c30    00000034     rtsv7M3_T_le_eabi.lib : fs_tou_t2.obj (.text)
                  00004c64    00000034     sysbios.aem3 : BIOS.obj (.text:ti_sysbios_family_arm_m3_Hwi_excNmi__I)
                  00004c98    00000034     app_pem3.oem3 (.text:ti_sysbios_gates_GateHwi_Object__create__S)
                  00004ccc    00000034     app_pem3.oem3 (.text:ti_sysbios_gates_GateMutex_Object__create__S)
                  00004d00    00000034     sysbios.aem3 : BIOS.obj (.text:ti_sysbios_hal_Hwi_checkStack:ti_sysbios_hal_Hwi_checkStack)
                  00004d34    00000034     app_pem3.oem3 (.text:ti_sysbios_heaps_HeapMem_Object__create__S)
                  00004d68    00000034     app_pem3.oem3 (.text:ti_sysbios_knl_Queue_Object__create__S)
                  00004d9c    00000030     app_pem3.oem3 (.text:ti_sysbios_BIOS_exitFunc__I)
                  00004dcc    00000030     sysbios.aem3 : BIOS.obj (.text:ti_sysbios_knl_Idle_run__E)
                  00004dfc    00000030     ti.targets.arm.rtsarm.aem3 : Core-label.oem3 (.text:xdc_runtime_Core_assignLabel__I)
                  00004e2c    00000030                                : SysMin.oem3 (.text:xdc_runtime_SysMin_abort__F)
                  00004e5c    0000002f                                : Text.oem3 (.text:xdc_runtime_Text_printVisFxn__I)
                  00004e8b    00000001     --HOLE-- [fill = 0]
                  00004e8c    0000002e     driverlib-cm3.lib : gpio.obj (.text:GPIODirModeSet)
                  00004eba    0000002e     app_pem3.oem3 (.text:malloc)
                  00004ee8    0000002c     sysbios.aem3 : BIOS.obj (.text:ti_sysbios_hal_Hwi_initStack:ti_sysbios_hal_Hwi_initStack)
                  00004f14    0000002c     app_pem3.oem3 (.text:ti_sysbios_knl_Clock_doTick__I)
                  00004f40    0000002c     sysbios.aem3 : BIOS.obj (.text:ti_sysbios_knl_Task_restore__E)
                  00004f6c    0000002c     ti.targets.arm.rtsarm.aem3 : System.oem3 (.text:xdc_runtime_System_rtsExit__I)
                  00004f98    0000002c                                : Text.oem3 (.text:xdc_runtime_Text_cordText__F)
                  00004fc4    0000002a                                : System.oem3 (.text:xdc_runtime_System_putchar__I)
                  00004fee    00000002     --HOLE-- [fill = 0]
                  00004ff0    00000028     sysbios.aem3 : BIOS.obj (.text:ti_sysbios_gates_GateMutex_Instance_init__F)
                  00005018    00000028     ti.targets.arm.rtsarm.aem3 : LoggerBuf.oem3 (.text:xdc_runtime_LoggerBuf_Module_startup__F)
                  00005040    00000026                                : System.oem3 (.text:xdc_runtime_System_avprintf__F)
                  00005066    00000002     --HOLE-- [fill = 0]
                  00005068    00000024     driverlib-cm3.lib : timer.obj (.text:TimerConfigure)
                  0000508c    00000024     rtsv7M3_T_le_eabi.lib : u_tofs_t2.obj (.text)
                  000050b0    00000024     sysbios.aem3 : BIOS.obj (.text:ti_sysbios_BIOS_registerRTSLock__I)
                  000050d4    00000024     app_pem3.oem3 (.text:ti_sysbios_BIOS_startFunc__I)
                  000050f8    00000024     sysbios.aem3 : BIOS.obj (.text:ti_sysbios_family_arm_lm3_Timer_isrStub__E)
                  0000511c    00000024                  : BIOS.obj (.text:ti_sysbios_family_arm_m3_Hwi_doTaskRestore__I)
                  00005140    00000024     app_pem3.oem3 (.text:ti_sysbios_gates_GateMutex_Object__delete__S)
                  00005164    00000024     sysbios.aem3 : BIOS.obj (.text:ti_sysbios_knl_Clock_Module_startup__F)
                  00005188    00000024                  : BIOS.obj (.text:ti_sysbios_knl_Swi_Module_startup__F)
                  000051ac    00000024     ti.targets.arm.rtsarm.aem3 : System.oem3 (.text:xdc_runtime_System_vprintf__F)
                  000051d0    00000022     app_pem3.oem3 (.text:xdc_runtime_SysMin_output__I)
                  000051f2    00000002     --HOLE-- [fill = 0]
                  000051f4    00000020     app_pem3.oem3 (.text:ti_sysbios_gates_GateHwi_Object__delete__S)
                  00005214    00000020     app_pem3.oem3 (.text:ti_sysbios_heaps_HeapMem_Object__delete__S)
                  00005234    00000020     app_pem3.oem3 (.text:ti_sysbios_knl_Semaphore_Object__destruct__S)
                  00005254    00000020     sysbios.aem3 : BIOS.obj (.text:ti_sysbios_knl_Task_enter__I)
                  00005274    00000020     app_pem3.oem3 (.text:xdc_runtime_LoggerBuf_Object__delete__S)
                  00005294    00000020     ti.targets.arm.rtsarm.aem3 : LoggerBuf.oem3 (.text:xdc_runtime_LoggerBuf_reset__F)
                  000052b4    00000020                                : Registry.oem3 (.text:xdc_runtime_Registry_findById__F)
                  000052d4    00000020                                : SysMin.oem3 (.text:xdc_runtime_SysMin_Module_startup__F)
                  000052f4    0000001c     sysbios.aem3 : BIOS.obj (.text:ti_sysbios_BIOS_rtsLock__I)
                  00005310    0000001c     app_pem3.oem3 (.text:ti_sysbios_knl_Queue_Object__destruct__S)
                  0000532c    0000001c     ti.targets.arm.rtsarm.aem3 : Error.oem3 (.text:xdc_runtime_Error_check__F)
                  00005348    0000001c                                : Memory.oem3 (.text:xdc_runtime_Memory_valloc__F)
                  00005364    0000001c                                : SysMin.oem3 (.text:xdc_runtime_SysMin_exit__F)
                  00005380    0000001a     app_pem3.oem3 (.text:ti_sysbios_family_arm_m3_Hwi_Handle__label__S)
                  0000539a    0000001a     app_pem3.oem3 (.text:ti_sysbios_gates_GateHwi_Handle__label__S)
                  000053b4    0000001a     app_pem3.oem3 (.text:ti_sysbios_gates_GateMutex_Handle__label__S)
                  000053ce    0000001a     app_pem3.oem3 (.text:ti_sysbios_heaps_HeapMem_Handle__label__S)
                  000053e8    0000001a     app_pem3.oem3 (.text:ti_sysbios_knl_Swi_Handle__label__S)
                  00005402    0000001a     app_pem3.oem3 (.text:ti_sysbios_knl_Task_Handle__label__S)
                  0000541c    0000001a     app_pem3.oem3 (.text:xdc_runtime_LoggerBuf_Handle__label__S)
                  00005436    0000001a     app_pem3.oem3 (.text:xdc_runtime_System_aprintf__E)
                  00005450    0000001a     app_pem3.oem3 (.text:xdc_runtime_System_printf__E)
                  0000546a    00000018     sysbios.aem3 : m3_Hwi_asm_switch.obj (.text:_ti_sysbios_family_arm_m3_Hwi_initStacks__E)
                  00005482    00000018     app_pem3.oem3 (.text:free)
                  0000549a    00000002     --HOLE-- [fill = 0]
                  0000549c    00000018     rtsv7M3_T_le_eabi.lib : args_main.obj (.text)
                  000054b4    00000018     app_pem3.oem3 (.text:ti_sysbios_family_arm_lm3_Timer_Module__startupDone__F)
                  000054cc    00000018     app_pem3.oem3 (.text:ti_sysbios_family_arm_m3_Hwi_Module__startupDone__F)
                  000054e4    00000018     sysbios.aem3 : BIOS.obj (.text:ti_sysbios_gates_GateMutex_leave__E)
                  000054fc    00000018     app_pem3.oem3 (.text:ti_sysbios_hal_Timer_Module__startupDone__F)
                  00005514    00000018     ti.targets.arm.rtsarm.aem3 : Text.oem3 (.text:xdc_runtime_Text_ropeText__F)
                  0000552c    00000014     driverlib-cm3.lib : timer.obj (.text:TimerDisable)
                  00005540    00000014     rtsv7M3_T_le_eabi.lib : _lock.obj (.text)
                  00005554    00000014                           : strlen.obj (.text)
                  00005568    00000014     sysbios.aem3 : BIOS.obj (.text:ti_sysbios_family_arm_m3_Hwi_switchFromBootStack__E)
                  0000557c    00000014     app_pem3.oem3 (.text:ti_sysbios_heaps_HeapMem_Object__get__S)
                  00005590    00000014     app_pem3.oem3 (.text:ti_sysbios_knl_Swi_Object__get__S)
                  000055a4    00000014     ti.targets.arm.rtsarm.aem3 : LoggerBuf.oem3 (.text:xdc_runtime_LoggerBuf_Instance_finalize__F)
                  000055b8    00000014     app_pem3.oem3 (.text:xdc_runtime_LoggerBuf_Object__get__S)
                  000055cc    00000014     ti.targets.arm.rtsarm.aem3 : LoggerBuf.oem3 (.text:xdc_runtime_LoggerBuf_write2__F)
                  000055e0    00000014                                : System.oem3 (.text:xdc_runtime_System_abort__F)
                  000055f4    00000012     driverlib-cm3.lib : timer.obj (.text:TimerControlEvent)
                  00005606    00000012                       : timer.obj (.text:TimerLoadSet)
                  00005618    00000012     rtsv7M3_T_le_eabi.lib : copy_zero_init.obj (.text:decompress:ZI)
                  0000562a    00000012                           : strcpy.obj (.text)
                  0000563c    00000012     sysbios.aem3 : BIOS.obj (.text:ti_sysbios_hal_Hwi_Module_startup__F)
                  0000564e    00000012                  : BIOS.obj (.text:ti_sysbios_hal_Timer_Module_startup__F)
                  00005660    00000012     ti.targets.arm.rtsarm.aem3 : LoggerBuf.oem3 (.text:xdc_runtime_LoggerBuf_write1__F)
                  00005672    00000012     app_pem3.oem3 (.text:xdc_runtime_Startup_exec__I)
                  00005684    00000010     sysbios.aem3 : m3_TaskSupport_asm.obj (.text:_ti_sysbios_family_arm_m3_TaskSupport_glue)
                  00005694    00000010                  : m3_TaskSupport_asm.obj (.text:_ti_sysbios_family_arm_m3_TaskSupport_swap__E)
                  000056a4    00000010                  : m3_Hwi_asm_switch.obj (.text:_ti_sysbios_family_xxx_Hwi_switchToIsrStack)
                  000056b4    00000010                  : BIOS.obj (.text:ti_sysbios_BIOS_setThreadType__E)
                  000056c4    00000010                  : BIOS.obj (.text:ti_sysbios_BIOS_start__E)
                  000056d4    00000010                  : BIOS.obj (.text:ti_sysbios_family_arm_lm3_TimestampProvider_rolloverFunc__E)
                  000056e4    00000010                  : BIOS.obj (.text:ti_sysbios_family_arm_m3_Hwi_excHandler__I)
                  000056f4    00000010                  : BIOS.obj (.text:ti_sysbios_gates_GateMutex_Instance_finalize__F)
                  00005704    00000010     app_pem3.oem3 (.text:ti_sysbios_knl_Mailbox_Object__get__S)
                  00005714    00000010     sysbios.aem3 : BIOS.obj (.text:ti_sysbios_knl_Semaphore_Instance_finalize__F)
                  00005724    00000010                  : BIOS.obj (.text:ti_sysbios_knl_Swi_disable__E)
                  00005734    00000010     app_pem3.oem3 (.text:ti_sysbios_knl_Task_Object__get__S)
                  00005744    00000010     sysbios.aem3 : BIOS.obj (.text:ti_sysbios_knl_Task_disable__E)
                  00005754    00000010     ti.targets.arm.rtsarm.aem3 : Gate.oem3 (.text:xdc_runtime_Gate_leaveSystem__F)
                  00005764    00000010                                : LoggerBuf.oem3 (.text:xdc_runtime_LoggerBuf_write0__F)
                  00005774    00000010                                : Memory.oem3 (.text:xdc_runtime_Memory_free__F)
                  00005784    00000010                                : SysMin.oem3 (.text:xdc_runtime_SysMin_ready__F)
                  00005794    00000010                                : System.oem3 (.text:xdc_runtime_System_vsnprintf__F)
                  000057a4    00000010     app_pem3.oem3 (.text:xdc_runtime_Text_visitRope__I)
                  000057b4    0000000e     driverlib-cm3.lib : timer.obj (.text:TimerEnable)
                  000057c2    0000000e     rtsv7M3_T_le_eabi.lib : copy_decompress_none.obj (.text:decompress:none)
                  000057d0    0000000e     sysbios.aem3 : BIOS.obj (.text:ti_sysbios_family_arm_m3_TaskSupport_checkStack__E)
                  000057de    0000000e                  : BIOS.obj (.text:ti_sysbios_knl_Queue_empty__E)
                  000057ec    0000000c     app_pem3.oem3 (.text:.bootCodeSection:ti_catalog_arm_cortexm3_lm3init_Boot_init)
                  000057f8    0000000c     driverlib-cm3.lib : cpu.obj (.text:CPUcpsid)
                  00005804    0000000c                       : cpu.obj (.text:CPUcpsie)
                  00005810    0000000c     sysbios.aem3 : m3_Hwi_asm_switch.obj (.text:_ti_sysbios_family_xxx_Hwi_switchToTaskStack)
                  0000581c    0000000c                  : BIOS.obj (.text:ti_sysbios_family_arm_lm3_TimestampProvider_startTimer__E)
                  00005828    0000000c                  : BIOS.obj (.text:ti_sysbios_gates_GateHwi_enter__E)
                  00005834    0000000c     app_pem3.oem3 (.text:ti_sysbios_knl_Queue_Object__get__S)
                  00005840    0000000c     ti.targets.arm.rtsarm.aem3 : Error.oem3 (.text:xdc_runtime_Error_init__F)
                  0000584c    0000000c                                : Gate.oem3 (.text:xdc_runtime_Gate_enterSystem__F)
                  00005858    0000000c                                : Memory.oem3 (.text:xdc_runtime_Memory_calloc__F)
                  00005864    0000000c                                : Memory.oem3 (.text:xdc_runtime_Memory_getMaxDefaultTypeAlign__F)
                  00005870    0000000c                                : System.oem3 (.text:xdc_runtime_System_exit__F)
                  0000587c    0000000c                                : System.oem3 (.text:xdc_runtime_System_lastFxn__I)
                  00005888    0000000a     driverlib-cm3.lib : interrupt.obj (.text:IntMasterDisable)
                  00005892    0000000a                       : interrupt.obj (.text:IntMasterEnable)
                  0000589c    0000000a     app_pem3.oem3 (.text:xdc_runtime_IHeap_alloc)
                  000058a6    0000000a     app_pem3.oem3 (.text:xdc_runtime_IHeap_free)
                  000058b0    0000000a     ti.targets.arm.rtsarm.aem3 : LoggerBuf.oem3 (.text:xdc_runtime_LoggerBuf_disable__F)
                  000058ba    0000000a                                : LoggerBuf.oem3 (.text:xdc_runtime_LoggerBuf_enable__F)
                  000058c4    00000008     driverlib-cm3.lib : comp.obj (.text:ComparatorConfigure)
                  000058cc    00000008                       : timer.obj (.text:TimerIntEnable)
                  000058d4    00000008     sysbios.aem3 : BIOS.obj (.text:ti_sysbios_family_arm_m3_Hwi_doSwiRestore__I)
                  000058dc    00000008                  : BIOS.obj (.text:ti_sysbios_family_arm_m3_Hwi_startup__E)
                  000058e4    00000008                  : BIOS.obj (.text:ti_sysbios_knl_Idle_loop__E)
                  000058ec    00000006     Boot.aem3 : Boot.oem3 (.text)
                  000058f2    00000006     ti.targets.arm.rtsarm.aem3 : xdc_noinit.oem3 (.text:__xdc__init)
                  000058f8    00000006     rtsv7M3_T_le_eabi.lib : copy_decompress_rle.obj (.text:decompress:rle24)
                  000058fe    00000006     sysbios.aem3 : BIOS.obj (.text:ti_sysbios_family_arm_lm3_TimestampProvider_Module_startup__F)
                  00005904    00000006                  : BIOS.obj (.text:ti_sysbios_gates_GateHwi_leave__E)
                  0000590a    00000006                  : BIOS.obj (.text:ti_sysbios_heaps_HeapMem_isBlocking__E)
                  00005910    00000006                  : BIOS.obj (.text:ti_sysbios_knl_Queue_Instance_init__F)
                  00005916    00000006     ti.targets.arm.rtsarm.aem3 : System.oem3 (.text:xdc_runtime_System_Module_startup__F)
                  0000591c    00000004     driverlib-cm3.lib : comp.obj (.text:ComparatorRefSet)
                  00005920    00000004     app_pem3.oem3 (.text:ti_sysbios_BIOS_RtsGateProxy_enter__E)
                  00005924    00000004     app_pem3.oem3 (.text:ti_sysbios_BIOS_RtsGateProxy_leave__E)
                  00005928    00000004     sysbios.aem3 : BIOS.obj (.text:ti_sysbios_family_arm_lm3_Timer_getPeriod__E)
                  0000592c    00000004     app_pem3.oem3 (.text:ti_sysbios_family_arm_m3_TaskSupport_Module__startupDone__S)
                  00005930    00000004     sysbios.aem3 : BIOS.obj (.text:ti_sysbios_gates_GateHwi_query__F)
                  00005934    00000004                  : BIOS.obj (.text:ti_sysbios_gates_GateMutex_query__F)
                  00005938    00000004     app_pem3.oem3 (.text:ti_sysbios_hal_Hwi_HwiProxy_Module__startupDone__S)
                  0000593c    00000004     app_pem3.oem3 (.text:ti_sysbios_hal_Timer_TimerProxy_Module__startupDone__S)
                  00005940    00000004     app_pem3.oem3 (.text:ti_sysbios_hal_Timer_TimerProxy_getPeriod__E)
                  00005944    00000004     app_pem3.oem3 (.text:ti_sysbios_heaps_HeapMem_Module_GateProxy_enter__E)
                  00005948    00000004     app_pem3.oem3 (.text:ti_sysbios_heaps_HeapMem_Module_GateProxy_leave__E)
                  0000594c    00000004     app_pem3.oem3 (.text:ti_sysbios_knl_Task_SupportProxy_Module__startupDone__S)
                  00005950    00000004     sysbios.aem3 : BIOS.obj (.text:ti_sysbios_knl_Task_startup__E)
                  00005954    00000004     ti.targets.arm.rtsarm.aem3 : Error.oem3 (.text:xdc_runtime_Error_getSite__F)
                  00005958    00000004     app_pem3.oem3 (.text:xdc_runtime_LoggerBuf_Module_GateProxy_enter__E)
                  0000595c    00000004     app_pem3.oem3 (.text:xdc_runtime_LoggerBuf_Module_GateProxy_leave__E)
                  00005960    00000004     app_pem3.oem3 (.text:xdc_runtime_Memory_HeapProxy_alloc__E)
                  00005964    00000004     app_pem3.oem3 (.text:xdc_runtime_Memory_HeapProxy_free__E)
                  00005968    00000004     app_pem3.oem3 (.text:xdc_runtime_Startup_reset__I)
                  0000596c    00000004     app_pem3.oem3 (.text:xdc_runtime_System_Module_GateProxy_enter__E)
                  00005970    00000004     app_pem3.oem3 (.text:xdc_runtime_System_Module_GateProxy_leave__E)
                  00005974    00000004     ti.targets.arm.rtsarm.aem3 : System.oem3 (.text:xdc_runtime_System_aprintf_va__F)
                  00005978    00000004                                : System.oem3 (.text:xdc_runtime_System_printf_va__F)
                  0000597c    00000004     app_pem3.oem3 (.text:xdc_runtime_System_vsnprintf__E)

.const     0    00005980    00001e11     
                  00005980    00001690     app_pem3.oem3 (.const:xdc_runtime_Text_charTab__A)
                  00007010    000000bc     app_pem3.oem3 (.const:xdc_runtime_Text_nodeTab__A)
                  000070cc    0000006c     driverlib-cm3.lib : sysctl.obj (.const:g_pulXtals)
                  00007138    00000050     app_pem3.oem3 (.const:ti_sysbios_family_arm_m3_Hwi_priorities__A)
                  00007188    00000048     app_pem3.oem3 (.const:.string)
                  000071d0    00000040     driverlib-cm3.lib : sysctl.obj (.const)
                  00007210    0000003c     app_pem3.oem3 (.const:xdc_runtime_LoggerBuf_Module__FXNS__C)
                  0000724c    00000030     app_pem3.oem3 (.const:xdc_runtime_Startup_sfxnTab__A)
                  0000727c    00000028     app_pem3.oem3 (.const:ti_sysbios_heaps_HeapMem_Module__FXNS__C)
                  000072a4    00000024     app_pem3.oem3 (.const:ti_sysbios_gates_GateHwi_Module__FXNS__C)
                  000072c8    00000024     app_pem3.oem3 (.const:ti_sysbios_gates_GateMutex_Module__FXNS__C)
                  000072ec    00000024     app_pem3.oem3 (.const:ti_sysbios_heaps_HeapMem_Object__PARAMS__C)
                  00007310    00000024     app_pem3.oem3 (.const:ti_sysbios_knl_Semaphore_Object__PARAMS__C)
                  00007334    00000024     app_pem3.oem3 (.const:xdc_runtime_LoggerBuf_Object__PARAMS__C)
                  00007358    00000020     app_pem3.oem3 (.const:ti_sysbios_gates_GateHwi_Object__DESC__C)
                  00007378    00000020     app_pem3.oem3 (.const:ti_sysbios_gates_GateMutex_Object__DESC__C)
                  00007398    00000020     app_pem3.oem3 (.const:ti_sysbios_heaps_HeapMem_Object__DESC__C)
                  000073b8    00000020     app_pem3.oem3 (.const:ti_sysbios_knl_Queue_Object__DESC__C)
                  000073d8    00000020     app_pem3.oem3 (.const:ti_sysbios_knl_Semaphore_Object__DESC__C)
                  000073f8    00000020     app_pem3.oem3 (.const:xdc_runtime_LoggerBuf_Object__DESC__C)
                  00007418    00000018     app_pem3.oem3 (.const:ti_sysbios_gates_GateHwi_Object__PARAMS__C)
                  00007430    00000018     app_pem3.oem3 (.const:ti_sysbios_gates_GateMutex_Object__PARAMS__C)
                  00007448    00000018     app_pem3.oem3 (.const:ti_sysbios_knl_Queue_Object__PARAMS__C)
                  00007460    00000018     app_pem3.oem3 (.const:ti_sysbios_knl_Task_hooks__A)
                  00007478    00000018     app_pem3.oem3 (.const:xdc_runtime_Startup_sfxnRts__A)
                  00007490    00000011     ti.targets.arm.rtsarm.aem3 : System.oem3 (.const)
                  000074a1    00000003     --HOLE-- [fill = 0]
                  000074a4    00000010     app_pem3.oem3 (.const:xdc_runtime_Startup_firstFxns__A)
                  000074b4    0000000c     app_pem3.oem3 (.const)
                  000074c0    00000008     app_pem3.oem3 (.const:ti_sysbios_family_arm_m3_Hwi_excHookFuncs__A)
                  000074c8    00000008     app_pem3.oem3 (.const:ti_sysbios_knl_Idle_coreList__C)
                  000074d0    00000008     app_pem3.oem3 (.const:ti_sysbios_knl_Idle_funcList__C)
                  000074d8    00000008     app_pem3.oem3 (.const:ti_sysbios_knl_Task_hooks__C)
                  000074e0    00000008     app_pem3.oem3 (.const:xdc_runtime_Startup_firstFxns__C)
                  000074e8    00000008     app_pem3.oem3 (.const:xdc_runtime_Startup_lastFxns__A)
                  000074f0    00000008     app_pem3.oem3 (.const:xdc_runtime_Startup_lastFxns__C)
                  000074f8    00000004     app_pem3.oem3 (.const:ti_sysbios_BIOS_Module__diagsEnabled__C)
                  000074fc    00000004     app_pem3.oem3 (.const:ti_sysbios_BIOS_Module__diagsIncluded__C)
                  00007500    00000004     app_pem3.oem3 (.const:ti_sysbios_BIOS_Module__diagsMask__C)
                  00007504    00000004     app_pem3.oem3 (.const:ti_sysbios_BIOS_installedErrorHook__C)
                  00007508    00000004     app_pem3.oem3 (.const:ti_sysbios_family_arm_lm3_Timer_WRALLOW__C)
                  0000750c    00000004     app_pem3.oem3 (.const:ti_sysbios_family_arm_lm3_Timer_numTimerDevices__C)
                  00007510    00000004     app_pem3.oem3 (.const:ti_sysbios_family_arm_lm3_Timer_startupNeeded__C)
                  00007514    00000004     app_pem3.oem3 (.const:ti_sysbios_family_arm_m3_Hwi_E_NMI__C)
                  00007518    00000004     app_pem3.oem3 (.const:ti_sysbios_family_arm_m3_Hwi_E_busFault__C)
                  0000751c    00000004     app_pem3.oem3 (.const:ti_sysbios_family_arm_m3_Hwi_E_debugMon__C)
                  00007520    00000004     app_pem3.oem3 (.const:ti_sysbios_family_arm_m3_Hwi_E_hardFault__C)
                  00007524    00000004     app_pem3.oem3 (.const:ti_sysbios_family_arm_m3_Hwi_E_memFault__C)
                  00007528    00000004     app_pem3.oem3 (.const:ti_sysbios_family_arm_m3_Hwi_E_noIsr__C)
                  0000752c    00000004     app_pem3.oem3 (.const:ti_sysbios_family_arm_m3_Hwi_E_reserved__C)
                  00007530    00000004     app_pem3.oem3 (.const:ti_sysbios_family_arm_m3_Hwi_E_svCall__C)
                  00007534    00000004     app_pem3.oem3 (.const:ti_sysbios_family_arm_m3_Hwi_E_usageFault__C)
                  00007538    00000004     app_pem3.oem3 (.const:ti_sysbios_family_arm_m3_Hwi_LD_end__C)
                  0000753c    00000004     app_pem3.oem3 (.const:ti_sysbios_family_arm_m3_Hwi_LM_begin__C)
                  00007540    00000004     app_pem3.oem3 (.const:ti_sysbios_family_arm_m3_Hwi_Module__diagsEnabled__C)
                  00007544    00000004     app_pem3.oem3 (.const:ti_sysbios_family_arm_m3_Hwi_Module__diagsIncluded__C)
                  00007548    00000004     app_pem3.oem3 (.const:ti_sysbios_family_arm_m3_Hwi_Module__diagsMask__C)
                  0000754c    00000004     app_pem3.oem3 (.const:ti_sysbios_family_arm_m3_Hwi_Module__loggerFxn1__C)
                  00007550    00000004     app_pem3.oem3 (.const:ti_sysbios_family_arm_m3_Hwi_Module__loggerFxn8__C)
                  00007554    00000004     app_pem3.oem3 (.const:ti_sysbios_family_arm_m3_Hwi_Module__loggerObj__C)
                  00007558    00000004     app_pem3.oem3 (.const:ti_sysbios_family_arm_m3_Hwi_NUM_INTERRUPTS__C)
                  0000755c    00000004     app_pem3.oem3 (.const:ti_sysbios_family_arm_m3_Hwi_ccr__C)
                  00007560    00000004     app_pem3.oem3 (.const:ti_sysbios_family_arm_m3_Hwi_dispatchTable__C)
                  00007564    00000004     app_pem3.oem3 (.const:ti_sysbios_family_arm_m3_Hwi_excHandlerFunc__C)
                  00007568    00000004     app_pem3.oem3 (.const:ti_sysbios_family_arm_m3_Hwi_excHookFuncs__C)
                  0000756c    00000004     app_pem3.oem3 (.const:ti_sysbios_family_arm_m3_Hwi_priGroup__C)
                  00007570    00000004     app_pem3.oem3 (.const:ti_sysbios_family_arm_m3_Hwi_priorities__C)
                  00007574    00000004     app_pem3.oem3 (.const:ti_sysbios_gates_GateMutex_A_badContext__C)
                  00007578    00000004     app_pem3.oem3 (.const:ti_sysbios_gates_GateMutex_Instance_State_sem__O)
                  0000757c    00000004     app_pem3.oem3 (.const:ti_sysbios_gates_GateMutex_Module__diagsEnabled__C)
                  00007580    00000004     app_pem3.oem3 (.const:ti_sysbios_gates_GateMutex_Module__diagsIncluded__C)
                  00007584    00000004     app_pem3.oem3 (.const:ti_sysbios_gates_GateMutex_Module__diagsMask__C)
                  00007588    00000004     app_pem3.oem3 (.const:ti_sysbios_hal_Hwi_E_stackOverflow__C)
                  0000758c    00000004     app_pem3.oem3 (.const:ti_sysbios_heaps_HeapMem_A_align__C)
                  00007590    00000004     app_pem3.oem3 (.const:ti_sysbios_heaps_HeapMem_A_heapSize__C)
                  00007594    00000004     app_pem3.oem3 (.const:ti_sysbios_heaps_HeapMem_A_invalidFree__C)
                  00007598    00000004     app_pem3.oem3 (.const:ti_sysbios_heaps_HeapMem_A_zeroBlock__C)
                  0000759c    00000004     app_pem3.oem3 (.const:ti_sysbios_heaps_HeapMem_E_memory__C)
                  000075a0    00000004     app_pem3.oem3 (.const:ti_sysbios_heaps_HeapMem_Module__diagsEnabled__C)
                  000075a4    00000004     app_pem3.oem3 (.const:ti_sysbios_heaps_HeapMem_Module__diagsIncluded__C)
                  000075a8    00000004     app_pem3.oem3 (.const:ti_sysbios_heaps_HeapMem_Module__diagsMask__C)
                  000075ac    00000004     app_pem3.oem3 (.const:ti_sysbios_heaps_HeapMem_Module__gateObj__C)
                  000075b0    00000004     app_pem3.oem3 (.const:ti_sysbios_heaps_HeapMem_Object__count__C)
                  000075b4    00000004     app_pem3.oem3 (.const:ti_sysbios_heaps_HeapMem_reqAlign__C)
                  000075b8    00000004     app_pem3.oem3 (.const:ti_sysbios_knl_Clock_LM_begin__C)
                  000075bc    00000004     app_pem3.oem3 (.const:ti_sysbios_knl_Clock_LM_tick__C)
                  000075c0    00000004     app_pem3.oem3 (.const:ti_sysbios_knl_Clock_LW_delayed__C)
                  000075c4    00000004     app_pem3.oem3 (.const:ti_sysbios_knl_Clock_Module_State_clockQ__O)
                  000075c8    00000004     app_pem3.oem3 (.const:ti_sysbios_knl_Clock_Module__diagsEnabled__C)
                  000075cc    00000004     app_pem3.oem3 (.const:ti_sysbios_knl_Clock_Module__diagsIncluded__C)
                  000075d0    00000004     app_pem3.oem3 (.const:ti_sysbios_knl_Clock_Module__diagsMask__C)
                  000075d4    00000004     app_pem3.oem3 (.const:ti_sysbios_knl_Clock_Module__loggerFxn1__C)
                  000075d8    00000004     app_pem3.oem3 (.const:ti_sysbios_knl_Clock_Module__loggerFxn2__C)
                  000075dc    00000004     app_pem3.oem3 (.const:ti_sysbios_knl_Clock_Module__loggerObj__C)
                  000075e0    00000004     app_pem3.oem3 (.const:ti_sysbios_knl_Idle_coreList__A)
                  000075e4    00000004     app_pem3.oem3 (.const:ti_sysbios_knl_Idle_funcList__A)
                  000075e8    00000004     app_pem3.oem3 (.const:ti_sysbios_knl_Mailbox_Instance_State_freeQue__O)
                  000075ec    00000004     app_pem3.oem3 (.const:ti_sysbios_knl_Mailbox_Object__count__C)
                  000075f0    00000004     app_pem3.oem3 (.const:ti_sysbios_knl_Semaphore_A_badContext__C)
                  000075f4    00000004     app_pem3.oem3 (.const:ti_sysbios_knl_Semaphore_A_noEvents__C)
                  000075f8    00000004     app_pem3.oem3 (.const:ti_sysbios_knl_Semaphore_A_overflow__C)
                  000075fc    00000004     app_pem3.oem3 (.const:ti_sysbios_knl_Semaphore_A_pendTaskDisabled__C)
                  00007600    00000004     app_pem3.oem3 (.const:ti_sysbios_knl_Semaphore_Instance_State_pendQ__O)
                  00007604    00000004     app_pem3.oem3 (.const:ti_sysbios_knl_Semaphore_LM_pend__C)
                  00007608    00000004     app_pem3.oem3 (.const:ti_sysbios_knl_Semaphore_LM_post__C)
                  0000760c    00000004     app_pem3.oem3 (.const:ti_sysbios_knl_Semaphore_Module__diagsEnabled__C)
                  00007610    00000004     app_pem3.oem3 (.const:ti_sysbios_knl_Semaphore_Module__diagsIncluded__C)
                  00007614    00000004     app_pem3.oem3 (.const:ti_sysbios_knl_Semaphore_Module__diagsMask__C)
                  00007618    00000004     app_pem3.oem3 (.const:ti_sysbios_knl_Semaphore_Module__loggerFxn2__C)
                  0000761c    00000004     app_pem3.oem3 (.const:ti_sysbios_knl_Semaphore_Module__loggerFxn4__C)
                  00007620    00000004     app_pem3.oem3 (.const:ti_sysbios_knl_Semaphore_Module__loggerObj__C)
                  00007624    00000004     app_pem3.oem3 (.const:ti_sysbios_knl_Swi_LD_end__C)
                  00007628    00000004     app_pem3.oem3 (.const:ti_sysbios_knl_Swi_LM_begin__C)
                  0000762c    00000004     app_pem3.oem3 (.const:ti_sysbios_knl_Swi_LM_post__C)
                  00007630    00000004     app_pem3.oem3 (.const:ti_sysbios_knl_Swi_Module__diagsEnabled__C)
                  00007634    00000004     app_pem3.oem3 (.const:ti_sysbios_knl_Swi_Module__diagsIncluded__C)
                  00007638    00000004     app_pem3.oem3 (.const:ti_sysbios_knl_Swi_Module__diagsMask__C)
                  0000763c    00000004     app_pem3.oem3 (.const:ti_sysbios_knl_Swi_Module__loggerFxn1__C)
                  00007640    00000004     app_pem3.oem3 (.const:ti_sysbios_knl_Swi_Module__loggerFxn4__C)
                  00007644    00000004     app_pem3.oem3 (.const:ti_sysbios_knl_Swi_Module__loggerObj__C)
                  00007648    00000004     app_pem3.oem3 (.const:ti_sysbios_knl_Swi_Object__count__C)
                  0000764c    00000004     app_pem3.oem3 (.const:ti_sysbios_knl_Task_E_spOutOfBounds__C)
                  00007650    00000004     app_pem3.oem3 (.const:ti_sysbios_knl_Task_E_stackOverflow__C)
                  00007654    00000004     app_pem3.oem3 (.const:ti_sysbios_knl_Task_LD_block__C)
                  00007658    00000004     app_pem3.oem3 (.const:ti_sysbios_knl_Task_LD_exit__C)
                  0000765c    00000004     app_pem3.oem3 (.const:ti_sysbios_knl_Task_LD_ready__C)
                  00007660    00000004     app_pem3.oem3 (.const:ti_sysbios_knl_Task_LM_switch__C)
                  00007664    00000004     app_pem3.oem3 (.const:ti_sysbios_knl_Task_Module_State_inactiveQ__O)
                  00007668    00000004     app_pem3.oem3 (.const:ti_sysbios_knl_Task_Module__diagsEnabled__C)
                  0000766c    00000004     app_pem3.oem3 (.const:ti_sysbios_knl_Task_Module__diagsIncluded__C)
                  00007670    00000004     app_pem3.oem3 (.const:ti_sysbios_knl_Task_Module__diagsMask__C)
                  00007674    00000004     app_pem3.oem3 (.const:ti_sysbios_knl_Task_Module__loggerFxn2__C)
                  00007678    00000004     app_pem3.oem3 (.const:ti_sysbios_knl_Task_Module__loggerFxn4__C)
                  0000767c    00000004     app_pem3.oem3 (.const:ti_sysbios_knl_Task_Module__loggerObj__C)
                  00007680    00000004     app_pem3.oem3 (.const:ti_sysbios_knl_Task_Object__count__C)
                  00007684    00000004     app_pem3.oem3 (.const:ti_sysbios_knl_Task_allBlockedFunc__C)
                  00007688    00000004     app_pem3.oem3 (.const:ti_sysbios_knl_Task_numConstructedTasks__C)
                  0000768c    00000004     app_pem3.oem3 (.const:xdc_runtime_Assert_E_assertFailed__C)
                  00007690    00000004     app_pem3.oem3 (.const:xdc_runtime_Core_A_initializedParams__C)
                  00007694    00000004     app_pem3.oem3 (.const:xdc_runtime_Core_Module__diagsEnabled__C)
                  00007698    00000004     app_pem3.oem3 (.const:xdc_runtime_Core_Module__diagsIncluded__C)
                  0000769c    00000004     app_pem3.oem3 (.const:xdc_runtime_Core_Module__diagsMask__C)
                  000076a0    00000004     app_pem3.oem3 (.const:xdc_runtime_Error_E_memory__C)
                  000076a4    00000004     app_pem3.oem3 (.const:xdc_runtime_Error_Module__diagsEnabled__C)
                  000076a8    00000004     app_pem3.oem3 (.const:xdc_runtime_Error_Module__diagsIncluded__C)
                  000076ac    00000004     app_pem3.oem3 (.const:xdc_runtime_Error_Module__diagsMask__C)
                  000076b0    00000004     app_pem3.oem3 (.const:xdc_runtime_Error_Module__loggerFxn8__C)
                  000076b4    00000004     app_pem3.oem3 (.const:xdc_runtime_Error_Module__loggerObj__C)
                  000076b8    00000004     app_pem3.oem3 (.const:xdc_runtime_Error_raiseHook__C)
                  000076bc    00000004     app_pem3.oem3 (.const:xdc_runtime_IFilterLogger_Interface__BASE__C)
                  000076c0    00000004     app_pem3.oem3 (.const:xdc_runtime_IGateProvider_Interface__BASE__C)
                  000076c4    00000004     app_pem3.oem3 (.const:xdc_runtime_IHeap_Interface__BASE__C)
                  000076c8    00000004     app_pem3.oem3 (.const:xdc_runtime_ILogger_Interface__BASE__C)
                  000076cc    00000004     app_pem3.oem3 (.const:xdc_runtime_IModule_Interface__BASE__C)
                  000076d0    00000004     app_pem3.oem3 (.const:xdc_runtime_Log_L_error__C)
                  000076d4    00000004     app_pem3.oem3 (.const:xdc_runtime_LoggerBuf_E_badLevel__C)
                  000076d8    00000004     app_pem3.oem3 (.const:xdc_runtime_LoggerBuf_Module__gateObj__C)
                  000076dc    00000004     app_pem3.oem3 (.const:xdc_runtime_LoggerBuf_Object__count__C)
                  000076e0    00000004     app_pem3.oem3 (.const:xdc_runtime_LoggerBuf_statusLogger__C)
                  000076e4    00000004     app_pem3.oem3 (.const:xdc_runtime_Memory_defaultHeapInstance__C)
                  000076e8    00000004     app_pem3.oem3 (.const:xdc_runtime_Startup_execImpl__C)
                  000076ec    00000004     app_pem3.oem3 (.const:xdc_runtime_Startup_maxPasses__C)
                  000076f0    00000004     app_pem3.oem3 (.const:xdc_runtime_Startup_sfxnRts__C)
                  000076f4    00000004     app_pem3.oem3 (.const:xdc_runtime_Startup_sfxnTab__C)
                  000076f8    00000004     app_pem3.oem3 (.const:xdc_runtime_SysMin_bufSize__C)
                  000076fc    00000004     app_pem3.oem3 (.const:xdc_runtime_SysMin_outputFunc__C)
                  00007700    00000004     app_pem3.oem3 (.const:xdc_runtime_System_Module__gateObj__C)
                  00007704    00000004     app_pem3.oem3 (.const:xdc_runtime_System_extendFxn__C)
                  00007708    00000004     app_pem3.oem3 (.const:xdc_runtime_System_maxAtexitHandlers__C)
                  0000770c    00000004     app_pem3.oem3 (.const:xdc_runtime_Text_charTab__C)
                  00007710    00000004     app_pem3.oem3 (.const:xdc_runtime_Text_nameEmpty__C)
                  00007714    00000004     app_pem3.oem3 (.const:xdc_runtime_Text_nameStatic__C)
                  00007718    00000004     app_pem3.oem3 (.const:xdc_runtime_Text_nameUnknown__C)
                  0000771c    00000004     app_pem3.oem3 (.const:xdc_runtime_Text_nodeTab__C)
                  00007720    00000004     app_pem3.oem3 (.const:xdc_runtime_Text_visitRopeFxn__C)
                  00007724    00000002     app_pem3.oem3 (.const:ti_sysbios_BIOS_Module__id__C)
                  00007726    00000002     --HOLE-- [fill = 0]
                  00007728    00000002     app_pem3.oem3 (.const:ti_sysbios_family_arm_lm3_TimestampProvider_useClockTimer__C)
                  0000772a    00000002     --HOLE-- [fill = 0]
                  0000772c    00000002     app_pem3.oem3 (.const:ti_sysbios_family_arm_m3_Hwi_Module__id__C)
                  0000772e    00000002     --HOLE-- [fill = 0]
                  00007730    00000002     app_pem3.oem3 (.const:ti_sysbios_family_arm_m3_Hwi_Module__loggerDefined__C)
                  00007732    00000002     --HOLE-- [fill = 0]
                  00007734    00000002     app_pem3.oem3 (.const:ti_sysbios_gates_GateMutex_Module__id__C)
                  00007736    00000002     --HOLE-- [fill = 0]
                  00007738    00000002     app_pem3.oem3 (.const:ti_sysbios_hal_Hwi_Module__id__C)
                  0000773a    00000002     --HOLE-- [fill = 0]
                  0000773c    00000002     app_pem3.oem3 (.const:ti_sysbios_heaps_HeapMem_Module__id__C)
                  0000773e    00000002     --HOLE-- [fill = 0]
                  00007740    00000002     app_pem3.oem3 (.const:ti_sysbios_knl_Clock_Module__id__C)
                  00007742    00000002     --HOLE-- [fill = 0]
                  00007744    00000002     app_pem3.oem3 (.const:ti_sysbios_knl_Clock_Module__loggerDefined__C)
                  00007746    00000002     --HOLE-- [fill = 0]
                  00007748    00000002     app_pem3.oem3 (.const:ti_sysbios_knl_Semaphore_Module__id__C)
                  0000774a    00000002     --HOLE-- [fill = 0]
                  0000774c    00000002     app_pem3.oem3 (.const:ti_sysbios_knl_Semaphore_Module__loggerDefined__C)
                  0000774e    00000002     --HOLE-- [fill = 0]
                  00007750    00000002     app_pem3.oem3 (.const:ti_sysbios_knl_Swi_Module__id__C)
                  00007752    00000002     --HOLE-- [fill = 0]
                  00007754    00000002     app_pem3.oem3 (.const:ti_sysbios_knl_Swi_Module__loggerDefined__C)
                  00007756    00000002     --HOLE-- [fill = 0]
                  00007758    00000002     app_pem3.oem3 (.const:ti_sysbios_knl_Task_Module__id__C)
                  0000775a    00000002     --HOLE-- [fill = 0]
                  0000775c    00000002     app_pem3.oem3 (.const:ti_sysbios_knl_Task_Module__loggerDefined__C)
                  0000775e    00000002     --HOLE-- [fill = 0]
                  00007760    00000002     app_pem3.oem3 (.const:ti_sysbios_knl_Task_initStackFlag__C)
                  00007762    00000002     --HOLE-- [fill = 0]
                  00007764    00000002     app_pem3.oem3 (.const:xdc_runtime_Core_Module__id__C)
                  00007766    00000002     --HOLE-- [fill = 0]
                  00007768    00000002     app_pem3.oem3 (.const:xdc_runtime_Error_Module__loggerDefined__C)
                  0000776a    00000002     --HOLE-- [fill = 0]
                  0000776c    00000002     app_pem3.oem3 (.const:xdc_runtime_Error_maxDepth__C)
                  0000776e    00000002     --HOLE-- [fill = 0]
                  00007770    00000002     app_pem3.oem3 (.const:xdc_runtime_LoggerBuf_Module__id__C)
                  00007772    00000002     --HOLE-- [fill = 0]
                  00007774    00000002     app_pem3.oem3 (.const:xdc_runtime_LoggerBuf_filterByLevel__C)
                  00007776    00000002     --HOLE-- [fill = 0]
                  00007778    00000002     app_pem3.oem3 (.const:xdc_runtime_Memory_Module__id__C)
                  0000777a    00000002     --HOLE-- [fill = 0]
                  0000777c    00000002     app_pem3.oem3 (.const:xdc_runtime_SysMin_flushAtExit__C)
                  0000777e    00000002     --HOLE-- [fill = 0]
                  00007780    00000002     app_pem3.oem3 (.const:xdc_runtime_Text_charCnt__C)
                  00007782    00000002     --HOLE-- [fill = 0]
                  00007784    00000002     app_pem3.oem3 (.const:xdc_runtime_Text_isLoaded__C)
                  00007786    00000002     --HOLE-- [fill = 0]
                  00007788    00000002     app_pem3.oem3 (.const:xdc_runtime_Text_registryModsLastId__C)
                  0000778a    00000002     --HOLE-- [fill = 0]
                  0000778c    00000002     app_pem3.oem3 (.const:xdc_runtime_Text_unnamedModsLastId__C)
                  0000778e    00000002     --HOLE-- [fill = 0]
                  00007790    00000001     app_pem3.oem3 (.const:xdc_runtime_Error_policy__C)

.cinit     0    00007798    00000400     
                  00007798    000003cb     (.cinit..data.load) [load image, compression = rle]
                  00007b63    00000001     --HOLE-- [fill = 0]
                  00007b64    0000000c     (__TI_handler_table)
                  00007b70    00000008     (.cinit..bss.load) [load image, compression = zero_init]
                  00007b78    00000008     (.cinit..vecs.load) [load image, compression = zero_init]
                  00007b80    00000018     (__TI_cinit_table)

.vecs      0    20000000    00000140     UNINITIALIZED
                  20000000    00000140     app_pem3.oem3 (.vecs)

.stack     0    20000140    00002000     UNINITIALIZED
                  20000140    00002000     --HOLE--

.bss       0    20002140    00001730     UNINITIALIZED
                  20002140    00001000     app_pem3.oem3 (.bss:ti_sysbios_heaps_HeapMem_Instance_State_0_buf__A)
                  20003140    00000200     app_pem3.oem3 (.bss:taskStackSection)
                  20003340    00000200     app_pem3.oem3 (.bss:xdc_runtime_LoggerBuf_Instance_State_0_entryArr__A)
                  20003540    00000200     app_pem3.oem3 (.bss:xdc_runtime_SysMin_Module_State_0_outbuf__A)
                  20003740    00000120     rtsv7M3_T_le_eabi.lib : trgmsg.obj (.bss:__CIOBUF_)
                  20003860    00000008                           : trgdrv.obj (.bss)
                  20003868    00000004     app_pem3.oem3 (.bss)
                  2000386c    00000004     main.obj (.bss)

.data      0    20003870    00000650     
                  20003870    000001a0     app_pem3.oem3 (.data)
                  20003a10    00000140     app_pem3.oem3 (.data:ti_sysbios_family_arm_m3_Hwi_Module_State_0_dispatchTable__A)
                  20003b50    00000080     app_pem3.oem3 (.data:ti_sysbios_knl_Swi_Module_State_0_readyQ__A)
                  20003bd0    00000080     app_pem3.oem3 (.data:ti_sysbios_knl_Task_Module_State_0_readyQ__A)
                  20003c50    00000060     app_pem3.oem3 (.data:ti_sysbios_family_arm_lm3_Timer_Object__table__V)
                  20003cb0    00000054     app_pem3.oem3 (.data:ti_sysbios_family_arm_m3_Hwi_Module__state__V)
                  20003d04    0000004c     app_pem3.oem3 (.data:ti_sysbios_knl_Task_Object__table__V)
                  20003d50    00000048     app_pem3.oem3 (.data:ti_sysbios_family_arm_m3_Hwi_Object__table__V)
                  20003d98    00000044     app_pem3.oem3 (.data:ti_sysbios_knl_Task_Module__state__V)
                  20003ddc    00000038     app_pem3.oem3 (.data:ti_sysbios_gates_GateMutex_Object__table__V)
                  20003e14    00000030     app_pem3.oem3 (.data:ti_sysbios_knl_Swi_Object__table__V)
                  20003e44    00000028     app_pem3.oem3 (.data:ti_sysbios_knl_Clock_Module__state__V)
                  20003e6c    00000024     app_pem3.oem3 (.data:xdc_runtime_LoggerBuf_Object__table__V)
                  20003e90    00000018     main.obj (.data)
                  20003ea8    00000008     rtsv7M3_T_le_eabi.lib : _lock.obj (.data)
                  20003eb0    00000008                           : exit.obj (.data)
                  20003eb8    00000004                           : dtor_list.obj (.data)
                  20003ebc    00000004                           : stkdepth_vars.obj (.data)


LINKER GENERATED COPY TABLES

__TI_cinit_table @ 00007b80 records: 3, size/record: 8, table size: 24
	.data: load addr=00007798, load size=000003cb bytes, run addr=20003870, run size=00000650 bytes, compression=rle
	.bss: load addr=00007b70, load size=00000008 bytes, run addr=20002140, run size=00001730 bytes, compression=zero_init
	.vecs: load addr=00007b78, load size=00000008 bytes, run addr=20000000, run size=00000140 bytes, compression=zero_init


LINKER GENERATED HANDLER TABLE

__TI_handler_table @ 00007b64 records: 3, size/record: 4, table size: 12
	index: 0, handler: __TI_zero_init
	index: 1, handler: __TI_decompress_rle24
	index: 2, handler: __TI_decompress_none


GLOBAL SYMBOLS: SORTED ALPHABETICALLY BY Name 

address    name
--------   ----
000048f9   C$$EXIT
000041d3   C$$IO$$
000057f9   CPUcpsid
00005805   CPUcpsie
000058c5   ComparatorConfigure
0000591d   ComparatorRefSet
00004e8d   GPIODirModeSet
00002f9d   GPIOPadConfigSet
00000b3b   HOSTclock
00000b01   HOSTclose
00000ac3   HOSTgetenv
00000a67   HOSTlseek
00000a17   HOSTopen
000009c9   HOSTread
00000969   HOSTrename
0000092d   HOSTtime
000008f3   HOSTunlink
000008a5   HOSTwrite
00005889   IntMasterDisable
00005893   IntMasterEnable
00005295   LoggerBuf_instanceStartup
UNDEFED    SHT$$INIT_ARRAY$$Base
UNDEFED    SHT$$INIT_ARRAY$$Limit
0000163d   SysCtlClockGet
000043e1   SysCtlPeripheralEnable
20003d04   TSK_idle
00001529   Timer0A_ISR
00001581   Timer1A_ISR
00005069   TimerConfigure
000055f5   TimerControlEvent
0000552d   TimerDisable
000057b5   TimerEnable
000058cd   TimerIntEnable
00005607   TimerLoadSet
00000000   __ASM__
20003740   __CIOBUF_
00000081   __ISA__
00000093   __PLAT__
20002140   __STACK_END
00002000   __STACK_SIZE
20000340   __STACK_TOP
000000b9   __TARG__
00007b80   __TI_CINIT_Base
00007b98   __TI_CINIT_Limit
00007b64   __TI_Handler_Table_Base
00007b70   __TI_Handler_Table_Limit
00000001   __TI_args_main
00003749   __TI_auto_init
000057c3   __TI_decompress_none
000058f9   __TI_decompress_rle24
00000000   __TI_static_base__
00005619   __TI_zero_init
000000de   __TRDR__
00002d5f   __aeabi_atexit
00004aa9   __aeabi_f2iz
00004c31   __aeabi_f2uiz
00003af1   __aeabi_fdiv
00003e95   __aeabi_fmul
00003f0f   __aeabi_memclr
00003f0f   __aeabi_memclr4
00003f0f   __aeabi_memclr8
00003889   __aeabi_memcpy
00003889   __aeabi_memcpy4
00003889   __aeabi_memcpy8
00003f11   __aeabi_memset
00003f11   __aeabi_memset4
00003f11   __aeabi_memset8
0000508d   __aeabi_ui2f
ffffffff   __binit__
ffffffff   __c_args__
00002d4d   __cxa_atexit
00002d09   __cxa_finalize
00002d47   __cxa_ia64_exit
20000140   __stack
000058f3   __xdc__init
20003a0c   __xdc__init__addr
0000549d   _args_main
000046d9   _c_int00
20003eb0   _cleanup_ptr
20003eb4   _dtors_ptr
20003ea8   _lock
0000554f   _nop
00005547   _register_lock
00005541   _register_unlock
20003eac   _unlock
000048fd   abort
00002d51   atexit
ffffffff   binit
000074b8   clock0
0000471d   copy_in
00004905   exit
00005483   free
2000386c   g_SystemClock
20003e94   g_accumulatedPeriod
20003ea0   g_frequency
20003e98   g_numPeriods
20003e9c   g_periodDiff
20003e90   g_periodInit
000074bc   gateHwi0
000074b4   hwi0
00001469   main
20003ebc   main_func_sp
00004ebb   malloc
00003889   memcpy
00003f17   memset
000041d7   readmsg
0000562b   strcpy
00005555   strlen
000057ed   ti_catalog_arm_cortexm3_lm3init_Boot_init
000022f9   ti_catalog_arm_cortexm3_lm3init_Boot_sysCtlClockSet
000058ed   ti_catalog_arm_cortexm3_lm3init_Boot_sysCtlDelay
000074f8   ti_sysbios_BIOS_Module__diagsEnabled__C
000074fc   ti_sysbios_BIOS_Module__diagsIncluded__C
00007500   ti_sysbios_BIOS_Module__diagsMask__C
00007724   ti_sysbios_BIOS_Module__id__C
20003870   ti_sysbios_BIOS_Module__state__V
00005921   ti_sysbios_BIOS_RtsGateProxy_enter__E
00005925   ti_sysbios_BIOS_RtsGateProxy_leave__E
00005935   ti_sysbios_BIOS_RtsGateProxy_query__E
00004761   ti_sysbios_BIOS_errorRaiseHook__I
00004d9d   ti_sysbios_BIOS_exitFunc__I
00007504   ti_sysbios_BIOS_installedErrorHook__C
00003a5b   ti_sysbios_BIOS_nullFunc__I
000050b1   ti_sysbios_BIOS_registerRTSLock__I
000052f5   ti_sysbios_BIOS_rtsLock__I
00003f89   ti_sysbios_BIOS_rtsUnlock__I
000056b5   ti_sysbios_BIOS_setThreadType__E
000050d5   ti_sysbios_BIOS_startFunc__I
000056c5   ti_sysbios_BIOS_start__E
20003898   ti_sysbios_family_arm_lm3_Timer_Module_State_0_device__A
200038b0   ti_sysbios_family_arm_lm3_Timer_Module_State_0_handles__A
20003890   ti_sysbios_family_arm_lm3_Timer_Module__root__V
000054b5   ti_sysbios_family_arm_lm3_Timer_Module__startupDone__F
000054b5   ti_sysbios_family_arm_lm3_Timer_Module__startupDone__S
200038bc   ti_sysbios_family_arm_lm3_Timer_Module__state__V
00003d9d   ti_sysbios_family_arm_lm3_Timer_Module_startup__E
00003d9d   ti_sysbios_family_arm_lm3_Timer_Module_startup__F
20003c50   ti_sysbios_family_arm_lm3_Timer_Object__table__V
00007508   ti_sysbios_family_arm_lm3_Timer_WRALLOW__C
000047a5   ti_sysbios_family_arm_lm3_Timer_enableTimers__I
00005929   ti_sysbios_family_arm_lm3_Timer_getPeriod__E
00003b85   ti_sysbios_family_arm_lm3_Timer_initDevice__I
000050f9   ti_sysbios_family_arm_lm3_Timer_isrStub__E
0000750c   ti_sysbios_family_arm_lm3_Timer_numTimerDevices__C
00003e19   ti_sysbios_family_arm_lm3_Timer_start__E
00007510   ti_sysbios_family_arm_lm3_Timer_startupNeeded__C
00003065   ti_sysbios_family_arm_lm3_Timer_startup__E
200038c8   ti_sysbios_family_arm_lm3_TimestampProvider_Module__state__V
000058ff   ti_sysbios_family_arm_lm3_TimestampProvider_Module_startup__E
000058ff   ti_sysbios_family_arm_lm3_TimestampProvider_Module_startup__F
000037e9   ti_sysbios_family_arm_lm3_TimestampProvider_get64__E
000056d5   ti_sysbios_family_arm_lm3_TimestampProvider_rolloverFunc__E
0000581d   ti_sysbios_family_arm_lm3_TimestampProvider_startTimer__E
00007728   ti_sysbios_family_arm_lm3_TimestampProvider_useClockTimer__C
00007514   ti_sysbios_family_arm_m3_Hwi_E_NMI__C
00007518   ti_sysbios_family_arm_m3_Hwi_E_busFault__C
0000751c   ti_sysbios_family_arm_m3_Hwi_E_debugMon__C
00007520   ti_sysbios_family_arm_m3_Hwi_E_hardFault__C
00007524   ti_sysbios_family_arm_m3_Hwi_E_memFault__C
00007528   ti_sysbios_family_arm_m3_Hwi_E_noIsr__C
0000752c   ti_sysbios_family_arm_m3_Hwi_E_reserved__C
00007530   ti_sysbios_family_arm_m3_Hwi_E_svCall__C
00007534   ti_sysbios_family_arm_m3_Hwi_E_usageFault__C
00005381   ti_sysbios_family_arm_m3_Hwi_Handle__label__S
00007538   ti_sysbios_family_arm_m3_Hwi_LD_end__C
0000753c   ti_sysbios_family_arm_m3_Hwi_LM_begin__C
20003a10   ti_sysbios_family_arm_m3_Hwi_Module_State_0_dispatchTable__A
200038d8   ti_sysbios_family_arm_m3_Hwi_Module_State_0_excActive__A
200038dc   ti_sysbios_family_arm_m3_Hwi_Module_State_0_excContext__A
200038e0   ti_sysbios_family_arm_m3_Hwi_Module_State_0_excStack__A
00007540   ti_sysbios_family_arm_m3_Hwi_Module__diagsEnabled__C
00007544   ti_sysbios_family_arm_m3_Hwi_Module__diagsIncluded__C
00007548   ti_sysbios_family_arm_m3_Hwi_Module__diagsMask__C
0000772c   ti_sysbios_family_arm_m3_Hwi_Module__id__C
00007730   ti_sysbios_family_arm_m3_Hwi_Module__loggerDefined__C
0000754c   ti_sysbios_family_arm_m3_Hwi_Module__loggerFxn1__C
00007550   ti_sysbios_family_arm_m3_Hwi_Module__loggerFxn8__C
00007554   ti_sysbios_family_arm_m3_Hwi_Module__loggerObj__C
200038d0   ti_sysbios_family_arm_m3_Hwi_Module__root__V
000054cd   ti_sysbios_family_arm_m3_Hwi_Module__startupDone__F
000054cd   ti_sysbios_family_arm_m3_Hwi_Module__startupDone__S
20003cb0   ti_sysbios_family_arm_m3_Hwi_Module__state__V
000036a5   ti_sysbios_family_arm_m3_Hwi_Module_startup__E
000036a5   ti_sysbios_family_arm_m3_Hwi_Module_startup__F
00007558   ti_sysbios_family_arm_m3_Hwi_NUM_INTERRUPTS__C
20003d50   ti_sysbios_family_arm_m3_Hwi_Object__table__V
0000755c   ti_sysbios_family_arm_m3_Hwi_ccr__C
000047e9   ti_sysbios_family_arm_m3_Hwi_disableInterrupt__E
000020b5   ti_sysbios_family_arm_m3_Hwi_dispatchC__I
00007560   ti_sysbios_family_arm_m3_Hwi_dispatchTable__C
0000262d   ti_sysbios_family_arm_m3_Hwi_dispatch__I
000058d5   ti_sysbios_family_arm_m3_Hwi_doSwiRestore__I
0000511d   ti_sysbios_family_arm_m3_Hwi_doTaskRestore__I
0000482d   ti_sysbios_family_arm_m3_Hwi_enableInterrupt__E
000017d5   ti_sysbios_family_arm_m3_Hwi_excBusFault__I
000033f9   ti_sysbios_family_arm_m3_Hwi_excDebugMon__I
00000141   ti_sysbios_family_arm_m3_Hwi_excDumpRegs__I
00002711   ti_sysbios_family_arm_m3_Hwi_excHandlerAsm__I
00007564   ti_sysbios_family_arm_m3_Hwi_excHandlerFunc__C
0000127d   ti_sysbios_family_arm_m3_Hwi_excHandlerMax__I
000056e5   ti_sysbios_family_arm_m3_Hwi_excHandler__I
000031dd   ti_sysbios_family_arm_m3_Hwi_excHardFault__I
000074c0   ti_sysbios_family_arm_m3_Hwi_excHookFuncs__A
00007568   ti_sysbios_family_arm_m3_Hwi_excHookFuncs__C
00001a91   ti_sysbios_family_arm_m3_Hwi_excMemFault__I
00004c65   ti_sysbios_family_arm_m3_Hwi_excNmi__I
00004ae1   ti_sysbios_family_arm_m3_Hwi_excNoIsr__I
00004571   ti_sysbios_family_arm_m3_Hwi_excReserved__I
000049b9   ti_sysbios_family_arm_m3_Hwi_excSvCall__I
0000193d   ti_sysbios_family_arm_m3_Hwi_excUsageFault__I
00004b19   ti_sysbios_family_arm_m3_Hwi_getStackInfo__E
00002df5   ti_sysbios_family_arm_m3_Hwi_initNVIC__E
0000546b   ti_sysbios_family_arm_m3_Hwi_initStacks__E
e000e000   ti_sysbios_family_arm_m3_Hwi_nvic
000026df   ti_sysbios_family_arm_m3_Hwi_pendSV__I
0000756c   ti_sysbios_family_arm_m3_Hwi_priGroup__C
00007138   ti_sysbios_family_arm_m3_Hwi_priorities__A
00007570   ti_sysbios_family_arm_m3_Hwi_priorities__C
20000000   ti_sysbios_family_arm_m3_Hwi_ramVectors
00000000   ti_sysbios_family_arm_m3_Hwi_resetVectors
000026f7   ti_sysbios_family_arm_m3_Hwi_return
000058dd   ti_sysbios_family_arm_m3_Hwi_startup__E
00005569   ti_sysbios_family_arm_m3_Hwi_switchFromBootStack__E
0000592d   ti_sysbios_family_arm_m3_TaskSupport_Module__startupDone__S
000044d9   ti_sysbios_family_arm_m3_TaskSupport_buildTaskStack
000057d1   ti_sysbios_family_arm_m3_TaskSupport_checkStack__E
00005685   ti_sysbios_family_arm_m3_TaskSupport_glue
00004b51   ti_sysbios_family_arm_m3_TaskSupport_start__E
00005695   ti_sysbios_family_arm_m3_TaskSupport_swap__E
000056a5   ti_sysbios_family_xxx_Hwi_switchToIsrStack
00005811   ti_sysbios_family_xxx_Hwi_switchToTaskStack
0000539b   ti_sysbios_gates_GateHwi_Handle__label__S
00003b83   ti_sysbios_gates_GateHwi_Instance_init__F
000072a4   ti_sysbios_gates_GateHwi_Module__FXNS__C
200038e4   ti_sysbios_gates_GateHwi_Module__root__V
00007358   ti_sysbios_gates_GateHwi_Object__DESC__C
00007418   ti_sysbios_gates_GateHwi_Object__PARAMS__C
00004c99   ti_sysbios_gates_GateHwi_Object__create__S
000051f5   ti_sysbios_gates_GateHwi_Object__delete__S
200038ec   ti_sysbios_gates_GateHwi_Object__table__V
00005829   ti_sysbios_gates_GateHwi_enter__E
00005905   ti_sysbios_gates_GateHwi_leave__E
00005931   ti_sysbios_gates_GateHwi_query__E
00005931   ti_sysbios_gates_GateHwi_query__F
00007574   ti_sysbios_gates_GateMutex_A_badContext__C
000053b5   ti_sysbios_gates_GateMutex_Handle__label__S
00007578   ti_sysbios_gates_GateMutex_Instance_State_sem__O
000056f5   ti_sysbios_gates_GateMutex_Instance_finalize__F
00004ff1   ti_sysbios_gates_GateMutex_Instance_init__F
000072c8   ti_sysbios_gates_GateMutex_Module__FXNS__C
0000757c   ti_sysbios_gates_GateMutex_Module__diagsEnabled__C
00007580   ti_sysbios_gates_GateMutex_Module__diagsIncluded__C
00007584   ti_sysbios_gates_GateMutex_Module__diagsMask__C
00007734   ti_sysbios_gates_GateMutex_Module__id__C
200038f4   ti_sysbios_gates_GateMutex_Module__root__V
00007378   ti_sysbios_gates_GateMutex_Object__DESC__C
00007430   ti_sysbios_gates_GateMutex_Object__PARAMS__C
00004ccd   ti_sysbios_gates_GateMutex_Object__create__S
00005141   ti_sysbios_gates_GateMutex_Object__delete__S
20003ddc   ti_sysbios_gates_GateMutex_Object__table__V
00003291   ti_sysbios_gates_GateMutex_enter__E
000054e5   ti_sysbios_gates_GateMutex_leave__E
00005935   ti_sysbios_gates_GateMutex_query__E
00005935   ti_sysbios_gates_GateMutex_query__F
00007588   ti_sysbios_hal_Hwi_E_stackOverflow__C
00005939   ti_sysbios_hal_Hwi_HwiProxy_Module__startupDone__S
000047e9   ti_sysbios_hal_Hwi_HwiProxy_disableInterrupt__E
0000482d   ti_sysbios_hal_Hwi_HwiProxy_enableInterrupt__E
00004b19   ti_sysbios_hal_Hwi_HwiProxy_getStackInfo__E
000058dd   ti_sysbios_hal_Hwi_HwiProxy_startup__E
00005569   ti_sysbios_hal_Hwi_HwiProxy_switchFromBootStack__E
00007738   ti_sysbios_hal_Hwi_Module__id__C
200038fc   ti_sysbios_hal_Hwi_Module__root__V
0000563d   ti_sysbios_hal_Hwi_Module_startup__E
0000563d   ti_sysbios_hal_Hwi_Module_startup__F
20003904   ti_sysbios_hal_Hwi_Object__table__V
00004d01   ti_sysbios_hal_Hwi_checkStack
000047e9   ti_sysbios_hal_Hwi_disableInterrupt__E
0000482d   ti_sysbios_hal_Hwi_enableInterrupt__E
00004b19   ti_sysbios_hal_Hwi_getStackInfo__E
00004ee9   ti_sysbios_hal_Hwi_initStack
000058dd   ti_sysbios_hal_Hwi_startup__E
00005569   ti_sysbios_hal_Hwi_switchFromBootStack__E
2000390c   ti_sysbios_hal_Timer_Module__root__V
000054fd   ti_sysbios_hal_Timer_Module__startupDone__F
000054fd   ti_sysbios_hal_Timer_Module__startupDone__S
0000564f   ti_sysbios_hal_Timer_Module_startup__E
0000564f   ti_sysbios_hal_Timer_Module_startup__F
20003914   ti_sysbios_hal_Timer_Object__table__V
0000593d   ti_sysbios_hal_Timer_TimerProxy_Module__startupDone__S
00005941   ti_sysbios_hal_Timer_TimerProxy_getPeriod__E
00003065   ti_sysbios_hal_Timer_TimerProxy_startup__E
00003065   ti_sysbios_hal_Timer_startup__E
0000758c   ti_sysbios_heaps_HeapMem_A_align__C
00007590   ti_sysbios_heaps_HeapMem_A_heapSize__C
00007594   ti_sysbios_heaps_HeapMem_A_invalidFree__C
00007598   ti_sysbios_heaps_HeapMem_A_zeroBlock__C
0000759c   ti_sysbios_heaps_HeapMem_E_memory__C
000053cf   ti_sysbios_heaps_HeapMem_Handle__label__S
20002140   ti_sysbios_heaps_HeapMem_Instance_State_0_buf__A
00001d11   ti_sysbios_heaps_HeapMem_Instance_init__F
00005945   ti_sysbios_heaps_HeapMem_Module_GateProxy_enter__E
00005949   ti_sysbios_heaps_HeapMem_Module_GateProxy_leave__E
00005935   ti_sysbios_heaps_HeapMem_Module_GateProxy_query__E
0000727c   ti_sysbios_heaps_HeapMem_Module__FXNS__C
000075a0   ti_sysbios_heaps_HeapMem_Module__diagsEnabled__C
000075a4   ti_sysbios_heaps_HeapMem_Module__diagsIncluded__C
000075a8   ti_sysbios_heaps_HeapMem_Module__diagsMask__C
000075ac   ti_sysbios_heaps_HeapMem_Module__gateObj__C
0000773c   ti_sysbios_heaps_HeapMem_Module__id__C
2000391c   ti_sysbios_heaps_HeapMem_Module__root__V
00007398   ti_sysbios_heaps_HeapMem_Object__DESC__C
000072ec   ti_sysbios_heaps_HeapMem_Object__PARAMS__C
000075b0   ti_sysbios_heaps_HeapMem_Object__count__C
00004d35   ti_sysbios_heaps_HeapMem_Object__create__S
00005215   ti_sysbios_heaps_HeapMem_Object__delete__S
0000557d   ti_sysbios_heaps_HeapMem_Object__get__S
20003924   ti_sysbios_heaps_HeapMem_Object__table__V
00001049   ti_sysbios_heaps_HeapMem_alloc__E
00000e01   ti_sysbios_heaps_HeapMem_free__E
000045b9   ti_sysbios_heaps_HeapMem_getStats__E
000049f5   ti_sysbios_heaps_HeapMem_init__I
0000590b   ti_sysbios_heaps_HeapMem_isBlocking__E
000075b4   ti_sysbios_heaps_HeapMem_reqAlign__C
000075b8   ti_sysbios_knl_Clock_LM_begin__C
000075bc   ti_sysbios_knl_Clock_LM_tick__C
000075c0   ti_sysbios_knl_Clock_LW_delayed__C
000075c4   ti_sysbios_knl_Clock_Module_State_clockQ__O
000075c8   ti_sysbios_knl_Clock_Module__diagsEnabled__C
000075cc   ti_sysbios_knl_Clock_Module__diagsIncluded__C
000075d0   ti_sysbios_knl_Clock_Module__diagsMask__C
00007740   ti_sysbios_knl_Clock_Module__id__C
00007744   ti_sysbios_knl_Clock_Module__loggerDefined__C
000075d4   ti_sysbios_knl_Clock_Module__loggerFxn1__C
000075d8   ti_sysbios_knl_Clock_Module__loggerFxn2__C
000075dc   ti_sysbios_knl_Clock_Module__loggerObj__C
2000393c   ti_sysbios_knl_Clock_Module__root__V
20003e44   ti_sysbios_knl_Clock_Module__state__V
00005165   ti_sysbios_knl_Clock_Module_startup__E
00005165   ti_sysbios_knl_Clock_Module_startup__F
20003944   ti_sysbios_knl_Clock_Object__table__V
00004f15   ti_sysbios_knl_Clock_doTick__I
00004209   ti_sysbios_knl_Clock_logTick__E
000021d9   ti_sysbios_knl_Clock_workFunc__E
20003964   ti_sysbios_knl_Event_Module__root__V
000075e0   ti_sysbios_knl_Idle_coreList__A
000074c8   ti_sysbios_knl_Idle_coreList__C
000075e4   ti_sysbios_knl_Idle_funcList__A
000074d0   ti_sysbios_knl_Idle_funcList__C
000058e5   ti_sysbios_knl_Idle_loop__E
00004dcd   ti_sysbios_knl_Idle_run__E
000075e8   ti_sysbios_knl_Mailbox_Instance_State_freeQue__O
2000396c   ti_sysbios_knl_Mailbox_Module__root__V
00003c15   ti_sysbios_knl_Mailbox_Module_startup__E
00003c15   ti_sysbios_knl_Mailbox_Module_startup__F
000075ec   ti_sysbios_knl_Mailbox_Object__count__C
00005705   ti_sysbios_knl_Mailbox_Object__get__S
00005911   ti_sysbios_knl_Queue_Instance_init__F
20003974   ti_sysbios_knl_Queue_Module__root__V
000073b8   ti_sysbios_knl_Queue_Object__DESC__C
00007448   ti_sysbios_knl_Queue_Object__PARAMS__C
00004d69   ti_sysbios_knl_Queue_Object__create__S
00005311   ti_sysbios_knl_Queue_Object__destruct__S
00005835   ti_sysbios_knl_Queue_Object__get__S
000057df   ti_sysbios_knl_Queue_empty__E
000075f0   ti_sysbios_knl_Semaphore_A_badContext__C
000075f4   ti_sysbios_knl_Semaphore_A_noEvents__C
000075f8   ti_sysbios_knl_Semaphore_A_overflow__C
000075fc   ti_sysbios_knl_Semaphore_A_pendTaskDisabled__C
00007600   ti_sysbios_knl_Semaphore_Instance_State_pendQ__O
00005715   ti_sysbios_knl_Semaphore_Instance_finalize__F
00003555   ti_sysbios_knl_Semaphore_Instance_init__F
00007604   ti_sysbios_knl_Semaphore_LM_pend__C
00007608   ti_sysbios_knl_Semaphore_LM_post__C
0000760c   ti_sysbios_knl_Semaphore_Module__diagsEnabled__C
00007610   ti_sysbios_knl_Semaphore_Module__diagsIncluded__C
00007614   ti_sysbios_knl_Semaphore_Module__diagsMask__C
00007748   ti_sysbios_knl_Semaphore_Module__id__C
0000774c   ti_sysbios_knl_Semaphore_Module__loggerDefined__C
00007618   ti_sysbios_knl_Semaphore_Module__loggerFxn2__C
0000761c   ti_sysbios_knl_Semaphore_Module__loggerFxn4__C
00007620   ti_sysbios_knl_Semaphore_Module__loggerObj__C
2000397c   ti_sysbios_knl_Semaphore_Module__root__V
000073d8   ti_sysbios_knl_Semaphore_Object__DESC__C
00007310   ti_sysbios_knl_Semaphore_Object__PARAMS__C
00004b89   ti_sysbios_knl_Semaphore_Object__create__S
00005235   ti_sysbios_knl_Semaphore_Object__destruct__S
00004939   ti_sysbios_knl_Semaphore_pendTimeout__I
00000b89   ti_sysbios_knl_Semaphore_pend__E
00001bd1   ti_sysbios_knl_Semaphore_post__E
000053e9   ti_sysbios_knl_Swi_Handle__label__S
00007624   ti_sysbios_knl_Swi_LD_end__C
00007628   ti_sysbios_knl_Swi_LM_begin__C
0000762c   ti_sysbios_knl_Swi_LM_post__C
20003b50   ti_sysbios_knl_Swi_Module_State_0_readyQ__A
00007630   ti_sysbios_knl_Swi_Module__diagsEnabled__C
00007634   ti_sysbios_knl_Swi_Module__diagsIncluded__C
00007638   ti_sysbios_knl_Swi_Module__diagsMask__C
00007750   ti_sysbios_knl_Swi_Module__id__C
00007754   ti_sysbios_knl_Swi_Module__loggerDefined__C
0000763c   ti_sysbios_knl_Swi_Module__loggerFxn1__C
00007640   ti_sysbios_knl_Swi_Module__loggerFxn4__C
00007644   ti_sysbios_knl_Swi_Module__loggerObj__C
20003984   ti_sysbios_knl_Swi_Module__root__V
2000398c   ti_sysbios_knl_Swi_Module__state__V
00005189   ti_sysbios_knl_Swi_Module_startup__E
00005189   ti_sysbios_knl_Swi_Module_startup__F
00007648   ti_sysbios_knl_Swi_Object__count__C
00005591   ti_sysbios_knl_Swi_Object__get__S
20003e14   ti_sysbios_knl_Swi_Object__table__V
00005725   ti_sysbios_knl_Swi_disable__E
000035fd   ti_sysbios_knl_Swi_post__E
00004329   ti_sysbios_knl_Swi_restoreHwi__E
00002415   ti_sysbios_knl_Swi_run__I
000034a9   ti_sysbios_knl_Swi_schedule__I
00004a31   ti_sysbios_knl_Swi_startup__E
0000764c   ti_sysbios_knl_Task_E_spOutOfBounds__C
00007650   ti_sysbios_knl_Task_E_stackOverflow__C
00005403   ti_sysbios_knl_Task_Handle__label__S
20003868   ti_sysbios_knl_Task_Instance_State_0_hookEnv__A
20003140   ti_sysbios_knl_Task_Instance_State_0_stack__A
00007654   ti_sysbios_knl_Task_LD_block__C
00007658   ti_sysbios_knl_Task_LD_exit__C
0000765c   ti_sysbios_knl_Task_LD_ready__C
00007660   ti_sysbios_knl_Task_LM_switch__C
200039b0   ti_sysbios_knl_Task_Module_State_0_idleTask__A
20003bd0   ti_sysbios_knl_Task_Module_State_0_readyQ__A
00007664   ti_sysbios_knl_Task_Module_State_inactiveQ__O
00007668   ti_sysbios_knl_Task_Module__diagsEnabled__C
0000766c   ti_sysbios_knl_Task_Module__diagsIncluded__C
00007670   ti_sysbios_knl_Task_Module__diagsMask__C
00007758   ti_sysbios_knl_Task_Module__id__C
0000775c   ti_sysbios_knl_Task_Module__loggerDefined__C
00007674   ti_sysbios_knl_Task_Module__loggerFxn2__C
00007678   ti_sysbios_knl_Task_Module__loggerFxn4__C
0000767c   ti_sysbios_knl_Task_Module__loggerObj__C
200039a8   ti_sysbios_knl_Task_Module__root__V
20003d98   ti_sysbios_knl_Task_Module__state__V
00003c9d   ti_sysbios_knl_Task_Module_startup__E
00003c9d   ti_sysbios_knl_Task_Module_startup__F
00007680   ti_sysbios_knl_Task_Object__count__C
00005735   ti_sysbios_knl_Task_Object__get__S
20003d04   ti_sysbios_knl_Task_Object__table__V
0000594d   ti_sysbios_knl_Task_SupportProxy_Module__startupDone__S
000057d1   ti_sysbios_knl_Task_SupportProxy_checkStack__E
00004b51   ti_sysbios_knl_Task_SupportProxy_start__E
00005695   ti_sysbios_knl_Task_SupportProxy_swap__E
00007684   ti_sysbios_knl_Task_allBlockedFunc__C
00004601   ti_sysbios_knl_Task_allBlockedFunction__I
00003925   ti_sysbios_knl_Task_blockI__E
00003345   ti_sysbios_knl_Task_checkStacks__E
00005745   ti_sysbios_knl_Task_disable__E
[...]
000054fd   ti_sysbios_hal_Timer_Module__startupDone__S
00005515   xdc_runtime_Text_ropeText__E
00005515   xdc_runtime_Text_ropeText__F
0000552d   TimerDisable
00005541   _register_unlock
00005547   _register_lock
0000554f   _nop
00005555   strlen
00005569   ti_sysbios_family_arm_m3_Hwi_switchFromBootStack__E
00005569   ti_sysbios_hal_Hwi_HwiProxy_switchFromBootStack__E
00005569   ti_sysbios_hal_Hwi_switchFromBootStack__E
0000557d   ti_sysbios_heaps_HeapMem_Object__get__S
00005591   ti_sysbios_knl_Swi_Object__get__S
000055a5   xdc_runtime_LoggerBuf_Instance_finalize__F
000055b9   xdc_runtime_LoggerBuf_Object__get__S
000055cd   xdc_runtime_LoggerBuf_write2__E
000055cd   xdc_runtime_LoggerBuf_write2__F
000055e1   xdc_runtime_System_abort__E
000055e1   xdc_runtime_System_abort__F
000055f5   TimerControlEvent
00005607   TimerLoadSet
00005619   __TI_zero_init
0000562b   strcpy
0000563d   ti_sysbios_hal_Hwi_Module_startup__E
0000563d   ti_sysbios_hal_Hwi_Module_startup__F
0000564f   ti_sysbios_hal_Timer_Module_startup__E
0000564f   ti_sysbios_hal_Timer_Module_startup__F
00005661   xdc_runtime_LoggerBuf_write1__E
00005661   xdc_runtime_LoggerBuf_write1__F
00005673   xdc_runtime_Startup_exec__I
00005685   ti_sysbios_family_arm_m3_TaskSupport_glue
00005695   ti_sysbios_family_arm_m3_TaskSupport_swap__E
00005695   ti_sysbios_knl_Task_SupportProxy_swap__E
0000569d   ti_sysbios_knl_Task_swapReturn
000056a5   ti_sysbios_family_xxx_Hwi_switchToIsrStack
000056b5   ti_sysbios_BIOS_setThreadType__E
000056c5   ti_sysbios_BIOS_start__E
000056d5   ti_sysbios_family_arm_lm3_TimestampProvider_rolloverFunc__E
000056e5   ti_sysbios_family_arm_m3_Hwi_excHandler__I
000056f5   ti_sysbios_gates_GateMutex_Instance_finalize__F
00005705   ti_sysbios_knl_Mailbox_Object__get__S
00005715   ti_sysbios_knl_Semaphore_Instance_finalize__F
00005725   ti_sysbios_knl_Swi_disable__E
00005735   ti_sysbios_knl_Task_Object__get__S
00005745   ti_sysbios_knl_Task_disable__E
00005755   xdc_runtime_Gate_leaveSystem__E
00005755   xdc_runtime_Gate_leaveSystem__F
00005765   xdc_runtime_LoggerBuf_write0__E
00005765   xdc_runtime_LoggerBuf_write0__F
00005775   xdc_runtime_Memory_free__E
00005775   xdc_runtime_Memory_free__F
00005785   xdc_runtime_SysMin_ready__E
00005785   xdc_runtime_SysMin_ready__F
00005785   xdc_runtime_System_SupportProxy_ready__E
00005795   xdc_runtime_System_vsnprintf__F
000057a5   xdc_runtime_Text_visitRope__I
000057b5   TimerEnable
000057c3   __TI_decompress_none
000057d1   ti_sysbios_family_arm_m3_TaskSupport_checkStack__E
000057d1   ti_sysbios_knl_Task_SupportProxy_checkStack__E
000057df   ti_sysbios_knl_Queue_empty__E
000057ed   ti_catalog_arm_cortexm3_lm3init_Boot_init
000057f9   CPUcpsid
00005805   CPUcpsie
00005811   ti_sysbios_family_xxx_Hwi_switchToTaskStack
0000581d   ti_sysbios_family_arm_lm3_TimestampProvider_startTimer__E
00005829   ti_sysbios_gates_GateHwi_enter__E
00005835   ti_sysbios_knl_Queue_Object__get__S
00005841   xdc_runtime_Error_init__E
00005841   xdc_runtime_Error_init__F
0000584d   xdc_runtime_Gate_enterSystem__E
0000584d   xdc_runtime_Gate_enterSystem__F
00005859   xdc_runtime_Memory_calloc__E
00005859   xdc_runtime_Memory_calloc__F
00005865   xdc_runtime_Memory_getMaxDefaultTypeAlign__E
00005865   xdc_runtime_Memory_getMaxDefaultTypeAlign__F
00005871   xdc_runtime_System_exit__E
00005871   xdc_runtime_System_exit__F
0000587d   xdc_runtime_System_lastFxn__I
00005889   IntMasterDisable
00005893   IntMasterEnable
000058b1   xdc_runtime_LoggerBuf_disable__E
000058b1   xdc_runtime_LoggerBuf_disable__F
000058bb   xdc_runtime_LoggerBuf_enable__E
000058bb   xdc_runtime_LoggerBuf_enable__F
000058c5   ComparatorConfigure
000058cd   TimerIntEnable
000058d5   ti_sysbios_family_arm_m3_Hwi_doSwiRestore__I
000058dd   ti_sysbios_family_arm_m3_Hwi_startup__E
000058dd   ti_sysbios_hal_Hwi_HwiProxy_startup__E
000058dd   ti_sysbios_hal_Hwi_startup__E
000058e5   ti_sysbios_knl_Idle_loop__E
000058ed   ti_catalog_arm_cortexm3_lm3init_Boot_sysCtlDelay
000058f3   __xdc__init
000058f9   __TI_decompress_rle24
000058ff   ti_sysbios_family_arm_lm3_TimestampProvider_Module_startup__E
000058ff   ti_sysbios_family_arm_lm3_TimestampProvider_Module_startup__F
00005905   ti_sysbios_gates_GateHwi_leave__E
0000590b   ti_sysbios_heaps_HeapMem_isBlocking__E
00005911   ti_sysbios_knl_Queue_Instance_init__F
00005917   xdc_runtime_System_Module_startup__E
00005917   xdc_runtime_System_Module_startup__F
0000591d   ComparatorRefSet
00005921   ti_sysbios_BIOS_RtsGateProxy_enter__E
00005925   ti_sysbios_BIOS_RtsGateProxy_leave__E
00005929   ti_sysbios_family_arm_lm3_Timer_getPeriod__E
0000592d   ti_sysbios_family_arm_m3_TaskSupport_Module__startupDone__S
00005931   ti_sysbios_gates_GateHwi_query__E
00005931   ti_sysbios_gates_GateHwi_query__F
00005931   xdc_runtime_LoggerBuf_Module_GateProxy_query__E
00005931   xdc_runtime_Main_Module_GateProxy_query__E
00005931   xdc_runtime_System_Module_GateProxy_query__E
00005935   ti_sysbios_BIOS_RtsGateProxy_query__E
00005935   ti_sysbios_gates_GateMutex_query__E
00005935   ti_sysbios_gates_GateMutex_query__F
00005935   ti_sysbios_heaps_HeapMem_Module_GateProxy_query__E
00005939   ti_sysbios_hal_Hwi_HwiProxy_Module__startupDone__S
0000593d   ti_sysbios_hal_Timer_TimerProxy_Module__startupDone__S
00005941   ti_sysbios_hal_Timer_TimerProxy_getPeriod__E
00005945   ti_sysbios_heaps_HeapMem_Module_GateProxy_enter__E
00005949   ti_sysbios_heaps_HeapMem_Module_GateProxy_leave__E
0000594d   ti_sysbios_knl_Task_SupportProxy_Module__startupDone__S
00005951   ti_sysbios_knl_Task_startup__E
00005955   xdc_runtime_Error_getSite__E
00005955   xdc_runtime_Error_getSite__F
00005959   xdc_runtime_LoggerBuf_Module_GateProxy_enter__E
0000595d   xdc_runtime_LoggerBuf_Module_GateProxy_leave__E
00005961   xdc_runtime_Memory_HeapProxy_alloc__E
00005965   xdc_runtime_Memory_HeapProxy_free__E
00005969   xdc_runtime_Startup_reset__I
0000596d   xdc_runtime_System_Module_GateProxy_enter__E
00005971   xdc_runtime_System_Module_GateProxy_leave__E
00005975   xdc_runtime_System_aprintf_va__F
00005979   xdc_runtime_System_printf_va__F
0000597d   xdc_runtime_System_vsnprintf__E
00005980   xdc_runtime_Text_charTab__A
00007010   xdc_runtime_Text_nodeTab__A
00007138   ti_sysbios_family_arm_m3_Hwi_priorities__A
00007210   xdc_runtime_LoggerBuf_Module__FXNS__C
0000724c   xdc_runtime_Startup_sfxnTab__A
0000727c   ti_sysbios_heaps_HeapMem_Module__FXNS__C
000072a4   ti_sysbios_gates_GateHwi_Module__FXNS__C
000072c8   ti_sysbios_gates_GateMutex_Module__FXNS__C
000072ec   ti_sysbios_heaps_HeapMem_Object__PARAMS__C
00007310   ti_sysbios_knl_Semaphore_Object__PARAMS__C
00007334   xdc_runtime_LoggerBuf_Object__PARAMS__C
00007358   ti_sysbios_gates_GateHwi_Object__DESC__C
00007378   ti_sysbios_gates_GateMutex_Object__DESC__C
00007398   ti_sysbios_heaps_HeapMem_Object__DESC__C
000073b8   ti_sysbios_knl_Queue_Object__DESC__C
000073d8   ti_sysbios_knl_Semaphore_Object__DESC__C
000073f8   xdc_runtime_LoggerBuf_Object__DESC__C
00007418   ti_sysbios_gates_GateHwi_Object__PARAMS__C
00007430   ti_sysbios_gates_GateMutex_Object__PARAMS__C
00007448   ti_sysbios_knl_Queue_Object__PARAMS__C
00007460   ti_sysbios_knl_Task_hooks__A
00007478   xdc_runtime_Startup_sfxnRts__A
000074a4   xdc_runtime_Startup_firstFxns__A
000074b4   hwi0
000074b8   clock0
000074bc   gateHwi0
000074c0   ti_sysbios_family_arm_m3_Hwi_excHookFuncs__A
000074c8   ti_sysbios_knl_Idle_coreList__C
000074d0   ti_sysbios_knl_Idle_funcList__C
000074d8   ti_sysbios_knl_Task_hooks__C
000074e0   xdc_runtime_Startup_firstFxns__C
000074e8   xdc_runtime_Startup_lastFxns__A
000074f0   xdc_runtime_Startup_lastFxns__C
000074f8   ti_sysbios_BIOS_Module__diagsEnabled__C
000074fc   ti_sysbios_BIOS_Module__diagsIncluded__C
00007500   ti_sysbios_BIOS_Module__diagsMask__C
00007504   ti_sysbios_BIOS_installedErrorHook__C
00007508   ti_sysbios_family_arm_lm3_Timer_WRALLOW__C
0000750c   ti_sysbios_family_arm_lm3_Timer_numTimerDevices__C
00007510   ti_sysbios_family_arm_lm3_Timer_startupNeeded__C
00007514   ti_sysbios_family_arm_m3_Hwi_E_NMI__C
00007518   ti_sysbios_family_arm_m3_Hwi_E_busFault__C
0000751c   ti_sysbios_family_arm_m3_Hwi_E_debugMon__C
00007520   ti_sysbios_family_arm_m3_Hwi_E_hardFault__C
00007524   ti_sysbios_family_arm_m3_Hwi_E_memFault__C
00007528   ti_sysbios_family_arm_m3_Hwi_E_noIsr__C
0000752c   ti_sysbios_family_arm_m3_Hwi_E_reserved__C
00007530   ti_sysbios_family_arm_m3_Hwi_E_svCall__C
00007534   ti_sysbios_family_arm_m3_Hwi_E_usageFault__C
00007538   ti_sysbios_family_arm_m3_Hwi_LD_end__C
0000753c   ti_sysbios_family_arm_m3_Hwi_LM_begin__C
00007540   ti_sysbios_family_arm_m3_Hwi_Module__diagsEnabled__C
00007544   ti_sysbios_family_arm_m3_Hwi_Module__diagsIncluded__C
00007548   ti_sysbios_family_arm_m3_Hwi_Module__diagsMask__C
0000754c   ti_sysbios_family_arm_m3_Hwi_Module__loggerFxn1__C
00007550   ti_sysbios_family_arm_m3_Hwi_Module__loggerFxn8__C
00007554   ti_sysbios_family_arm_m3_Hwi_Module__loggerObj__C
00007558   ti_sysbios_family_arm_m3_Hwi_NUM_INTERRUPTS__C
0000755c   ti_sysbios_family_arm_m3_Hwi_ccr__C
00007560   ti_sysbios_family_arm_m3_Hwi_dispatchTable__C
00007564   ti_sysbios_family_arm_m3_Hwi_excHandlerFunc__C
00007568   ti_sysbios_family_arm_m3_Hwi_excHookFuncs__C
0000756c   ti_sysbios_family_arm_m3_Hwi_priGroup__C
00007570   ti_sysbios_family_arm_m3_Hwi_priorities__C
00007574   ti_sysbios_gates_GateMutex_A_badContext__C
00007578   ti_sysbios_gates_GateMutex_Instance_State_sem__O
0000757c   ti_sysbios_gates_GateMutex_Module__diagsEnabled__C
00007580   ti_sysbios_gates_GateMutex_Module__diagsIncluded__C
00007584   ti_sysbios_gates_GateMutex_Module__diagsMask__C
00007588   ti_sysbios_hal_Hwi_E_stackOverflow__C
0000758c   ti_sysbios_heaps_HeapMem_A_align__C
00007590   ti_sysbios_heaps_HeapMem_A_heapSize__C
00007594   ti_sysbios_heaps_HeapMem_A_invalidFree__C
00007598   ti_sysbios_heaps_HeapMem_A_zeroBlock__C
0000759c   ti_sysbios_heaps_HeapMem_E_memory__C
000075a0   ti_sysbios_heaps_HeapMem_Module__diagsEnabled__C
000075a4   ti_sysbios_heaps_HeapMem_Module__diagsIncluded__C
000075a8   ti_sysbios_heaps_HeapMem_Module__diagsMask__C
000075ac   ti_sysbios_heaps_HeapMem_Module__gateObj__C
000075b0   ti_sysbios_heaps_HeapMem_Object__count__C
000075b4   ti_sysbios_heaps_HeapMem_reqAlign__C
000075b8   ti_sysbios_knl_Clock_LM_begin__C
000075bc   ti_sysbios_knl_Clock_LM_tick__C
000075c0   ti_sysbios_knl_Clock_LW_delayed__C
000075c4   ti_sysbios_knl_Clock_Module_State_clockQ__O
000075c8   ti_sysbios_knl_Clock_Module__diagsEnabled__C
000075cc   ti_sysbios_knl_Clock_Module__diagsIncluded__C
000075d0   ti_sysbios_knl_Clock_Module__diagsMask__C
000075d4   ti_sysbios_knl_Clock_Module__loggerFxn1__C
000075d8   ti_sysbios_knl_Clock_Module__loggerFxn2__C
000075dc   ti_sysbios_knl_Clock_Module__loggerObj__C
000075e0   ti_sysbios_knl_Idle_coreList__A
000075e4   ti_sysbios_knl_Idle_funcList__A
000075e8   ti_sysbios_knl_Mailbox_Instance_State_freeQue__O
000075ec   ti_sysbios_knl_Mailbox_Object__count__C
000075f0   ti_sysbios_knl_Semaphore_A_badContext__C
000075f4   ti_sysbios_knl_Semaphore_A_noEvents__C
000075f8   ti_sysbios_knl_Semaphore_A_overflow__C
000075fc   ti_sysbios_knl_Semaphore_A_pendTaskDisabled__C
00007600   ti_sysbios_knl_Semaphore_Instance_State_pendQ__O
00007604   ti_sysbios_knl_Semaphore_LM_pend__C
00007608   ti_sysbios_knl_Semaphore_LM_post__C
0000760c   ti_sysbios_knl_Semaphore_Module__diagsEnabled__C
00007610   ti_sysbios_knl_Semaphore_Module__diagsIncluded__C
00007614   ti_sysbios_knl_Semaphore_Module__diagsMask__C
00007618   ti_sysbios_knl_Semaphore_Module__loggerFxn2__C
0000761c   ti_sysbios_knl_Semaphore_Module__loggerFxn4__C
00007620   ti_sysbios_knl_Semaphore_Module__loggerObj__C
00007624   ti_sysbios_knl_Swi_LD_end__C
00007628   ti_sysbios_knl_Swi_LM_begin__C
0000762c   ti_sysbios_knl_Swi_LM_post__C
00007630   ti_sysbios_knl_Swi_Module__diagsEnabled__C
00007634   ti_sysbios_knl_Swi_Module__diagsIncluded__C
00007638   ti_sysbios_knl_Swi_Module__diagsMask__C
0000763c   ti_sysbios_knl_Swi_Module__loggerFxn1__C
00007640   ti_sysbios_knl_Swi_Module__loggerFxn4__C
00007644   ti_sysbios_knl_Swi_Module__loggerObj__C
00007648   ti_sysbios_knl_Swi_Object__count__C
0000764c   ti_sysbios_knl_Task_E_spOutOfBounds__C
00007650   ti_sysbios_knl_Task_E_stackOverflow__C
00007654   ti_sysbios_knl_Task_LD_block__C
00007658   ti_sysbios_knl_Task_LD_exit__C
0000765c   ti_sysbios_knl_Task_LD_ready__C
00007660   ti_sysbios_knl_Task_LM_switch__C
00007664   ti_sysbios_knl_Task_Module_State_inactiveQ__O
00007668   ti_sysbios_knl_Task_Module__diagsEnabled__C
0000766c   ti_sysbios_knl_Task_Module__diagsIncluded__C
00007670   ti_sysbios_knl_Task_Module__diagsMask__C
00007674   ti_sysbios_knl_Task_Module__loggerFxn2__C
00007678   ti_sysbios_knl_Task_Module__loggerFxn4__C
0000767c   ti_sysbios_knl_Task_Module__loggerObj__C
00007680   ti_sysbios_knl_Task_Object__count__C
00007684   ti_sysbios_knl_Task_allBlockedFunc__C
00007688   ti_sysbios_knl_Task_numConstructedTasks__C
0000768c   xdc_runtime_Assert_E_assertFailed__C
00007690   xdc_runtime_Core_A_initializedParams__C
00007694   xdc_runtime_Core_Module__diagsEnabled__C
00007698   xdc_runtime_Core_Module__diagsIncluded__C
0000769c   xdc_runtime_Core_Module__diagsMask__C
000076a0   xdc_runtime_Error_E_memory__C
000076a4   xdc_runtime_Error_Module__diagsEnabled__C
000076a8   xdc_runtime_Error_Module__diagsIncluded__C
000076ac   xdc_runtime_Error_Module__diagsMask__C
000076b0   xdc_runtime_Error_Module__loggerFxn8__C
000076b4   xdc_runtime_Error_Module__loggerObj__C
000076b8   xdc_runtime_Error_raiseHook__C
000076bc   xdc_runtime_IFilterLogger_Interface__BASE__C
000076c0   xdc_runtime_IGateProvider_Interface__BASE__C
000076c4   xdc_runtime_IHeap_Interface__BASE__C
000076c8   xdc_runtime_ILogger_Interface__BASE__C
000076cc   xdc_runtime_IModule_Interface__BASE__C
000076d0   xdc_runtime_Log_L_error__C
000076d4   xdc_runtime_LoggerBuf_E_badLevel__C
000076d8   xdc_runtime_LoggerBuf_Module__gateObj__C
000076dc   xdc_runtime_LoggerBuf_Object__count__C
000076e0   xdc_runtime_LoggerBuf_statusLogger__C
000076e4   xdc_runtime_Memory_defaultHeapInstance__C
000076e8   xdc_runtime_Startup_execImpl__C
000076ec   xdc_runtime_Startup_maxPasses__C
000076f0   xdc_runtime_Startup_sfxnRts__C
000076f4   xdc_runtime_Startup_sfxnTab__C
000076f8   xdc_runtime_SysMin_bufSize__C
000076fc   xdc_runtime_SysMin_outputFunc__C
00007700   xdc_runtime_System_Module__gateObj__C
00007704   xdc_runtime_System_extendFxn__C
00007708   xdc_runtime_System_maxAtexitHandlers__C
0000770c   xdc_runtime_Text_charTab__C
00007710   xdc_runtime_Text_nameEmpty__C
00007714   xdc_runtime_Text_nameStatic__C
00007718   xdc_runtime_Text_nameUnknown__C
0000771c   xdc_runtime_Text_nodeTab__C
00007720   xdc_runtime_Text_visitRopeFxn__C
00007724   ti_sysbios_BIOS_Module__id__C
00007728   ti_sysbios_family_arm_lm3_TimestampProvider_useClockTimer__C
0000772c   ti_sysbios_family_arm_m3_Hwi_Module__id__C
00007730   ti_sysbios_family_arm_m3_Hwi_Module__loggerDefined__C
00007734   ti_sysbios_gates_GateMutex_Module__id__C
00007738   ti_sysbios_hal_Hwi_Module__id__C
0000773c   ti_sysbios_heaps_HeapMem_Module__id__C
00007740   ti_sysbios_knl_Clock_Module__id__C
00007744   ti_sysbios_knl_Clock_Module__loggerDefined__C
00007748   ti_sysbios_knl_Semaphore_Module__id__C
0000774c   ti_sysbios_knl_Semaphore_Module__loggerDefined__C
00007750   ti_sysbios_knl_Swi_Module__id__C
00007754   ti_sysbios_knl_Swi_Module__loggerDefined__C
00007758   ti_sysbios_knl_Task_Module__id__C
0000775c   ti_sysbios_knl_Task_Module__loggerDefined__C
00007760   ti_sysbios_knl_Task_initStackFlag__C
00007764   xdc_runtime_Core_Module__id__C
00007768   xdc_runtime_Error_Module__loggerDefined__C
0000776c   xdc_runtime_Error_maxDepth__C
00007770   xdc_runtime_LoggerBuf_Module__id__C
00007774   xdc_runtime_LoggerBuf_filterByLevel__C
00007778   xdc_runtime_Memory_Module__id__C
0000777c   xdc_runtime_SysMin_flushAtExit__C
00007780   xdc_runtime_Text_charCnt__C
00007784   xdc_runtime_Text_isLoaded__C
00007788   xdc_runtime_Text_registryModsLastId__C
0000778c   xdc_runtime_Text_unnamedModsLastId__C
00007790   xdc_runtime_Error_policy__C
00007b64   __TI_Handler_Table_Base
00007b70   __TI_Handler_Table_Limit
00007b80   __TI_CINIT_Base
00007b98   __TI_CINIT_Limit
20000000   ti_sysbios_family_arm_m3_Hwi_ramVectors
20000140   __stack
20000340   __STACK_TOP
20002140   __STACK_END
20002140   ti_sysbios_heaps_HeapMem_Instance_State_0_buf__A
20003140   ti_sysbios_knl_Task_Instance_State_0_stack__A
20003340   xdc_runtime_LoggerBuf_Instance_State_0_entryArr__A
20003540   xdc_runtime_SysMin_Module_State_0_outbuf__A
20003740   __CIOBUF_
20003868   ti_sysbios_knl_Task_Instance_State_0_hookEnv__A
2000386c   g_SystemClock
20003870   ti_sysbios_BIOS_Module__state__V
20003890   ti_sysbios_family_arm_lm3_Timer_Module__root__V
20003898   ti_sysbios_family_arm_lm3_Timer_Module_State_0_device__A
200038b0   ti_sysbios_family_arm_lm3_Timer_Module_State_0_handles__A
200038bc   ti_sysbios_family_arm_lm3_Timer_Module__state__V
200038c8   ti_sysbios_family_arm_lm3_TimestampProvider_Module__state__V
200038d0   ti_sysbios_family_arm_m3_Hwi_Module__root__V
200038d8   ti_sysbios_family_arm_m3_Hwi_Module_State_0_excActive__A
200038dc   ti_sysbios_family_arm_m3_Hwi_Module_State_0_excContext__A
200038e0   ti_sysbios_family_arm_m3_Hwi_Module_State_0_excStack__A
200038e4   ti_sysbios_gates_GateHwi_Module__root__V
200038ec   ti_sysbios_gates_GateHwi_Object__table__V
200038f4   ti_sysbios_gates_GateMutex_Module__root__V
200038fc   ti_sysbios_hal_Hwi_Module__root__V
20003904   ti_sysbios_hal_Hwi_Object__table__V
2000390c   ti_sysbios_hal_Timer_Module__root__V
20003914   ti_sysbios_hal_Timer_Object__table__V
2000391c   ti_sysbios_heaps_HeapMem_Module__root__V
20003924   ti_sysbios_heaps_HeapMem_Object__table__V
2000393c   ti_sysbios_knl_Clock_Module__root__V
20003944   ti_sysbios_knl_Clock_Object__table__V
20003964   ti_sysbios_knl_Event_Module__root__V
2000396c   ti_sysbios_knl_Mailbox_Module__root__V
20003974   ti_sysbios_knl_Queue_Module__root__V
2000397c   ti_sysbios_knl_Semaphore_Module__root__V
20003984   ti_sysbios_knl_Swi_Module__root__V
2000398c   ti_sysbios_knl_Swi_Module__state__V
200039a8   ti_sysbios_knl_Task_Module__root__V
200039b0   ti_sysbios_knl_Task_Module_State_0_idleTask__A
200039b4   xdc_runtime_Error_Module__state__V
200039b8   xdc_runtime_LoggerBuf_Module__root__V
200039c0   xdc_runtime_LoggerBuf_Module__state__V
200039c8   xdc_runtime_Memory_Module__state__V
200039cc   xdc_runtime_Registry_Module__state__V
200039d4   xdc_runtime_Startup_Module__state__V
200039dc   xdc_runtime_SysMin_Module__state__V
200039e8   xdc_runtime_System_Module_State_0_atexitHandlers__A
200039f8   xdc_runtime_System_Module__state__V
20003a04   xdc_runtime_Text_Module__state__V
20003a0c   __xdc__init__addr
20003a10   ti_sysbios_family_arm_m3_Hwi_Module_State_0_dispatchTable__A
20003b50   ti_sysbios_knl_Swi_Module_State_0_readyQ__A
20003bd0   ti_sysbios_knl_Task_Module_State_0_readyQ__A
20003c50   ti_sysbios_family_arm_lm3_Timer_Object__table__V
20003cb0   ti_sysbios_family_arm_m3_Hwi_Module__state__V
20003d04   TSK_idle
20003d04   ti_sysbios_knl_Task_Object__table__V
20003d50   ti_sysbios_family_arm_m3_Hwi_Object__table__V
20003d98   ti_sysbios_knl_Task_Module__state__V
20003ddc   ti_sysbios_gates_GateMutex_Object__table__V
20003e14   ti_sysbios_knl_Swi_Object__table__V
20003e44   ti_sysbios_knl_Clock_Module__state__V
20003e6c   xdc_runtime_LoggerBuf_Object__table__V
20003e90   g_periodInit
20003e94   g_accumulatedPeriod
20003e98   g_numPeriods
20003e9c   g_periodDiff
20003ea0   g_frequency
20003ea8   _lock
20003eac   _unlock
20003eb0   _cleanup_ptr
20003eb4   _dtors_ptr
20003ebc   main_func_sp
e000e000   ti_sysbios_family_arm_m3_Hwi_nvic
ffffffff   __binit__
ffffffff   __c_args__
ffffffff   binit
UNDEFED    SHT$$INIT_ARRAY$$Base
UNDEFED    SHT$$INIT_ARRAY$$Limit

[676 symbols]
