******************************************************************************
                  TI ARM Linker PC v5.0.4                      
******************************************************************************
>> Linked Wed Mar 18 10:41:26 2015

OUTPUT FILE NAME:   <qs_ek-lm3s8962.out>
ENTRY POINT SYMBOL: "_c_int00"  address: 00021e3d


MEMORY CONFIGURATION

         name            origin    length      used     unused   attr    fill
----------------------  --------  ---------  --------  --------  ----  --------
  FLASH                 00000000   00040000  00022b56  0001d4aa  R  X
  SRAM                  20000000   00010000  00008e1d  000071e3  RW X


SEGMENT ALLOCATION MAP

run origin  load origin   length   init length attrs members
----------  ----------- ---------- ----------- ----- -------
00000000    00000000    00022b58   00022b58    r-x
  00000000    00000000    000000f0   000000f0    r-- .intvecs
  000000f0    000000f0    00019188   00019188    r-- .const
  00019278    00019278    00009886   00009886    r-x .text
  00022b00    00022b00    00000058   00000058    r-- .cinit
20000000    20000000    00008dac   00000000    rw-
  20000000    20000000    000089ac   00000000    rw- .bss
  200089ac    200089ac    00000400   00000000    rw- .stack
20008dac    20008dac    00000071   00000071    rw-
  20008dac    20008dac    00000071   00000071    rw- .data


SECTION ALLOCATION MAP

 output                                  attributes/
section   page    origin      length       input sections
--------  ----  ----------  ----------   ----------------
.intvecs   0    00000000    000000f0     
                  00000000    000000f0     startup_ccs.obj (.intvecs)

.init_array 
*          0    00000000    00000000     UNINITIALIZED

.const     0    000000f0    00019188     
                  000000f0    00005777     fs_qs.obj (.const:.string:data_images_fury_block_gif)
                  00005867    00000001     --HOLE-- [fill = 0]
                  00005868    00002992     fs_qs.obj (.const:.string:data_images_awards08_jpg)
                  000081fa    00000002     --HOLE-- [fill = 0]
                  000081fc    00001ad1     fs_qs.obj (.const:.string:data_images_noasm_jpg)
                  00009ccd    00000003     --HOLE-- [fill = 0]
                  00009cd0    00001a9a     fs_qs.obj (.const:.string:data_images_no8bit_jpg)
                  0000b76a    00000002     --HOLE-- [fill = 0]
                  0000b76c    00001a88     fs_qs.obj (.const:.string:data_images_no16bit_jpg)
                  0000d1f4    00001a76     fs_qs.obj (.const:.string:data_images_nopin_jpg)
                  0000ec6a    00000002     --HOLE-- [fill = 0]
                  0000ec6c    00001802     fs_qs.obj (.const:.string:data_images_chips_jpg)
                  0001046e    00000002     --HOLE-- [fill = 0]
                  00010470    00001170     fs_qs.obj (.const:.string:data_lmimaze_class)
                  000115e0    00000fc0     images.obj (.const:g_ppucSprites)
                  000125a0    00000d4c     fs_qs.obj (.const:.string:data_images_ti_logo_gif)
                  000132ec    00000b56     fs_qs.obj (.const:.string:data_family_html)
                  00013e42    00000002     --HOLE-- [fill = 0]
                  00013e44    000009d8     images.obj (.const:.string:g_pucTILogo)
                  0001481c    000008d2     fs_qs.obj (.const:.string:data_qs_game_html)
                  000150ee    00000002     --HOLE-- [fill = 0]
                  000150f0    00000886     fs_qs.obj (.const:.string:data_ti_html)
                  00015976    00000002     --HOLE-- [fill = 0]
                  00015978    00000880     images.obj (.const:.string:g_pucCodeComposer)
                  000161f8    0000072c     fs_qs.obj (.const:.string:data_images_favicon_ico)
                  00016924    00000400     images.obj (.const:.string:g_pucPlay)
                  00016d24    000003b1     fs_qs.obj (.const:.string:data_header_html)
                  000170d5    00000003     --HOLE-- [fill = 0]
                  000170d8    00000381     fs_qs.obj (.const:.string:data_footer_html)
                  00017459    00000003     --HOLE-- [fill = 0]
                  0001745c    00000369     fs_qs.obj (.const:.string:data_index_html)
                  000177c5    00000003     --HOLE-- [fill = 0]
                  000177c8    00000340     images.obj (.const:.string:g_pucAcquiring)
                  00017b08    0000030d     fs_qs.obj (.const:.string:data_side_html)
                  00017e15    00000003     --HOLE-- [fill = 0]
                  00017e18    00000257     fs_qs.obj (.const:.string:data_block_html)
                  0001806f    00000001     --HOLE-- [fill = 0]
                  00018070    0000022e     fs_qs.obj (.const:.string:data_styles_css)
                  0001829e    00000002     --HOLE-- [fill = 0]
                  000182a0    00000208     images.obj (.const:g_ppucDigits)
                  000184a8    000001e1     images.obj (.const:.string:g_pucGameOver)
                  00018689    00000003     --HOLE-- [fill = 0]
                  0001868c    00000157     fs_qs.obj (.const:.string:data_404_html)
                  000187e3    00000001     --HOLE-- [fill = 0]
                  000187e4    00000140     fs_qs.obj (.const)
                  00018924    0000012c     sounds.obj (.const:g_pusPlayerEffect)
                  00018a50    0000011e     images.obj (.const:.string:g_pucScore)
                  00018b6e    00000002     --HOLE-- [fill = 0]
                  00018b70    000000c8     sounds.obj (.const:g_pusMonsterEffect)
                  00018c38    000000c8     sounds.obj (.const:g_pusWallEffect)
                  00018d00    000000a0     sounds.obj (.const:g_pusIntro)
                  00018da0    0000008a     lwiplib.obj (.const:.string)
                  00018e2a    00000002     --HOLE-- [fill = 0]
                  00018e2c    00000075     images.obj (.const:.string:g_pucIP)
                  00018ea1    00000003     --HOLE-- [fill = 0]
                  00018ea4    00000070     images.obj (.const:.string)
                  00018f14    00000070     driverlib-cm3.lib : interrupt.obj (.const)
                  00018f84    0000006c                       : sysctl.obj (.const:g_pulXtals)
                  00018ff0    0000004f     rit128x96x4.obj (.const:.string:g_pucRIT128x96x4Init)
                  0001903f    00000001     --HOLE-- [fill = 0]
                  00019040    00000048     sounds.obj (.const:g_pusEndOfGame)
                  00019088    00000040     httpd.obj (.const:.string)
                  000190c8    00000040     driverlib-cm3.lib : sysctl.obj (.const)
                  00019108    0000003c     sounds.obj (.const:g_pusFireEffect)
                  00019144    00000038     sounds.obj (.const:g_pusEndOfMaze)
                  0001917c    00000034     lwiplib.obj (.const)
                  000191b0    00000030     sounds.obj (.const:g_pusStartOfGame)
                  000191e0    00000028     httpd.obj (.const:g_psDefaultFilenames)
                  00019208    00000022     images.obj (.const:.string:g_pucPlayerDying)
                  0001922a    00000002     --HOLE-- [fill = 0]
                  0001922c    00000020     driverlib-cm3.lib : can.obj (.const)
                  0001924c    0000001e     fs_qs.obj (.const:.string)
                  0001926a    00000002     --HOLE-- [fill = 0]
                  0001926c    0000000c     rit128x96x4.obj (.const:.string)

.text      0    00019278    00009886     
                  00019278    000006f4     lwiplib.obj (.text:tcp_receive)
                  0001996c    00000534     game.obj (.text:PlayGame)
                  00019ea0    000003dc     screen_saver.obj (.text:ScreenSaver)
                  0001a27c    000003a0     lwiplib.obj (.text:tcp_input)
                  0001a61c    000003a0     lwiplib.obj (.text:tcp_process)
                  0001a9bc    00000388     lwiplib.obj (.text:tcp_enqueue)
                  0001ad44    00000384     game.obj (.text:DrawBullets)
                  0001b0c8    00000284     lwiplib.obj (.text:tcp_slowtmr)
                  0001b34c    0000027c     game.obj (.text:GenerateMaze)
                  0001b5c8    00000220     game.obj (.text:MainScreen)
                  0001b7e8    00000210     random.obj (.text:RandomSeed)
                  0001b9f8    000001fc     lwiplib.obj (.text:ip_input)
                  0001bbf4    000001e8     lwiplib.obj (.text:udp_input)
                  0001bddc    000001d0     lwiplib.obj (.text:icmp_input)
                  0001bfac    000001c8     qs_ek-lm3s8962.obj (.text:main)
                  0001c174    000001a0     lwiplib.obj (.text:tcp_output)
                  0001c314    00000198     driverlib-cm3.lib : sysctl.obj (.text:SysCtlClockGet)
                  0001c4ac    00000190                       : can.obj (.text:CANMessageSet)
                  0001c63c    00000190     fs_qs.obj (.text:fs_open)
                  0001c7cc    00000170     game.obj (.text:MoveMonsters)
                  0001c93c    00000160     lwiplib.obj (.text:etharp_arp_input)
                  0001ca9c    00000154     qs_ek-lm3s8962.obj (.text:DisplayLogo)
                  0001cbf0    00000148     driverlib-cm3.lib : can.obj (.text:CANMessageGet)
                  0001cd38    00000144     game.obj (.text:DrawMonsters)
                  0001ce7c    00000144     driverlib-cm3.lib : sysctl.obj (.text:SysCtlClockSet)
                  0001cfc0    00000134     game.obj (.text:DrawPlayer)
                  0001d0f4    00000130     lwiplib.obj (.text:etharp_query)
                  0001d224    00000130     lwiplib.obj (.text:find_entry)
                  0001d354    0000012c     game.obj (.text:DrawExplosions)
                  0001d480    00000124     httpd.obj (.text:http_recv)
                  0001d5a4    0000011c     lwiplib.obj (.text:tcp_listen_input)
                  0001d6c0    00000118     lwiplib.obj (.text:dhcp_create_request)
                  0001d7d8    00000110     lwiplib.obj (.text:pbuf_alloc)
                  0001d8e8    000000f8     game.obj (.text:DrawMaze)
                  0001d9e0    000000f8     lwiplib.obj (.text:mem_malloc)
                  0001dad8    000000f4     lwiplib.obj (.text:mem_realloc)
                  0001dbcc    000000f0     qs_ek-lm3s8962.obj (.text:SysTickIntHandler)
                  0001dcbc    000000ec     lwiplib.obj (.text:dhcp_select)
                  0001dda8    000000e8     screen_saver.obj (.text:ScreenSaverLine)
                  0001de90    000000e8     lwiplib.obj (.text:udp_sendto_if)
                  0001df78    000000e4     lwiplib.obj (.text:dhcp_bind)
                  0001e05c    000000e2     lwiplib.obj (.text:dhcp_handle_ack)
                  0001e13e    00000002     startup_ccs.obj (.text:FaultISR)
                  0001e140    000000e0     lwiplib.obj (.text:dhcp_discover)
                  0001e220    000000dc     lwiplib.obj (.text:tcp_bind)
                  0001e2fc    000000d8     lwiplib.obj (.text:dhcp_recv)
                  0001e3d4    000000d8     lwiplib.obj (.text:etharp_raw)
                  0001e4ac    000000d8     lwiplib.obj (.text:ip_output_if)
                  0001e584    000000d4     audio.obj (.text:AudioHandler)
                  0001e658    000000d4     game.obj (.text:DrawCheat)
                  0001e72c    000000d0     lwiplib.obj (.text:autoip_tmr)
                  0001e7fc    000000d0     lwiplib.obj (.text:tcp_alloc)
                  0001e8cc    000000d0     lwiplib.obj (.text:tcp_output_segment)
                  0001e99c    000000cc     lwiplib.obj (.text:lwIPPrivateInit)
                  0001ea68    000000c8     driverlib-cm3.lib : gpio.obj (.text:GPIOPadConfigSet)
                  0001eb30    000000c4     lwiplib.obj (.text:etharp_output)
                  0001ebf4    000000bc     game.obj (.text:SetBulletDir)
                  0001ecb0    000000bc     lwiplib.obj (.text:lwIPServiceTimers)
                  0001ed6c    000000b8     lwiplib.obj (.text:tcp_rst)
                  0001ee24    000000b4     can_net.obj (.text:CANHandler)
                  0001eed8    000000b4     lwiplib.obj (.text:dhcp_release)
                  0001ef8c    000000b4     lwiplib.obj (.text:tcp_close)
                  0001f040    000000b4     lwiplib.obj (.text:tcp_zero_window_probe)
                  0001f0f4    000000b0     enet.obj (.text:EnetInit)
                  0001f1a4    000000b0     httpd.obj (.text:send_data)
                  0001f254    000000ac     lwiplib.obj (.text:dhcp_reboot)
                  0001f300    000000a8     lwiplib.obj (.text:autoip_arp_reply)
                  0001f3a8    000000a8     lwiplib.obj (.text:dhcp_start)
                  0001f450    000000a8     lwiplib.obj (.text:stellarisif_transmit)
                  0001f4f8    000000a4     lwiplib.obj (.text:tcp_abandon)
                  0001f59c    000000a0     rit128x96x4.obj (.text:RIT128x96x4Init)
                  0001f63c    0000009c     rtsv7M3_T_le_eabi.lib : memcpy_t2.obj (.text)
                  0001f6d8    00000098     game.obj (.text:DrawNumber)
                  0001f770    00000098     fs_qs.obj (.text:fs_read)
                  0001f808    00000098     lwiplib.obj (.text:update_arp_entry)
                  0001f8a0    00000094     rtsv7M3_T_le_eabi.lib : auto_init.obj (.text)
                  0001f934    00000094     lwiplib.obj (.text:stellarisif_receive)
                  0001f9c8    00000094     lwiplib.obj (.text:tcp_listen_with_backlog)
                  0001fa5c    00000090     lwiplib.obj (.text:dhcp_rebind)
                  0001faec    00000090     lwiplib.obj (.text:dhcp_renew)
                  0001fb7c    00000090     lwiplib.obj (.text:tcp_oos_insert_segment)
                  0001fc0c    0000008e     lwiplib.obj (.text:pbuf_copy)
                  0001fc9a    00000002     startup_ccs.obj (.text:IntDefaultHandler)
                  0001fc9c    0000008c     driverlib-cm3.lib : can.obj (.text:CANBitRateSet)
                  0001fd28    0000008c     lwiplib.obj (.text:inet_chksum_pseudo)
                  0001fdb4    00000088     driverlib-cm3.lib : sysctl.obj (.text:SysCtlPeripheralReset)
                  0001fe3c    00000088     lwiplib.obj (.text:tcp_timewait_input)
                  0001fec4    00000084     locator.obj (.text:LocatorReceive)
                  0001ff48    00000080     lwiplib.obj (.text:tcp_parseopt)
                  0001ffc8    0000007c     can_net.obj (.text:CANConfigureNetwork)
                  00020044    0000007c     lwiplib.obj (.text:dhcp_timeout)
                  000200c0    0000007a     driverlib-cm3.lib : can.obj (.text:CANInit)
                  0002013a    0000007a     lwiplib.obj (.text:dhcp_get_option_ptr)
                  000201b4    00000078     lwiplib.obj (.text:dhcp_decline)
                  0002022c    00000078     rtsv7M3_T_le_eabi.lib : memset_t2.obj (.text)
                  000202a4    00000078     lwiplib.obj (.text:tcp_output_set_header)
                  0002031c    00000076     driverlib-cm3.lib : can.obj (.text:CANStatusGet)
                  00020392    00000002     startup_ccs.obj (.text:NmiSR)
                  00020394    00000074     lwiplib.obj (.text:stellarisif_interrupt)
                  00020408    0000006c     lwiplib.obj (.text:dhcp_unfold_reply)
                  00020474    0000006c     lwiplib.obj (.text:icmp_send_response)
                  000204e0    0000006c     lwiplib.obj (.text:stellarisif_hwinit)
                  0002054c    0000006a     lwiplib.obj (.text:pbuf_copy_partial)
                  000205b6    0000006a     lwiplib.obj (.text:tcp_send_empty_ack)
                  00020620    00000068     lwiplib.obj (.text:ethernet_input)
                  00020688    00000068     lwiplib.obj (.text:inet_ntoa)
                  000206f0    00000068     lwiplib.obj (.text:memp_init)
                  00020758    00000068     lwiplib.obj (.text:raw_input)
                  000207c0    00000066     lwiplib.obj (.text:autoip_start)
                  00020826    00000002     --HOLE-- [fill = 0]
                  00020828    00000064     driverlib-cm3.lib : interrupt.obj (.text:IntDisable)
                  0002088c    00000064                       : interrupt.obj (.text:IntEnable)
                  000208f0    00000064     rit128x96x4.obj (.text:RIT128x96x4ImageDraw)
                  00020954    00000064     lwiplib.obj (.text:mem_free)
                  000209b8    00000064     lwiplib.obj (.text:memp_malloc)
                  00020a1c    00000064     lwiplib.obj (.text:netif_set_ipaddr)
                  00020a80    00000064     lwiplib.obj (.text:plug_holes)
                  00020ae4    00000064     lwiplib.obj (.text:tcp_keepalive)
                  00020b48    00000064     lwiplib.obj (.text:tcp_new_port)
                  00020bac    00000062     lwiplib.obj (.text:pbuf_header)
                  00020c0e    00000002     --HOLE-- [fill = 0]
                  00020c10    00000060     can_net.obj (.text:CANGetTargetVersion)
                  00020c70    00000060     rit128x96x4.obj (.text:RIT128x96x4Enable)
                  00020cd0    00000060     lwiplib.obj (.text:mem_init)
                  00020d30    00000060     lwiplib.obj (.text:tcp_pcb_remove)
                  00020d90    0000005e     rtsv7M3_T_le_eabi.lib : copy_decompress_rle.obj (.text)
                  00020dee    00000002     --HOLE-- [fill = 0]
                  00020df0    0000005c     can_net.obj (.text:CANConfigure)
                  00020e4c    0000005c     rit128x96x4.obj (.text:RITWriteCommand)
                  00020ea8    0000005c     rit128x96x4.obj (.text:RITWriteData)
                  00020f04    0000005c     lwiplib.obj (.text:tcp_fasttmr)
                  00020f60    0000005c     lwiplib.obj (.text:udp_bind)
                  00020fbc    00000058     driverlib-cm3.lib : sysctl.obj (.text:SysCtlPeripheralEnable)
                  00021014    00000054     lwiplib.obj (.text:autoip_create_addr)
                  00021068    00000054     httpd.obj (.text:http_accept)
                  000210bc    00000054     lwiplib.obj (.text:netif_add)
                  00021110    00000052     lwiplib.obj (.text:pbuf_free)
                  00021162    00000002     --HOLE-- [fill = 0]
                  00021164    00000050     locator.obj (.text:LocatorInit)
                  000211b4    00000050     lwiplib.obj (.text:ip_route)
                  00021204    00000050     lwiplib.obj (.text:stellarisif_output)
                  00021254    0000004e     lwiplib.obj (.text:lwip_standard_chksum)
                  000212a2    0000004e     lwiplib.obj (.text:tcp_rexmit_fast)
                  000212f0    0000004c     driverlib-cm3.lib : can.obj (.text:CANRegRead)
                  0002133c    0000004c     lwiplib.obj (.text:pbuf_realloc)
                  00021388    0000004c     lwiplib.obj (.text:tcp_kill_prio)
                  000213d4    0000004a     lwiplib.obj (.text:autoip_start_probing)
                  0002141e    00000002     --HOLE-- [fill = 0]
                  00021420    00000048     audio.obj (.text:AudioVolume)
                  00021468    00000048     rit128x96x4.obj (.text:RIT128x96x4Clear)
                  000214b0    00000048     lwiplib.obj (.text:inet_chksum_pbuf)
                  000214f8    00000048     lwiplib.obj (.text:lwIPInit)
                  00021540    00000048     lwiplib.obj (.text:udp_connect)
                  00021588    00000044     driverlib-cm3.lib : ssi.obj (.text:SSIConfigSetExpClk)
                  000215cc    00000044     lwiplib.obj (.text:enqueue_packet)
                  00021610    00000044     lwiplib.obj (.text:ip_output)
                  00021654    00000044     rtsv7M3_T_le_eabi.lib : cpy_tbl.obj (.text)
                  00021698    00000044     lwiplib.obj (.text:tcp_rexmit)
                  000216dc    00000042     driverlib-cm3.lib : can.obj (.text:CANIntClear)
                  0002171e    00000042                       : uart.obj (.text:UARTConfigSetExpClk)
                  00021760    00000042     lwiplib.obj (.text:dhcp_stop)
                  000217a2    00000042     rtsv7M3_T_le_eabi.lib : u_divt2.obj (.text)
                  000217e4    00000042     lwiplib.obj (.text:tcp_pcb_purge)
                  00021826    00000002     --HOLE-- [fill = 0]
                  00021828    00000040     game.obj (.text:AddExplosion)
                  00021868    00000040     audio.obj (.text:AudioMute)
                  000218a8    00000040     can_net.obj (.text:CANUpdateTargetLED)
                  000218e8    00000040     httpd.obj (.text:close_conn)
                  00021928    00000040     lwiplib.obj (.text:dhcp_option_long)
                  00021968    00000040     lwiplib.obj (.text:etharp_tmr)
                  000219a8    00000040     rtsv7M3_T_le_eabi.lib : exit.obj (.text)
                  000219e8    0000003c     driverlib-cm3.lib : can.obj (.text:CANDataRegRead)
                  00021a24    0000003c                       : can.obj (.text:CANMessageClear)
                  00021a60    0000003c     lwiplib.obj (.text:dhcp_coarse_tmr)
                  00021a9c    0000003c     lwiplib.obj (.text:memp_free)
                  00021ad8    0000003c     lwiplib.obj (.text:stellarisif_init)
                  00021b14    00000038     driverlib-cm3.lib : ethernet.obj (.text:EthernetMACAddrSet)
                  00021b4c    00000038                       : flash.obj (.text:FlashUserGet)
                  00021b84    00000038     lwiplib.obj (.text:autoip_bind)
                  00021bbc    00000038     lwiplib.obj (.text:dhcp_fine_tmr)
                  00021bf4    00000038     lwiplib.obj (.text:tcp_kill_timewait)
                  00021c2c    00000036     httpd.obj (.text:http_poll)
                  00021c62    00000036     lwiplib.obj (.text:tcp_recved)
                  00021c98    00000035     httpd.obj (.text:get_404_file)
                  00021ccd    00000003     --HOLE-- [fill = 0]
                  00021cd0    00000034     audio.obj (.text:AudioOn)
                  00021d04    00000034     driverlib-cm3.lib : can.obj (.text:CANIntStatus)
                  00021d38    00000034                       : ethernet.obj (.text:EthernetMACAddrGet)
                  00021d6c    00000034     locator.obj (.text:LocatorAppTitleSet)
                  00021da0    00000034     lwiplib.obj (.text:autoip_arp_probe)
                  00021dd4    00000034     lwiplib.obj (.text:dhcp_handle_nak)
                  00021e08    00000034     lwiplib.obj (.text:ip_addr_isbroadcast)
                  00021e3c    00000034     rtsv7M3_T_le_eabi.lib : boot.obj (.text)
                  00021e70    00000034     lwiplib.obj (.text:udp_sendto)
                  00021ea4    00000032     lwiplib.obj (.text:dhcp_handle_offer)
                  00021ed6    00000032     lwiplib.obj (.text:dhcp_option_trailer)
                  00021f08    00000032     lwiplib.obj (.text:etharp_send_ip)
                  00021f3a    00000032     lwiplib.obj (.text:tcp_update_rcv_ann_wnd)
                  00021f6c    00000030     audio.obj (.text:AudioPlaySong)
                  00021f9c    00000030     audio.obj (.text:AudioPlaySound)
                  00021fcc    00000030     audio.obj (.text:AudioVolumeDown)
                  00021ffc    00000030     audio.obj (.text:AudioVolumeUp)
                  0002202c    0000002e     driverlib-cm3.lib : gpio.obj (.text:GPIODirModeSet)
                  0002205a    0000002e     lwiplib.obj (.text:dequeue_packet)
                  00022088    0000002c     driverlib-cm3.lib : can.obj (.text:CANDataRegWrite)
                  000220b4    0000002c     lwiplib.obj (.text:autoip_arp_announce)
                  000220e0    0000002c     lwiplib.obj (.text:etharp_request)
                  0002210c    0000002c     httpd.obj (.text:http_sent)
                  00022138    0000002c     lwiplib.obj (.text:lwIPEthernetIntHandler)
                  00022164    0000002c     lwiplib.obj (.text:tcp_rexmit_rto)
                  00022190    0000002c     lwiplib.obj (.text:tcp_write)
                  000221bc    0000002c     lwiplib.obj (.text:udp_remove)
                  000221e8    0000002a     driverlib-cm3.lib : ethernet.obj (.text:EthernetConfigSet)
                  00022212    00000002     --HOLE-- [fill = 0]
                  00022214    00000028                       : can.obj (.text:CANIntNumberGet)
                  0002223c    00000028     qs_ek-lm3s8962.obj (.text:Delay)
                  00022264    00000028     driverlib-cm3.lib : pwm.obj (.text:PWMGenConfigure)
                  0002228c    00000028     httpd.obj (.text:httpd_init)
                  000222b4    00000028     lwiplib.obj (.text:tcp_seg_copy)
                  000222dc    00000026     lwiplib.obj (.text:dhcp_check)
                  00022302    00000026     rtsv7M3_T_le_eabi.lib : strncmp.obj (.text)
                  00022328    00000024     lwiplib.obj (.text:pbuf_cat)
                  0002234c    00000022     driverlib-cm3.lib : ethernet.obj (.text:EthernetEnable)
                  0002236e    00000022     httpd.obj (.text:conn_err)
                  00022390    00000022     lwiplib.obj (.text:etharp_ip_input)
                  000223b2    00000022     rtsv7M3_T_le_eabi.lib : memcmp.obj (.text)
                  000223d4    00000020     locator.obj (.text:LocatorMACAddrSet)
                  000223f4    00000020     rit128x96x4.obj (.text:RIT128x96x4DisplayOn)
                  00022414    00000020     lwiplib.obj (.text:autoip_handle_arp_conflict)
                  00022434    00000020     lwiplib.obj (.text:dhcp_free_reply)
                  00022454    00000020     lwiplib.obj (.text:dhcp_option)
                  00022474    00000020     lwiplib.obj (.text:dhcp_option_short)
                  00022494    00000020     lwiplib.obj (.text:netif_set_up)
                  000224b4    00000020     lwiplib.obj (.text:tcp_recv_null)
                  000224d4    00000020     lwiplib.obj (.text:tcp_tmr)
                  000224f4    0000001e     driverlib-cm3.lib : ethernet.obj (.text:EthernetPHYRead)
                  00022512    0000001e                       : pwm.obj (.text:PWMPulseWidthSet)
                  00022530    0000001e     lwiplib.obj (.text:free_etharp_q)
                  0002254e    0000001e     lwiplib.obj (.text:tcp_eff_send_mss)
                  0002256c    0000001e     lwiplib.obj (.text:tcp_seg_free)
                  0002258a    00000002     --HOLE-- [fill = 0]
                  0002258c    0000001c     audio.obj (.text:AudioOff)
                  000225a8    0000001c     driverlib-cm3.lib : can.obj (.text:CANRegWrite)
                  000225c4    0000001c     random.obj (.text:RandomAddEntropy)
                  000225e0    0000001c     random.obj (.text:RandomNumber)
                  000225fc    0000001c     driverlib-cm3.lib : uart.obj (.text:UARTDisable)
                  00022618    0000001c     lwiplib.obj (.text:dhcp_get_option_long)
                  00022634    0000001c     lwiplib.obj (.text:lwIPTimer)
                  00022650    0000001c     lwiplib.obj (.text:netif_set_addr)
                  0002266c    0000001c     lwiplib.obj (.text:udp_new)
                  00022688    0000001a     lwiplib.obj (.text:dhcp_arp_reply)
                  000226a2    0000001a     lwiplib.obj (.text:htonl)
                  000226bc    0000001a     lwiplib.obj (.text:tcp_segs_free)
                  000226d6    00000018     lwiplib.obj (.text:dhcp_delete_request)
                  000226ee    00000002     --HOLE-- [fill = 0]
                  000226f0    00000018     rtsv7M3_T_le_eabi.lib : args_main.obj (.text)
                  00022708    00000018     lwiplib.obj (.text:tcp_next_iss)
                  00022720    00000016     driverlib-cm3.lib : can.obj (.text:CANIntEnable)
                  00022736    00000016                       : pwm.obj (.text:PWMOutputInvert)
                  0002274c    00000016                       : pwm.obj (.text:PWMOutputState)
                  00022762    00000016     lwiplib.obj (.text:dhcp_t1_timeout)
                  00022778    00000016     lwiplib.obj (.text:dhcp_t2_timeout)
                  0002278e    00000016     lwiplib.obj (.text:pbuf_ref)
                  000227a4    00000014     driverlib-cm3.lib : can.obj (.text:CANEnable)
                  000227b8    00000014                       : ethernet.obj (.text:EthernetInitExpClk)
                  000227cc    00000014                       : pwm.obj (.text:PWMGenPeriodSet)
                  000227e0    00000014                       : sysctl.obj (.text:SysCtlPWMClockSet)
                  000227f4    00000014                       : systick.obj (.text:SysTickEnable)
                  00022808    00000014                       : systick.obj (.text:SysTickIntEnable)
                  0002281c    00000014                       : uart.obj (.text:UARTEnable)
                  00022830    00000014     rtsv7M3_T_le_eabi.lib : _lock.obj (.text)
                  00022844    00000014     lwiplib.obj (.text:tcp_send_ctrl)
                  00022858    00000012     driverlib-cm3.lib : gpio.obj (.text:GPIOPinTypeCAN)
                  0002286a    00000012                       : gpio.obj (.text:GPIOPinTypeEthernetLED)
                  0002287c    00000012                       : gpio.obj (.text:GPIOPinTypeGPIOInput)
                  0002288e    00000012                       : gpio.obj (.text:GPIOPinTypeGPIOOutput)
                  000228a0    00000012                       : gpio.obj (.text:GPIOPinTypePWM)
                  000228b2    00000012                       : gpio.obj (.text:GPIOPinTypeSSI)
                  000228c4    00000012                       : gpio.obj (.text:GPIOPinTypeUART)
                  000228d6    00000012     rtsv7M3_T_le_eabi.lib : copy_zero_init.obj (.text:decompress:ZI)
                  000228e8    00000012     lwiplib.obj (.text:netif_set_down)
                  000228fa    00000012     lwiplib.obj (.text:pbuf_clen)
                  0002290c    00000010     enet.obj (.text:EnetTick)
                  0002291c    00000010     driverlib-cm3.lib : systick.obj (.text:SysTickPeriodSet)
                  0002292c    00000010     lwiplib.obj (.text:autoip_stop)
                  0002293c    00000010     lwiplib.obj (.text:dhcp_option_byte)
                  0002294c    0000000e     rtsv7M3_T_le_eabi.lib : copy_decompress_none.obj (.text:decompress:none)
                  0002295a    0000000e     lwiplib.obj (.text:dhcp_set_state)
                  00022968    0000000e     lwiplib.obj (.text:pbuf_chain)
                  00022976    00000002     --HOLE-- [fill = 0]
                  00022978    0000000c     audio.obj (.text:AudioVolumeGet)
                  00022984    0000000c     driverlib-cm3.lib : cpu.obj (.text:CPUcpsid)
                  00022990    0000000c                       : cpu.obj (.text:CPUcpsie)
                  0002299c    0000000c                       : ethernet.obj (.text:EthernetIntStatus)
                  000229a8    0000000c     rit128x96x4.obj (.text:RIT128x96x4DisplayOff)
                  000229b4    0000000c     driverlib-cm3.lib : sysctl.obj (.text:SysCtlLDOSet)
                  000229c0    0000000c     lwiplib.obj (.text:htons)
                  000229cc    0000000c     lwiplib.obj (.text:inet_chksum)
                  000229d8    0000000c     lwiplib.obj (.text:lwIPLocalIPAddrGet)
                  000229e4    0000000c     lwiplib.obj (.text:lwip_init)
                  000229f0    0000000c     lwiplib.obj (.text:netif_set_default)
                  000229fc    0000000c     lwiplib.obj (.text:netif_set_gw)
                  00022a08    0000000c     lwiplib.obj (.text:netif_set_netmask)
                  00022a14    0000000a     driverlib-cm3.lib : ethernet.obj (.text:EthernetIntDisable)
                  00022a1e    0000000a                       : interrupt.obj (.text:IntMasterDisable)
                  00022a28    0000000a                       : interrupt.obj (.text:IntMasterEnable)
                  00022a32    0000000a                       : pwm.obj (.text:PWMGenDisable)
                  00022a3c    0000000a                       : pwm.obj (.text:PWMGenEnable)
                  00022a46    0000000a                       : ssi.obj (.text:SSIDataPut)
                  00022a50    0000000a                       : ssi.obj (.text:SSIDisable)
                  00022a5a    0000000a                       : ssi.obj (.text:SSIEnable)
                  00022a64    0000000a                       : uart.obj (.text:UARTCharPut)
                  00022a6e    0000000a     lwiplib.obj (.text:netif_is_up)
                  00022a78    0000000a     lwiplib.obj (.text:sys_arch_unprotect)
                  00022a82    0000000a     lwiplib.obj (.text:tcp_poll)
                  00022a8c    00000008     driverlib-cm3.lib : ethernet.obj (.text:EthernetIntEnable)
                  00022a94    00000008                       : ssi.obj (.text:SSIBusy)
                  00022a9c    00000008     lwiplib.obj (.text:icmp_dest_unreach)
                  00022aa4    00000006     driverlib-cm3.lib : gpio.obj (.text:GPIOPinRead)
                  00022aaa    00000006                       : gpio.obj (.text:GPIOPinWrite)
                  00022ab0    00000006     startup_ccs.obj (.text:ResetISR)
                  00022ab6    00000006     driverlib-cm3.lib : sysctl.obj (.text:SysCtlDelay)
                  00022abc    00000006     rtsv7M3_T_le_eabi.lib : copy_decompress_rle.obj (.text:decompress:rle24)
                  00022ac2    00000006     lwiplib.obj (.text:tcp_accept_null)
                  00022ac8    00000006     lwiplib.obj (.text:tcp_err)
                  00022ace    00000006     lwiplib.obj (.text:tcp_new)
                  00022ad4    00000006     lwiplib.obj (.text:tcp_recv)
                  00022ada    00000006     lwiplib.obj (.text:tcp_sent)
                  00022ae0    00000006     lwiplib.obj (.text:udp_recv)
                  00022ae6    00000004     driverlib-cm3.lib : ethernet.obj (.text:EthernetIntClear)
                  00022aea    00000004                       : pwm.obj (.text:PWMSyncUpdate)
                  00022aee    00000004     lwiplib.obj (.text:dhcp_get_option_byte)
                  00022af2    00000004     fs_qs.obj (.text:fs_close)
                  00022af6    00000004     lwiplib.obj (.text:tcp_accept)
                  00022afa    00000004     lwiplib.obj (.text:tcp_arg)

.cinit     0    00022b00    00000058     
                  00022b00    0000002d     (.cinit..data.load) [load image, compression = rle]
                  00022b2d    00000003     --HOLE-- [fill = 0]
                  00022b30    0000000c     (__TI_handler_table)
                  00022b3c    00000004     --HOLE-- [fill = 0]
                  00022b40    00000008     (.cinit..bss.load) [load image, compression = zero_init]
                  00022b48    00000010     (__TI_cinit_table)

.bss       0    20000000    000089ac     UNINITIALIZED
                  20000000    00002ea4     game.obj (.bss:g_ppcMaze)
                  20002ea4    00002a58     lwiplib.obj (.bss:memp_memory)
                  200058fc    00001800     qs_ek-lm3s8962.obj (.bss:g_pucFrame)
                  200070fc    00001014     lwiplib.obj (.bss:ram_heap)
                  20008110    00000190     fs_qs.obj (.bss:g_pucMonsters)
                  200082a0    000000ea     lwiplib.obj (.bss:lwip_stats)
                  2000838a    00000002     --HOLE--
                  2000838c    000000c8     lwiplib.obj (.bss:arp_table)
                  20008454    000000c8     game.obj (.bss:g_pusMonsterX)
                  2000851c    000000c8     game.obj (.bss:g_pusMonsterY)
                  200085e4    000000b8     lwiplib.obj (.bss)
                  2000869c    00000084     screen_saver.obj (.bss)
                  20008720    00000064     game.obj (.bss:g_pucMonsterCount)
                  20008784    00000060     lwiplib.obj (.bss:stellarisif_data)
                  200087e4    00000054     can_net.obj (.bss)
                  20008838    00000054     locator.obj (.bss:g_pucLocatorData)
                  2000888c    00000040     random.obj (.bss:g_pulRandomEntropy)
                  200088cc    00000038     lwiplib.obj (.bss:g_sNetIF)
                  20008904    00000030     game.obj (.bss)
                  20008934    0000002c     game.obj (.bss:g_pcLeft)
                  20008960    0000002c     game.obj (.bss:g_pcRight)
                  2000898c    0000000c     rit128x96x4.obj (.bss)
                  20008998    00000008     audio.obj (.bss)
                  200089a0    00000008     qs_ek-lm3s8962.obj (.bss)
                  200089a8    00000004     fs_qs.obj (.bss)

.stack     0    200089ac    00000400     UNINITIALIZED
                  200089ac    00000400     --HOLE--

.data      0    20008dac    00000071     
                  20008dac    0000002e     lwiplib.obj (.data)
                  20008dda    00000002     --HOLE--
                  20008ddc    0000000c     audio.obj (.data)
                  20008de8    00000009     qs_ek-lm3s8962.obj (.data)
                  20008df1    00000003     --HOLE--
                  20008df4    00000008     random.obj (.data)
                  20008dfc    00000008     rtsv7M3_T_le_eabi.lib : _lock.obj (.data)
                  20008e04    00000008                           : exit.obj (.data)
                  20008e0c    00000006     can_net.obj (.data)
                  20008e12    00000002     --HOLE--
                  20008e14    00000004     rtsv7M3_T_le_eabi.lib : stkdepth_vars.obj (.data)
                  20008e18    00000002     game.obj (.data)
                  20008e1a    00000002     --HOLE--
                  20008e1c    00000001     enet.obj (.data)


LINKER GENERATED COPY TABLES

__TI_cinit_table @ 00022b48 records: 2, size/record: 8, table size: 16
	.data: load addr=00022b00, load size=0000002d bytes, run addr=20008dac, run size=00000071 bytes, compression=rle
	.bss: load addr=00022b40, load size=00000008 bytes, run addr=20000000, run size=000089ac bytes, compression=zero_init


LINKER GENERATED HANDLER TABLE

__TI_handler_table @ 00022b30 records: 3, size/record: 4, table size: 12
	index: 0, handler: __TI_decompress_rle24
	index: 1, handler: __TI_decompress_none
	index: 2, handler: __TI_zero_init


GLOBAL SYMBOLS: SORTED ALPHABETICALLY BY Name 

address    name
--------   ----
0001e585   AudioHandler
0002258d   AudioOff
00021cd1   AudioOn
00021f6d   AudioPlaySong
00021f9d   AudioPlaySound
00021421   AudioVolume
00021fcd   AudioVolumeDown
00022979   AudioVolumeGet
00021ffd   AudioVolumeUp
000219a9   C$$EXIT
0001fc9d   CANBitRateSet
00020df1   CANConfigure
0001ffc9   CANConfigureNetwork
000227a5   CANEnable
00020c11   CANGetTargetVersion
0001ee25   CANHandler
000200c1   CANInit
000216dd   CANIntClear
00022721   CANIntEnable
00021d05   CANIntStatus
00021a25   CANMessageClear
0001cbf1   CANMessageGet
0001c4ad   CANMessageSet
0002031d   CANStatusGet
000218a9   CANUpdateTargetLED
00022985   CPUcpsid
00022991   CPUcpsie
000229d9   EnetGetIPAddr
0001f0f5   EnetInit
0002290d   EnetTick
000221e9   EthernetConfigSet
0002234d   EthernetEnable
000227b9   EthernetInitExpClk
00022ae7   EthernetIntClear
00022a15   EthernetIntDisable
00022a8d   EthernetIntEnable
0002299d   EthernetIntStatus
00021d39   EthernetMACAddrGet
00021b15   EthernetMACAddrSet
000224f5   EthernetPHYRead
00021b4d   FlashUserGet
0002202d   GPIODirModeSet
0001ea69   GPIOPadConfigSet
00022aa5   GPIOPinRead
00022859   GPIOPinTypeCAN
0002286b   GPIOPinTypeEthernetLED
0002287d   GPIOPinTypeGPIOInput
0002288f   GPIOPinTypeGPIOOutput
000228a1   GPIOPinTypePWM
000228b3   GPIOPinTypeSSI
000228c5   GPIOPinTypeUART
00022aab   GPIOPinWrite
00020829   IntDisable
0002088d   IntEnable
00022a1f   IntMasterDisable
00022a29   IntMasterEnable
00021d6d   LocatorAppTitleSet
00021165   LocatorInit
000223d5   LocatorMACAddrSet
0001b5c9   MainScreen
00022265   PWMGenConfigure
00022a33   PWMGenDisable
00022a3d   PWMGenEnable
000227cd   PWMGenPeriodSet
00022737   PWMOutputInvert
0002274d   PWMOutputState
00022513   PWMPulseWidthSet
00022aeb   PWMSyncUpdate
0001996d   PlayGame
00021469   RIT128x96x4Clear
000229a9   RIT128x96x4DisplayOff
000223f5   RIT128x96x4DisplayOn
00020c71   RIT128x96x4Enable
000208f1   RIT128x96x4ImageDraw
0001f59d   RIT128x96x4Init
000225c5   RandomAddEntropy
000225e1   RandomNumber
0001b7e9   RandomSeed
00022ab1   ResetISR
UNDEFED    SHT$$INIT_ARRAY$$Base
UNDEFED    SHT$$INIT_ARRAY$$Limit
00022a95   SSIBusy
00021589   SSIConfigSetExpClk
00022a47   SSIDataPut
00022a51   SSIDisable
00022a5b   SSIEnable
00019ea1   ScreenSaver
0001c315   SysCtlClockGet
0001ce7d   SysCtlClockSet
00022ab7   SysCtlDelay
000229b5   SysCtlLDOSet
000227e1   SysCtlPWMClockSet
00020fbd   SysCtlPeripheralEnable
0001fdb5   SysCtlPeripheralReset
000227f5   SysTickEnable
00022809   SysTickIntEnable
0001dbcd   SysTickIntHandler
0002291d   SysTickPeriodSet
00022a65   UARTCharPut
0002171f   UARTConfigSetExpClk
000225fd   UARTDisable
0002281d   UARTEnable
20008dac   __STACK_END
00000400   __STACK_SIZE
20008dac   __STACK_TOP
00022b48   __TI_CINIT_Base
00022b58   __TI_CINIT_Limit
00022b30   __TI_Handler_Table_Base
00022b3c   __TI_Handler_Table_Limit
00000001   __TI_args_main
0001f8a1   __TI_auto_init
0002294d   __TI_decompress_none
00022abd   __TI_decompress_rle24
00000000   __TI_static_base__
000228d7   __TI_zero_init
0002022d   __aeabi_memclr
0002022d   __aeabi_memclr4
0002022d   __aeabi_memclr8
0001f63d   __aeabi_memcpy
0001f63d   __aeabi_memcpy4
0001f63d   __aeabi_memcpy8
0002022f   __aeabi_memset
0002022f   __aeabi_memset4
0002022f   __aeabi_memset8
000217a3   __aeabi_uidivmod
ffffffff   __binit__
ffffffff   __c_args__
200089ac   __stack
000226f1   _args_main
00021e3d   _c_int00
20008e04   _cleanup_ptr
20008e08   _dtors_ptr
20008dfc   _lock
0002283f   _nop
00022837   _register_lock
00022831   _register_unlock
20008e00   _unlock
000219ad   abort
0001f301   autoip_arp_reply
000207c1   autoip_start
0002292d   autoip_stop
0001e72d   autoip_tmr
ffffffff   binit
00021655   copy_in
20008678   current_header
20008674   current_netif
00022689   dhcp_arp_reply
00021a61   dhcp_coarse_tmr
00021bbd   dhcp_fine_tmr
0001eed9   dhcp_release
0001faed   dhcp_renew
0001f3a9   dhcp_start
00021761   dhcp_stop
0001c93d   etharp_arp_input
00022391   etharp_ip_input
0001eb31   etharp_output
0001d0f5   etharp_query
0001e3d5   etharp_raw
000220e1   etharp_request
00021969   etharp_tmr
000191a4   ethbroadcast
00020621   ethernet_input
000191aa   ethzero
000219b5   exit
000187e4   file_404_html
000187f4   file_block_html
00018804   file_family_html
00018814   file_footer_html
00018824   file_header_html
00018834   file_images_awards08_jpg
00018844   file_images_chips_jpg
00018854   file_images_favicon_ico
00018864   file_images_fury_block_gif
00018874   file_images_no16bit_jpg
00018884   file_images_no8bit_jpg
00018894   file_images_noasm_jpg
000188a4   file_images_nopin_jpg
000188b4   file_images_ti_logo_gif
000188c4   file_index_html
000188d4   file_lmimaze_class
000188e4   file_qs_game_html
000188f4   file_side_html
00018904   file_styles_css
00018914   file_ti_html
00022af3   fs_close
0001c63d   fs_open
0001f771   fs_read
20008820   g_MsgObjectButton
2000880c   g_MsgObjectLED
200087e4   g_MsgObjectRx
200087f8   g_MsgObjectTx
00000000   g_pfnVectors
20000000   g_ppcMaze
000182a0   g_ppucDigits
000115e0   g_ppucSprites
000191e0   g_psDefaultFilenames
000177c8   g_pucAcquiring
00015978   g_pucCodeComposer
00018ea4   g_pucDot
00018f08   g_pucExplosion
200058fc   g_pucFrame
000184a8   g_pucGameOver
00018e2c   g_pucIP
00018efe   g_pucMonster
00016924   g_pucPlay
00019208   g_pucPlayerDying
00018ebe   g_pucPlayerStandingDown
00018ee6   g_pucPlayerStandingLeft
00018ef2   g_pucPlayerStandingRight
00018ed6   g_pucPlayerStandingUp
00018ecc   g_pucPlayerWalkingDown
00018eec   g_pucPlayerWalkingLeft
00018ef8   g_pucPlayerWalkingRight
00018edc   g_pucPlayerWalkingUp
00018a50   g_pucScore
00013e44   g_pucTILogo
00019040   g_pusEndOfGame
00019144   g_pusEndOfMaze
00019108   g_pusFireEffect
00018d00   g_pusIntro
00018b70   g_pusMonsterEffect
20008454   g_pusMonsterX
2000851c   g_pusMonsterY
00018924   g_pusPlayerEffect
000191b0   g_pusStartOfGame
00018c38   g_pusWallEffect
20008e10   g_ucLEDLevel
20008dee   g_ucSwitches
200089a0   g_ulFlags
20008904   g_ulScore
200089a4   g_ulSystemClock
20008908   g_usPlayerX
2000890a   g_usPlayerY
000226a3   htonl
000229c1   htons
0002228d   httpd_init
00022a9d   icmp_dest_unreach
0001bddd   icmp_input
000229cd   inet_chksum
000214b1   inet_chksum_pbuf
0001fd29   inet_chksum_pseudo
00020689   inet_ntoa
0001919c   ip_addr_any
000191a0   ip_addr_broadcast
00021e09   ip_addr_isbroadcast
0001b9f9   ip_input
00021611   ip_output
0001e4ad   ip_output_if
000211b5   ip_route
00022139   lwIPEthernetIntHandler
000214f9   lwIPInit
000229d9   lwIPLocalIPAddrGet
00022635   lwIPTimer
000229e5   lwip_init
200082a0   lwip_stats
0001bfad   main
20008e14   main_func_sp
00020955   mem_free
00020cd1   mem_init
0001d9e1   mem_malloc
0001dad9   mem_realloc
000223b3   memcmp
0001f63d   memcpy
00021a9d   memp_free
000206f1   memp_init
000209b9   memp_malloc
00020235   memset
000210bd   netif_add
20008618   netif_default
00022a6f   netif_is_up
20008614   netif_list
00022651   netif_set_addr
000229f1   netif_set_default
000228e9   netif_set_down
000229fd   netif_set_gw
00020a1d   netif_set_ipaddr
00022a09   netif_set_netmask
00022495   netif_set_up
000226a3   ntohl
000229c1   ntohs
0001d7d9   pbuf_alloc
00022329   pbuf_cat
00022969   pbuf_chain
000228fb   pbuf_clen
0001fc0d   pbuf_copy
0002054d   pbuf_copy_partial
00021111   pbuf_free
00020bad   pbuf_header
0002133d   pbuf_realloc
0002278f   pbuf_ref
00020759   raw_input
00021ad9   stellarisif_init
00020395   stellarisif_interrupt
00022303   strncmp
00022a1f   sys_arch_protect
00022a79   sys_arch_unprotect
0001f4f9   tcp_abandon
00022af7   tcp_accept
2000862c   tcp_active_pcbs
0001e7fd   tcp_alloc
00022afb   tcp_arg
00018da0   tcp_backoff
0001e221   tcp_bind
20008624   tcp_bound_pcbs
0001ef8d   tcp_close
0002254f   tcp_eff_send_mss
0001a9bd   tcp_enqueue
00022ac9   tcp_err
00020f05   tcp_fasttmr
0001a27d   tcp_input
2000866c   tcp_input_pcb
00020ae5   tcp_keepalive
20008628   tcp_listen_pcbs
0001f9c9   tcp_listen_with_backlog
00022acf   tcp_new
00022709   tcp_next_iss
0001c175   tcp_output
000217e5   tcp_pcb_purge
00020d31   tcp_pcb_remove
00018dad   tcp_persist_backoff
00022a83   tcp_poll
00022ad5   tcp_recv
000224b5   tcp_recv_null
00021c63   tcp_recved
00021699   tcp_rexmit
000212a3   tcp_rexmit_fast
00022165   tcp_rexmit_rto
0001ed6d   tcp_rst
000222b5   tcp_seg_copy
0002256d   tcp_seg_free
000226bd   tcp_segs_free
00022845   tcp_send_ctrl
000205b7   tcp_send_empty_ack
00022adb   tcp_sent
0001b0c9   tcp_slowtmr
20008620   tcp_ticks
20008634   tcp_tmp_pcb
000224d5   tcp_tmr
20008630   tcp_tw_pcbs
00021f3b   tcp_update_rcv_ann_wnd
00022191   tcp_write
0001f041   tcp_zero_window_probe
00020f61   udp_bind
00021541   udp_connect
0001bbf5   udp_input
0002266d   udp_new
20008670   udp_pcbs
00022ae1   udp_recv
000221bd   udp_remove
00021e71   udp_sendto
0001de91   udp_sendto_if


GLOBAL SYMBOLS: SORTED BY Symbol Address 

address    name
--------   ----
00000000   __TI_static_base__
00000000   g_pfnVectors
00000001   __TI_args_main
00000400   __STACK_SIZE
000115e0   g_ppucSprites
00013e44   g_pucTILogo
00015978   g_pucCodeComposer
00016924   g_pucPlay
000177c8   g_pucAcquiring
000182a0   g_ppucDigits
000184a8   g_pucGameOver
000187e4   file_404_html
000187f4   file_block_html
00018804   file_family_html
00018814   file_footer_html
00018824   file_header_html
00018834   file_images_awards08_jpg
00018844   file_images_chips_jpg
00018854   file_images_favicon_ico
00018864   file_images_fury_block_gif
00018874   file_images_no16bit_jpg
00018884   file_images_no8bit_jpg
00018894   file_images_noasm_jpg
000188a4   file_images_nopin_jpg
000188b4   file_images_ti_logo_gif
000188c4   file_index_html
000188d4   file_lmimaze_class
000188e4   file_qs_game_html
000188f4   file_side_html
00018904   file_styles_css
00018914   file_ti_html
00018924   g_pusPlayerEffect
00018a50   g_pucScore
00018b70   g_pusMonsterEffect
00018c38   g_pusWallEffect
00018d00   g_pusIntro
00018da0   tcp_backoff
00018dad   tcp_persist_backoff
00018e2c   g_pucIP
00018ea4   g_pucDot
00018ebe   g_pucPlayerStandingDown
00018ecc   g_pucPlayerWalkingDown
00018ed6   g_pucPlayerStandingUp
00018edc   g_pucPlayerWalkingUp
00018ee6   g_pucPlayerStandingLeft
00018eec   g_pucPlayerWalkingLeft
00018ef2   g_pucPlayerStandingRight
00018ef8   g_pucPlayerWalkingRight
00018efe   g_pucMonster
00018f08   g_pucExplosion
00019040   g_pusEndOfGame
00019108   g_pusFireEffect
00019144   g_pusEndOfMaze
0001919c   ip_addr_any
000191a0   ip_addr_broadcast
000191a4   ethbroadcast
000191aa   ethzero
000191b0   g_pusStartOfGame
000191e0   g_psDefaultFilenames
00019208   g_pucPlayerDying
0001996d   PlayGame
00019ea1   ScreenSaver
0001a27d   tcp_input
0001a9bd   tcp_enqueue
0001b0c9   tcp_slowtmr
0001b5c9   MainScreen
0001b7e9   RandomSeed
0001b9f9   ip_input
0001bbf5   udp_input
0001bddd   icmp_input
0001bfad   main
0001c175   tcp_output
0001c315   SysCtlClockGet
0001c4ad   CANMessageSet
0001c63d   fs_open
0001c93d   etharp_arp_input
0001cbf1   CANMessageGet
0001ce7d   SysCtlClockSet
0001d0f5   etharp_query
0001d7d9   pbuf_alloc
0001d9e1   mem_malloc
0001dad9   mem_realloc
0001dbcd   SysTickIntHandler
0001de91   udp_sendto_if
0001e221   tcp_bind
0001e3d5   etharp_raw
0001e4ad   ip_output_if
0001e585   AudioHandler
0001e72d   autoip_tmr
0001e7fd   tcp_alloc
0001ea69   GPIOPadConfigSet
0001eb31   etharp_output
0001ed6d   tcp_rst
0001ee25   CANHandler
0001eed9   dhcp_release
0001ef8d   tcp_close
0001f041   tcp_zero_window_probe
0001f0f5   EnetInit
0001f301   autoip_arp_reply
0001f3a9   dhcp_start
0001f4f9   tcp_abandon
0001f59d   RIT128x96x4Init
0001f63d   __aeabi_memcpy
0001f63d   __aeabi_memcpy4
0001f63d   __aeabi_memcpy8
0001f63d   memcpy
0001f771   fs_read
0001f8a1   __TI_auto_init
0001f9c9   tcp_listen_with_backlog
0001faed   dhcp_renew
0001fc0d   pbuf_copy
0001fc9d   CANBitRateSet
0001fd29   inet_chksum_pseudo
0001fdb5   SysCtlPeripheralReset
0001ffc9   CANConfigureNetwork
000200c1   CANInit
0002022d   __aeabi_memclr
0002022d   __aeabi_memclr4
0002022d   __aeabi_memclr8
0002022f   __aeabi_memset
0002022f   __aeabi_memset4
0002022f   __aeabi_memset8
00020235   memset
0002031d   CANStatusGet
00020395   stellarisif_interrupt
0002054d   pbuf_copy_partial
000205b7   tcp_send_empty_ack
00020621   ethernet_input
00020689   inet_ntoa
000206f1   memp_init
00020759   raw_input
000207c1   autoip_start
00020829   IntDisable
0002088d   IntEnable
000208f1   RIT128x96x4ImageDraw
00020955   mem_free
000209b9   memp_malloc
00020a1d   netif_set_ipaddr
00020ae5   tcp_keepalive
00020bad   pbuf_header
00020c11   CANGetTargetVersion
00020c71   RIT128x96x4Enable
00020cd1   mem_init
00020d31   tcp_pcb_remove
00020df1   CANConfigure
00020f05   tcp_fasttmr
00020f61   udp_bind
00020fbd   SysCtlPeripheralEnable
000210bd   netif_add
00021111   pbuf_free
00021165   LocatorInit
000211b5   ip_route
000212a3   tcp_rexmit_fast
0002133d   pbuf_realloc
00021421   AudioVolume
00021469   RIT128x96x4Clear
000214b1   inet_chksum_pbuf
000214f9   lwIPInit
00021541   udp_connect
00021589   SSIConfigSetExpClk
00021611   ip_output
00021655   copy_in
00021699   tcp_rexmit
000216dd   CANIntClear
0002171f   UARTConfigSetExpClk
00021761   dhcp_stop
000217a3   __aeabi_uidivmod
000217e5   tcp_pcb_purge
000218a9   CANUpdateTargetLED
00021969   etharp_tmr
000219a9   C$$EXIT
000219ad   abort
000219b5   exit
00021a25   CANMessageClear
00021a61   dhcp_coarse_tmr
00021a9d   memp_free
00021ad9   stellarisif_init
00021b15   EthernetMACAddrSet
00021b4d   FlashUserGet
00021bbd   dhcp_fine_tmr
00021c63   tcp_recved
00021cd1   AudioOn
00021d05   CANIntStatus
00021d39   EthernetMACAddrGet
00021d6d   LocatorAppTitleSet
00021e09   ip_addr_isbroadcast
00021e3d   _c_int00
00021e71   udp_sendto
00021f3b   tcp_update_rcv_ann_wnd
00021f6d   AudioPlaySong
00021f9d   AudioPlaySound
00021fcd   AudioVolumeDown
00021ffd   AudioVolumeUp
0002202d   GPIODirModeSet
000220e1   etharp_request
00022139   lwIPEthernetIntHandler
00022165   tcp_rexmit_rto
00022191   tcp_write
000221bd   udp_remove
000221e9   EthernetConfigSet
00022265   PWMGenConfigure
0002228d   httpd_init
000222b5   tcp_seg_copy
00022303   strncmp
00022329   pbuf_cat
0002234d   EthernetEnable
00022391   etharp_ip_input
000223b3   memcmp
000223d5   LocatorMACAddrSet
000223f5   RIT128x96x4DisplayOn
00022495   netif_set_up
000224b5   tcp_recv_null
000224d5   tcp_tmr
000224f5   EthernetPHYRead
00022513   PWMPulseWidthSet
0002254f   tcp_eff_send_mss
0002256d   tcp_seg_free
0002258d   AudioOff
000225c5   RandomAddEntropy
000225e1   RandomNumber
000225fd   UARTDisable
00022635   lwIPTimer
00022651   netif_set_addr
0002266d   udp_new
00022689   dhcp_arp_reply
000226a3   htonl
000226a3   ntohl
000226bd   tcp_segs_free
000226f1   _args_main
00022709   tcp_next_iss
00022721   CANIntEnable
00022737   PWMOutputInvert
0002274d   PWMOutputState
0002278f   pbuf_ref
000227a5   CANEnable
000227b9   EthernetInitExpClk
000227cd   PWMGenPeriodSet
000227e1   SysCtlPWMClockSet
000227f5   SysTickEnable
00022809   SysTickIntEnable
0002281d   UARTEnable
00022831   _register_unlock
00022837   _register_lock
0002283f   _nop
00022845   tcp_send_ctrl
00022859   GPIOPinTypeCAN
0002286b   GPIOPinTypeEthernetLED
0002287d   GPIOPinTypeGPIOInput
0002288f   GPIOPinTypeGPIOOutput
000228a1   GPIOPinTypePWM
000228b3   GPIOPinTypeSSI
000228c5   GPIOPinTypeUART
000228d7   __TI_zero_init
000228e9   netif_set_down
000228fb   pbuf_clen
0002290d   EnetTick
0002291d   SysTickPeriodSet
0002292d   autoip_stop
0002294d   __TI_decompress_none
00022969   pbuf_chain
00022979   AudioVolumeGet
00022985   CPUcpsid
00022991   CPUcpsie
0002299d   EthernetIntStatus
000229a9   RIT128x96x4DisplayOff
000229b5   SysCtlLDOSet
000229c1   htons
000229c1   ntohs
000229cd   inet_chksum
000229d9   EnetGetIPAddr
000229d9   lwIPLocalIPAddrGet
000229e5   lwip_init
000229f1   netif_set_default
000229fd   netif_set_gw
00022a09   netif_set_netmask
00022a15   EthernetIntDisable
00022a1f   IntMasterDisable
00022a1f   sys_arch_protect
00022a29   IntMasterEnable
00022a33   PWMGenDisable
00022a3d   PWMGenEnable
00022a47   SSIDataPut
00022a51   SSIDisable
00022a5b   SSIEnable
00022a65   UARTCharPut
00022a6f   netif_is_up
00022a79   sys_arch_unprotect
00022a83   tcp_poll
00022a8d   EthernetIntEnable
00022a95   SSIBusy
00022a9d   icmp_dest_unreach
00022aa5   GPIOPinRead
00022aab   GPIOPinWrite
00022ab1   ResetISR
00022ab7   SysCtlDelay
00022abd   __TI_decompress_rle24
00022ac9   tcp_err
00022acf   tcp_new
00022ad5   tcp_recv
00022adb   tcp_sent
00022ae1   udp_recv
00022ae7   EthernetIntClear
00022aeb   PWMSyncUpdate
00022af3   fs_close
00022af7   tcp_accept
00022afb   tcp_arg
00022b30   __TI_Handler_Table_Base
00022b3c   __TI_Handler_Table_Limit
00022b48   __TI_CINIT_Base
00022b58   __TI_CINIT_Limit
20000000   g_ppcMaze
200058fc   g_pucFrame
200082a0   lwip_stats
20008454   g_pusMonsterX
2000851c   g_pusMonsterY
20008614   netif_list
20008618   netif_default
20008620   tcp_ticks
20008624   tcp_bound_pcbs
20008628   tcp_listen_pcbs
2000862c   tcp_active_pcbs
20008630   tcp_tw_pcbs
20008634   tcp_tmp_pcb
2000866c   tcp_input_pcb
20008670   udp_pcbs
20008674   current_netif
20008678   current_header
200087e4   g_MsgObjectRx
200087f8   g_MsgObjectTx
2000880c   g_MsgObjectLED
20008820   g_MsgObjectButton
20008904   g_ulScore
20008908   g_usPlayerX
2000890a   g_usPlayerY
200089a0   g_ulFlags
200089a4   g_ulSystemClock
200089ac   __stack
20008dac   __STACK_END
20008dac   __STACK_TOP
20008dee   g_ucSwitches
20008dfc   _lock
20008e00   _unlock
20008e04   _cleanup_ptr
20008e08   _dtors_ptr
20008e10   g_ucLEDLevel
20008e14   main_func_sp
ffffffff   __binit__
ffffffff   __c_args__
ffffffff   binit
UNDEFED    SHT$$INIT_ARRAY$$Base
UNDEFED    SHT$$INIT_ARRAY$$Limit

[351 symbols]
