******************************************************************************
                  TI ARM Linker PC v5.0.4                      
******************************************************************************
>> Linked Thu Apr 02 11:47:16 2015

OUTPUT FILE NAME:   <ece3849d15_lab1_addresser_awharrison.out>
ENTRY POINT SYMBOL: "_c_int00"  address: 00002025


MEMORY CONFIGURATION

         name            origin    length      used     unused   attr    fill
----------------------  --------  ---------  --------  --------  ----  --------
  FLASH                 00000000   00040000  0000294e  0003d6b2  R  X
  SRAM                  20000000   00010000  0000305c  0000cfa4  RW X


SEGMENT ALLOCATION MAP

run origin  load origin   length   init length attrs members
----------  ----------- ---------- ----------- ----- -------
00000000    00000000    00002950   00002950    r-x
  00000000    00000000    000000f0   000000f0    r-- .intvecs
  000000f0    000000f0    0000219e   0000219e    r-x .text
  00002290    00002290    00000688   00000688    r-- .const
  00002918    00002918    00000038   00000038    r-- .cinit
20000000    20000000    00003034   00000000    rw-
  20000000    20000000    00002834   00000000    rw- .bss
  20002834    20002834    00000800   00000000    rw- .stack
20003034    20003034    00000028   00000028    rw-
  20003034    20003034    00000028   00000028    rw- .data


SECTION ALLOCATION MAP

 output                                  attributes/
section   page    origin      length       input sections
--------  ----  ----------  ----------   ----------------
.intvecs   0    00000000    000000f0     
                  00000000    000000f0     startup_ccs.obj (.intvecs)

.init_array 
*          0    00000000    00000000     UNINITIALIZED

.text      0    000000f0    0000219e     
                  000000f0    00000694     frame_graphics.obj (.text)
                  00000784    00000670     main.obj (.text)
                  00000df4    00000510     rit128x96x4.obj (.text)
                  00001304    000001b6     rtsv7M3_T_le_eabi.lib : fd_add_t2.obj (.text)
                  000014ba    00000002     --HOLE-- [fill = 0]
                  000014bc    00000198     driverlib-cm3.lib : sysctl.obj (.text:SysCtlClockGet)
                  00001654    00000144                       : sysctl.obj (.text:SysCtlClockSet)
                  00001798    000000c8                       : gpio.obj (.text:GPIOPadConfigSet)
                  00001860    000000c4     rtsv7M3_T_le_eabi.lib : xdint.obj (.text)
                  00001924    0000009c                           : memcpy_t2.obj (.text)
                  000019c0    00000094     buttons.obj (.text)
                  00001a54    00000094     rtsv7M3_T_le_eabi.lib : auto_init.obj (.text)
                  00001ae8    00000092                           : fs_div_t2.obj (.text)
                  00001b7a    0000007e                           : fd_cmp_t2.obj (.text)
                  00001bf8    0000007a                           : fs_mul_t2.obj (.text)
                  00001c72    0000006c     driverlib-cm3.lib : adc.obj (.text:ADCSequenceStepConfigure)
                  00001cde    00000002     --HOLE-- [fill = 0]
                  00001ce0    00000064                       : interrupt.obj (.text:IntEnable)
                  00001d44    00000064     rtsv7M3_T_le_eabi.lib : round.obj (.text)
                  00001da8    0000005e                           : copy_decompress_rle.obj (.text)
                  00001e06    00000002     --HOLE-- [fill = 0]
                  00001e08    00000058     driverlib-cm3.lib : sysctl.obj (.text:SysCtlPeripheralEnable)
                  00001e60    00000048     rtsv7M3_T_le_eabi.lib : fd_toi_t2.obj (.text)
                  00001ea8    00000044     driverlib-cm3.lib : ssi.obj (.text:SSIConfigSetExpClk)
                  00001eec    00000044     rtsv7M3_T_le_eabi.lib : cpy_tbl.obj (.text)
                  00001f30    00000044                           : xdtest.obj (.text)
                  00001f74    00000040                           : exit.obj (.text)
                  00001fb4    00000038                           : fs_tod_t2.obj (.text)
                  00001fec    00000038                           : i_tofs_t2.obj (.text)
                  00002024    00000034                           : boot.obj (.text)
                  00002058    0000002e     driverlib-cm3.lib : gpio.obj (.text:GPIODirModeSet)
                  00002086    0000002a                       : adc.obj (.text:ADCSequenceConfigure)
                  000020b0    00000024                       : interrupt.obj (.text:IntPrioritySet)
                  000020d4    00000024                       : timer.obj (.text:TimerConfigure)
                  000020f8    00000020                       : sysctl.obj (.text:SysCtlADCSpeedSet)
                  00002118    00000018     rtsv7M3_T_le_eabi.lib : args_main.obj (.text)
                  00002130    00000014     driverlib-cm3.lib : timer.obj (.text:TimerDisable)
                  00002144    00000014     rtsv7M3_T_le_eabi.lib : _lock.obj (.text)
                  00002158    00000012     driverlib-cm3.lib : gpio.obj (.text:GPIOPinTypeGPIOInput)
                  0000216a    00000012                       : gpio.obj (.text:GPIOPinTypeGPIOOutput)
                  0000217c    00000012                       : gpio.obj (.text:GPIOPinTypeSSI)
                  0000218e    00000012                       : ssi.obj (.text:SSIDataGetNonBlocking)
                  000021a0    00000012                       : timer.obj (.text:TimerLoadSet)
                  000021b2    00000012                       : timer.obj (.text:TimerPrescaleSet)
                  000021c4    00000012     rtsv7M3_T_le_eabi.lib : copy_zero_init.obj (.text:decompress:ZI)
                  000021d6    00000010     driverlib-cm3.lib : adc.obj (.text:ADCIntEnable)
                  000021e6    0000000e                       : adc.obj (.text:ADCSequenceDisable)
                  000021f4    0000000e                       : adc.obj (.text:ADCSequenceEnable)
                  00002202    0000000e                       : timer.obj (.text:TimerEnable)
                  00002210    0000000e     rtsv7M3_T_le_eabi.lib : copy_decompress_none.obj (.text:decompress:none)
                  0000221e    0000000c     driverlib-cm3.lib : cpu.obj (.text:CPUcpsie)
                  0000222a    00000002     --HOLE-- [fill = 0]
                  0000222c    0000000c                       : sysctl.obj (.text:SysCtlLDOSet)
                  00002238    0000000c     startup_ccs.obj (.text)
                  00002244    0000000a     driverlib-cm3.lib : interrupt.obj (.text:IntMasterEnable)
                  0000224e    0000000a                       : ssi.obj (.text:SSIDataPut)
                  00002258    0000000a                       : ssi.obj (.text:SSIDisable)
                  00002262    0000000a                       : ssi.obj (.text:SSIEnable)
                  0000226c    00000008                       : ssi.obj (.text:SSIBusy)
                  00002274    00000008                       : timer.obj (.text:TimerIntEnable)
                  0000227c    00000006                       : gpio.obj (.text:GPIOPinWrite)
                  00002282    00000006                       : sysctl.obj (.text:SysCtlDelay)
                  00002288    00000006     rtsv7M3_T_le_eabi.lib : copy_decompress_rle.obj (.text:decompress:rle24)

.const     0    00002290    00000688     
                  00002290    000001e0     rit128x96x4.obj (.const:g_pucFont)
                  00002470    000001db     frame_graphics.obj (.const:g_pucFont)
                  0000264b    00000001     --HOLE-- [fill = 0]
                  0000264c    0000009c     driverlib-cm3.lib : interrupt.obj (.const:g_pulRegs)
                  000026e8    00000070                       : interrupt.obj (.const)
                  00002758    0000006c                       : sysctl.obj (.const:g_pulXtals)
                  000027c4    0000004f     rit128x96x4.obj (.const:.string:g_pucRIT128x96x4Init)
                  00002813    00000001     --HOLE-- [fill = 0]
                  00002814    00000040     driverlib-cm3.lib : sysctl.obj (.const)
                  00002854    00000040     frame_graphics.obj (.const)
                  00002894    00000030     rtsv7M3_T_le_eabi.lib : xdint.obj (.const)
                  000028c4    00000024     main.obj (.const)
                  000028e8    00000022     main.obj (.const:.string)
                  0000290a    00000002     --HOLE-- [fill = 0]
                  0000290c    0000000c     rit128x96x4.obj (.const:.string)

.cinit     0    00002918    00000038     
                  00002918    00000014     (.cinit..data.load) [load image, compression = rle]
                  0000292c    0000000c     (__TI_handler_table)
                  00002938    00000008     (.cinit..bss.load) [load image, compression = zero_init]
                  00002940    00000010     (__TI_cinit_table)

.bss       0    20000000    00002834     UNINITIALIZED
                  20000000    00001800     frame_graphics.obj (.bss:g_pucFrame)
                  20001800    00001000     main.obj (.bss:g_pusADCBuffer)
                  20002800    00000018     buttons.obj (.bss)
                  20002818    00000010     main.obj (.bss)
                  20002828    0000000c     rit128x96x4.obj (.bss)

.stack     0    20002834    00000800     UNINITIALIZED
                  20002834    00000800     --HOLE--

.data      0    20003034    00000028     
                  20003034    00000014     main.obj (.data)
                  20003048    00000008     rtsv7M3_T_le_eabi.lib : _lock.obj (.data)
                  20003050    00000008                           : exit.obj (.data)
                  20003058    00000004                           : stkdepth_vars.obj (.data)


LINKER GENERATED COPY TABLES

__TI_cinit_table @ 00002940 records: 2, size/record: 8, table size: 16
	.data: load addr=00002918, load size=00000014 bytes, run addr=20003034, run size=00000028 bytes, compression=rle
	.bss: load addr=00002938, load size=00000008 bytes, run addr=20000000, run size=00002834 bytes, compression=zero_init


LINKER GENERATED HANDLER TABLE

__TI_handler_table @ 0000292c records: 3, size/record: 4, table size: 12
	index: 0, handler: __TI_decompress_rle24
	index: 1, handler: __TI_decompress_none
	index: 2, handler: __TI_zero_init


GLOBAL SYMBOLS: SORTED ALPHABETICALLY BY Name 

address    name
--------   ----
000021d7   ADCIntEnable
00002087   ADCSequenceConfigure
000021e7   ADCSequenceDisable
000021f5   ADCSequenceEnable
00001c73   ADCSequenceStepConfigure
00000c63   ADC_ISR
000019c1   ButtonDebounce
00001f75   C$$EXIT
0000221f   CPUcpsie
000002ed   DrawChar
000004b5   DrawCircle
0000055f   DrawFilledRectangle
000001d3   DrawLine
00000163   DrawPoint
000003c5   DrawString
000000f1   FillFrame
00002059   GPIODirModeSet
00001799   GPIOPadConfigSet
00002159   GPIOPinTypeGPIOInput
0000216b   GPIOPinTypeGPIOOutput
0000217d   GPIOPinTypeSSI
0000227d   GPIOPinWrite
00001ce1   IntEnable
00002245   IntMasterEnable
000020b1   IntPrioritySet
00000f01   RIT128x96x4Clear
0000118f   RIT128x96x4Disable
000012d7   RIT128x96x4DisplayOff
000012a3   RIT128x96x4DisplayOn
00001135   RIT128x96x4Enable
00001099   RIT128x96x4ImageDraw
000011fd   RIT128x96x4Init
00000f69   RIT128x96x4StringDraw
00002239   ResetISR
UNDEFED    SHT$$INIT_ARRAY$$Base
UNDEFED    SHT$$INIT_ARRAY$$Limit
0000226d   SSIBusy
00001ea9   SSIConfigSetExpClk
0000218f   SSIDataGetNonBlocking
0000224f   SSIDataPut
00002259   SSIDisable
00002263   SSIEnable
000020f9   SysCtlADCSpeedSet
000014bd   SysCtlClockGet
00001655   SysCtlClockSet
00002283   SysCtlDelay
0000222d   SysCtlLDOSet
00001e09   SysCtlPeripheralEnable
000020d5   TimerConfigure
00002131   TimerDisable
00002203   TimerEnable
00000d35   TimerISR
00002275   TimerIntEnable
000021a1   TimerLoadSet
000021b3   TimerPrescaleSet
00001861   _Dint
00001f31   _Dtest
20003034   __STACK_END
00000800   __STACK_SIZE
20002a34   __STACK_TOP
00002940   __TI_CINIT_Base
00002950   __TI_CINIT_Limit
0000292c   __TI_Handler_Table_Base
00002938   __TI_Handler_Table_Limit
00000001   __TI_args_main
00001a55   __TI_auto_init
00002211   __TI_decompress_none
00002289   __TI_decompress_rle24
00000000   __TI_static_base__
000021c5   __TI_zero_init
00001b7b   __aeabi_cdcmpeq
00001b7b   __aeabi_cdcmple
00001e61   __aeabi_d2iz
0000130f   __aeabi_dadd
00001305   __aeabi_dsub
00001fb5   __aeabi_f2d
00001ae9   __aeabi_fdiv
00001bf9   __aeabi_fmul
00001fed   __aeabi_i2f
00001925   __aeabi_memcpy
00001925   __aeabi_memcpy4
00001925   __aeabi_memcpy8
ffffffff   __binit__
ffffffff   __c_args__
20002834   __stack
00002119   _args_main
00002025   _c_int00
20003050   _cleanup_ptr
20003054   _dtors_ptr
20003048   _lock
00002153   _nop
0000214b   _register_lock
00002145   _register_unlock
2000304c   _unlock
00001f79   abort
ffffffff   binit
00001eed   copy_in
0000054f   custDrawCircle
00001f81   exit
2000281c   fifo
00000ce5   fifo_get
20003040   fifo_head
00000ca5   fifo_put
20003044   fifo_tail
20003034   g_iADCBufferIndex
00000000   g_pfnVectors
000028d4   g_ppcTimeScaleStr
000028c4   g_ppcVoltageScaleStr
00002470   g_pucFont
20000000   g_pucFrame
20001800   g_pusADCBuffer
20003038   g_ulADCErrors
20002800   g_ulButtons
20002818   g_ulSystemClock
00000785   main
20003058   main_func_sp
00001925   memcpy
00001d45   round
2000303c   state


GLOBAL SYMBOLS: SORTED BY Symbol Address 

address    name
--------   ----
00000000   __TI_static_base__
00000000   g_pfnVectors
00000001   __TI_args_main
000000f1   FillFrame
00000163   DrawPoint
000001d3   DrawLine
000002ed   DrawChar
000003c5   DrawString
000004b5   DrawCircle
0000054f   custDrawCircle
0000055f   DrawFilledRectangle
00000785   main
00000800   __STACK_SIZE
00000c63   ADC_ISR
00000ca5   fifo_put
00000ce5   fifo_get
00000d35   TimerISR
00000f01   RIT128x96x4Clear
00000f69   RIT128x96x4StringDraw
00001099   RIT128x96x4ImageDraw
00001135   RIT128x96x4Enable
0000118f   RIT128x96x4Disable
000011fd   RIT128x96x4Init
000012a3   RIT128x96x4DisplayOn
000012d7   RIT128x96x4DisplayOff
00001305   __aeabi_dsub
0000130f   __aeabi_dadd
000014bd   SysCtlClockGet
00001655   SysCtlClockSet
00001799   GPIOPadConfigSet
00001861   _Dint
00001925   __aeabi_memcpy
00001925   __aeabi_memcpy4
00001925   __aeabi_memcpy8
00001925   memcpy
000019c1   ButtonDebounce
00001a55   __TI_auto_init
00001ae9   __aeabi_fdiv
00001b7b   __aeabi_cdcmpeq
00001b7b   __aeabi_cdcmple
00001bf9   __aeabi_fmul
00001c73   ADCSequenceStepConfigure
00001ce1   IntEnable
00001d45   round
00001e09   SysCtlPeripheralEnable
00001e61   __aeabi_d2iz
00001ea9   SSIConfigSetExpClk
00001eed   copy_in
00001f31   _Dtest
00001f75   C$$EXIT
00001f79   abort
00001f81   exit
00001fb5   __aeabi_f2d
00001fed   __aeabi_i2f
00002025   _c_int00
00002059   GPIODirModeSet
00002087   ADCSequenceConfigure
000020b1   IntPrioritySet
000020d5   TimerConfigure
000020f9   SysCtlADCSpeedSet
00002119   _args_main
00002131   TimerDisable
00002145   _register_unlock
0000214b   _register_lock
00002153   _nop
00002159   GPIOPinTypeGPIOInput
0000216b   GPIOPinTypeGPIOOutput
0000217d   GPIOPinTypeSSI
0000218f   SSIDataGetNonBlocking
000021a1   TimerLoadSet
000021b3   TimerPrescaleSet
000021c5   __TI_zero_init
000021d7   ADCIntEnable
000021e7   ADCSequenceDisable
000021f5   ADCSequenceEnable
00002203   TimerEnable
00002211   __TI_decompress_none
0000221f   CPUcpsie
0000222d   SysCtlLDOSet
00002239   ResetISR
00002245   IntMasterEnable
0000224f   SSIDataPut
00002259   SSIDisable
00002263   SSIEnable
0000226d   SSIBusy
00002275   TimerIntEnable
0000227d   GPIOPinWrite
00002283   SysCtlDelay
00002289   __TI_decompress_rle24
00002470   g_pucFont
000028c4   g_ppcVoltageScaleStr
000028d4   g_ppcTimeScaleStr
0000292c   __TI_Handler_Table_Base
00002938   __TI_Handler_Table_Limit
00002940   __TI_CINIT_Base
00002950   __TI_CINIT_Limit
20000000   g_pucFrame
20001800   g_pusADCBuffer
20002800   g_ulButtons
20002818   g_ulSystemClock
2000281c   fifo
20002834   __stack
20002a34   __STACK_TOP
20003034   __STACK_END
20003034   g_iADCBufferIndex
20003038   g_ulADCErrors
2000303c   state
20003040   fifo_head
20003044   fifo_tail
20003048   _lock
2000304c   _unlock
20003050   _cleanup_ptr
20003054   _dtors_ptr
20003058   main_func_sp
ffffffff   __binit__
ffffffff   __c_args__
ffffffff   binit
UNDEFED    SHT$$INIT_ARRAY$$Base
UNDEFED    SHT$$INIT_ARRAY$$Limit

[119 symbols]
