******************************************************************************
                  TI ARM Linker PC v5.0.4                      
******************************************************************************
>> Linked Wed Apr 01 14:41:12 2015

OUTPUT FILE NAME:   <ece3849d15_lab1_addresser_awharrison.out>
ENTRY POINT SYMBOL: "_c_int00"  address: 00001605


MEMORY CONFIGURATION

         name            origin    length      used     unused   attr    fill
----------------------  --------  ---------  --------  --------  ----  --------
  FLASH                 00000000   00040000  00001e42  0003e1be  R  X
  SRAM                  20000000   00010000  0000302c  0000cfd4  RW X


SEGMENT ALLOCATION MAP

run origin  load origin   length   init length attrs members
----------  ----------- ---------- ----------- ----- -------
00000000    00000000    00001e48   00001e48    r-x
  00000000    00000000    000000f0   000000f0    r-- .intvecs
  000000f0    000000f0    0000170a   0000170a    r-x .text
  000017fc    000017fc    00000610   00000610    r-- .const
  00001e10    00001e10    00000038   00000038    r-- .cinit
20000000    20000000    00003010   00000000    rw-
  20000000    20000000    00002810   00000000    rw- .bss
  20002810    20002810    00000800   00000000    rw- .stack
20003010    20003010    0000001c   0000001c    rw-
  20003010    20003010    0000001c   0000001c    rw- .data


SECTION ALLOCATION MAP

 output                                  attributes/
section   page    origin      length       input sections
--------  ----  ----------  ----------   ----------------
.intvecs   0    00000000    000000f0     
                  00000000    000000f0     startup_ccs.obj (.intvecs)

.init_array 
*          0    00000000    00000000     UNINITIALIZED

.text      0    000000f0    0000170a     
                  000000f0    00000694     frame_graphics.obj (.text)
                  00000784    00000510     rit128x96x4.obj (.text)
                  00000c94    0000024c     main.obj (.text)
                  00000ee0    00000198     driverlib-cm3.lib : sysctl.obj (.text:SysCtlClockGet)
                  00001078    00000144                       : sysctl.obj (.text:SysCtlClockSet)
                  000011bc    000000c8                       : gpio.obj (.text:GPIOPadConfigSet)
                  00001284    0000009c     rtsv7M3_T_le_eabi.lib : memcpy_t2.obj (.text)
                  00001320    00000094                           : auto_init.obj (.text)
                  000013b4    0000006c     driverlib-cm3.lib : adc.obj (.text:ADCSequenceStepConfigure)
                  00001420    00000064                       : interrupt.obj (.text:IntEnable)
                  00001484    0000005e     rtsv7M3_T_le_eabi.lib : copy_decompress_rle.obj (.text)
                  000014e2    00000002     --HOLE-- [fill = 0]
                  000014e4    00000058     driverlib-cm3.lib : sysctl.obj (.text:SysCtlPeripheralEnable)
                  0000153c    00000044                       : ssi.obj (.text:SSIConfigSetExpClk)
                  00001580    00000044     rtsv7M3_T_le_eabi.lib : cpy_tbl.obj (.text)
                  000015c4    00000040                           : exit.obj (.text)
                  00001604    00000034                           : boot.obj (.text)
                  00001638    0000002e     driverlib-cm3.lib : gpio.obj (.text:GPIODirModeSet)
                  00001666    0000002a                       : adc.obj (.text:ADCSequenceConfigure)
                  00001690    00000024                       : interrupt.obj (.text:IntPrioritySet)
                  000016b4    00000020                       : sysctl.obj (.text:SysCtlADCSpeedSet)
                  000016d4    00000018     rtsv7M3_T_le_eabi.lib : args_main.obj (.text)
                  000016ec    00000014                           : _lock.obj (.text)
                  00001700    00000012     driverlib-cm3.lib : gpio.obj (.text:GPIOPinTypeGPIOInput)
                  00001712    00000012                       : gpio.obj (.text:GPIOPinTypeGPIOOutput)
                  00001724    00000012                       : gpio.obj (.text:GPIOPinTypeSSI)
                  00001736    00000012                       : ssi.obj (.text:SSIDataGetNonBlocking)
                  00001748    00000012     rtsv7M3_T_le_eabi.lib : copy_zero_init.obj (.text:decompress:ZI)
                  0000175a    00000010     driverlib-cm3.lib : adc.obj (.text:ADCIntEnable)
                  0000176a    0000000e                       : adc.obj (.text:ADCSequenceDisable)
                  00001778    0000000e                       : adc.obj (.text:ADCSequenceEnable)
                  00001786    0000000e     rtsv7M3_T_le_eabi.lib : copy_decompress_none.obj (.text:decompress:none)
                  00001794    0000000c     driverlib-cm3.lib : cpu.obj (.text:CPUcpsie)
                  000017a0    0000000c                       : sysctl.obj (.text:SysCtlLDOSet)
                  000017ac    0000000c     startup_ccs.obj (.text)
                  000017b8    0000000a     driverlib-cm3.lib : interrupt.obj (.text:IntMasterEnable)
                  000017c2    0000000a                       : ssi.obj (.text:SSIDataPut)
                  000017cc    0000000a                       : ssi.obj (.text:SSIDisable)
                  000017d6    0000000a                       : ssi.obj (.text:SSIEnable)
                  000017e0    00000008                       : ssi.obj (.text:SSIBusy)
                  000017e8    00000006                       : gpio.obj (.text:GPIOPinWrite)
                  000017ee    00000006                       : sysctl.obj (.text:SysCtlDelay)
                  000017f4    00000006     rtsv7M3_T_le_eabi.lib : copy_decompress_rle.obj (.text:decompress:rle24)

.const     0    000017fc    00000610     
                  000017fc    000001e0     rit128x96x4.obj (.const:g_pucFont)
                  000019dc    000001db     frame_graphics.obj (.const:g_pucFont)
                  00001bb7    00000001     --HOLE-- [fill = 0]
                  00001bb8    0000009c     driverlib-cm3.lib : interrupt.obj (.const:g_pulRegs)
                  00001c54    00000070                       : interrupt.obj (.const)
                  00001cc4    0000006c                       : sysctl.obj (.const:g_pulXtals)
                  00001d30    0000004f     rit128x96x4.obj (.const:.string:g_pucRIT128x96x4Init)
                  00001d7f    00000001     --HOLE-- [fill = 0]
                  00001d80    00000040     driverlib-cm3.lib : sysctl.obj (.const)
                  00001dc0    00000040     frame_graphics.obj (.const)
                  00001e00    0000000c     rit128x96x4.obj (.const:.string)

.cinit     0    00001e10    00000038     
                  00001e10    00000014     (.cinit..data.load) [load image, compression = rle]
                  00001e24    0000000c     (__TI_handler_table)
                  00001e30    00000008     (.cinit..bss.load) [load image, compression = zero_init]
                  00001e38    00000010     (__TI_cinit_table)

.bss       0    20000000    00002810     UNINITIALIZED
                  20000000    00001800     frame_graphics.obj (.bss:g_pucFrame)
                  20001800    00001000     main.obj (.bss:g_pusADCBuffer)
                  20002800    0000000c     rit128x96x4.obj (.bss)
                  2000280c    00000004     main.obj (.bss)

.stack     0    20002810    00000800     UNINITIALIZED
                  20002810    00000800     --HOLE--

.data      0    20003010    0000001c     
                  20003010    00000008     main.obj (.data)
                  20003018    00000008     rtsv7M3_T_le_eabi.lib : _lock.obj (.data)
                  20003020    00000008                           : exit.obj (.data)
                  20003028    00000004                           : stkdepth_vars.obj (.data)


LINKER GENERATED COPY TABLES

__TI_cinit_table @ 00001e38 records: 2, size/record: 8, table size: 16
	.data: load addr=00001e10, load size=00000014 bytes, run addr=20003010, run size=0000001c bytes, compression=rle
	.bss: load addr=00001e30, load size=00000008 bytes, run addr=20000000, run size=00002810 bytes, compression=zero_init


LINKER GENERATED HANDLER TABLE

__TI_handler_table @ 00001e24 records: 3, size/record: 4, table size: 12
	index: 0, handler: __TI_decompress_rle24
	index: 1, handler: __TI_decompress_none
	index: 2, handler: __TI_zero_init


GLOBAL SYMBOLS: SORTED ALPHABETICALLY BY Name 

address    name
--------   ----
0000175b   ADCIntEnable
00001667   ADCSequenceConfigure
0000176b   ADCSequenceDisable
00001779   ADCSequenceEnable
000013b5   ADCSequenceStepConfigure
00000e5b   ADC_ISR
000015c5   C$$EXIT
00001795   CPUcpsie
000002ed   DrawChar
000004b5   DrawCircle
0000055f   DrawFilledRectangle
000001d3   DrawLine
00000163   DrawPoint
000003c5   DrawString
000000f1   FillFrame
00001639   GPIODirModeSet
000011bd   GPIOPadConfigSet
00001701   GPIOPinTypeGPIOInput
00001713   GPIOPinTypeGPIOOutput
00001725   GPIOPinTypeSSI
000017e9   GPIOPinWrite
00001421   IntEnable
000017b9   IntMasterEnable
00001691   IntPrioritySet
00000891   RIT128x96x4Clear
00000b1f   RIT128x96x4Disable
00000c67   RIT128x96x4DisplayOff
00000c33   RIT128x96x4DisplayOn
00000ac5   RIT128x96x4Enable
00000a29   RIT128x96x4ImageDraw
00000b8d   RIT128x96x4Init
000008f9   RIT128x96x4StringDraw
000017ad   ResetISR
UNDEFED    SHT$$INIT_ARRAY$$Base
UNDEFED    SHT$$INIT_ARRAY$$Limit
000017e1   SSIBusy
0000153d   SSIConfigSetExpClk
00001737   SSIDataGetNonBlocking
000017c3   SSIDataPut
000017cd   SSIDisable
000017d7   SSIEnable
000016b5   SysCtlADCSpeedSet
00000ee1   SysCtlClockGet
00001079   SysCtlClockSet
000017ef   SysCtlDelay
000017a1   SysCtlLDOSet
000014e5   SysCtlPeripheralEnable
20003010   __STACK_END
00000800   __STACK_SIZE
20002a10   __STACK_TOP
00001e38   __TI_CINIT_Base
00001e48   __TI_CINIT_Limit
00001e24   __TI_Handler_Table_Base
00001e30   __TI_Handler_Table_Limit
00000001   __TI_args_main
00001321   __TI_auto_init
00001787   __TI_decompress_none
000017f5   __TI_decompress_rle24
00000000   __TI_static_base__
00001749   __TI_zero_init
00001285   __aeabi_memcpy
00001285   __aeabi_memcpy4
00001285   __aeabi_memcpy8
ffffffff   __binit__
ffffffff   __c_args__
20002810   __stack
000016d5   _args_main
00001605   _c_int00
20003020   _cleanup_ptr
20003024   _dtors_ptr
20003018   _lock
000016fb   _nop
000016f3   _register_lock
000016ed   _register_unlock
2000301c   _unlock
000015c9   abort
ffffffff   binit
00001581   copy_in
0000054f   custDrawCircle
000015d1   exit
20003010   g_iADCBufferIndex
00000000   g_pfnVectors
000019dc   g_pucFont
20000000   g_pucFrame
20001800   g_pusADCBuffer
20003014   g_ulADCErrors
2000280c   g_ulSystemClock
00000c95   main
20003028   main_func_sp
00001285   memcpy


GLOBAL SYMBOLS: SORTED BY Symbol Address 

address    name
--------   ----
00000000   __TI_static_base__
00000000   g_pfnVectors
00000001   __TI_args_main
000000f1   FillFrame
00000163   DrawPoint
000001d3   DrawLine
000002ed   DrawChar
000003c5   DrawString
000004b5   DrawCircle
0000054f   custDrawCircle
0000055f   DrawFilledRectangle
00000800   __STACK_SIZE
00000891   RIT128x96x4Clear
000008f9   RIT128x96x4StringDraw
00000a29   RIT128x96x4ImageDraw
00000ac5   RIT128x96x4Enable
00000b1f   RIT128x96x4Disable
00000b8d   RIT128x96x4Init
00000c33   RIT128x96x4DisplayOn
00000c67   RIT128x96x4DisplayOff
00000c95   main
00000e5b   ADC_ISR
00000ee1   SysCtlClockGet
00001079   SysCtlClockSet
000011bd   GPIOPadConfigSet
00001285   __aeabi_memcpy
00001285   __aeabi_memcpy4
00001285   __aeabi_memcpy8
00001285   memcpy
00001321   __TI_auto_init
000013b5   ADCSequenceStepConfigure
00001421   IntEnable
000014e5   SysCtlPeripheralEnable
0000153d   SSIConfigSetExpClk
00001581   copy_in
000015c5   C$$EXIT
000015c9   abort
000015d1   exit
00001605   _c_int00
00001639   GPIODirModeSet
00001667   ADCSequenceConfigure
00001691   IntPrioritySet
000016b5   SysCtlADCSpeedSet
000016d5   _args_main
000016ed   _register_unlock
000016f3   _register_lock
000016fb   _nop
00001701   GPIOPinTypeGPIOInput
00001713   GPIOPinTypeGPIOOutput
00001725   GPIOPinTypeSSI
00001737   SSIDataGetNonBlocking
00001749   __TI_zero_init
0000175b   ADCIntEnable
0000176b   ADCSequenceDisable
00001779   ADCSequenceEnable
00001787   __TI_decompress_none
00001795   CPUcpsie
000017a1   SysCtlLDOSet
000017ad   ResetISR
000017b9   IntMasterEnable
000017c3   SSIDataPut
000017cd   SSIDisable
000017d7   SSIEnable
000017e1   SSIBusy
000017e9   GPIOPinWrite
000017ef   SysCtlDelay
000017f5   __TI_decompress_rle24
000019dc   g_pucFont
00001e24   __TI_Handler_Table_Base
00001e30   __TI_Handler_Table_Limit
00001e38   __TI_CINIT_Base
00001e48   __TI_CINIT_Limit
20000000   g_pucFrame
20001800   g_pusADCBuffer
2000280c   g_ulSystemClock
20002810   __stack
20002a10   __STACK_TOP
20003010   __STACK_END
20003010   g_iADCBufferIndex
20003014   g_ulADCErrors
20003018   _lock
2000301c   _unlock
20003020   _cleanup_ptr
20003024   _dtors_ptr
20003028   main_func_sp
ffffffff   __binit__
ffffffff   __c_args__
ffffffff   binit
UNDEFED    SHT$$INIT_ARRAY$$Base
UNDEFED    SHT$$INIT_ARRAY$$Limit

[90 symbols]
