******************************************************************************
                  TI ARM Linker PC v5.0.4                      
******************************************************************************
>> Linked Tue Mar 31 10:43:59 2015

OUTPUT FILE NAME:   <ece3849d15_lab1_addresser_awharrison.out>
ENTRY POINT SYMBOL: "_c_int00"  address: 00000ea5


MEMORY CONFIGURATION

         name            origin    length      used     unused   attr    fill
----------------------  --------  ---------  --------  --------  ----  --------
  FLASH                 00000000   00040000  000014c6  0003eb3a  R  X
  SRAM                  20000000   00010000  0000182c  0000e7d4  RW X


SEGMENT ALLOCATION MAP

run origin  load origin   length   init length attrs members
----------  ----------- ---------- ----------- ----- -------
00000000    00000000    000014c8   000014c8    r-x
  00000000    00000000    000000f0   000000f0    r-- .intvecs
  000000f0    000000f0    00000faa   00000faa    r-x .text
  0000109c    0000109c    000003f4   000003f4    r-- .const
  00001490    00001490    00000038   00000038    r-- .cinit
20000000    20000000    00001810   00000000    rw-
  20000000    20000000    00001010   00000000    rw- .bss
  20001010    20001010    00000800   00000000    rw- .stack
20001810    20001810    0000001c   0000001c    rw-
  20001810    20001810    0000001c   0000001c    rw- .data


SECTION ALLOCATION MAP

 output                                  attributes/
section   page    origin      length       input sections
--------  ----  ----------  ----------   ----------------
.intvecs   0    00000000    000000f0     
                  00000000    000000f0     startup_ccs.obj (.intvecs)

.init_array 
*          0    00000000    00000000     UNINITIALIZED

.text      0    000000f0    00000faa     
                  000000f0    00000510     rit128x96x4.obj (.text)
                  00000600    00000198     driverlib-cm3.lib : sysctl.obj (.text:SysCtlClockGet)
                  00000798    00000180     main.obj (.text)
                  00000918    00000144     driverlib-cm3.lib : sysctl.obj (.text:SysCtlClockSet)
                  00000a5c    000000c8                       : gpio.obj (.text:GPIOPadConfigSet)
                  00000b24    0000009c     rtsv7M3_T_le_eabi.lib : memcpy_t2.obj (.text)
                  00000bc0    00000094                           : auto_init.obj (.text)
                  00000c54    0000006c     driverlib-cm3.lib : adc.obj (.text:ADCSequenceStepConfigure)
                  00000cc0    00000064                       : interrupt.obj (.text:IntEnable)
                  00000d24    0000005e     rtsv7M3_T_le_eabi.lib : copy_decompress_rle.obj (.text)
                  00000d82    00000002     --HOLE-- [fill = 0]
                  00000d84    00000058     driverlib-cm3.lib : sysctl.obj (.text:SysCtlPeripheralEnable)
                  00000ddc    00000044                       : ssi.obj (.text:SSIConfigSetExpClk)
                  00000e20    00000044     rtsv7M3_T_le_eabi.lib : cpy_tbl.obj (.text)
                  00000e64    00000040                           : exit.obj (.text)
                  00000ea4    00000034                           : boot.obj (.text)
                  00000ed8    0000002e     driverlib-cm3.lib : gpio.obj (.text:GPIODirModeSet)
                  00000f06    0000002a                       : adc.obj (.text:ADCSequenceConfigure)
                  00000f30    00000024                       : interrupt.obj (.text:IntPrioritySet)
                  00000f54    00000020                       : sysctl.obj (.text:SysCtlADCSpeedSet)
                  00000f74    00000018     rtsv7M3_T_le_eabi.lib : args_main.obj (.text)
                  00000f8c    00000014                           : _lock.obj (.text)
                  00000fa0    00000012     driverlib-cm3.lib : gpio.obj (.text:GPIOPinTypeGPIOInput)
                  00000fb2    00000012                       : gpio.obj (.text:GPIOPinTypeGPIOOutput)
                  00000fc4    00000012                       : gpio.obj (.text:GPIOPinTypeSSI)
                  00000fd6    00000012                       : ssi.obj (.text:SSIDataGetNonBlocking)
                  00000fe8    00000012     rtsv7M3_T_le_eabi.lib : copy_zero_init.obj (.text:decompress:ZI)
                  00000ffa    00000010     driverlib-cm3.lib : adc.obj (.text:ADCIntEnable)
                  0000100a    0000000e                       : adc.obj (.text:ADCSequenceDisable)
                  00001018    0000000e                       : adc.obj (.text:ADCSequenceEnable)
                  00001026    0000000e     rtsv7M3_T_le_eabi.lib : copy_decompress_none.obj (.text:decompress:none)
                  00001034    0000000c     driverlib-cm3.lib : cpu.obj (.text:CPUcpsie)
                  00001040    0000000c                       : sysctl.obj (.text:SysCtlLDOSet)
                  0000104c    0000000c     startup_ccs.obj (.text)
                  00001058    0000000a     driverlib-cm3.lib : interrupt.obj (.text:IntMasterEnable)
                  00001062    0000000a                       : ssi.obj (.text:SSIDataPut)
                  0000106c    0000000a                       : ssi.obj (.text:SSIDisable)
                  00001076    0000000a                       : ssi.obj (.text:SSIEnable)
                  00001080    00000008                       : ssi.obj (.text:SSIBusy)
                  00001088    00000006                       : gpio.obj (.text:GPIOPinWrite)
                  0000108e    00000006                       : sysctl.obj (.text:SysCtlDelay)
                  00001094    00000006     rtsv7M3_T_le_eabi.lib : copy_decompress_rle.obj (.text:decompress:rle24)

.const     0    0000109c    000003f4     
                  0000109c    000001e0     rit128x96x4.obj (.const:g_pucFont)
                  0000127c    0000009c     driverlib-cm3.lib : interrupt.obj (.const:g_pulRegs)
                  00001318    00000070                       : interrupt.obj (.const)
                  00001388    0000006c                       : sysctl.obj (.const:g_pulXtals)
                  000013f4    0000004f     rit128x96x4.obj (.const:.string:g_pucRIT128x96x4Init)
                  00001443    00000001     --HOLE-- [fill = 0]
                  00001444    00000040     driverlib-cm3.lib : sysctl.obj (.const)
                  00001484    0000000c     rit128x96x4.obj (.const:.string)

.cinit     0    00001490    00000038     
                  00001490    00000014     (.cinit..data.load) [load image, compression = rle]
                  000014a4    0000000c     (__TI_handler_table)
                  000014b0    00000008     (.cinit..bss.load) [load image, compression = zero_init]
                  000014b8    00000010     (__TI_cinit_table)

.bss       0    20000000    00001010     UNINITIALIZED
                  20000000    00001000     main.obj (.bss:g_pusADCBuffer)
                  20001000    0000000c     rit128x96x4.obj (.bss)
                  2000100c    00000004     main.obj (.bss)

.stack     0    20001010    00000800     UNINITIALIZED
                  20001010    00000800     --HOLE--

.data      0    20001810    0000001c     
                  20001810    00000008     main.obj (.data)
                  20001818    00000008     rtsv7M3_T_le_eabi.lib : _lock.obj (.data)
                  20001820    00000008                           : exit.obj (.data)
                  20001828    00000004                           : stkdepth_vars.obj (.data)


LINKER GENERATED COPY TABLES

__TI_cinit_table @ 000014b8 records: 2, size/record: 8, table size: 16
	.data: load addr=00001490, load size=00000014 bytes, run addr=20001810, run size=0000001c bytes, compression=rle
	.bss: load addr=000014b0, load size=00000008 bytes, run addr=20000000, run size=00001010 bytes, compression=zero_init


LINKER GENERATED HANDLER TABLE

__TI_handler_table @ 000014a4 records: 3, size/record: 4, table size: 12
	index: 0, handler: __TI_decompress_rle24
	index: 1, handler: __TI_decompress_none
	index: 2, handler: __TI_zero_init


GLOBAL SYMBOLS: SORTED ALPHABETICALLY BY Name 

address    name
--------   ----
00000ffb   ADCIntEnable
00000f07   ADCSequenceConfigure
0000100b   ADCSequenceDisable
00001019   ADCSequenceEnable
00000c55   ADCSequenceStepConfigure
00000895   ADC_ISR
00000e65   C$$EXIT
00001035   CPUcpsie
00000ed9   GPIODirModeSet
00000a5d   GPIOPadConfigSet
00000fa1   GPIOPinTypeGPIOInput
00000fb3   GPIOPinTypeGPIOOutput
00000fc5   GPIOPinTypeSSI
00001089   GPIOPinWrite
00000cc1   IntEnable
00001059   IntMasterEnable
00000f31   IntPrioritySet
000001fd   RIT128x96x4Clear
0000048b   RIT128x96x4Disable
000005d3   RIT128x96x4DisplayOff
0000059f   RIT128x96x4DisplayOn
00000431   RIT128x96x4Enable
00000395   RIT128x96x4ImageDraw
000004f9   RIT128x96x4Init
00000265   RIT128x96x4StringDraw
0000104d   ResetISR
UNDEFED    SHT$$INIT_ARRAY$$Base
UNDEFED    SHT$$INIT_ARRAY$$Limit
00001081   SSIBusy
00000ddd   SSIConfigSetExpClk
00000fd7   SSIDataGetNonBlocking
00001063   SSIDataPut
0000106d   SSIDisable
00001077   SSIEnable
00000f55   SysCtlADCSpeedSet
00000601   SysCtlClockGet
00000919   SysCtlClockSet
0000108f   SysCtlDelay
00001041   SysCtlLDOSet
00000d85   SysCtlPeripheralEnable
20001810   __STACK_END
00000800   __STACK_SIZE
20001210   __STACK_TOP
000014b8   __TI_CINIT_Base
000014c8   __TI_CINIT_Limit
000014a4   __TI_Handler_Table_Base
000014b0   __TI_Handler_Table_Limit
00000001   __TI_args_main
00000bc1   __TI_auto_init
00001027   __TI_decompress_none
00001095   __TI_decompress_rle24
00000000   __TI_static_base__
00000fe9   __TI_zero_init
00000b25   __aeabi_memcpy
00000b25   __aeabi_memcpy4
00000b25   __aeabi_memcpy8
ffffffff   __binit__
ffffffff   __c_args__
20001010   __stack
00000f75   _args_main
00000ea5   _c_int00
20001820   _cleanup_ptr
20001824   _dtors_ptr
20001818   _lock
00000f9b   _nop
00000f93   _register_lock
00000f8d   _register_unlock
2000181c   _unlock
00000e69   abort
ffffffff   binit
00000e21   copy_in
00000e71   exit
20001810   g_iADCBufferIndex
00000000   g_pfnVectors
20000000   g_pusADCBuffer
20001814   g_ulADCErrors
2000100c   g_ulSystemClock
00000799   main
20001828   main_func_sp
00000b25   memcpy


GLOBAL SYMBOLS: SORTED BY Symbol Address 

address    name
--------   ----
00000000   __TI_static_base__
00000000   g_pfnVectors
00000001   __TI_args_main
000001fd   RIT128x96x4Clear
00000265   RIT128x96x4StringDraw
00000395   RIT128x96x4ImageDraw
00000431   RIT128x96x4Enable
0000048b   RIT128x96x4Disable
000004f9   RIT128x96x4Init
0000059f   RIT128x96x4DisplayOn
000005d3   RIT128x96x4DisplayOff
00000601   SysCtlClockGet
00000799   main
00000800   __STACK_SIZE
00000895   ADC_ISR
00000919   SysCtlClockSet
00000a5d   GPIOPadConfigSet
00000b25   __aeabi_memcpy
00000b25   __aeabi_memcpy4
00000b25   __aeabi_memcpy8
00000b25   memcpy
00000bc1   __TI_auto_init
00000c55   ADCSequenceStepConfigure
00000cc1   IntEnable
00000d85   SysCtlPeripheralEnable
00000ddd   SSIConfigSetExpClk
00000e21   copy_in
00000e65   C$$EXIT
00000e69   abort
00000e71   exit
00000ea5   _c_int00
00000ed9   GPIODirModeSet
00000f07   ADCSequenceConfigure
00000f31   IntPrioritySet
00000f55   SysCtlADCSpeedSet
00000f75   _args_main
00000f8d   _register_unlock
00000f93   _register_lock
00000f9b   _nop
00000fa1   GPIOPinTypeGPIOInput
00000fb3   GPIOPinTypeGPIOOutput
00000fc5   GPIOPinTypeSSI
00000fd7   SSIDataGetNonBlocking
00000fe9   __TI_zero_init
00000ffb   ADCIntEnable
0000100b   ADCSequenceDisable
00001019   ADCSequenceEnable
00001027   __TI_decompress_none
00001035   CPUcpsie
00001041   SysCtlLDOSet
0000104d   ResetISR
00001059   IntMasterEnable
00001063   SSIDataPut
0000106d   SSIDisable
00001077   SSIEnable
00001081   SSIBusy
00001089   GPIOPinWrite
0000108f   SysCtlDelay
00001095   __TI_decompress_rle24
000014a4   __TI_Handler_Table_Base
000014b0   __TI_Handler_Table_Limit
000014b8   __TI_CINIT_Base
000014c8   __TI_CINIT_Limit
20000000   g_pusADCBuffer
2000100c   g_ulSystemClock
20001010   __stack
20001210   __STACK_TOP
20001810   __STACK_END
20001810   g_iADCBufferIndex
20001814   g_ulADCErrors
20001818   _lock
2000181c   _unlock
20001820   _cleanup_ptr
20001824   _dtors_ptr
20001828   main_func_sp
ffffffff   __binit__
ffffffff   __c_args__
ffffffff   binit
UNDEFED    SHT$$INIT_ARRAY$$Base
UNDEFED    SHT$$INIT_ARRAY$$Limit

[80 symbols]
