******************************************************************************
                  TI ARM Linker PC v5.0.4                      
******************************************************************************
>> Linked Mon Mar 30 10:47:46 2015

OUTPUT FILE NAME:   <ece3849d15_lab1_addresser_awharrison.out>
ENTRY POINT SYMBOL: "_c_int00"  address: 0000225d


MEMORY CONFIGURATION

         name            origin    length      used     unused   attr    fill
----------------------  --------  ---------  --------  --------  ----  --------
  FLASH                 00000000   00040000  00002d26  0003d2da  R  X
  SRAM                  20000000   00010000  0000204c  0000dfb4  RW X


SEGMENT ALLOCATION MAP

run origin  load origin   length   init length attrs members
----------  ----------- ---------- ----------- ----- -------
00000000    00000000    00002d28   00002d28    r-x
  00000000    00000000    000000f0   000000f0    r-- .intvecs
  000000f0    000000f0    000023d6   000023d6    r-x .text
  000024c8    000024c8    00000820   00000820    r-- .const
  00002ce8    00002ce8    00000040   00000040    r-- .cinit
20000000    20000000    00002028   00000000    rw-
  20000000    20000000    00001828   00000000    rw- .bss
  20001828    20001828    00000800   00000000    rw- .stack
20002028    20002028    00000024   00000024    rw-
  20002028    20002028    00000024   00000024    rw- .data


SECTION ALLOCATION MAP

 output                                  attributes/
section   page    origin      length       input sections
--------  ----  ----------  ----------   ----------------
.intvecs   0    00000000    000000f0     
                  00000000    000000f0     startup_ccs.obj (.intvecs)

.init_array 
*          0    00000000    00000000     UNINITIALIZED

.text      0    000000f0    000023d6     
                  000000f0    00000a18     ustdlib.obj (.text)
                  00000b08    00000694     frame_graphics.obj (.text)
                  0000119c    00000510     rit128x96x4.obj (.text)
                  000016ac    000003b4     main.obj (.text)
                  00001a60    00000198     driverlib-cm3.lib : sysctl.obj (.text:SysCtlClockGet)
                  00001bf8    00000144                       : sysctl.obj (.text:SysCtlClockSet)
                  00001d3c    000000c8                       : gpio.obj (.text:GPIOPadConfigSet)
                  00001e04    0000009c     rtsv7M3_T_le_eabi.lib : memcpy_t2.obj (.text)
                  00001ea0    00000094     buttons.obj (.text)
                  00001f34    00000094     rtsv7M3_T_le_eabi.lib : auto_init.obj (.text)
                  00001fc8    0000006c     driverlib-cm3.lib : adc.obj (.text:ADCSequenceStepConfigure)
                  00002034    00000064                       : interrupt.obj (.text:IntEnable)
                  00002098    0000005e     rtsv7M3_T_le_eabi.lib : copy_decompress_rle.obj (.text)
                  000020f6    00000002     --HOLE-- [fill = 0]
                  000020f8    00000058     driverlib-cm3.lib : sysctl.obj (.text:SysCtlPeripheralEnable)
                  00002150    00000044                       : ssi.obj (.text:SSIConfigSetExpClk)
                  00002194    00000044     rtsv7M3_T_le_eabi.lib : cpy_tbl.obj (.text)
                  000021d8    00000042                           : u_divt2.obj (.text)
                  0000221a    00000002     --HOLE-- [fill = 0]
                  0000221c    00000040                           : exit.obj (.text)
                  0000225c    00000034                           : boot.obj (.text)
                  00002290    0000002e     driverlib-cm3.lib : gpio.obj (.text:GPIODirModeSet)
                  000022be    0000002a                       : adc.obj (.text:ADCSequenceConfigure)
                  000022e8    00000024                       : interrupt.obj (.text:IntPrioritySet)
                  0000230c    00000024                       : timer.obj (.text:TimerConfigure)
                  00002330    00000020                       : sysctl.obj (.text:SysCtlADCSpeedSet)
                  00002350    00000018     rtsv7M3_T_le_eabi.lib : args_main.obj (.text)
                  00002368    00000014     driverlib-cm3.lib : timer.obj (.text:TimerDisable)
                  0000237c    00000014     rtsv7M3_T_le_eabi.lib : _lock.obj (.text)
                  00002390    00000012     driverlib-cm3.lib : gpio.obj (.text:GPIOPinTypeGPIOInput)
                  000023a2    00000012                       : gpio.obj (.text:GPIOPinTypeGPIOOutput)
                  000023b4    00000012                       : gpio.obj (.text:GPIOPinTypeSSI)
                  000023c6    00000012                       : ssi.obj (.text:SSIDataGetNonBlocking)
                  000023d8    00000012                       : timer.obj (.text:TimerLoadSet)
                  000023ea    00000012                       : timer.obj (.text:TimerPrescaleSet)
                  000023fc    00000012     rtsv7M3_T_le_eabi.lib : copy_zero_init.obj (.text:decompress:ZI)
                  0000240e    00000010     driverlib-cm3.lib : adc.obj (.text:ADCIntEnable)
                  0000241e    0000000e                       : adc.obj (.text:ADCSequenceDisable)
                  0000242c    0000000e                       : adc.obj (.text:ADCSequenceEnable)
                  0000243a    0000000e                       : timer.obj (.text:TimerEnable)
                  00002448    0000000e     rtsv7M3_T_le_eabi.lib : copy_decompress_none.obj (.text:decompress:none)
                  00002456    0000000c     driverlib-cm3.lib : cpu.obj (.text:CPUcpsie)
                  00002462    00000002     --HOLE-- [fill = 0]
                  00002464    0000000c                       : sysctl.obj (.text:SysCtlLDOSet)
                  00002470    0000000c     startup_ccs.obj (.text)
                  0000247c    0000000a     driverlib-cm3.lib : interrupt.obj (.text:IntMasterEnable)
                  00002486    0000000a                       : ssi.obj (.text:SSIDataPut)
                  00002490    0000000a                       : ssi.obj (.text:SSIDisable)
                  0000249a    0000000a                       : ssi.obj (.text:SSIEnable)
                  000024a4    00000008                       : ssi.obj (.text:SSIBusy)
                  000024ac    00000008                       : timer.obj (.text:TimerIntEnable)
                  000024b4    00000006                       : gpio.obj (.text:GPIOPinWrite)
                  000024ba    00000006                       : sysctl.obj (.text:SysCtlDelay)
                  000024c0    00000006     rtsv7M3_T_le_eabi.lib : copy_decompress_rle.obj (.text:decompress:rle24)

.const     0    000024c8    00000820     
                  000024c8    000001e0     rit128x96x4.obj (.const:g_pucFont)
                  000026a8    000001db     frame_graphics.obj (.const:g_pucFont)
                  00002883    00000001     --HOLE-- [fill = 0]
                  00002884    000000f0     main.obj (.const:$P$T0$1)
                  00002974    000000f0     main.obj (.const:$P$T1$2)
                  00002a64    0000009c     driverlib-cm3.lib : interrupt.obj (.const:g_pulRegs)
                  00002b00    00000070                       : interrupt.obj (.const)
                  00002b70    0000006c                       : sysctl.obj (.const:g_pulXtals)
                  00002bdc    0000004f     rit128x96x4.obj (.const:.string:g_pucRIT128x96x4Init)
                  00002c2b    00000001     --HOLE-- [fill = 0]
                  00002c2c    00000040     driverlib-cm3.lib : sysctl.obj (.const)
                  00002c6c    00000040     frame_graphics.obj (.const)
                  00002cac    0000001c     ustdlib.obj (.const)
                  00002cc8    00000012     ustdlib.obj (.const:.string)
                  00002cda    00000002     --HOLE-- [fill = 0]
                  00002cdc    0000000c     rit128x96x4.obj (.const:.string)

.cinit     0    00002ce8    00000040     
                  00002ce8    0000001a     (.cinit..data.load) [load image, compression = rle]
                  00002d02    00000002     --HOLE-- [fill = 0]
                  00002d04    0000000c     (__TI_handler_table)
                  00002d10    00000008     (.cinit..bss.load) [load image, compression = zero_init]
                  00002d18    00000010     (__TI_cinit_table)

.bss       0    20000000    00001828     UNINITIALIZED
                  20000000    00001800     frame_graphics.obj (.bss:g_pucFrame)
                  20001800    00000018     buttons.obj (.bss)
                  20001818    0000000c     rit128x96x4.obj (.bss)
                  20001824    00000004     main.obj (.bss)

.stack     0    20001828    00000800     UNINITIALIZED
                  20001828    00000800     --HOLE--

.data      0    20002028    00000024     
                  20002028    0000000c     main.obj (.data)
                  20002034    00000008     rtsv7M3_T_le_eabi.lib : _lock.obj (.data)
                  2000203c    00000008                           : exit.obj (.data)
                  20002044    00000004                           : stkdepth_vars.obj (.data)
                  20002048    00000004     ustdlib.obj (.data)


LINKER GENERATED COPY TABLES

__TI_cinit_table @ 00002d18 records: 2, size/record: 8, table size: 16
	.data: load addr=00002ce8, load size=0000001a bytes, run addr=20002028, run size=00000024 bytes, compression=rle
	.bss: load addr=00002d10, load size=00000008 bytes, run addr=20000000, run size=00001828 bytes, compression=zero_init


LINKER GENERATED HANDLER TABLE

__TI_handler_table @ 00002d04 records: 3, size/record: 4, table size: 12
	index: 0, handler: __TI_decompress_rle24
	index: 1, handler: __TI_decompress_none
	index: 2, handler: __TI_zero_init


GLOBAL SYMBOLS: SORTED ALPHABETICALLY BY Name 

address    name
--------   ----
0000240f   ADCIntEnable
000022bf   ADCSequenceConfigure
0000241f   ADCSequenceDisable
0000242d   ADCSequenceEnable
00001fc9   ADCSequenceStepConfigure
00001ea1   ButtonDebounce
0000221d   C$$EXIT
00002457   CPUcpsie
00000d05   DrawChar
00000ecd   DrawCircle
00000f77   DrawFilledRectangle
00000beb   DrawLine
00000b7b   DrawPoint
00000ddd   DrawString
00000b09   FillFrame
00002291   GPIODirModeSet
00001d3d   GPIOPadConfigSet
00002391   GPIOPinTypeGPIOInput
000023a3   GPIOPinTypeGPIOOutput
000023b5   GPIOPinTypeSSI
000024b5   GPIOPinWrite
00002035   IntEnable
0000247d   IntMasterEnable
000022e9   IntPrioritySet
000012a9   RIT128x96x4Clear
00001537   RIT128x96x4Disable
0000167f   RIT128x96x4DisplayOff
0000164b   RIT128x96x4DisplayOn
000014dd   RIT128x96x4Enable
00001441   RIT128x96x4ImageDraw
000015a5   RIT128x96x4Init
00001311   RIT128x96x4StringDraw
00002471   ResetISR
UNDEFED    SHT$$INIT_ARRAY$$Base
UNDEFED    SHT$$INIT_ARRAY$$Limit
000024a5   SSIBusy
00002151   SSIConfigSetExpClk
000023c7   SSIDataGetNonBlocking
00002487   SSIDataPut
00002491   SSIDisable
0000249b   SSIEnable
00002331   SysCtlADCSpeedSet
00001a61   SysCtlClockGet
00001bf9   SysCtlClockSet
000024bb   SysCtlDelay
00002465   SysCtlLDOSet
000020f9   SysCtlPeripheralEnable
0000230d   TimerConfigure
00002369   TimerDisable
0000243b   TimerEnable
00001971   TimerISR
000024ad   TimerIntEnable
000023d9   TimerLoadSet
000023eb   TimerPrescaleSet
20002028   __STACK_END
00000800   __STACK_SIZE
20001a28   __STACK_TOP
00002d18   __TI_CINIT_Base
00002d28   __TI_CINIT_Limit
00002d04   __TI_Handler_Table_Base
00002d10   __TI_Handler_Table_Limit
00000001   __TI_args_main
00001f35   __TI_auto_init
00002449   __TI_decompress_none
000024c1   __TI_decompress_rle24
00000000   __TI_static_base__
000023fd   __TI_zero_init
00001e05   __aeabi_memcpy
00001e05   __aeabi_memcpy4
00001e05   __aeabi_memcpy8
000021d9   __aeabi_uidivmod
ffffffff   __binit__
ffffffff   __c_args__
20001828   __stack
00002351   _args_main
0000225d   _c_int00
2000203c   _cleanup_ptr
20002040   _dtors_ptr
20002034   _lock
0000238b   _nop
00002383   _register_lock
0000237d   _register_unlock
20002038   _unlock
00002221   abort
ffffffff   binit
00002195   copy_in
00000f67   custDrawCircle
00002229   exit
00000000   g_pfnVectors
000026a8   g_pucFont
20000000   g_pucFrame
20001800   g_ulButtons
20001824   g_ulSystemClock
20002028   g_ulTime
000016ad   main
20002044   main_func_sp
00001e05   memcpy
000005a9   ulocaltime
000007a9   umktime
00000ae5   urand
00000573   usnprintf
00000541   usprintf
00000ad5   usrand
00000a4d   ustrcasecmp
00000ac1   ustrcmp
00000959   ustrlen
00000a61   ustrncmp
000000f1   ustrncpy
000009ad   ustrnicmp
0000097b   ustrstr
00000821   ustrtoul
00000149   uvsnprintf


GLOBAL SYMBOLS: SORTED BY Symbol Address 

address    name
--------   ----
00000000   __TI_static_base__
00000000   g_pfnVectors
00000001   __TI_args_main
000000f1   ustrncpy
00000149   uvsnprintf
00000541   usprintf
00000573   usnprintf
000005a9   ulocaltime
000007a9   umktime
00000800   __STACK_SIZE
00000821   ustrtoul
00000959   ustrlen
0000097b   ustrstr
000009ad   ustrnicmp
00000a4d   ustrcasecmp
00000a61   ustrncmp
00000ac1   ustrcmp
00000ad5   usrand
00000ae5   urand
00000b09   FillFrame
00000b7b   DrawPoint
00000beb   DrawLine
00000d05   DrawChar
00000ddd   DrawString
00000ecd   DrawCircle
00000f67   custDrawCircle
00000f77   DrawFilledRectangle
000012a9   RIT128x96x4Clear
00001311   RIT128x96x4StringDraw
00001441   RIT128x96x4ImageDraw
000014dd   RIT128x96x4Enable
00001537   RIT128x96x4Disable
000015a5   RIT128x96x4Init
0000164b   RIT128x96x4DisplayOn
0000167f   RIT128x96x4DisplayOff
000016ad   main
00001971   TimerISR
00001a61   SysCtlClockGet
00001bf9   SysCtlClockSet
00001d3d   GPIOPadConfigSet
00001e05   __aeabi_memcpy
00001e05   __aeabi_memcpy4
00001e05   __aeabi_memcpy8
00001e05   memcpy
00001ea1   ButtonDebounce
00001f35   __TI_auto_init
00001fc9   ADCSequenceStepConfigure
00002035   IntEnable
000020f9   SysCtlPeripheralEnable
00002151   SSIConfigSetExpClk
00002195   copy_in
000021d9   __aeabi_uidivmod
0000221d   C$$EXIT
00002221   abort
00002229   exit
0000225d   _c_int00
00002291   GPIODirModeSet
000022bf   ADCSequenceConfigure
000022e9   IntPrioritySet
0000230d   TimerConfigure
00002331   SysCtlADCSpeedSet
00002351   _args_main
00002369   TimerDisable
0000237d   _register_unlock
00002383   _register_lock
0000238b   _nop
00002391   GPIOPinTypeGPIOInput
000023a3   GPIOPinTypeGPIOOutput
000023b5   GPIOPinTypeSSI
000023c7   SSIDataGetNonBlocking
000023d9   TimerLoadSet
000023eb   TimerPrescaleSet
000023fd   __TI_zero_init
0000240f   ADCIntEnable
0000241f   ADCSequenceDisable
0000242d   ADCSequenceEnable
0000243b   TimerEnable
00002449   __TI_decompress_none
00002457   CPUcpsie
00002465   SysCtlLDOSet
00002471   ResetISR
0000247d   IntMasterEnable
00002487   SSIDataPut
00002491   SSIDisable
0000249b   SSIEnable
000024a5   SSIBusy
000024ad   TimerIntEnable
000024b5   GPIOPinWrite
000024bb   SysCtlDelay
000024c1   __TI_decompress_rle24
000026a8   g_pucFont
00002d04   __TI_Handler_Table_Base
00002d10   __TI_Handler_Table_Limit
00002d18   __TI_CINIT_Base
00002d28   __TI_CINIT_Limit
20000000   g_pucFrame
20001800   g_ulButtons
20001824   g_ulSystemClock
20001828   __stack
20001a28   __STACK_TOP
20002028   __STACK_END
20002028   g_ulTime
20002034   _lock
20002038   _unlock
2000203c   _cleanup_ptr
20002040   _dtors_ptr
20002044   main_func_sp
ffffffff   __binit__
ffffffff   __c_args__
ffffffff   binit
UNDEFED    SHT$$INIT_ARRAY$$Base
UNDEFED    SHT$$INIT_ARRAY$$Limit

[112 symbols]
