******************************************************************************
                  TI ARM Linker PC v5.0.4                      
******************************************************************************
>> Linked Wed Apr 15 14:45:54 2015

OUTPUT FILE NAME:   <ece3849d15_lab1_addresser_awharrison.out>
ENTRY POINT SYMBOL: "_c_int00"  address: 00002ecd


MEMORY CONFIGURATION

         name            origin    length      used     unused   attr    fill
----------------------  --------  ---------  --------  --------  ----  --------
  FLASH                 00000000   00040000  00003876  0003c78a  R  X
  SRAM                  20000000   00010000  0000306c  0000cf94  RW X


SEGMENT ALLOCATION MAP

run origin  load origin   length   init length attrs members
----------  ----------- ---------- ----------- ----- -------
00000000    00000000    00003878   00003878    r-x
  00000000    00000000    000000f0   000000f0    r-- .intvecs
  000000f0    000000f0    0000308e   0000308e    r-x .text
  00003180    00003180    000006b8   000006b8    r-- .const
  00003838    00003838    00000040   00000040    r-- .cinit
20000000    20000000    00003034   00000000    rw-
  20000000    20000000    00002834   00000000    rw- .bss
  20002834    20002834    00000800   00000000    rw- .stack
20003034    20003034    00000038   00000038    rw-
  20003034    20003034    00000038   00000038    rw- .data


SECTION ALLOCATION MAP

 output                                  attributes/
section   page    origin      length       input sections
--------  ----  ----------  ----------   ----------------
.intvecs   0    00000000    000000f0     
                  00000000    000000f0     startup_ccs.obj (.intvecs)

.init_array 
*          0    00000000    00000000     UNINITIALIZED

.text      0    000000f0    0000308e     
                  000000f0    00000a18     ustdlib.obj (.text)
                  00000b08    000008c4     main.obj (.text)
                  000013cc    00000694     frame_graphics.obj (.text)
                  00001a60    00000510     rit128x96x4.obj (.text)
                  00001f70    000001b6     rtsv7M3_T_le_eabi.lib : fd_add_t2.obj (.text)
                  00002126    00000002     --HOLE-- [fill = 0]
                  00002128    00000198     driverlib-cm3.lib : sysctl.obj (.text:SysCtlClockGet)
                  000022c0    00000144                       : sysctl.obj (.text:SysCtlClockSet)
                  00002404    000000fc     rtsv7M3_T_le_eabi.lib : fd_mul_t2.obj (.text)
                  00002500    000000fa                           : fs_add_t2.obj (.text)
                  000025fa    000000c8     driverlib-cm3.lib : gpio.obj (.text:GPIOPadConfigSet)
                  000026c2    00000002     --HOLE-- [fill = 0]
                  000026c4    000000c4     rtsv7M3_T_le_eabi.lib : xdint.obj (.text)
                  00002788    0000009c                           : memcpy_t2.obj (.text)
                  00002824    00000094     buttons.obj (.text)
                  000028b8    00000094     rtsv7M3_T_le_eabi.lib : auto_init.obj (.text)
                  0000294c    00000092                           : fs_div_t2.obj (.text)
                  000029de    0000007e                           : fd_cmp_t2.obj (.text)
                  00002a5c    0000007a                           : fs_mul_t2.obj (.text)
                  00002ad6    0000006c     driverlib-cm3.lib : adc.obj (.text:ADCSequenceStepConfigure)
                  00002b42    00000002     --HOLE-- [fill = 0]
                  00002b44    00000064                       : interrupt.obj (.text:IntEnable)
                  00002ba8    00000064     rtsv7M3_T_le_eabi.lib : round.obj (.text)
                  00002c0c    0000005e                           : copy_decompress_rle.obj (.text)
                  00002c6a    00000002     --HOLE-- [fill = 0]
                  00002c6c    00000058     driverlib-cm3.lib : sysctl.obj (.text:SysCtlPeripheralEnable)
                  00002cc4    00000048     rtsv7M3_T_le_eabi.lib : fd_toi_t2.obj (.text)
                  00002d0c    00000044     driverlib-cm3.lib : ssi.obj (.text:SSIConfigSetExpClk)
                  00002d50    00000044     rtsv7M3_T_le_eabi.lib : cpy_tbl.obj (.text)
                  00002d94    00000044                           : xdtest.obj (.text)
                  00002dd8    00000042                           : u_divt2.obj (.text)
                  00002e1a    00000002     --HOLE-- [fill = 0]
                  00002e1c    00000040                           : exit.obj (.text)
                  00002e5c    00000038                           : fs_tod_t2.obj (.text)
                  00002e94    00000038                           : i_tofs_t2.obj (.text)
                  00002ecc    00000034                           : boot.obj (.text)
                  00002f00    0000002e     driverlib-cm3.lib : gpio.obj (.text:GPIODirModeSet)
                  00002f2e    0000002a                       : adc.obj (.text:ADCSequenceConfigure)
                  00002f58    00000024                       : interrupt.obj (.text:IntPrioritySet)
                  00002f7c    00000024                       : timer.obj (.text:TimerConfigure)
                  00002fa0    00000024     rtsv7M3_T_le_eabi.lib : u_tofs_t2.obj (.text)
                  00002fc4    00000020     driverlib-cm3.lib : sysctl.obj (.text:SysCtlADCSpeedSet)
                  00002fe4    00000018     rtsv7M3_T_le_eabi.lib : args_main.obj (.text)
                  00002ffc    00000014     driverlib-cm3.lib : timer.obj (.text:TimerDisable)
                  00003010    00000014     rtsv7M3_T_le_eabi.lib : _lock.obj (.text)
                  00003024    00000012     driverlib-cm3.lib : gpio.obj (.text:GPIOPinTypeGPIOInput)
                  00003036    00000012                       : gpio.obj (.text:GPIOPinTypeGPIOOutput)
                  00003048    00000012                       : gpio.obj (.text:GPIOPinTypeSSI)
                  0000305a    00000012                       : ssi.obj (.text:SSIDataGetNonBlocking)
                  0000306c    00000012                       : timer.obj (.text:TimerLoadSet)
                  0000307e    00000012                       : timer.obj (.text:TimerPrescaleSet)
                  00003090    00000012     rtsv7M3_T_le_eabi.lib : copy_zero_init.obj (.text:decompress:ZI)
                  000030a2    00000010     driverlib-cm3.lib : adc.obj (.text:ADCIntEnable)
                  000030b2    0000000e                       : adc.obj (.text:ADCSequenceDisable)
                  000030c0    0000000e                       : adc.obj (.text:ADCSequenceEnable)
                  000030ce    0000000e                       : timer.obj (.text:TimerEnable)
                  000030dc    0000000e     rtsv7M3_T_le_eabi.lib : copy_decompress_none.obj (.text:decompress:none)
                  000030ea    0000000c     driverlib-cm3.lib : cpu.obj (.text:CPUcpsid)
                  000030f6    0000000c                       : cpu.obj (.text:CPUcpsie)
                  00003102    00000002     --HOLE-- [fill = 0]
                  00003104    0000000c                       : sysctl.obj (.text:SysCtlLDOSet)
                  00003110    0000000c     startup_ccs.obj (.text)
                  0000311c    0000000a     driverlib-cm3.lib : interrupt.obj (.text:IntMasterDisable)
                  00003126    0000000a                       : interrupt.obj (.text:IntMasterEnable)
                  00003130    0000000a                       : ssi.obj (.text:SSIDataPut)
                  0000313a    0000000a                       : ssi.obj (.text:SSIDisable)
                  00003144    0000000a                       : ssi.obj (.text:SSIEnable)
                  0000314e    0000000a                       : timer.obj (.text:TimerIntStatus)
                  00003158    00000008                       : ssi.obj (.text:SSIBusy)
                  00003160    00000008                       : timer.obj (.text:TimerIntEnable)
                  00003168    00000006                       : gpio.obj (.text:GPIOPinWrite)
                  0000316e    00000006                       : sysctl.obj (.text:SysCtlDelay)
                  00003174    00000006     rtsv7M3_T_le_eabi.lib : copy_decompress_rle.obj (.text:decompress:rle24)
                  0000317a    00000004     driverlib-cm3.lib : timer.obj (.text:TimerIntClear)

.const     0    00003180    000006b8     
                  00003180    000001e0     rit128x96x4.obj (.const:g_pucFont)
                  00003360    000001db     frame_graphics.obj (.const:g_pucFont)
                  0000353b    00000001     --HOLE-- [fill = 0]
                  0000353c    0000009c     driverlib-cm3.lib : interrupt.obj (.const:g_pulRegs)
                  000035d8    00000070                       : interrupt.obj (.const)
                  00003648    0000006c                       : sysctl.obj (.const:g_pulXtals)
                  000036b4    0000004f     rit128x96x4.obj (.const:.string:g_pucRIT128x96x4Init)
                  00003703    00000001     --HOLE-- [fill = 0]
                  00003704    00000040     driverlib-cm3.lib : sysctl.obj (.const)
                  00003744    00000040     frame_graphics.obj (.const)
                  00003784    00000030     rtsv7M3_T_le_eabi.lib : xdint.obj (.const)
                  000037b4    00000024     main.obj (.const)
                  000037d8    00000022     main.obj (.const:.string)
                  000037fa    00000002     --HOLE-- [fill = 0]
                  000037fc    0000001c     ustdlib.obj (.const)
                  00003818    00000012     ustdlib.obj (.const:.string)
                  0000382a    00000002     --HOLE-- [fill = 0]
                  0000382c    0000000c     rit128x96x4.obj (.const:.string)

.cinit     0    00003838    00000040     
                  00003838    00000018     (.cinit..data.load) [load image, compression = rle]
                  00003850    0000000c     (__TI_handler_table)
                  0000385c    00000004     --HOLE-- [fill = 0]
                  00003860    00000008     (.cinit..bss.load) [load image, compression = zero_init]
                  00003868    00000010     (__TI_cinit_table)

.bss       0    20000000    00002834     UNINITIALIZED
                  20000000    00001800     frame_graphics.obj (.bss:g_pucFrame)
                  20001800    00001000     main.obj (.bss:g_pusADCBuffer)
                  20002800    00000018     buttons.obj (.bss)
                  20002818    00000010     main.obj (.bss)
                  20002828    0000000c     rit128x96x4.obj (.bss)

.stack     0    20002834    00000800     UNINITIALIZED
                  20002834    00000800     --HOLE--

.data      0    20003034    00000038     
                  20003034    00000020     main.obj (.data)
                  20003054    00000008     rtsv7M3_T_le_eabi.lib : _lock.obj (.data)
                  2000305c    00000008                           : exit.obj (.data)
                  20003064    00000004                           : stkdepth_vars.obj (.data)
                  20003068    00000004     ustdlib.obj (.data)


LINKER GENERATED COPY TABLES

__TI_cinit_table @ 00003868 records: 2, size/record: 8, table size: 16
	.data: load addr=00003838, load size=00000018 bytes, run addr=20003034, run size=00000038 bytes, compression=rle
	.bss: load addr=00003860, load size=00000008 bytes, run addr=20000000, run size=00002834 bytes, compression=zero_init


LINKER GENERATED HANDLER TABLE

__TI_handler_table @ 00003850 records: 3, size/record: 4, table size: 12
	index: 0, handler: __TI_decompress_rle24
	index: 1, handler: __TI_decompress_none
	index: 2, handler: __TI_zero_init


GLOBAL SYMBOLS: SORTED ALPHABETICALLY BY Name 

address    name
--------   ----
000030a3   ADCIntEnable
00002f2f   ADCSequenceConfigure
000030b3   ADCSequenceDisable
000030c1   ADCSequenceEnable
00002ad7   ADCSequenceStepConfigure
000011e5   ADC_ISR
00002825   ButtonDebounce
00002e1d   C$$EXIT
000030eb   CPUcpsid
000030f7   CPUcpsie
000015c9   DrawChar
00001791   DrawCircle
0000183b   DrawFilledRectangle
000014af   DrawLine
0000143f   DrawPoint
000016a1   DrawString
000013cd   FillFrame
00002f01   GPIODirModeSet
000025fb   GPIOPadConfigSet
00003025   GPIOPinTypeGPIOInput
00003037   GPIOPinTypeGPIOOutput
00003049   GPIOPinTypeSSI
00003169   GPIOPinWrite
00002b45   IntEnable
0000311d   IntMasterDisable
00003127   IntMasterEnable
00002f59   IntPrioritySet
00001b6d   RIT128x96x4Clear
00001dfb   RIT128x96x4Disable
00001f43   RIT128x96x4DisplayOff
00001f0f   RIT128x96x4DisplayOn
00001da1   RIT128x96x4Enable
00001d05   RIT128x96x4ImageDraw
00001e69   RIT128x96x4Init
00001bd5   RIT128x96x4StringDraw
00003111   ResetISR
UNDEFED    SHT$$INIT_ARRAY$$Base
UNDEFED    SHT$$INIT_ARRAY$$Limit
00003159   SSIBusy
00002d0d   SSIConfigSetExpClk
0000305b   SSIDataGetNonBlocking
00003131   SSIDataPut
0000313b   SSIDisable
00003145   SSIEnable
00002fc5   SysCtlADCSpeedSet
00002129   SysCtlClockGet
000022c1   SysCtlClockSet
0000316f   SysCtlDelay
00003105   SysCtlLDOSet
00002c6d   SysCtlPeripheralEnable
00002f7d   TimerConfigure
00002ffd   TimerDisable
000030cf   TimerEnable
000012bb   TimerISR
0000317b   TimerIntClear
00003161   TimerIntEnable
0000314f   TimerIntStatus
0000306d   TimerLoadSet
0000307f   TimerPrescaleSet
000026c5   _Dint
00002d95   _Dtest
20003034   __STACK_END
00000800   __STACK_SIZE
20002a34   __STACK_TOP
00003868   __TI_CINIT_Base
00003878   __TI_CINIT_Limit
00003850   __TI_Handler_Table_Base
0000385c   __TI_Handler_Table_Limit
00000001   __TI_args_main
000028b9   __TI_auto_init
000030dd   __TI_decompress_none
00003175   __TI_decompress_rle24
00000000   __TI_static_base__
00003091   __TI_zero_init
000029df   __aeabi_cdcmpeq
000029df   __aeabi_cdcmple
00002cc5   __aeabi_d2iz
00001f7b   __aeabi_dadd
00002405   __aeabi_dmul
00001f71   __aeabi_dsub
00002e5d   __aeabi_f2d
00002505   __aeabi_fadd
0000294d   __aeabi_fdiv
00002a5d   __aeabi_fmul
00002501   __aeabi_fsub
00002e95   __aeabi_i2f
00002789   __aeabi_memcpy
00002789   __aeabi_memcpy4
00002789   __aeabi_memcpy8
00002fa1   __aeabi_ui2f
00002dd9   __aeabi_uidivmod
ffffffff   __binit__
ffffffff   __c_args__
20002834   __stack
00002fe5   _args_main
00002ecd   _c_int00
2000305c   _cleanup_ptr
20003060   _dtors_ptr
20003054   _lock
0000301f   _nop
00003017   _register_lock
00003011   _register_unlock
20003058   _unlock
00002e21   abort
ffffffff   binit
00002d51   copy_in
2000304c   count_loaded
20003048   count_unloaded
20003050   cpu_load
00001347   cpu_load_count
0000182b   custDrawCircle
00002e29   exit
2000281c   fifo
00001279   fifo_get
20003040   fifo_head
00001231   fifo_put
20003044   fifo_tail
20003034   g_iADCBufferIndex
00000000   g_pfnVectors
000037c4   g_ppcTimeScaleStr
000037b4   g_ppcVoltageScaleStr
00003360   g_pucFont
20000000   g_pucFrame
20001800   g_pusADCBuffer
20003038   g_ulADCErrors
20002800   g_ulButtons
20002818   g_ulSystemClock
00000b09   main
20003064   main_func_sp
00002789   memcpy
00002ba9   round
2000303c   state
000005a9   ulocaltime
000007a9   umktime
00000ae5   urand
00000573   usnprintf
00000541   usprintf
00000ad5   usrand
00000a4d   ustrcasecmp
00000ac1   ustrcmp
00000959   ustrlen
00000a61   ustrncmp
000000f1   ustrncpy
000009ad   ustrnicmp
0000097b   ustrstr
00000821   ustrtoul
00000149   uvsnprintf


GLOBAL SYMBOLS: SORTED BY Symbol Address 

address    name
--------   ----
00000000   __TI_static_base__
00000000   g_pfnVectors
00000001   __TI_args_main
000000f1   ustrncpy
00000149   uvsnprintf
00000541   usprintf
00000573   usnprintf
000005a9   ulocaltime
000007a9   umktime
00000800   __STACK_SIZE
00000821   ustrtoul
00000959   ustrlen
0000097b   ustrstr
000009ad   ustrnicmp
00000a4d   ustrcasecmp
00000a61   ustrncmp
00000ac1   ustrcmp
00000ad5   usrand
00000ae5   urand
00000b09   main
000011e5   ADC_ISR
00001231   fifo_put
00001279   fifo_get
000012bb   TimerISR
00001347   cpu_load_count
000013cd   FillFrame
0000143f   DrawPoint
000014af   DrawLine
000015c9   DrawChar
000016a1   DrawString
00001791   DrawCircle
0000182b   custDrawCircle
0000183b   DrawFilledRectangle
00001b6d   RIT128x96x4Clear
00001bd5   RIT128x96x4StringDraw
00001d05   RIT128x96x4ImageDraw
00001da1   RIT128x96x4Enable
00001dfb   RIT128x96x4Disable
00001e69   RIT128x96x4Init
00001f0f   RIT128x96x4DisplayOn
00001f43   RIT128x96x4DisplayOff
00001f71   __aeabi_dsub
00001f7b   __aeabi_dadd
00002129   SysCtlClockGet
000022c1   SysCtlClockSet
00002405   __aeabi_dmul
00002501   __aeabi_fsub
00002505   __aeabi_fadd
000025fb   GPIOPadConfigSet
000026c5   _Dint
00002789   __aeabi_memcpy
00002789   __aeabi_memcpy4
00002789   __aeabi_memcpy8
00002789   memcpy
00002825   ButtonDebounce
000028b9   __TI_auto_init
0000294d   __aeabi_fdiv
000029df   __aeabi_cdcmpeq
000029df   __aeabi_cdcmple
00002a5d   __aeabi_fmul
00002ad7   ADCSequenceStepConfigure
00002b45   IntEnable
00002ba9   round
00002c6d   SysCtlPeripheralEnable
00002cc5   __aeabi_d2iz
00002d0d   SSIConfigSetExpClk
00002d51   copy_in
00002d95   _Dtest
00002dd9   __aeabi_uidivmod
00002e1d   C$$EXIT
00002e21   abort
00002e29   exit
00002e5d   __aeabi_f2d
00002e95   __aeabi_i2f
00002ecd   _c_int00
00002f01   GPIODirModeSet
00002f2f   ADCSequenceConfigure
00002f59   IntPrioritySet
00002f7d   TimerConfigure
00002fa1   __aeabi_ui2f
00002fc5   SysCtlADCSpeedSet
00002fe5   _args_main
00002ffd   TimerDisable
00003011   _register_unlock
00003017   _register_lock
0000301f   _nop
00003025   GPIOPinTypeGPIOInput
00003037   GPIOPinTypeGPIOOutput
00003049   GPIOPinTypeSSI
0000305b   SSIDataGetNonBlocking
0000306d   TimerLoadSet
0000307f   TimerPrescaleSet
00003091   __TI_zero_init
000030a3   ADCIntEnable
000030b3   ADCSequenceDisable
000030c1   ADCSequenceEnable
000030cf   TimerEnable
000030dd   __TI_decompress_none
000030eb   CPUcpsid
000030f7   CPUcpsie
00003105   SysCtlLDOSet
00003111   ResetISR
0000311d   IntMasterDisable
00003127   IntMasterEnable
00003131   SSIDataPut
0000313b   SSIDisable
00003145   SSIEnable
0000314f   TimerIntStatus
00003159   SSIBusy
00003161   TimerIntEnable
00003169   GPIOPinWrite
0000316f   SysCtlDelay
00003175   __TI_decompress_rle24
0000317b   TimerIntClear
00003360   g_pucFont
000037b4   g_ppcVoltageScaleStr
000037c4   g_ppcTimeScaleStr
00003850   __TI_Handler_Table_Base
0000385c   __TI_Handler_Table_Limit
00003868   __TI_CINIT_Base
00003878   __TI_CINIT_Limit
20000000   g_pucFrame
20001800   g_pusADCBuffer
20002800   g_ulButtons
20002818   g_ulSystemClock
2000281c   fifo
20002834   __stack
20002a34   __STACK_TOP
20003034   __STACK_END
20003034   g_iADCBufferIndex
20003038   g_ulADCErrors
2000303c   state
20003040   fifo_head
20003044   fifo_tail
20003048   count_unloaded
2000304c   count_loaded
20003050   cpu_load
20003054   _lock
20003058   _unlock
2000305c   _cleanup_ptr
20003060   _dtors_ptr
20003064   main_func_sp
ffffffff   __binit__
ffffffff   __c_args__
ffffffff   binit
UNDEFED    SHT$$INIT_ARRAY$$Base
UNDEFED    SHT$$INIT_ARRAY$$Limit

[147 symbols]
