******************************************************************************
                  TI ARM Linker PC v5.0.4                      
******************************************************************************
>> Linked Wed Apr 01 16:09:31 2015

OUTPUT FILE NAME:   <ece3849d15_lab1_addresser_awharrison.out>
ENTRY POINT SYMBOL: "_c_int00"  address: 00001bd9


MEMORY CONFIGURATION

         name            origin    length      used     unused   attr    fill
----------------------  --------  ---------  --------  --------  ----  --------
  FLASH                 00000000   00040000  00002446  0003dbba  R  X
  SRAM                  20000000   00010000  0000302c  0000cfd4  RW X


SEGMENT ALLOCATION MAP

run origin  load origin   length   init length attrs members
----------  ----------- ---------- ----------- ----- -------
00000000    00000000    00002448   00002448    r-x
  00000000    00000000    000000f0   000000f0    r-- .intvecs
  000000f0    000000f0    00001cde   00001cde    r-x .text
  00001dd0    00001dd0    00000640   00000640    r-- .const
  00002410    00002410    00000038   00000038    r-- .cinit
20000000    20000000    00003010   00000000    rw-
  20000000    20000000    00002810   00000000    rw- .bss
  20002810    20002810    00000800   00000000    rw- .stack
20003010    20003010    0000001c   0000001c    rw-
  20003010    20003010    0000001c   0000001c    rw- .data


SECTION ALLOCATION MAP

 output                                  attributes/
section   page    origin      length       input sections
--------  ----  ----------  ----------   ----------------
.intvecs   0    00000000    000000f0     
                  00000000    000000f0     startup_ccs.obj (.intvecs)

.init_array 
*          0    00000000    00000000     UNINITIALIZED

.text      0    000000f0    00001cde     
                  000000f0    00000694     frame_graphics.obj (.text)
                  00000784    00000510     rit128x96x4.obj (.text)
                  00000c94    000002b8     main.obj (.text)
                  00000f4c    000001b6     rtsv7M3_T_le_eabi.lib : fd_add_t2.obj (.text)
                  00001102    00000002     --HOLE-- [fill = 0]
                  00001104    00000198     driverlib-cm3.lib : sysctl.obj (.text:SysCtlClockGet)
                  0000129c    00000144                       : sysctl.obj (.text:SysCtlClockSet)
                  000013e0    000000c8                       : gpio.obj (.text:GPIOPadConfigSet)
                  000014a8    000000c4     rtsv7M3_T_le_eabi.lib : xdint.obj (.text)
                  0000156c    0000009c                           : memcpy_t2.obj (.text)
                  00001608    00000094                           : auto_init.obj (.text)
                  0000169c    00000092                           : fs_div_t2.obj (.text)
                  0000172e    0000007e                           : fd_cmp_t2.obj (.text)
                  000017ac    0000007a                           : fs_mul_t2.obj (.text)
                  00001826    0000006c     driverlib-cm3.lib : adc.obj (.text:ADCSequenceStepConfigure)
                  00001892    00000002     --HOLE-- [fill = 0]
                  00001894    00000064                       : interrupt.obj (.text:IntEnable)
                  000018f8    00000064     rtsv7M3_T_le_eabi.lib : round.obj (.text)
                  0000195c    0000005e                           : copy_decompress_rle.obj (.text)
                  000019ba    00000002     --HOLE-- [fill = 0]
                  000019bc    00000058     driverlib-cm3.lib : sysctl.obj (.text:SysCtlPeripheralEnable)
                  00001a14    00000048     rtsv7M3_T_le_eabi.lib : fd_toi_t2.obj (.text)
                  00001a5c    00000044     driverlib-cm3.lib : ssi.obj (.text:SSIConfigSetExpClk)
                  00001aa0    00000044     rtsv7M3_T_le_eabi.lib : cpy_tbl.obj (.text)
                  00001ae4    00000044                           : xdtest.obj (.text)
                  00001b28    00000040                           : exit.obj (.text)
                  00001b68    00000038                           : fs_tod_t2.obj (.text)
                  00001ba0    00000038                           : i_tofs_t2.obj (.text)
                  00001bd8    00000034                           : boot.obj (.text)
                  00001c0c    0000002e     driverlib-cm3.lib : gpio.obj (.text:GPIODirModeSet)
                  00001c3a    0000002a                       : adc.obj (.text:ADCSequenceConfigure)
                  00001c64    00000024                       : interrupt.obj (.text:IntPrioritySet)
                  00001c88    00000020                       : sysctl.obj (.text:SysCtlADCSpeedSet)
                  00001ca8    00000018     rtsv7M3_T_le_eabi.lib : args_main.obj (.text)
                  00001cc0    00000014                           : _lock.obj (.text)
                  00001cd4    00000012     driverlib-cm3.lib : gpio.obj (.text:GPIOPinTypeGPIOInput)
                  00001ce6    00000012                       : gpio.obj (.text:GPIOPinTypeGPIOOutput)
                  00001cf8    00000012                       : gpio.obj (.text:GPIOPinTypeSSI)
                  00001d0a    00000012                       : ssi.obj (.text:SSIDataGetNonBlocking)
                  00001d1c    00000012     rtsv7M3_T_le_eabi.lib : copy_zero_init.obj (.text:decompress:ZI)
                  00001d2e    00000010     driverlib-cm3.lib : adc.obj (.text:ADCIntEnable)
                  00001d3e    0000000e                       : adc.obj (.text:ADCSequenceDisable)
                  00001d4c    0000000e                       : adc.obj (.text:ADCSequenceEnable)
                  00001d5a    0000000e     rtsv7M3_T_le_eabi.lib : copy_decompress_none.obj (.text:decompress:none)
                  00001d68    0000000c     driverlib-cm3.lib : cpu.obj (.text:CPUcpsie)
                  00001d74    0000000c                       : sysctl.obj (.text:SysCtlLDOSet)
                  00001d80    0000000c     startup_ccs.obj (.text)
                  00001d8c    0000000a     driverlib-cm3.lib : interrupt.obj (.text:IntMasterEnable)
                  00001d96    0000000a                       : ssi.obj (.text:SSIDataPut)
                  00001da0    0000000a                       : ssi.obj (.text:SSIDisable)
                  00001daa    0000000a                       : ssi.obj (.text:SSIEnable)
                  00001db4    00000008                       : ssi.obj (.text:SSIBusy)
                  00001dbc    00000006                       : gpio.obj (.text:GPIOPinWrite)
                  00001dc2    00000006                       : sysctl.obj (.text:SysCtlDelay)
                  00001dc8    00000006     rtsv7M3_T_le_eabi.lib : copy_decompress_rle.obj (.text:decompress:rle24)

.const     0    00001dd0    00000640     
                  00001dd0    000001e0     rit128x96x4.obj (.const:g_pucFont)
                  00001fb0    000001db     frame_graphics.obj (.const:g_pucFont)
                  0000218b    00000001     --HOLE-- [fill = 0]
                  0000218c    0000009c     driverlib-cm3.lib : interrupt.obj (.const:g_pulRegs)
                  00002228    00000070                       : interrupt.obj (.const)
                  00002298    0000006c                       : sysctl.obj (.const:g_pulXtals)
                  00002304    0000004f     rit128x96x4.obj (.const:.string:g_pucRIT128x96x4Init)
                  00002353    00000001     --HOLE-- [fill = 0]
                  00002354    00000040     driverlib-cm3.lib : sysctl.obj (.const)
                  00002394    00000040     frame_graphics.obj (.const)
                  000023d4    00000030     rtsv7M3_T_le_eabi.lib : xdint.obj (.const)
                  00002404    0000000c     rit128x96x4.obj (.const:.string)

.cinit     0    00002410    00000038     
                  00002410    00000014     (.cinit..data.load) [load image, compression = rle]
                  00002424    0000000c     (__TI_handler_table)
                  00002430    00000008     (.cinit..bss.load) [load image, compression = zero_init]
                  00002438    00000010     (__TI_cinit_table)

.bss       0    20000000    00002810     UNINITIALIZED
                  20000000    00001800     frame_graphics.obj (.bss:g_pucFrame)
                  20001800    00001000     main.obj (.bss:g_pusADCBuffer)
                  20002800    0000000c     rit128x96x4.obj (.bss)
                  2000280c    00000004     main.obj (.bss)

.stack     0    20002810    00000800     UNINITIALIZED
                  20002810    00000800     --HOLE--

.data      0    20003010    0000001c     
                  20003010    00000008     main.obj (.data)
                  20003018    00000008     rtsv7M3_T_le_eabi.lib : _lock.obj (.data)
                  20003020    00000008                           : exit.obj (.data)
                  20003028    00000004                           : stkdepth_vars.obj (.data)


LINKER GENERATED COPY TABLES

__TI_cinit_table @ 00002438 records: 2, size/record: 8, table size: 16
	.data: load addr=00002410, load size=00000014 bytes, run addr=20003010, run size=0000001c bytes, compression=rle
	.bss: load addr=00002430, load size=00000008 bytes, run addr=20000000, run size=00002810 bytes, compression=zero_init


LINKER GENERATED HANDLER TABLE

__TI_handler_table @ 00002424 records: 3, size/record: 4, table size: 12
	index: 0, handler: __TI_decompress_rle24
	index: 1, handler: __TI_decompress_none
	index: 2, handler: __TI_zero_init


GLOBAL SYMBOLS: SORTED ALPHABETICALLY BY Name 

address    name
--------   ----
00001d2f   ADCIntEnable
00001c3b   ADCSequenceConfigure
00001d3f   ADCSequenceDisable
00001d4d   ADCSequenceEnable
00001827   ADCSequenceStepConfigure
00000ebb   ADC_ISR
00001b29   C$$EXIT
00001d69   CPUcpsie
000002ed   DrawChar
000004b5   DrawCircle
0000055f   DrawFilledRectangle
000001d3   DrawLine
00000163   DrawPoint
000003c5   DrawString
000000f1   FillFrame
00001c0d   GPIODirModeSet
000013e1   GPIOPadConfigSet
00001cd5   GPIOPinTypeGPIOInput
00001ce7   GPIOPinTypeGPIOOutput
00001cf9   GPIOPinTypeSSI
00001dbd   GPIOPinWrite
00001895   IntEnable
00001d8d   IntMasterEnable
00001c65   IntPrioritySet
00000891   RIT128x96x4Clear
00000b1f   RIT128x96x4Disable
00000c67   RIT128x96x4DisplayOff
00000c33   RIT128x96x4DisplayOn
00000ac5   RIT128x96x4Enable
00000a29   RIT128x96x4ImageDraw
00000b8d   RIT128x96x4Init
000008f9   RIT128x96x4StringDraw
00001d81   ResetISR
UNDEFED    SHT$$INIT_ARRAY$$Base
UNDEFED    SHT$$INIT_ARRAY$$Limit
00001db5   SSIBusy
00001a5d   SSIConfigSetExpClk
00001d0b   SSIDataGetNonBlocking
00001d97   SSIDataPut
00001da1   SSIDisable
00001dab   SSIEnable
00001c89   SysCtlADCSpeedSet
00001105   SysCtlClockGet
0000129d   SysCtlClockSet
00001dc3   SysCtlDelay
00001d75   SysCtlLDOSet
000019bd   SysCtlPeripheralEnable
000014a9   _Dint
00001ae5   _Dtest
20003010   __STACK_END
00000800   __STACK_SIZE
20002a10   __STACK_TOP
00002438   __TI_CINIT_Base
00002448   __TI_CINIT_Limit
00002424   __TI_Handler_Table_Base
00002430   __TI_Handler_Table_Limit
00000001   __TI_args_main
00001609   __TI_auto_init
00001d5b   __TI_decompress_none
00001dc9   __TI_decompress_rle24
00000000   __TI_static_base__
00001d1d   __TI_zero_init
0000172f   __aeabi_cdcmpeq
0000172f   __aeabi_cdcmple
00001a15   __aeabi_d2iz
00000f57   __aeabi_dadd
00000f4d   __aeabi_dsub
00001b69   __aeabi_f2d
0000169d   __aeabi_fdiv
000017ad   __aeabi_fmul
00001ba1   __aeabi_i2f
0000156d   __aeabi_memcpy
0000156d   __aeabi_memcpy4
0000156d   __aeabi_memcpy8
ffffffff   __binit__
ffffffff   __c_args__
20002810   __stack
00001ca9   _args_main
00001bd9   _c_int00
20003020   _cleanup_ptr
20003024   _dtors_ptr
20003018   _lock
00001ccf   _nop
00001cc7   _register_lock
00001cc1   _register_unlock
2000301c   _unlock
00001b2d   abort
ffffffff   binit
00001aa1   copy_in
0000054f   custDrawCircle
00001b35   exit
20003010   g_iADCBufferIndex
00000000   g_pfnVectors
00001fb0   g_pucFont
20000000   g_pucFrame
20001800   g_pusADCBuffer
20003014   g_ulADCErrors
2000280c   g_ulSystemClock
00000c95   main
20003028   main_func_sp
0000156d   memcpy
000018f9   round


GLOBAL SYMBOLS: SORTED BY Symbol Address 

address    name
--------   ----
00000000   __TI_static_base__
00000000   g_pfnVectors
00000001   __TI_args_main
000000f1   FillFrame
00000163   DrawPoint
000001d3   DrawLine
000002ed   DrawChar
000003c5   DrawString
000004b5   DrawCircle
0000054f   custDrawCircle
0000055f   DrawFilledRectangle
00000800   __STACK_SIZE
00000891   RIT128x96x4Clear
000008f9   RIT128x96x4StringDraw
00000a29   RIT128x96x4ImageDraw
00000ac5   RIT128x96x4Enable
00000b1f   RIT128x96x4Disable
00000b8d   RIT128x96x4Init
00000c33   RIT128x96x4DisplayOn
00000c67   RIT128x96x4DisplayOff
00000c95   main
00000ebb   ADC_ISR
00000f4d   __aeabi_dsub
00000f57   __aeabi_dadd
00001105   SysCtlClockGet
0000129d   SysCtlClockSet
000013e1   GPIOPadConfigSet
000014a9   _Dint
0000156d   __aeabi_memcpy
0000156d   __aeabi_memcpy4
0000156d   __aeabi_memcpy8
0000156d   memcpy
00001609   __TI_auto_init
0000169d   __aeabi_fdiv
0000172f   __aeabi_cdcmpeq
0000172f   __aeabi_cdcmple
000017ad   __aeabi_fmul
00001827   ADCSequenceStepConfigure
00001895   IntEnable
000018f9   round
000019bd   SysCtlPeripheralEnable
00001a15   __aeabi_d2iz
00001a5d   SSIConfigSetExpClk
00001aa1   copy_in
00001ae5   _Dtest
00001b29   C$$EXIT
00001b2d   abort
00001b35   exit
00001b69   __aeabi_f2d
00001ba1   __aeabi_i2f
00001bd9   _c_int00
00001c0d   GPIODirModeSet
00001c3b   ADCSequenceConfigure
00001c65   IntPrioritySet
00001c89   SysCtlADCSpeedSet
00001ca9   _args_main
00001cc1   _register_unlock
00001cc7   _register_lock
00001ccf   _nop
00001cd5   GPIOPinTypeGPIOInput
00001ce7   GPIOPinTypeGPIOOutput
00001cf9   GPIOPinTypeSSI
00001d0b   SSIDataGetNonBlocking
00001d1d   __TI_zero_init
00001d2f   ADCIntEnable
00001d3f   ADCSequenceDisable
00001d4d   ADCSequenceEnable
00001d5b   __TI_decompress_none
00001d69   CPUcpsie
00001d75   SysCtlLDOSet
00001d81   ResetISR
00001d8d   IntMasterEnable
00001d97   SSIDataPut
00001da1   SSIDisable
00001dab   SSIEnable
00001db5   SSIBusy
00001dbd   GPIOPinWrite
00001dc3   SysCtlDelay
00001dc9   __TI_decompress_rle24
00001fb0   g_pucFont
00002424   __TI_Handler_Table_Base
00002430   __TI_Handler_Table_Limit
00002438   __TI_CINIT_Base
00002448   __TI_CINIT_Limit
20000000   g_pucFrame
20001800   g_pusADCBuffer
2000280c   g_ulSystemClock
20002810   __stack
20002a10   __STACK_TOP
20003010   __STACK_END
20003010   g_iADCBufferIndex
20003014   g_ulADCErrors
20003018   _lock
2000301c   _unlock
20003020   _cleanup_ptr
20003024   _dtors_ptr
20003028   main_func_sp
ffffffff   __binit__
ffffffff   __c_args__
ffffffff   binit
UNDEFED    SHT$$INIT_ARRAY$$Base
UNDEFED    SHT$$INIT_ARRAY$$Limit

[102 symbols]
