<?xml version="1.0"?>
<link_info>
   <banner>TI ARM Linker PC v5.0.4</banner>
   <copyright>Copyright (c) 1996-2013 Texas Instruments Incorporated</copyright>
   <link_time>0x5519e8f3</link_time>
   <output_file>ece3849d15_lab1_addresser_awharrison.out</output_file>
   <entry_point>
      <name>_c_int00</name>
      <address>0x22b9</address>
   </entry_point>
   <input_file_list>
      <input_file id="fl-2">
         <path>.\</path>
         <kind>object</kind>
         <file>ustdlib.obj</file>
         <name>ustdlib.obj</name>
      </input_file>
      <input_file id="fl-3">
         <path>.\</path>
         <kind>object</kind>
         <file>startup_ccs.obj</file>
         <name>startup_ccs.obj</name>
      </input_file>
      <input_file id="fl-4">
         <path>.\</path>
         <kind>object</kind>
         <file>rit128x96x4.obj</file>
         <name>rit128x96x4.obj</name>
      </input_file>
      <input_file id="fl-5">
         <path>.\</path>
         <kind>object</kind>
         <file>main.obj</file>
         <name>main.obj</name>
      </input_file>
      <input_file id="fl-6">
         <path>.\</path>
         <kind>object</kind>
         <file>frame_graphics.obj</file>
         <name>frame_graphics.obj</name>
      </input_file>
      <input_file id="fl-7">
         <path>.\</path>
         <kind>object</kind>
         <file>buttons.obj</file>
         <name>buttons.obj</name>
      </input_file>
      <input_file id="fl-135">
         <path>C:\ti\ccsv5\tools\compiler\arm_5.0.4\lib\</path>
         <kind>archive</kind>
         <file>rtsv7M3_T_le_eabi.lib</file>
         <name>boot.obj</name>
      </input_file>
      <input_file id="fl-136">
         <path>C:\ti\ccsv5\tools\compiler\arm_5.0.4\lib\</path>
         <kind>archive</kind>
         <file>rtsv7M3_T_le_eabi.lib</file>
         <name>copy_decompress_none.obj</name>
      </input_file>
      <input_file id="fl-137">
         <path>C:\ti\ccsv5\tools\compiler\arm_5.0.4\lib\</path>
         <kind>archive</kind>
         <file>rtsv7M3_T_le_eabi.lib</file>
         <name>copy_decompress_rle.obj</name>
      </input_file>
      <input_file id="fl-138">
         <path>C:\ti\ccsv5\tools\compiler\arm_5.0.4\lib\</path>
         <kind>archive</kind>
         <file>rtsv7M3_T_le_eabi.lib</file>
         <name>copy_zero_init.obj</name>
      </input_file>
      <input_file id="fl-139">
         <path>C:\ti\ccsv5\tools\compiler\arm_5.0.4\lib\</path>
         <kind>archive</kind>
         <file>rtsv7M3_T_le_eabi.lib</file>
         <name>exit.obj</name>
      </input_file>
      <input_file id="fl-13a">
         <path>C:\ti\ccsv5\tools\compiler\arm_5.0.4\lib\</path>
         <kind>archive</kind>
         <file>rtsv7M3_T_le_eabi.lib</file>
         <name>memcpy_t2.obj</name>
      </input_file>
      <input_file id="fl-13b">
         <path>C:\ti\ccsv5\tools\compiler\arm_5.0.4\lib\</path>
         <kind>archive</kind>
         <file>rtsv7M3_T_le_eabi.lib</file>
         <name>stkdepth_vars.obj</name>
      </input_file>
      <input_file id="fl-13c">
         <path>C:\ti\ccsv5\tools\compiler\arm_5.0.4\lib\</path>
         <kind>archive</kind>
         <file>rtsv7M3_T_le_eabi.lib</file>
         <name>u_divt2.obj</name>
      </input_file>
      <input_file id="fl-13d">
         <path>C:\ti\ccsv5\tools\compiler\arm_5.0.4\lib\</path>
         <kind>archive</kind>
         <file>rtsv7M3_T_le_eabi.lib</file>
         <name>_lock.obj</name>
      </input_file>
      <input_file id="fl-13e">
         <path>C:\ti\ccsv5\tools\compiler\arm_5.0.4\lib\</path>
         <kind>archive</kind>
         <file>rtsv7M3_T_le_eabi.lib</file>
         <name>args_main.obj</name>
      </input_file>
      <input_file id="fl-13f">
         <path>C:\ti\ccsv5\tools\compiler\arm_5.0.4\lib\</path>
         <kind>archive</kind>
         <file>rtsv7M3_T_le_eabi.lib</file>
         <name>auto_init.obj</name>
      </input_file>
      <input_file id="fl-140">
         <path>C:\ti\ccsv5\tools\compiler\arm_5.0.4\lib\</path>
         <kind>archive</kind>
         <file>rtsv7M3_T_le_eabi.lib</file>
         <name>cpy_tbl.obj</name>
      </input_file>
      <input_file id="fl-141">
         <path>C:\StellarisWare\driverlib\ccs-cm3\Debug\</path>
         <kind>archive</kind>
         <file>driverlib-cm3.lib</file>
         <name>timer.obj</name>
      </input_file>
      <input_file id="fl-142">
         <path>C:\StellarisWare\driverlib\ccs-cm3\Debug\</path>
         <kind>archive</kind>
         <file>driverlib-cm3.lib</file>
         <name>sysctl.obj</name>
      </input_file>
      <input_file id="fl-143">
         <path>C:\StellarisWare\driverlib\ccs-cm3\Debug\</path>
         <kind>archive</kind>
         <file>driverlib-cm3.lib</file>
         <name>ssi.obj</name>
      </input_file>
      <input_file id="fl-144">
         <path>C:\StellarisWare\driverlib\ccs-cm3\Debug\</path>
         <kind>archive</kind>
         <file>driverlib-cm3.lib</file>
         <name>interrupt.obj</name>
      </input_file>
      <input_file id="fl-145">
         <path>C:\StellarisWare\driverlib\ccs-cm3\Debug\</path>
         <kind>archive</kind>
         <file>driverlib-cm3.lib</file>
         <name>gpio.obj</name>
      </input_file>
      <input_file id="fl-146">
         <path>C:\StellarisWare\driverlib\ccs-cm3\Debug\</path>
         <kind>archive</kind>
         <file>driverlib-cm3.lib</file>
         <name>cpu.obj</name>
      </input_file>
      <input_file id="fl-147">
         <path>C:\StellarisWare\driverlib\ccs-cm3\Debug\</path>
         <kind>archive</kind>
         <file>driverlib-cm3.lib</file>
         <name>adc.obj</name>
      </input_file>
   </input_file_list>
   <object_component_list>
      <object_component id="oc-e">
         <name>.intvecs</name>
         <load_address>0x0</load_address>
         <run_address>0x0</run_address>
         <size>0xf0</size>
         <input_file_ref idref="fl-3"/>
      </object_component>
      <object_component id="oc-b7">
         <name>.text</name>
         <load_address>0xf0</load_address>
         <run_address>0xf0</run_address>
         <size>0xa18</size>
         <input_file_ref idref="fl-2"/>
      </object_component>
      <object_component id="oc-b2">
         <name>.text</name>
         <load_address>0xb08</load_address>
         <run_address>0xb08</run_address>
         <size>0x694</size>
         <input_file_ref idref="fl-6"/>
      </object_component>
      <object_component id="oc-65">
         <name>.text</name>
         <load_address>0x119c</load_address>
         <run_address>0x119c</run_address>
         <size>0x510</size>
         <input_file_ref idref="fl-4"/>
      </object_component>
      <object_component id="oc-26">
         <name>.text</name>
         <load_address>0x16ac</load_address>
         <run_address>0x16ac</run_address>
         <size>0x410</size>
         <input_file_ref idref="fl-5"/>
      </object_component>
      <object_component id="oc-61">
         <name>.text:SysCtlClockGet</name>
         <load_address>0x1abc</load_address>
         <run_address>0x1abc</run_address>
         <size>0x198</size>
         <input_file_ref idref="fl-142"/>
      </object_component>
      <object_component id="oc-5d">
         <name>.text:SysCtlClockSet</name>
         <load_address>0x1c54</load_address>
         <run_address>0x1c54</run_address>
         <size>0x144</size>
         <input_file_ref idref="fl-142"/>
      </object_component>
      <object_component id="oc-96">
         <name>.text:GPIOPadConfigSet</name>
         <load_address>0x1d98</load_address>
         <run_address>0x1d98</run_address>
         <size>0xc8</size>
         <input_file_ref idref="fl-145"/>
      </object_component>
      <object_component id="oc-3d">
         <name>.text</name>
         <load_address>0x1e60</load_address>
         <run_address>0x1e60</run_address>
         <size>0x9c</size>
         <input_file_ref idref="fl-13a"/>
      </object_component>
      <object_component id="oc-c2">
         <name>.text</name>
         <load_address>0x1efc</load_address>
         <run_address>0x1efc</run_address>
         <size>0x94</size>
         <input_file_ref idref="fl-7"/>
      </object_component>
      <object_component id="oc-2e">
         <name>.text</name>
         <load_address>0x1f90</load_address>
         <run_address>0x1f90</run_address>
         <size>0x94</size>
         <input_file_ref idref="fl-13f"/>
      </object_component>
      <object_component id="oc-a6">
         <name>.text:ADCSequenceStepConfigure</name>
         <load_address>0x2024</load_address>
         <run_address>0x2024</run_address>
         <size>0x6c</size>
         <input_file_ref idref="fl-147"/>
      </object_component>
      <object_component id="oc-8a">
         <name>.text:IntEnable</name>
         <load_address>0x2090</load_address>
         <run_address>0x2090</run_address>
         <size>0x64</size>
         <input_file_ref idref="fl-144"/>
      </object_component>
      <object_component id="oc-4d">
         <name>.text</name>
         <load_address>0x20f4</load_address>
         <run_address>0x20f4</run_address>
         <size>0x5e</size>
         <input_file_ref idref="fl-137"/>
      </object_component>
      <object_component id="oc-6a">
         <name>.text:SysCtlPeripheralEnable</name>
         <load_address>0x2154</load_address>
         <run_address>0x2154</run_address>
         <size>0x58</size>
         <input_file_ref idref="fl-142"/>
      </object_component>
      <object_component id="oc-12d">
         <name>.text:SSIConfigSetExpClk</name>
         <load_address>0x21ac</load_address>
         <run_address>0x21ac</run_address>
         <size>0x44</size>
         <input_file_ref idref="fl-143"/>
      </object_component>
      <object_component id="oc-dd">
         <name>.text</name>
         <load_address>0x21f0</load_address>
         <run_address>0x21f0</run_address>
         <size>0x44</size>
         <input_file_ref idref="fl-140"/>
      </object_component>
      <object_component id="oc-179">
         <name>.text</name>
         <load_address>0x2234</load_address>
         <run_address>0x2234</run_address>
         <size>0x42</size>
         <input_file_ref idref="fl-13c"/>
      </object_component>
      <object_component id="oc-36">
         <name>.text</name>
         <load_address>0x2278</load_address>
         <run_address>0x2278</run_address>
         <size>0x40</size>
         <input_file_ref idref="fl-139"/>
      </object_component>
      <object_component id="oc-10">
         <name>.text</name>
         <load_address>0x22b8</load_address>
         <run_address>0x22b8</run_address>
         <size>0x34</size>
         <input_file_ref idref="fl-135"/>
      </object_component>
      <object_component id="oc-166">
         <name>.text:GPIODirModeSet</name>
         <load_address>0x22ec</load_address>
         <run_address>0x22ec</run_address>
         <size>0x2e</size>
         <input_file_ref idref="fl-145"/>
      </object_component>
      <object_component id="oc-a2">
         <name>.text:ADCSequenceConfigure</name>
         <load_address>0x231a</load_address>
         <run_address>0x231a</run_address>
         <size>0x2a</size>
         <input_file_ref idref="fl-147"/>
      </object_component>
      <object_component id="oc-86">
         <name>.text:IntPrioritySet</name>
         <load_address>0x2344</load_address>
         <run_address>0x2344</run_address>
         <size>0x24</size>
         <input_file_ref idref="fl-144"/>
      </object_component>
      <object_component id="oc-72">
         <name>.text:TimerConfigure</name>
         <load_address>0x2368</load_address>
         <run_address>0x2368</run_address>
         <size>0x24</size>
         <input_file_ref idref="fl-141"/>
      </object_component>
      <object_component id="oc-9a">
         <name>.text:SysCtlADCSpeedSet</name>
         <load_address>0x238c</load_address>
         <run_address>0x238c</run_address>
         <size>0x20</size>
         <input_file_ref idref="fl-142"/>
      </object_component>
      <object_component id="oc-32">
         <name>.text</name>
         <load_address>0x23ac</load_address>
         <run_address>0x23ac</run_address>
         <size>0x18</size>
         <input_file_ref idref="fl-13e"/>
      </object_component>
      <object_component id="oc-6e">
         <name>.text:TimerDisable</name>
         <load_address>0x23c4</load_address>
         <run_address>0x23c4</run_address>
         <size>0x14</size>
         <input_file_ref idref="fl-141"/>
      </object_component>
      <object_component id="oc-1ab">
         <name>.text</name>
         <load_address>0x23d8</load_address>
         <run_address>0x23d8</run_address>
         <size>0x14</size>
         <input_file_ref idref="fl-13d"/>
      </object_component>
      <object_component id="oc-92">
         <name>.text:GPIOPinTypeGPIOInput</name>
         <load_address>0x23ec</load_address>
         <run_address>0x23ec</run_address>
         <size>0x12</size>
         <input_file_ref idref="fl-145"/>
      </object_component>
      <object_component id="oc-13d">
         <name>.text:GPIOPinTypeGPIOOutput</name>
         <load_address>0x23fe</load_address>
         <run_address>0x23fe</run_address>
         <size>0x12</size>
         <input_file_ref idref="fl-145"/>
      </object_component>
      <object_component id="oc-131">
         <name>.text:GPIOPinTypeSSI</name>
         <load_address>0x2410</load_address>
         <run_address>0x2410</run_address>
         <size>0x12</size>
         <input_file_ref idref="fl-145"/>
      </object_component>
      <object_component id="oc-139">
         <name>.text:SSIDataGetNonBlocking</name>
         <load_address>0x2422</load_address>
         <run_address>0x2422</run_address>
         <size>0x12</size>
         <input_file_ref idref="fl-143"/>
      </object_component>
      <object_component id="oc-76">
         <name>.text:TimerLoadSet</name>
         <load_address>0x2434</load_address>
         <run_address>0x2434</run_address>
         <size>0x12</size>
         <input_file_ref idref="fl-141"/>
      </object_component>
      <object_component id="oc-7a">
         <name>.text:TimerPrescaleSet</name>
         <load_address>0x2446</load_address>
         <run_address>0x2446</run_address>
         <size>0x12</size>
         <input_file_ref idref="fl-141"/>
      </object_component>
      <object_component id="oc-18">
         <name>.text:decompress:ZI</name>
         <load_address>0x2458</load_address>
         <run_address>0x2458</run_address>
         <size>0x12</size>
         <input_file_ref idref="fl-138"/>
      </object_component>
      <object_component id="oc-aa">
         <name>.text:ADCIntEnable</name>
         <load_address>0x246a</load_address>
         <run_address>0x246a</run_address>
         <size>0x10</size>
         <input_file_ref idref="fl-147"/>
      </object_component>
      <object_component id="oc-9e">
         <name>.text:ADCSequenceDisable</name>
         <load_address>0x247a</load_address>
         <run_address>0x247a</run_address>
         <size>0xe</size>
         <input_file_ref idref="fl-147"/>
      </object_component>
      <object_component id="oc-ae">
         <name>.text:ADCSequenceEnable</name>
         <load_address>0x2488</load_address>
         <run_address>0x2488</run_address>
         <size>0xe</size>
         <input_file_ref idref="fl-147"/>
      </object_component>
      <object_component id="oc-82">
         <name>.text:TimerEnable</name>
         <load_address>0x2496</load_address>
         <run_address>0x2496</run_address>
         <size>0xe</size>
         <input_file_ref idref="fl-141"/>
      </object_component>
      <object_component id="oc-14">
         <name>.text:decompress:none</name>
         <load_address>0x24a4</load_address>
         <run_address>0x24a4</run_address>
         <size>0xe</size>
         <input_file_ref idref="fl-136"/>
      </object_component>
      <object_component id="oc-15d">
         <name>.text:CPUcpsie</name>
         <load_address>0x24b2</load_address>
         <run_address>0x24b2</run_address>
         <size>0xc</size>
         <input_file_ref idref="fl-146"/>
      </object_component>
      <object_component id="oc-59">
         <name>.text:SysCtlLDOSet</name>
         <load_address>0x24c0</load_address>
         <run_address>0x24c0</run_address>
         <size>0xc</size>
         <input_file_ref idref="fl-142"/>
      </object_component>
      <object_component id="oc-21">
         <name>.text</name>
         <load_address>0x24cc</load_address>
         <run_address>0x24cc</run_address>
         <size>0xc</size>
         <input_file_ref idref="fl-3"/>
      </object_component>
      <object_component id="oc-8e">
         <name>.text:IntMasterEnable</name>
         <load_address>0x24d8</load_address>
         <run_address>0x24d8</run_address>
         <size>0xa</size>
         <input_file_ref idref="fl-144"/>
      </object_component>
      <object_component id="oc-121">
         <name>.text:SSIDataPut</name>
         <load_address>0x24e2</load_address>
         <run_address>0x24e2</run_address>
         <size>0xa</size>
         <input_file_ref idref="fl-143"/>
      </object_component>
      <object_component id="oc-129">
         <name>.text:SSIDisable</name>
         <load_address>0x24ec</load_address>
         <run_address>0x24ec</run_address>
         <size>0xa</size>
         <input_file_ref idref="fl-143"/>
      </object_component>
      <object_component id="oc-135">
         <name>.text:SSIEnable</name>
         <load_address>0x24f6</load_address>
         <run_address>0x24f6</run_address>
         <size>0xa</size>
         <input_file_ref idref="fl-143"/>
      </object_component>
      <object_component id="oc-119">
         <name>.text:SSIBusy</name>
         <load_address>0x2500</load_address>
         <run_address>0x2500</run_address>
         <size>0x8</size>
         <input_file_ref idref="fl-143"/>
      </object_component>
      <object_component id="oc-7e">
         <name>.text:TimerIntEnable</name>
         <load_address>0x2508</load_address>
         <run_address>0x2508</run_address>
         <size>0x8</size>
         <input_file_ref idref="fl-141"/>
      </object_component>
      <object_component id="oc-11d">
         <name>.text:GPIOPinWrite</name>
         <load_address>0x2510</load_address>
         <run_address>0x2510</run_address>
         <size>0x6</size>
         <input_file_ref idref="fl-145"/>
      </object_component>
      <object_component id="oc-114">
         <name>.text:SysCtlDelay</name>
         <load_address>0x2516</load_address>
         <run_address>0x2516</run_address>
         <size>0x6</size>
         <input_file_ref idref="fl-142"/>
      </object_component>
      <object_component id="oc-1c">
         <name>.text:decompress:rle24</name>
         <load_address>0x251c</load_address>
         <run_address>0x251c</run_address>
         <size>0x6</size>
         <input_file_ref idref="fl-137"/>
      </object_component>
      <object_component id="oc-141">
         <name>.const:g_pucFont</name>
         <load_address>0x2524</load_address>
         <run_address>0x2524</run_address>
         <size>0x1e0</size>
         <input_file_ref idref="fl-4"/>
      </object_component>
      <object_component id="oc-174">
         <name>.const:g_pucFont</name>
         <load_address>0x2704</load_address>
         <run_address>0x2704</run_address>
         <size>0x1db</size>
         <input_file_ref idref="fl-6"/>
      </object_component>
      <object_component id="oc-bc">
         <name>.const:$P$T0$1</name>
         <load_address>0x28e0</load_address>
         <run_address>0x28e0</run_address>
         <size>0xf0</size>
         <input_file_ref idref="fl-5"/>
      </object_component>
      <object_component id="oc-be">
         <name>.const:$P$T1$2</name>
         <load_address>0x29d0</load_address>
         <run_address>0x29d0</run_address>
         <size>0xf0</size>
         <input_file_ref idref="fl-5"/>
      </object_component>
      <object_component id="oc-156">
         <name>.const:g_pulRegs</name>
         <load_address>0x2ac0</load_address>
         <run_address>0x2ac0</run_address>
         <size>0x9c</size>
         <input_file_ref idref="fl-144"/>
      </object_component>
      <object_component id="oc-15a">
         <name>.const</name>
         <load_address>0x2b5c</load_address>
         <run_address>0x2b5c</run_address>
         <size>0x70</size>
         <input_file_ref idref="fl-144"/>
      </object_component>
      <object_component id="oc-116">
         <name>.const:g_pulXtals</name>
         <load_address>0x2bcc</load_address>
         <run_address>0x2bcc</run_address>
         <size>0x6c</size>
         <input_file_ref idref="fl-142"/>
      </object_component>
      <object_component id="oc-143">
         <name>.const:.string:g_pucRIT128x96x4Init</name>
         <load_address>0x2c38</load_address>
         <run_address>0x2c38</run_address>
         <size>0x4f</size>
         <input_file_ref idref="fl-4"/>
      </object_component>
      <object_component id="oc-14c">
         <name>.const</name>
         <load_address>0x2c88</load_address>
         <run_address>0x2c88</run_address>
         <size>0x40</size>
         <input_file_ref idref="fl-142"/>
      </object_component>
      <object_component id="oc-176">
         <name>.const</name>
         <load_address>0x2cc8</load_address>
         <run_address>0x2cc8</run_address>
         <size>0x40</size>
         <input_file_ref idref="fl-6"/>
      </object_component>
      <object_component id="oc-17d">
         <name>.const</name>
         <load_address>0x2d08</load_address>
         <run_address>0x2d08</run_address>
         <size>0x1c</size>
         <input_file_ref idref="fl-2"/>
      </object_component>
      <object_component id="oc-1e6">
         <name>.const:.string</name>
         <load_address>0x2d24</load_address>
         <run_address>0x2d24</run_address>
         <size>0x12</size>
         <input_file_ref idref="fl-2"/>
      </object_component>
      <object_component id="oc-127">
         <name>.const:.string</name>
         <load_address>0x2d38</load_address>
         <run_address>0x2d38</run_address>
         <size>0xc</size>
         <input_file_ref idref="fl-4"/>
      </object_component>
      <object_component id="oc-219">
         <name>.cinit..data.load</name>
         <load_address>0x2d48</load_address>
         <run_address>0x2d48</run_address>
         <size>0x1f</size>
      </object_component>
      <object_component id="oc-217">
         <name>__TI_handler_table</name>
         <load_address>0x2d68</load_address>
         <run_address>0x2d68</run_address>
         <size>0xc</size>
      </object_component>
      <object_component id="oc-21a">
         <name>.cinit..bss.load</name>
         <load_address>0x2d78</load_address>
         <run_address>0x2d78</run_address>
         <size>0x8</size>
      </object_component>
      <object_component id="oc-218">
         <name>__TI_cinit_table</name>
         <load_address>0x2d80</load_address>
         <run_address>0x2d80</run_address>
         <size>0x10</size>
      </object_component>
      <object_component id="oc-3a">
         <name>.data</name>
         <load_address>0x2000304c</load_address>
         <run_address>0x2000304c</run_address>
         <size>0x4</size>
         <input_file_ref idref="fl-13b"/>
      </object_component>
      <object_component id="oc-c7">
         <name>.data</name>
         <load_address>0x20003028</load_address>
         <run_address>0x20003028</run_address>
         <size>0x14</size>
         <input_file_ref idref="fl-5"/>
      </object_component>
      <object_component id="oc-e8">
         <name>.data</name>
         <load_address>0x2000303c</load_address>
         <run_address>0x2000303c</run_address>
         <size>0x8</size>
         <input_file_ref idref="fl-13d"/>
      </object_component>
      <object_component id="oc-ea">
         <name>.data</name>
         <load_address>0x20003044</load_address>
         <run_address>0x20003044</run_address>
         <size>0x8</size>
         <input_file_ref idref="fl-139"/>
      </object_component>
      <object_component id="oc-17f">
         <name>.data</name>
         <load_address>0x20003050</load_address>
         <run_address>0x20003050</run_address>
         <size>0x4</size>
         <input_file_ref idref="fl-2"/>
      </object_component>
      <object_component id="oc-c0">
         <name>.bss</name>
         <uninitialized>true</uninitialized>
         <run_address>0x20002824</run_address>
         <size>0x4</size>
         <input_file_ref idref="fl-5"/>
      </object_component>
      <object_component id="oc-c9">
         <name>.bss:g_pucFrame</name>
         <uninitialized>true</uninitialized>
         <run_address>0x20000000</run_address>
         <size>0x1800</size>
         <input_file_ref idref="fl-6"/>
      </object_component>
      <object_component id="oc-cb">
         <name>.bss:g_pusADCBuffer</name>
         <uninitialized>true</uninitialized>
         <run_address>0x20001800</run_address>
         <size>0x1000</size>
         <input_file_ref idref="fl-5"/>
      </object_component>
      <object_component id="oc-cd">
         <name>.bss</name>
         <uninitialized>true</uninitialized>
         <run_address>0x20002800</run_address>
         <size>0x18</size>
         <input_file_ref idref="fl-7"/>
      </object_component>
      <object_component id="oc-125">
         <name>.bss</name>
         <uninitialized>true</uninitialized>
         <run_address>0x20002818</run_address>
         <size>0xc</size>
         <input_file_ref idref="fl-4"/>
      </object_component>
      <object_component id="oc-20">
         <name>.stack</name>
         <uninitialized>true</uninitialized>
         <run_address>0x20002828</run_address>
         <size>0x0</size>
         <input_file_ref idref="fl-135"/>
      </object_component>
      <object_component id="oc-21b">
         <name>.stack</name>
         <uninitialized>true</uninitialized>
         <run_address>0x20002828</run_address>
         <size>0x0</size>
      </object_component>
      <object_component id="oc-f">
         <name>.debug_info</name>
         <load_address>0x0</load_address>
         <run_address>0x0</run_address>
         <size>0xfa</size>
         <input_file_ref idref="fl-3"/>
      </object_component>
      <object_component id="oc-11">
         <name>.debug_info</name>
         <load_address>0xfa</load_address>
         <run_address>0xfa</run_address>
         <size>0xf4</size>
         <input_file_ref idref="fl-135"/>
      </object_component>
      <object_component id="oc-15">
         <name>.debug_info</name>
         <load_address>0x1ee</load_address>
         <run_address>0x1ee</run_address>
         <size>0x159</size>
         <input_file_ref idref="fl-136"/>
      </object_component>
      <object_component id="oc-19">
         <name>.debug_info</name>
         <load_address>0x347</load_address>
         <run_address>0x347</run_address>
         <size>0x193</size>
         <input_file_ref idref="fl-138"/>
      </object_component>
      <object_component id="oc-1d">
         <name>.debug_info</name>
         <load_address>0x4da</load_address>
         <run_address>0x4da</run_address>
         <size>0x16a</size>
         <input_file_ref idref="fl-137"/>
      </object_component>
      <object_component id="oc-22">
         <name>.debug_info</name>
         <load_address>0x644</load_address>
         <run_address>0x644</run_address>
         <size>0x34c</size>
         <input_file_ref idref="fl-3"/>
      </object_component>
      <object_component id="oc-27">
         <name>.debug_info</name>
         <load_address>0x990</load_address>
         <run_address>0x990</run_address>
         <size>0x80f</size>
         <input_file_ref idref="fl-5"/>
      </object_component>
      <object_component id="oc-2d">
         <name>.debug_info</name>
         <load_address>0x119f</load_address>
         <run_address>0x119f</run_address>
         <size>0x126</size>
         <input_file_ref idref="fl-3"/>
      </object_component>
      <object_component id="oc-2f">
         <name>.debug_info</name>
         <load_address>0x12c5</load_address>
         <run_address>0x12c5</run_address>
         <size>0x13f</size>
         <input_file_ref idref="fl-13f"/>
      </object_component>
      <object_component id="oc-33">
         <name>.debug_info</name>
         <load_address>0x1404</load_address>
         <run_address>0x1404</run_address>
         <size>0xfe</size>
         <input_file_ref idref="fl-13e"/>
      </object_component>
      <object_component id="oc-37">
         <name>.debug_info</name>
         <load_address>0x1502</load_address>
         <run_address>0x1502</run_address>
         <size>0x205</size>
         <input_file_ref idref="fl-139"/>
      </object_component>
      <object_component id="oc-3b">
         <name>.debug_info</name>
         <load_address>0x1707</load_address>
         <run_address>0x1707</run_address>
         <size>0xbe</size>
         <input_file_ref idref="fl-13b"/>
      </object_component>
      <object_component id="oc-3e">
         <name>.debug_info</name>
         <load_address>0x17c5</load_address>
         <run_address>0x17c5</run_address>
         <size>0xcd</size>
         <input_file_ref idref="fl-13a"/>
      </object_component>
      <object_component id="oc-42">
         <name>.debug_info</name>
         <load_address>0x1892</load_address>
         <run_address>0x1892</run_address>
         <size>0x46</size>
         <input_file_ref idref="fl-136"/>
      </object_component>
      <object_component id="oc-48">
         <name>.debug_info</name>
         <load_address>0x18d8</load_address>
         <run_address>0x18d8</run_address>
         <size>0x46</size>
         <input_file_ref idref="fl-138"/>
      </object_component>
      <object_component id="oc-4e">
         <name>.debug_info</name>
         <load_address>0x191e</load_address>
         <run_address>0x191e</run_address>
         <size>0x318</size>
         <input_file_ref idref="fl-137"/>
      </object_component>
      <object_component id="oc-52">
         <name>.debug_info</name>
         <load_address>0x1c36</load_address>
         <run_address>0x1c36</run_address>
         <size>0xb2</size>
         <input_file_ref idref="fl-137"/>
      </object_component>
      <object_component id="oc-53">
         <name>.debug_info</name>
         <load_address>0x1ce8</load_address>
         <run_address>0x1ce8</run_address>
         <size>0x39</size>
         <input_file_ref idref="fl-137"/>
      </object_component>
      <object_component id="oc-5a">
         <name>.debug_info</name>
         <load_address>0x1d21</load_address>
         <run_address>0x1d21</run_address>
         <size>0x1ca</size>
         <input_file_ref idref="fl-142"/>
      </object_component>
      <object_component id="oc-5e">
         <name>.debug_info</name>
         <load_address>0x1eeb</load_address>
         <run_address>0x1eeb</run_address>
         <size>0x2e4</size>
         <input_file_ref idref="fl-142"/>
      </object_component>
      <object_component id="oc-62">
         <name>.debug_info</name>
         <load_address>0x21cf</load_address>
         <run_address>0x21cf</run_address>
         <size>0x1ea</size>
         <input_file_ref idref="fl-142"/>
      </object_component>
      <object_component id="oc-66">
         <name>.debug_info</name>
         <load_address>0x23b9</load_address>
         <run_address>0x23b9</run_address>
         <size>0x1807</size>
         <input_file_ref idref="fl-4"/>
      </object_component>
      <object_component id="oc-6b">
         <name>.debug_info</name>
         <load_address>0x3bc0</load_address>
         <run_address>0x3bc0</run_address>
         <size>0x1ea</size>
         <input_file_ref idref="fl-142"/>
      </object_component>
      <object_component id="oc-6f">
         <name>.debug_info</name>
         <load_address>0x3daa</load_address>
         <run_address>0x3daa</run_address>
         <size>0x1e6</size>
         <input_file_ref idref="fl-141"/>
      </object_component>
      <object_component id="oc-73">
         <name>.debug_info</name>
         <load_address>0x3f90</load_address>
         <run_address>0x3f90</run_address>
         <size>0x1f1</size>
         <input_file_ref idref="fl-141"/>
      </object_component>
      <object_component id="oc-77">
         <name>.debug_info</name>
         <load_address>0x4181</load_address>
         <run_address>0x4181</run_address>
         <size>0x217</size>
         <input_file_ref idref="fl-141"/>
      </object_component>
      <object_component id="oc-7b">
         <name>.debug_info</name>
         <load_address>0x4398</load_address>
         <run_address>0x4398</run_address>
         <size>0x21f</size>
         <input_file_ref idref="fl-141"/>
      </object_component>
      <object_component id="oc-7f">
         <name>.debug_info</name>
         <load_address>0x45b7</load_address>
         <run_address>0x45b7</run_address>
         <size>0x1f9</size>
         <input_file_ref idref="fl-141"/>
      </object_component>
      <object_component id="oc-83">
         <name>.debug_info</name>
         <load_address>0x47b0</load_address>
         <run_address>0x47b0</run_address>
         <size>0x1e4</size>
         <input_file_ref idref="fl-141"/>
      </object_component>
      <object_component id="oc-87">
         <name>.debug_info</name>
         <load_address>0x4994</load_address>
         <run_address>0x4994</run_address>
         <size>0x22e</size>
         <input_file_ref idref="fl-144"/>
      </object_component>
      <object_component id="oc-8b">
         <name>.debug_info</name>
         <load_address>0x4bc2</load_address>
         <run_address>0x4bc2</run_address>
         <size>0x1d5</size>
         <input_file_ref idref="fl-144"/>
      </object_component>
      <object_component id="oc-8f">
         <name>.debug_info</name>
         <load_address>0x4d97</load_address>
         <run_address>0x4d97</run_address>
         <size>0x1b3</size>
         <input_file_ref idref="fl-144"/>
      </object_component>
      <object_component id="oc-93">
         <name>.debug_info</name>
         <load_address>0x4f4a</load_address>
         <run_address>0x4f4a</run_address>
         <size>0x1f4</size>
         <input_file_ref idref="fl-145"/>
      </object_component>
      <object_component id="oc-97">
         <name>.debug_info</name>
         <load_address>0x513e</load_address>
         <run_address>0x513e</run_address>
         <size>0x25a</size>
         <input_file_ref idref="fl-145"/>
      </object_component>
      <object_component id="oc-9b">
         <name>.debug_info</name>
         <load_address>0x5398</load_address>
         <run_address>0x5398</run_address>
         <size>0x1cc</size>
         <input_file_ref idref="fl-142"/>
      </object_component>
      <object_component id="oc-9f">
         <name>.debug_info</name>
         <load_address>0x5564</load_address>
         <run_address>0x5564</run_address>
         <size>0x207</size>
         <input_file_ref idref="fl-147"/>
      </object_component>
      <object_component id="oc-a3">
         <name>.debug_info</name>
         <load_address>0x576b</load_address>
         <run_address>0x576b</run_address>
         <size>0x27b</size>
         <input_file_ref idref="fl-147"/>
      </object_component>
      <object_component id="oc-a7">
         <name>.debug_info</name>
         <load_address>0x59e6</load_address>
         <run_address>0x59e6</run_address>
         <size>0x2ae</size>
         <input_file_ref idref="fl-147"/>
      </object_component>
      <object_component id="oc-ab">
         <name>.debug_info</name>
         <load_address>0x5c94</load_address>
         <run_address>0x5c94</run_address>
         <size>0x1f8</size>
         <input_file_ref idref="fl-147"/>
      </object_component>
      <object_component id="oc-af">
         <name>.debug_info</name>
         <load_address>0x5e8c</load_address>
         <run_address>0x5e8c</run_address>
         <size>0x205</size>
         <input_file_ref idref="fl-147"/>
      </object_component>
      <object_component id="oc-b3">
         <name>.debug_info</name>
         <load_address>0x6091</load_address>
         <run_address>0x6091</run_address>
         <size>0x1127</size>
         <input_file_ref idref="fl-6"/>
      </object_component>
      <object_component id="oc-b8">
         <name>.debug_info</name>
         <load_address>0x71b8</load_address>
         <run_address>0x71b8</run_address>
         <size>0x1e3b</size>
         <input_file_ref idref="fl-2"/>
      </object_component>
      <object_component id="oc-bd">
         <name>.debug_info</name>
         <load_address>0x8ff3</load_address>
         <run_address>0x8ff3</run_address>
         <size>0xe8</size>
         <input_file_ref idref="fl-5"/>
      </object_component>
      <object_component id="oc-bf">
         <name>.debug_info</name>
         <load_address>0x90db</load_address>
         <run_address>0x90db</run_address>
         <size>0xe8</size>
         <input_file_ref idref="fl-5"/>
      </object_component>
      <object_component id="oc-c1">
         <name>.debug_info</name>
         <load_address>0x91c3</load_address>
         <run_address>0x91c3</run_address>
         <size>0xf9</size>
         <input_file_ref idref="fl-5"/>
      </object_component>
      <object_component id="oc-c3">
         <name>.debug_info</name>
         <load_address>0x92bc</load_address>
         <run_address>0x92bc</run_address>
         <size>0x22d</size>
         <input_file_ref idref="fl-7"/>
      </object_component>
      <object_component id="oc-c8">
         <name>.debug_info</name>
         <load_address>0x94e9</load_address>
         <run_address>0x94e9</run_address>
         <size>0x149</size>
         <input_file_ref idref="fl-5"/>
      </object_component>
      <object_component id="oc-ca">
         <name>.debug_info</name>
         <load_address>0x9632</load_address>
         <run_address>0x9632</run_address>
         <size>0xfa</size>
         <input_file_ref idref="fl-6"/>
      </object_component>
      <object_component id="oc-cc">
         <name>.debug_info</name>
         <load_address>0x972c</load_address>
         <run_address>0x972c</run_address>
         <size>0xf7</size>
         <input_file_ref idref="fl-5"/>
      </object_component>
      <object_component id="oc-ce">
         <name>.debug_info</name>
         <load_address>0x9823</load_address>
         <run_address>0x9823</run_address>
         <size>0xf4</size>
         <input_file_ref idref="fl-7"/>
      </object_component>
      <object_component id="oc-d0">
         <name>.debug_info</name>
         <load_address>0x9917</load_address>
         <run_address>0x9917</run_address>
         <size>0x90</size>
         <input_file_ref idref="fl-2"/>
      </object_component>
      <object_component id="oc-d5">
         <name>.debug_info</name>
         <load_address>0x99a7</load_address>
         <run_address>0x99a7</run_address>
         <size>0x7d4</size>
         <input_file_ref idref="fl-5"/>
      </object_component>
      <object_component id="oc-d8">
         <name>.debug_info</name>
         <load_address>0xa17b</load_address>
         <run_address>0xa17b</run_address>
         <size>0x89</size>
         <input_file_ref idref="fl-3"/>
      </object_component>
      <object_component id="oc-de">
         <name>.debug_info</name>
         <load_address>0xa204</load_address>
         <run_address>0xa204</run_address>
         <size>0x191</size>
         <input_file_ref idref="fl-140"/>
      </object_component>
      <object_component id="oc-e3">
         <name>.debug_info</name>
         <load_address>0xa395</load_address>
         <run_address>0xa395</run_address>
         <size>0x90</size>
         <input_file_ref idref="fl-13e"/>
      </object_component>
      <object_component id="oc-e9">
         <name>.debug_info</name>
         <load_address>0xa425</load_address>
         <run_address>0xa425</run_address>
         <size>0xc8</size>
         <input_file_ref idref="fl-13d"/>
      </object_component>
      <object_component id="oc-eb">
         <name>.debug_info</name>
         <load_address>0xa4ed</load_address>
         <run_address>0xa4ed</run_address>
         <size>0xdb</size>
         <input_file_ref idref="fl-139"/>
      </object_component>
      <object_component id="oc-ed">
         <name>.debug_info</name>
         <load_address>0xa5c8</load_address>
         <run_address>0xa5c8</run_address>
         <size>0x89</size>
         <input_file_ref idref="fl-136"/>
      </object_component>
      <object_component id="oc-f4">
         <name>.debug_info</name>
         <load_address>0xa651</load_address>
         <run_address>0xa651</run_address>
         <size>0x83</size>
         <input_file_ref idref="fl-13b"/>
      </object_component>
      <object_component id="oc-fa">
         <name>.debug_info</name>
         <load_address>0xa6d4</load_address>
         <run_address>0xa6d4</run_address>
         <size>0x46</size>
         <input_file_ref idref="fl-136"/>
      </object_component>
      <object_component id="oc-ff">
         <name>.debug_info</name>
         <load_address>0xa71a</load_address>
         <run_address>0xa71a</run_address>
         <size>0xe8</size>
         <input_file_ref idref="fl-136"/>
      </object_component>
      <object_component id="oc-100">
         <name>.debug_info</name>
         <load_address>0xa802</load_address>
         <run_address>0xa802</run_address>
         <size>0x2c</size>
         <input_file_ref idref="fl-137"/>
      </object_component>
      <object_component id="oc-105">
         <name>.debug_info</name>
         <load_address>0xa82e</load_address>
         <run_address>0xa82e</run_address>
         <size>0xa8</size>
         <input_file_ref idref="fl-138"/>
      </object_component>
      <object_component id="oc-107">
         <name>.debug_info</name>
         <load_address>0xa8d6</load_address>
         <run_address>0xa8d6</run_address>
         <size>0x84</size>
         <input_file_ref idref="fl-137"/>
      </object_component>
      <object_component id="oc-10f">
         <name>.debug_info</name>
         <load_address>0xa95a</load_address>
         <run_address>0xa95a</run_address>
         <size>0x84</size>
         <input_file_ref idref="fl-141"/>
      </object_component>
      <object_component id="oc-113">
         <name>.debug_info</name>
         <load_address>0xa9de</load_address>
         <run_address>0xa9de</run_address>
         <size>0x4cc</size>
         <input_file_ref idref="fl-142"/>
      </object_component>
      <object_component id="oc-117">
         <name>.debug_info</name>
         <load_address>0xaeaa</load_address>
         <run_address>0xaeaa</run_address>
         <size>0x10e</size>
         <input_file_ref idref="fl-142"/>
      </object_component>
      <object_component id="oc-11a">
         <name>.debug_info</name>
         <load_address>0xafb8</load_address>
         <run_address>0xafb8</run_address>
         <size>0x1af</size>
         <input_file_ref idref="fl-143"/>
      </object_component>
      <object_component id="oc-11e">
         <name>.debug_info</name>
         <load_address>0xb167</load_address>
         <run_address>0xb167</run_address>
         <size>0x208</size>
         <input_file_ref idref="fl-145"/>
      </object_component>
      <object_component id="oc-122">
         <name>.debug_info</name>
         <load_address>0xb36f</load_address>
         <run_address>0xb36f</run_address>
         <size>0x261</size>
         <input_file_ref idref="fl-143"/>
      </object_component>
      <object_component id="oc-126">
         <name>.debug_info</name>
         <load_address>0xb5d0</load_address>
         <run_address>0xb5d0</run_address>
         <size>0x148</size>
         <input_file_ref idref="fl-4"/>
      </object_component>
      <object_component id="oc-128">
         <name>.debug_info</name>
         <load_address>0xb718</load_address>
         <run_address>0xb718</run_address>
         <size>0x18a</size>
         <input_file_ref idref="fl-4"/>
      </object_component>
      <object_component id="oc-12a">
         <name>.debug_info</name>
         <load_address>0xb8a2</load_address>
         <run_address>0xb8a2</run_address>
         <size>0x1b1</size>
         <input_file_ref idref="fl-143"/>
      </object_component>
      <object_component id="oc-12e">
         <name>.debug_info</name>
         <load_address>0xba53</load_address>
         <run_address>0xba53</run_address>
         <size>0x396</size>
         <input_file_ref idref="fl-143"/>
      </object_component>
      <object_component id="oc-132">
         <name>.debug_info</name>
         <load_address>0xbde9</load_address>
         <run_address>0xbde9</run_address>
         <size>0x1e8</size>
         <input_file_ref idref="fl-145"/>
      </object_component>
      <object_component id="oc-136">
         <name>.debug_info</name>
         <load_address>0xbfd1</load_address>
         <run_address>0xbfd1</run_address>
         <size>0x1af</size>
         <input_file_ref idref="fl-143"/>
      </object_component>
      <object_component id="oc-13a">
         <name>.debug_info</name>
         <load_address>0xc180</load_address>
         <run_address>0xc180</run_address>
         <size>0x1f9</size>
         <input_file_ref idref="fl-143"/>
      </object_component>
      <object_component id="oc-13e">
         <name>.debug_info</name>
         <load_address>0xc379</load_address>
         <run_address>0xc379</run_address>
         <size>0x1f6</size>
         <input_file_ref idref="fl-145"/>
      </object_component>
      <object_component id="oc-142">
         <name>.debug_info</name>
         <load_address>0xc56f</load_address>
         <run_address>0xc56f</run_address>
         <size>0x11c</size>
         <input_file_ref idref="fl-4"/>
      </object_component>
      <object_component id="oc-144">
         <name>.debug_info</name>
         <load_address>0xc68b</load_address>
         <run_address>0xc68b</run_address>
         <size>0x132</size>
         <input_file_ref idref="fl-4"/>
      </object_component>
      <object_component id="oc-146">
         <name>.debug_info</name>
         <load_address>0xc7bd</load_address>
         <run_address>0xc7bd</run_address>
         <size>0x3f0</size>
         <input_file_ref idref="fl-4"/>
      </object_component>
      <object_component id="oc-147">
         <name>.debug_info</name>
         <load_address>0xcbad</load_address>
         <run_address>0xcbad</run_address>
         <size>0x8b</size>
         <input_file_ref idref="fl-4"/>
      </object_component>
      <object_component id="oc-14d">
         <name>.debug_info</name>
         <load_address>0xcc38</load_address>
         <run_address>0xcc38</run_address>
         <size>0x1b8</size>
         <input_file_ref idref="fl-142"/>
      </object_component>
      <object_component id="oc-150">
         <name>.debug_info</name>
         <load_address>0xcdf0</load_address>
         <run_address>0xcdf0</run_address>
         <size>0x473</size>
         <input_file_ref idref="fl-141"/>
      </object_component>
      <object_component id="oc-157">
         <name>.debug_info</name>
         <load_address>0xd263</load_address>
         <run_address>0xd263</run_address>
         <size>0x10f</size>
         <input_file_ref idref="fl-144"/>
      </object_component>
      <object_component id="oc-159">
         <name>.debug_info</name>
         <load_address>0xd372</load_address>
         <run_address>0xd372</run_address>
         <size>0x478</size>
         <input_file_ref idref="fl-144"/>
      </object_component>
      <object_component id="oc-15b">
         <name>.debug_info</name>
         <load_address>0xd7ea</load_address>
         <run_address>0xd7ea</run_address>
         <size>0x1bd</size>
         <input_file_ref idref="fl-144"/>
      </object_component>
      <object_component id="oc-15e">
         <name>.debug_info</name>
         <load_address>0xd9a7</load_address>
         <run_address>0xd9a7</run_address>
         <size>0x187</size>
         <input_file_ref idref="fl-146"/>
      </object_component>
      <object_component id="oc-162">
         <name>.debug_info</name>
         <load_address>0xdb2e</load_address>
         <run_address>0xdb2e</run_address>
         <size>0x2c</size>
         <input_file_ref idref="fl-141"/>
      </object_component>
      <object_component id="oc-167">
         <name>.debug_info</name>
         <load_address>0xdb5a</load_address>
         <run_address>0xdb5a</run_address>
         <size>0x214</size>
         <input_file_ref idref="fl-145"/>
      </object_component>
      <object_component id="oc-16c">
         <name>.debug_info</name>
         <load_address>0xdd6e</load_address>
         <run_address>0xdd6e</run_address>
         <size>0x471</size>
         <input_file_ref idref="fl-145"/>
      </object_component>
      <object_component id="oc-16f">
         <name>.debug_info</name>
         <load_address>0xe1df</load_address>
         <run_address>0xe1df</run_address>
         <size>0x466</size>
         <input_file_ref idref="fl-147"/>
      </object_component>
      <object_component id="oc-175">
         <name>.debug_info</name>
         <load_address>0xe645</load_address>
         <run_address>0xe645</run_address>
         <size>0xf8</size>
         <input_file_ref idref="fl-6"/>
      </object_component>
      <object_component id="oc-178">
         <name>.debug_info</name>
         <load_address>0xe73d</load_address>
         <run_address>0xe73d</run_address>
         <size>0x132</size>
         <input_file_ref idref="fl-6"/>
      </object_component>
      <object_component id="oc-17a">
         <name>.debug_info</name>
         <load_address>0xe86f</load_address>
         <run_address>0xe86f</run_address>
         <size>0x139</size>
         <input_file_ref idref="fl-13c"/>
      </object_component>
      <object_component id="oc-17e">
         <name>.debug_info</name>
         <load_address>0xe9a8</load_address>
         <run_address>0xe9a8</run_address>
         <size>0x12e</size>
         <input_file_ref idref="fl-2"/>
      </object_component>
      <object_component id="oc-180">
         <name>.debug_info</name>
         <load_address>0xead6</load_address>
         <run_address>0xead6</run_address>
         <size>0x10e</size>
         <input_file_ref idref="fl-2"/>
      </object_component>
      <object_component id="oc-182">
         <name>.debug_info</name>
         <load_address>0xebe4</load_address>
         <run_address>0xebe4</run_address>
         <size>0x11c</size>
         <input_file_ref idref="fl-2"/>
      </object_component>
      <object_component id="oc-183">
         <name>.debug_info</name>
         <load_address>0xed00</load_address>
         <run_address>0xed00</run_address>
         <size>0x4e</size>
         <input_file_ref idref="fl-2"/>
      </object_component>
      <object_component id="oc-188">
         <name>.debug_info</name>
         <load_address>0xed4e</load_address>
         <run_address>0xed4e</run_address>
         <size>0xc2</size>
         <input_file_ref idref="fl-2"/>
      </object_component>
      <object_component id="oc-194">
         <name>.debug_info</name>
         <load_address>0xee10</load_address>
         <run_address>0xee10</run_address>
         <size>0xe0</size>
         <input_file_ref idref="fl-7"/>
      </object_component>
      <object_component id="oc-195">
         <name>.debug_info</name>
         <load_address>0xeef0</load_address>
         <run_address>0xeef0</run_address>
         <size>0x84</size>
         <input_file_ref idref="fl-7"/>
      </object_component>
      <object_component id="oc-1a4">
         <name>.debug_info</name>
         <load_address>0xef74</load_address>
         <run_address>0xef74</run_address>
         <size>0x2c</size>
         <input_file_ref idref="fl-4"/>
      </object_component>
      <object_component id="oc-1aa">
         <name>.debug_info</name>
         <load_address>0xefa0</load_address>
         <run_address>0xefa0</run_address>
         <size>0x143</size>
         <input_file_ref idref="fl-140"/>
      </object_component>
      <object_component id="oc-1ac">
         <name>.debug_info</name>
         <load_address>0xf0e3</load_address>
         <run_address>0xf0e3</run_address>
         <size>0x1ba</size>
         <input_file_ref idref="fl-13d"/>
      </object_component>
      <object_component id="oc-1b1">
         <name>.debug_info</name>
         <load_address>0xf29d</load_address>
         <run_address>0xf29d</run_address>
         <size>0xd4</size>
         <input_file_ref idref="fl-13d"/>
      </object_component>
      <object_component id="oc-1b4">
         <name>.debug_info</name>
         <load_address>0xf371</load_address>
         <run_address>0xf371</run_address>
         <size>0x131</size>
         <input_file_ref idref="fl-139"/>
      </object_component>
      <object_component id="oc-1be">
         <name>.debug_info</name>
         <load_address>0xf4a2</load_address>
         <run_address>0xf4a2</run_address>
         <size>0x477</size>
         <input_file_ref idref="fl-143"/>
      </object_component>
      <object_component id="oc-1f1">
         <name>.debug_info</name>
         <load_address>0xf919</load_address>
         <run_address>0xf919</run_address>
         <size>0xcd</size>
         <input_file_ref idref="fl-140"/>
      </object_component>
      <object_component id="oc-21c">
         <name>.debug_info</name>
         <load_address>0xf9e6</load_address>
         <run_address>0xf9e6</run_address>
         <size>0xc1</size>
      </object_component>
      <object_component id="oc-12">
         <name>.debug_line</name>
         <load_address>0x0</load_address>
         <run_address>0x0</run_address>
         <size>0x49</size>
         <input_file_ref idref="fl-135"/>
      </object_component>
      <object_component id="oc-16">
         <name>.debug_line</name>
         <load_address>0x49</load_address>
         <run_address>0x49</run_address>
         <size>0x4d</size>
         <input_file_ref idref="fl-136"/>
      </object_component>
      <object_component id="oc-1a">
         <name>.debug_line</name>
         <load_address>0x96</load_address>
         <run_address>0x96</run_address>
         <size>0x4c</size>
         <input_file_ref idref="fl-138"/>
      </object_component>
      <object_component id="oc-1e">
         <name>.debug_line</name>
         <load_address>0xe2</load_address>
         <run_address>0xe2</run_address>
         <size>0x4c</size>
         <input_file_ref idref="fl-137"/>
      </object_component>
      <object_component id="oc-23">
         <name>.debug_line</name>
         <load_address>0x12e</load_address>
         <run_address>0x12e</run_address>
         <size>0x94</size>
         <input_file_ref idref="fl-3"/>
      </object_component>
      <object_component id="oc-28">
         <name>.debug_line</name>
         <load_address>0x1c2</load_address>
         <run_address>0x1c2</run_address>
         <size>0x111</size>
         <input_file_ref idref="fl-5"/>
      </object_component>
      <object_component id="oc-2c">
         <name>.debug_line</name>
         <load_address>0x2d3</load_address>
         <run_address>0x2d3</run_address>
         <size>0x34</size>
         <input_file_ref idref="fl-3"/>
      </object_component>
      <object_component id="oc-30">
         <name>.debug_line</name>
         <load_address>0x307</load_address>
         <run_address>0x307</run_address>
         <size>0x87</size>
         <input_file_ref idref="fl-13f"/>
      </object_component>
      <object_component id="oc-34">
         <name>.debug_line</name>
         <load_address>0x38e</load_address>
         <run_address>0x38e</run_address>
         <size>0x42</size>
         <input_file_ref idref="fl-13e"/>
      </object_component>
      <object_component id="oc-38">
         <name>.debug_line</name>
         <load_address>0x3d0</load_address>
         <run_address>0x3d0</run_address>
         <size>0x71</size>
         <input_file_ref idref="fl-139"/>
      </object_component>
      <object_component id="oc-3f">
         <name>.debug_line</name>
         <load_address>0x441</load_address>
         <run_address>0x441</run_address>
         <size>0x88</size>
         <input_file_ref idref="fl-13a"/>
      </object_component>
      <object_component id="oc-44">
         <name>.debug_line</name>
         <load_address>0x4c9</load_address>
         <run_address>0x4c9</run_address>
         <size>0x3a</size>
         <input_file_ref idref="fl-136"/>
      </object_component>
      <object_component id="oc-4a">
         <name>.debug_line</name>
         <load_address>0x503</load_address>
         <run_address>0x503</run_address>
         <size>0x34</size>
         <input_file_ref idref="fl-138"/>
      </object_component>
      <object_component id="oc-4f">
         <name>.debug_line</name>
         <load_address>0x537</load_address>
         <run_address>0x537</run_address>
         <size>0x58</size>
         <input_file_ref idref="fl-137"/>
      </object_component>
      <object_component id="oc-55">
         <name>.debug_line</name>
         <load_address>0x58f</load_address>
         <run_address>0x58f</run_address>
         <size>0x39</size>
         <input_file_ref idref="fl-137"/>
      </object_component>
      <object_component id="oc-5b">
         <name>.debug_line</name>
         <load_address>0x5c8</load_address>
         <run_address>0x5c8</run_address>
         <size>0x70</size>
         <input_file_ref idref="fl-142"/>
      </object_component>
      <object_component id="oc-5f">
         <name>.debug_line</name>
         <load_address>0x638</load_address>
         <run_address>0x638</run_address>
         <size>0xc5</size>
         <input_file_ref idref="fl-142"/>
      </object_component>
      <object_component id="oc-63">
         <name>.debug_line</name>
         <load_address>0x6fd</load_address>
         <run_address>0x6fd</run_address>
         <size>0x109</size>
         <input_file_ref idref="fl-142"/>
      </object_component>
      <object_component id="oc-67">
         <name>.debug_line</name>
         <load_address>0x806</load_address>
         <run_address>0x806</run_address>
         <size>0x2ab</size>
         <input_file_ref idref="fl-4"/>
      </object_component>
      <object_component id="oc-6c">
         <name>.debug_line</name>
         <load_address>0xab1</load_address>
         <run_address>0xab1</run_address>
         <size>0x78</size>
         <input_file_ref idref="fl-142"/>
      </object_component>
      <object_component id="oc-70">
         <name>.debug_line</name>
         <load_address>0xb29</load_address>
         <run_address>0xb29</run_address>
         <size>0x6f</size>
         <input_file_ref idref="fl-141"/>
      </object_component>
      <object_component id="oc-74">
         <name>.debug_line</name>
         <load_address>0xb98</load_address>
         <run_address>0xb98</run_address>
         <size>0x72</size>
         <input_file_ref idref="fl-141"/>
      </object_component>
      <object_component id="oc-78">
         <name>.debug_line</name>
         <load_address>0xc0a</load_address>
         <run_address>0xc0a</run_address>
         <size>0x78</size>
         <input_file_ref idref="fl-141"/>
      </object_component>
      <object_component id="oc-7c">
         <name>.debug_line</name>
         <load_address>0xc82</load_address>
         <run_address>0xc82</run_address>
         <size>0x78</size>
         <input_file_ref idref="fl-141"/>
      </object_component>
      <object_component id="oc-80">
         <name>.debug_line</name>
         <load_address>0xcfa</load_address>
         <run_address>0xcfa</run_address>
         <size>0x6f</size>
         <input_file_ref idref="fl-141"/>
      </object_component>
      <object_component id="oc-84">
         <name>.debug_line</name>
         <load_address>0xd69</load_address>
         <run_address>0xd69</run_address>
         <size>0x6f</size>
         <input_file_ref idref="fl-141"/>
      </object_component>
      <object_component id="oc-88">
         <name>.debug_line</name>
         <load_address>0xdd8</load_address>
         <run_address>0xdd8</run_address>
         <size>0x76</size>
         <input_file_ref idref="fl-144"/>
      </object_component>
      <object_component id="oc-8c">
         <name>.debug_line</name>
         <load_address>0xe4e</load_address>
         <run_address>0xe4e</run_address>
         <size>0x9b</size>
         <input_file_ref idref="fl-144"/>
      </object_component>
      <object_component id="oc-90">
         <name>.debug_line</name>
         <load_address>0xee9</load_address>
         <run_address>0xee9</run_address>
         <size>0x73</size>
         <input_file_ref idref="fl-144"/>
      </object_component>
      <object_component id="oc-94">
         <name>.debug_line</name>
         <load_address>0xf5c</load_address>
         <run_address>0xf5c</run_address>
         <size>0x6f</size>
         <input_file_ref idref="fl-145"/>
      </object_component>
      <object_component id="oc-98">
         <name>.debug_line</name>
         <load_address>0xfcb</load_address>
         <run_address>0xfcb</run_address>
         <size>0x76</size>
         <input_file_ref idref="fl-145"/>
      </object_component>
      <object_component id="oc-9c">
         <name>.debug_line</name>
         <load_address>0x1041</load_address>
         <run_address>0x1041</run_address>
         <size>0x71</size>
         <input_file_ref idref="fl-142"/>
      </object_component>
      <object_component id="oc-a0">
         <name>.debug_line</name>
         <load_address>0x10b2</load_address>
         <run_address>0x10b2</run_address>
         <size>0x6d</size>
         <input_file_ref idref="fl-147"/>
      </object_component>
      <object_component id="oc-a4">
         <name>.debug_line</name>
         <load_address>0x111f</load_address>
         <run_address>0x111f</run_address>
         <size>0x72</size>
         <input_file_ref idref="fl-147"/>
      </object_component>
      <object_component id="oc-a8">
         <name>.debug_line</name>
         <load_address>0x1191</load_address>
         <run_address>0x1191</run_address>
         <size>0x85</size>
         <input_file_ref idref="fl-147"/>
      </object_component>
      <object_component id="oc-ac">
         <name>.debug_line</name>
         <load_address>0x1216</load_address>
         <run_address>0x1216</run_address>
         <size>0x6e</size>
         <input_file_ref idref="fl-147"/>
      </object_component>
      <object_component id="oc-b0">
         <name>.debug_line</name>
         <load_address>0x1284</load_address>
         <run_address>0x1284</run_address>
         <size>0x6d</size>
         <input_file_ref idref="fl-147"/>
      </object_component>
      <object_component id="oc-b4">
         <name>.debug_line</name>
         <load_address>0x12f1</load_address>
         <run_address>0x12f1</run_address>
         <size>0x2dc</size>
         <input_file_ref idref="fl-6"/>
      </object_component>
      <object_component id="oc-b9">
         <name>.debug_line</name>
         <load_address>0x15cd</load_address>
         <run_address>0x15cd</run_address>
         <size>0x593</size>
         <input_file_ref idref="fl-2"/>
      </object_component>
      <object_component id="oc-c4">
         <name>.debug_line</name>
         <load_address>0x1b60</load_address>
         <run_address>0x1b60</run_address>
         <size>0x65</size>
         <input_file_ref idref="fl-7"/>
      </object_component>
      <object_component id="oc-d2">
         <name>.debug_line</name>
         <load_address>0x1bc5</load_address>
         <run_address>0x1bc5</run_address>
         <size>0x20</size>
         <input_file_ref idref="fl-2"/>
      </object_component>
      <object_component id="oc-d7">
         <name>.debug_line</name>
         <load_address>0x1be5</load_address>
         <run_address>0x1be5</run_address>
         <size>0x34</size>
         <input_file_ref idref="fl-3"/>
      </object_component>
      <object_component id="oc-da">
         <name>.debug_line</name>
         <load_address>0x1c19</load_address>
         <run_address>0x1c19</run_address>
         <size>0x20</size>
         <input_file_ref idref="fl-3"/>
      </object_component>
      <object_component id="oc-df">
         <name>.debug_line</name>
         <load_address>0x1c39</load_address>
         <run_address>0x1c39</run_address>
         <size>0x43</size>
         <input_file_ref idref="fl-140"/>
      </object_component>
      <object_component id="oc-e5">
         <name>.debug_line</name>
         <load_address>0x1c7c</load_address>
         <run_address>0x1c7c</run_address>
         <size>0x20</size>
         <input_file_ref idref="fl-13e"/>
      </object_component>
      <object_component id="oc-ef">
         <name>.debug_line</name>
         <load_address>0x1c9c</load_address>
         <run_address>0x1c9c</run_address>
         <size>0x20</size>
         <input_file_ref idref="fl-136"/>
      </object_component>
      <object_component id="oc-f3">
         <name>.debug_line</name>
         <load_address>0x1cbc</load_address>
         <run_address>0x1cbc</run_address>
         <size>0x33</size>
         <input_file_ref idref="fl-13b"/>
      </object_component>
      <object_component id="oc-f6">
         <name>.debug_line</name>
         <load_address>0x1cef</load_address>
         <run_address>0x1cef</run_address>
         <size>0x20</size>
         <input_file_ref idref="fl-13b"/>
      </object_component>
      <object_component id="oc-fc">
         <name>.debug_line</name>
         <load_address>0x1d0f</load_address>
         <run_address>0x1d0f</run_address>
         <size>0x44</size>
         <input_file_ref idref="fl-136"/>
      </object_component>
      <object_component id="oc-102">
         <name>.debug_line</name>
         <load_address>0x1d53</load_address>
         <run_address>0x1d53</run_address>
         <size>0x44</size>
         <input_file_ref idref="fl-137"/>
      </object_component>
      <object_component id="oc-109">
         <name>.debug_line</name>
         <load_address>0x1d97</load_address>
         <run_address>0x1d97</run_address>
         <size>0x20</size>
         <input_file_ref idref="fl-137"/>
      </object_component>
      <object_component id="oc-10d">
         <name>.debug_line</name>
         <load_address>0x1db7</load_address>
         <run_address>0x1db7</run_address>
         <size>0x20</size>
         <input_file_ref idref="fl-137"/>
      </object_component>
      <object_component id="oc-111">
         <name>.debug_line</name>
         <load_address>0x1dd7</load_address>
         <run_address>0x1dd7</run_address>
         <size>0x1d</size>
         <input_file_ref idref="fl-141"/>
      </object_component>
      <object_component id="oc-11b">
         <name>.debug_line</name>
         <load_address>0x1df4</load_address>
         <run_address>0x1df4</run_address>
         <size>0x6d</size>
         <input_file_ref idref="fl-143"/>
      </object_component>
      <object_component id="oc-11f">
         <name>.debug_line</name>
         <load_address>0x1e61</load_address>
         <run_address>0x1e61</run_address>
         <size>0x6e</size>
         <input_file_ref idref="fl-145"/>
      </object_component>
      <object_component id="oc-123">
         <name>.debug_line</name>
         <load_address>0x1ecf</load_address>
         <run_address>0x1ecf</run_address>
         <size>0x70</size>
         <input_file_ref idref="fl-143"/>
      </object_component>
      <object_component id="oc-12b">
         <name>.debug_line</name>
         <load_address>0x1f3f</load_address>
         <run_address>0x1f3f</run_address>
         <size>0x6d</size>
         <input_file_ref idref="fl-143"/>
      </object_component>
      <object_component id="oc-12f">
         <name>.debug_line</name>
         <load_address>0x1fac</load_address>
         <run_address>0x1fac</run_address>
         <size>0x7b</size>
         <input_file_ref idref="fl-143"/>
      </object_component>
      <object_component id="oc-133">
         <name>.debug_line</name>
         <load_address>0x2027</load_address>
         <run_address>0x2027</run_address>
         <size>0x6f</size>
         <input_file_ref idref="fl-145"/>
      </object_component>
      <object_component id="oc-137">
         <name>.debug_line</name>
         <load_address>0x2096</load_address>
         <run_address>0x2096</run_address>
         <size>0x6d</size>
         <input_file_ref idref="fl-143"/>
      </object_component>
      <object_component id="oc-13b">
         <name>.debug_line</name>
         <load_address>0x2103</load_address>
         <run_address>0x2103</run_address>
         <size>0x72</size>
         <input_file_ref idref="fl-143"/>
      </object_component>
      <object_component id="oc-13f">
         <name>.debug_line</name>
         <load_address>0x2175</load_address>
         <run_address>0x2175</run_address>
         <size>0x6f</size>
         <input_file_ref idref="fl-145"/>
      </object_component>
      <object_component id="oc-149">
         <name>.debug_line</name>
         <load_address>0x21e4</load_address>
         <run_address>0x21e4</run_address>
         <size>0x20</size>
         <input_file_ref idref="fl-4"/>
      </object_component>
      <object_component id="oc-15f">
         <name>.debug_line</name>
         <load_address>0x2204</load_address>
         <run_address>0x2204</run_address>
         <size>0x6e</size>
         <input_file_ref idref="fl-146"/>
      </object_component>
      <object_component id="oc-164">
         <name>.debug_line</name>
         <load_address>0x2272</load_address>
         <run_address>0x2272</run_address>
         <size>0x56</size>
         <input_file_ref idref="fl-141"/>
      </object_component>
      <object_component id="oc-168">
         <name>.debug_line</name>
         <load_address>0x22c8</load_address>
         <run_address>0x22c8</run_address>
         <size>0x6f</size>
         <input_file_ref idref="fl-145"/>
      </object_component>
      <object_component id="oc-17b">
         <name>.debug_line</name>
         <load_address>0x2337</load_address>
         <run_address>0x2337</run_address>
         <size>0x6c</size>
         <input_file_ref idref="fl-13c"/>
      </object_component>
      <object_component id="oc-185">
         <name>.debug_line</name>
         <load_address>0x23a3</load_address>
         <run_address>0x23a3</run_address>
         <size>0x59</size>
         <input_file_ref idref="fl-2"/>
      </object_component>
      <object_component id="oc-18a">
         <name>.debug_line</name>
         <load_address>0x23fc</load_address>
         <run_address>0x23fc</run_address>
         <size>0x44</size>
         <input_file_ref idref="fl-2"/>
      </object_component>
      <object_component id="oc-18e">
         <name>.debug_line</name>
         <load_address>0x2440</load_address>
         <run_address>0x2440</run_address>
         <size>0x2d</size>
         <input_file_ref idref="fl-5"/>
      </object_component>
      <object_component id="oc-190">
         <name>.debug_line</name>
         <load_address>0x246d</load_address>
         <run_address>0x246d</run_address>
         <size>0x2d</size>
         <input_file_ref idref="fl-5"/>
      </object_component>
      <object_component id="oc-192">
         <name>.debug_line</name>
         <load_address>0x249a</load_address>
         <run_address>0x249a</run_address>
         <size>0x2d</size>
         <input_file_ref idref="fl-5"/>
      </object_component>
      <object_component id="oc-197">
         <name>.debug_line</name>
         <load_address>0x24c7</load_address>
         <run_address>0x24c7</run_address>
         <size>0x20</size>
         <input_file_ref idref="fl-7"/>
      </object_component>
      <object_component id="oc-19b">
         <name>.debug_line</name>
         <load_address>0x24e7</load_address>
         <run_address>0x24e7</run_address>
         <size>0x2d</size>
         <input_file_ref idref="fl-5"/>
      </object_component>
      <object_component id="oc-19d">
         <name>.debug_line</name>
         <load_address>0x2514</load_address>
         <run_address>0x2514</run_address>
         <size>0x37</size>
         <input_file_ref idref="fl-6"/>
      </object_component>
      <object_component id="oc-19f">
         <name>.debug_line</name>
         <load_address>0x254b</load_address>
         <run_address>0x254b</run_address>
         <size>0x2d</size>
         <input_file_ref idref="fl-5"/>
      </object_component>
      <object_component id="oc-1a1">
         <name>.debug_line</name>
         <load_address>0x2578</load_address>
         <run_address>0x2578</run_address>
         <size>0x30</size>
         <input_file_ref idref="fl-7"/>
      </object_component>
      <object_component id="oc-1a3">
         <name>.debug_line</name>
         <load_address>0x25a8</load_address>
         <run_address>0x25a8</run_address>
         <size>0x168</size>
         <input_file_ref idref="fl-5"/>
      </object_component>
      <object_component id="oc-1a6">
         <name>.debug_line</name>
         <load_address>0x2710</load_address>
         <run_address>0x2710</run_address>
         <size>0x43</size>
         <input_file_ref idref="fl-4"/>
      </object_component>
      <object_component id="oc-1ad">
         <name>.debug_line</name>
         <load_address>0x2753</load_address>
         <run_address>0x2753</run_address>
         <size>0x60</size>
         <input_file_ref idref="fl-13d"/>
      </object_component>
      <object_component id="oc-1b0">
         <name>.debug_line</name>
         <load_address>0x27b3</load_address>
         <run_address>0x27b3</run_address>
         <size>0x2b</size>
         <input_file_ref idref="fl-13d"/>
      </object_component>
      <object_component id="oc-1b3">
         <name>.debug_line</name>
         <load_address>0x27de</load_address>
         <run_address>0x27de</run_address>
         <size>0x2a</size>
         <input_file_ref idref="fl-139"/>
      </object_component>
      <object_component id="oc-1b6">
         <name>.debug_line</name>
         <load_address>0x2808</load_address>
         <run_address>0x2808</run_address>
         <size>0x20</size>
         <input_file_ref idref="fl-136"/>
      </object_component>
      <object_component id="oc-1b8">
         <name>.debug_line</name>
         <load_address>0x2828</load_address>
         <run_address>0x2828</run_address>
         <size>0x20</size>
         <input_file_ref idref="fl-138"/>
      </object_component>
      <object_component id="oc-1ba">
         <name>.debug_line</name>
         <load_address>0x2848</load_address>
         <run_address>0x2848</run_address>
         <size>0xd4</size>
         <input_file_ref idref="fl-142"/>
      </object_component>
      <object_component id="oc-1bc">
         <name>.debug_line</name>
         <load_address>0x291c</load_address>
         <run_address>0x291c</run_address>
         <size>0x5a</size>
         <input_file_ref idref="fl-142"/>
      </object_component>
      <object_component id="oc-1c2">
         <name>.debug_line</name>
         <load_address>0x2976</load_address>
         <run_address>0x2976</run_address>
         <size>0x5d</size>
         <input_file_ref idref="fl-4"/>
      </object_component>
      <object_component id="oc-1c4">
         <name>.debug_line</name>
         <load_address>0x29d3</load_address>
         <run_address>0x29d3</run_address>
         <size>0x5d</size>
         <input_file_ref idref="fl-4"/>
      </object_component>
      <object_component id="oc-1cc">
         <name>.debug_line</name>
         <load_address>0x2a30</load_address>
         <run_address>0x2a30</run_address>
         <size>0x5d</size>
         <input_file_ref idref="fl-4"/>
      </object_component>
      <object_component id="oc-1ce">
         <name>.debug_line</name>
         <load_address>0x2a8d</load_address>
         <run_address>0x2a8d</run_address>
         <size>0x5d</size>
         <input_file_ref idref="fl-4"/>
      </object_component>
      <object_component id="oc-1d0">
         <name>.debug_line</name>
         <load_address>0x2aea</load_address>
         <run_address>0x2aea</run_address>
         <size>0x90</size>
         <input_file_ref idref="fl-4"/>
      </object_component>
      <object_component id="oc-1d2">
         <name>.debug_line</name>
         <load_address>0x2b7a</load_address>
         <run_address>0x2b7a</run_address>
         <size>0x5a</size>
         <input_file_ref idref="fl-142"/>
      </object_component>
      <object_component id="oc-1d4">
         <name>.debug_line</name>
         <load_address>0x2bd4</load_address>
         <run_address>0x2bd4</run_address>
         <size>0x5d</size>
         <input_file_ref idref="fl-141"/>
      </object_component>
      <object_component id="oc-1d6">
         <name>.debug_line</name>
         <load_address>0x2c31</load_address>
         <run_address>0x2c31</run_address>
         <size>0x5d</size>
         <input_file_ref idref="fl-144"/>
      </object_component>
      <object_component id="oc-1d8">
         <name>.debug_line</name>
         <load_address>0x2c8e</load_address>
         <run_address>0x2c8e</run_address>
         <size>0x57</size>
         <input_file_ref idref="fl-144"/>
      </object_component>
      <object_component id="oc-1da">
         <name>.debug_line</name>
         <load_address>0x2ce5</load_address>
         <run_address>0x2ce5</run_address>
         <size>0x5d</size>
         <input_file_ref idref="fl-144"/>
      </object_component>
      <object_component id="oc-1de">
         <name>.debug_line</name>
         <load_address>0x2d42</load_address>
         <run_address>0x2d42</run_address>
         <size>0x5d</size>
         <input_file_ref idref="fl-145"/>
      </object_component>
      <object_component id="oc-1e0">
         <name>.debug_line</name>
         <load_address>0x2d9f</load_address>
         <run_address>0x2d9f</run_address>
         <size>0x5d</size>
         <input_file_ref idref="fl-147"/>
      </object_component>
      <object_component id="oc-1e2">
         <name>.debug_line</name>
         <load_address>0x2dfc</load_address>
         <run_address>0x2dfc</run_address>
         <size>0x37</size>
         <input_file_ref idref="fl-6"/>
      </object_component>
      <object_component id="oc-1e4">
         <name>.debug_line</name>
         <load_address>0x2e33</load_address>
         <run_address>0x2e33</run_address>
         <size>0x20</size>
         <input_file_ref idref="fl-6"/>
      </object_component>
      <object_component id="oc-1e8">
         <name>.debug_line</name>
         <load_address>0x2e53</load_address>
         <run_address>0x2e53</run_address>
         <size>0x44</size>
         <input_file_ref idref="fl-2"/>
      </object_component>
      <object_component id="oc-1ea">
         <name>.debug_line</name>
         <load_address>0x2e97</load_address>
         <run_address>0x2e97</run_address>
         <size>0x44</size>
         <input_file_ref idref="fl-2"/>
      </object_component>
      <object_component id="oc-1ec">
         <name>.debug_line</name>
         <load_address>0x2edb</load_address>
         <run_address>0x2edb</run_address>
[...]
            <available_space>
               <start_address>0x2d90</start_address>
               <size>0x3d270</size>
            </available_space>
         </usage_details>
      </memory_area>
      <memory_area>
         <name>SRAM</name>
         <page_id>0x0</page_id>
         <origin>0x20000000</origin>
         <length>0x10000</length>
         <used_space>0x3054</used_space>
         <unused_space>0xcfac</unused_space>
         <attributes>RWX</attributes>
         <usage_details>
            <allocated_space>
               <start_address>0x20000000</start_address>
               <size>0x2828</size>
               <logical_group_ref idref="lg-b"/>
            </allocated_space>
            <allocated_space>
               <start_address>0x20002828</start_address>
               <size>0x800</size>
               <logical_group_ref idref="lg-d"/>
            </allocated_space>
            <allocated_space>
               <start_address>0x20003028</start_address>
               <size>0x2c</size>
               <logical_group_ref idref="lg-a"/>
            </allocated_space>
            <available_space>
               <start_address>0x20003054</start_address>
               <size>0xcfac</size>
            </available_space>
         </usage_details>
      </memory_area>
   </placement_map>
   <cptbl_list>
      <cptbl>
         <name>__TI_cinit_table</name>
         <cprec>
            <name>.data</name>
            <load_address>0x2d48</load_address>
            <load_size>0x1f</load_size>
            <run_address>0x20003028</run_address>
            <run_size>0x2c</run_size>
            <compression>rle</compression>
         </cprec>
         <cprec>
            <name>.bss</name>
            <load_address>0x2d78</load_address>
            <load_size>0x8</load_size>
            <run_address>0x20000000</run_address>
            <run_size>0x2828</run_size>
            <compression>zero_init</compression>
         </cprec>
      </cptbl>
   </cptbl_list>
   <handler_table>
      <handler_table_name>__TI_handler_table</handler_table_name>
      <handler>
         <index>0x0</index>
         <name>__TI_decompress_rle24</name>
      </handler>
      <handler>
         <index>0x1</index>
         <name>__TI_decompress_none</name>
      </handler>
      <handler>
         <index>0x2</index>
         <name>__TI_zero_init</name>
      </handler>
   </handler_table>
   <symbol_table>
      <symbol id="sm-1">
         <name>__STACK_TOP</name>
         <value>0x20002a28</value>
      </symbol>
      <symbol id="sm-2">
         <name>__TI_CINIT_Base</name>
         <value>0x2d80</value>
      </symbol>
      <symbol id="sm-3">
         <name>__TI_CINIT_Limit</name>
         <value>0x2d90</value>
      </symbol>
      <symbol id="sm-4">
         <name>__TI_Handler_Table_Base</name>
         <value>0x2d68</value>
      </symbol>
      <symbol id="sm-5">
         <name>__TI_Handler_Table_Limit</name>
         <value>0x2d74</value>
      </symbol>
      <symbol id="sm-6">
         <name>binit</name>
         <value>0xffffffff</value>
      </symbol>
      <symbol id="sm-7">
         <name>__binit__</name>
         <value>0xffffffff</value>
      </symbol>
      <symbol id="sm-8">
         <name>__STACK_SIZE</name>
         <value>0x800</value>
      </symbol>
      <symbol id="sm-9">
         <name>__STACK_END</name>
         <value>0x20003028</value>
      </symbol>
      <symbol id="sm-a">
         <name>__c_args__</name>
         <value>0xffffffff</value>
      </symbol>
      <symbol id="sm-1e1">
         <name>uvsnprintf</name>
         <value>0x149</value>
         <object_component_ref idref="oc-b7"/>
      </symbol>
      <symbol id="sm-1e2">
         <name>ustrncpy</name>
         <value>0xf1</value>
         <object_component_ref idref="oc-b7"/>
      </symbol>
      <symbol id="sm-1e3">
         <name>ustrlen</name>
         <value>0x959</value>
         <object_component_ref idref="oc-b7"/>
      </symbol>
      <symbol id="sm-1e4">
         <name>ulocaltime</name>
         <value>0x5a9</value>
         <object_component_ref idref="oc-b7"/>
      </symbol>
      <symbol id="sm-1e5">
         <name>ustrstr</name>
         <value>0x97b</value>
         <object_component_ref idref="oc-b7"/>
      </symbol>
      <symbol id="sm-1e6">
         <name>ustrcmp</name>
         <value>0xac1</value>
         <object_component_ref idref="oc-b7"/>
      </symbol>
      <symbol id="sm-1e7">
         <name>usprintf</name>
         <value>0x541</value>
         <object_component_ref idref="oc-b7"/>
      </symbol>
      <symbol id="sm-1e8">
         <name>usnprintf</name>
         <value>0x573</value>
         <object_component_ref idref="oc-b7"/>
      </symbol>
      <symbol id="sm-1e9">
         <name>ustrtoul</name>
         <value>0x821</value>
         <object_component_ref idref="oc-b7"/>
      </symbol>
      <symbol id="sm-1ea">
         <name>ustrcasecmp</name>
         <value>0xa4d</value>
         <object_component_ref idref="oc-b7"/>
      </symbol>
      <symbol id="sm-1eb">
         <name>ustrnicmp</name>
         <value>0x9ad</value>
         <object_component_ref idref="oc-b7"/>
      </symbol>
      <symbol id="sm-1ec">
         <name>umktime</name>
         <value>0x7a9</value>
         <object_component_ref idref="oc-b7"/>
      </symbol>
      <symbol id="sm-1ed">
         <name>usrand</name>
         <value>0xad5</value>
         <object_component_ref idref="oc-b7"/>
      </symbol>
      <symbol id="sm-1ee">
         <name>ustrncmp</name>
         <value>0xa61</value>
         <object_component_ref idref="oc-b7"/>
      </symbol>
      <symbol id="sm-1ef">
         <name>urand</name>
         <value>0xae5</value>
         <object_component_ref idref="oc-b7"/>
      </symbol>
      <symbol id="sm-214">
         <name>ResetISR</name>
         <value>0x24cd</value>
         <object_component_ref idref="oc-21"/>
      </symbol>
      <symbol id="sm-215">
         <name>g_pfnVectors</name>
         <value>0x0</value>
         <object_component_ref idref="oc-e"/>
      </symbol>
      <symbol id="sm-2c0">
         <name>RIT128x96x4StringDraw</name>
         <value>0x1311</value>
         <object_component_ref idref="oc-65"/>
      </symbol>
      <symbol id="sm-2c1">
         <name>RIT128x96x4DisplayOn</name>
         <value>0x164b</value>
         <object_component_ref idref="oc-65"/>
      </symbol>
      <symbol id="sm-2c2">
         <name>RIT128x96x4Enable</name>
         <value>0x14dd</value>
         <object_component_ref idref="oc-65"/>
      </symbol>
      <symbol id="sm-2c3">
         <name>RIT128x96x4Clear</name>
         <value>0x12a9</value>
         <object_component_ref idref="oc-65"/>
      </symbol>
      <symbol id="sm-2c4">
         <name>RIT128x96x4Disable</name>
         <value>0x1537</value>
         <object_component_ref idref="oc-65"/>
      </symbol>
      <symbol id="sm-2c5">
         <name>RIT128x96x4DisplayOff</name>
         <value>0x167f</value>
         <object_component_ref idref="oc-65"/>
      </symbol>
      <symbol id="sm-2c6">
         <name>RIT128x96x4ImageDraw</name>
         <value>0x1441</value>
         <object_component_ref idref="oc-65"/>
      </symbol>
      <symbol id="sm-2c7">
         <name>RIT128x96x4Init</name>
         <value>0x15a5</value>
         <object_component_ref idref="oc-65"/>
      </symbol>
      <symbol id="sm-332">
         <name>ADC_ISR</name>
         <value>0x1961</value>
         <object_component_ref idref="oc-26"/>
      </symbol>
      <symbol id="sm-333">
         <name>g_ulSystemClock</name>
         <value>0x20002824</value>
         <object_component_ref idref="oc-c0"/>
      </symbol>
      <symbol id="sm-334">
         <name>TimerISR</name>
         <value>0x19bd</value>
         <object_component_ref idref="oc-26"/>
      </symbol>
      <symbol id="sm-335">
         <name>g_ulTime</name>
         <value>0x20003028</value>
         <object_component_ref idref="oc-c7"/>
      </symbol>
      <symbol id="sm-336">
         <name>main</name>
         <value>0x16ad</value>
         <object_component_ref idref="oc-26"/>
      </symbol>
      <symbol id="sm-337">
         <name>g_iADCBufferIndex</name>
         <value>0x2000302c</value>
         <object_component_ref idref="oc-c7"/>
      </symbol>
      <symbol id="sm-338">
         <name>g_ulADCErrors</name>
         <value>0x20003030</value>
         <object_component_ref idref="oc-c7"/>
      </symbol>
      <symbol id="sm-339">
         <name>g_pusADCBuffer</name>
         <value>0x20001800</value>
         <object_component_ref idref="oc-cb"/>
      </symbol>
      <symbol id="sm-3ec">
         <name>DrawCircle</name>
         <value>0xecd</value>
         <object_component_ref idref="oc-b2"/>
      </symbol>
      <symbol id="sm-3ed">
         <name>FillFrame</name>
         <value>0xb09</value>
         <object_component_ref idref="oc-b2"/>
      </symbol>
      <symbol id="sm-3ee">
         <name>g_pucFrame</name>
         <value>0x20000000</value>
         <object_component_ref idref="oc-c9"/>
      </symbol>
      <symbol id="sm-3ef">
         <name>DrawPoint</name>
         <value>0xb7b</value>
         <object_component_ref idref="oc-b2"/>
      </symbol>
      <symbol id="sm-3f0">
         <name>DrawFilledRectangle</name>
         <value>0xf77</value>
         <object_component_ref idref="oc-b2"/>
      </symbol>
      <symbol id="sm-3f1">
         <name>DrawChar</name>
         <value>0xd05</value>
         <object_component_ref idref="oc-b2"/>
      </symbol>
      <symbol id="sm-3f2">
         <name>DrawString</name>
         <value>0xddd</value>
         <object_component_ref idref="oc-b2"/>
      </symbol>
      <symbol id="sm-3f3">
         <name>custDrawCircle</name>
         <value>0xf67</value>
         <object_component_ref idref="oc-b2"/>
      </symbol>
      <symbol id="sm-3f4">
         <name>DrawLine</name>
         <value>0xbeb</value>
         <object_component_ref idref="oc-b2"/>
      </symbol>
      <symbol id="sm-3f5">
         <name>g_pucFont</name>
         <value>0x2704</value>
         <object_component_ref idref="oc-174"/>
      </symbol>
      <symbol id="sm-41e">
         <name>ButtonDebounce</name>
         <value>0x1efd</value>
         <object_component_ref idref="oc-c2"/>
      </symbol>
      <symbol id="sm-41f">
         <name>g_ulButtons</name>
         <value>0x20002800</value>
         <object_component_ref idref="oc-cd"/>
      </symbol>
      <symbol id="sm-42d">
         <name>_c_int00</name>
         <value>0x22b9</value>
         <object_component_ref idref="oc-10"/>
      </symbol>
      <symbol id="sm-42e">
         <name>__stack</name>
         <value>0x20002828</value>
         <object_component_ref idref="oc-20"/>
      </symbol>
      <symbol id="sm-448">
         <name>__TI_decompress_none</name>
         <value>0x24a5</value>
         <object_component_ref idref="oc-14"/>
      </symbol>
      <symbol id="sm-472">
         <name>__TI_decompress_rle24</name>
         <value>0x251d</value>
         <object_component_ref idref="oc-1c"/>
      </symbol>
      <symbol id="sm-484">
         <name>__TI_zero_init</name>
         <value>0x2459</value>
         <object_component_ref idref="oc-18"/>
      </symbol>
      <symbol id="sm-49f">
         <name>C$$EXIT</name>
         <value>0x2279</value>
         <object_component_ref idref="oc-36"/>
      </symbol>
      <symbol id="sm-4a0">
         <name>_dtors_ptr</name>
         <value>0x20003048</value>
         <object_component_ref idref="oc-ea"/>
      </symbol>
      <symbol id="sm-4a1">
         <name>abort</name>
         <value>0x227d</value>
         <object_component_ref idref="oc-36"/>
      </symbol>
      <symbol id="sm-4a2">
         <name>_cleanup_ptr</name>
         <value>0x20003044</value>
         <object_component_ref idref="oc-ea"/>
      </symbol>
      <symbol id="sm-4a3">
         <name>exit</name>
         <value>0x2285</value>
         <object_component_ref idref="oc-36"/>
      </symbol>
      <symbol id="sm-4b8">
         <name>memcpy</name>
         <value>0x1e61</value>
         <object_component_ref idref="oc-3d"/>
      </symbol>
      <symbol id="sm-4b9">
         <name>__aeabi_memcpy</name>
         <value>0x1e61</value>
         <object_component_ref idref="oc-3d"/>
      </symbol>
      <symbol id="sm-4ba">
         <name>__aeabi_memcpy8</name>
         <value>0x1e61</value>
         <object_component_ref idref="oc-3d"/>
      </symbol>
      <symbol id="sm-4bb">
         <name>__aeabi_memcpy4</name>
         <value>0x1e61</value>
         <object_component_ref idref="oc-3d"/>
      </symbol>
      <symbol id="sm-4c7">
         <name>main_func_sp</name>
         <value>0x2000304c</value>
         <object_component_ref idref="oc-3a"/>
      </symbol>
      <symbol id="sm-4d5">
         <name>__aeabi_uidivmod</name>
         <value>0x2235</value>
         <object_component_ref idref="oc-179"/>
      </symbol>
      <symbol id="sm-4ea">
         <name>_nop</name>
         <value>0x23e7</value>
         <object_component_ref idref="oc-1ab"/>
      </symbol>
      <symbol id="sm-4eb">
         <name>_lock</name>
         <value>0x2000303c</value>
         <object_component_ref idref="oc-e8"/>
      </symbol>
      <symbol id="sm-4ec">
         <name>_unlock</name>
         <value>0x20003040</value>
         <object_component_ref idref="oc-e8"/>
      </symbol>
      <symbol id="sm-4ed">
         <name>_register_lock</name>
         <value>0x23df</value>
         <object_component_ref idref="oc-1ab"/>
      </symbol>
      <symbol id="sm-4ee">
         <name>_register_unlock</name>
         <value>0x23d9</value>
         <object_component_ref idref="oc-1ab"/>
      </symbol>
      <symbol id="sm-4fd">
         <name>_args_main</name>
         <value>0x23ad</value>
         <object_component_ref idref="oc-32"/>
      </symbol>
      <symbol id="sm-517">
         <name>__TI_auto_init</name>
         <value>0x1f91</value>
         <object_component_ref idref="oc-2e"/>
      </symbol>
      <symbol id="sm-52e">
         <name>copy_in</name>
         <value>0x21f1</value>
         <object_component_ref idref="oc-dd"/>
      </symbol>
      <symbol id="sm-567">
         <name>TimerLoadSet</name>
         <value>0x2435</value>
         <object_component_ref idref="oc-76"/>
      </symbol>
      <symbol id="sm-568">
         <name>TimerDisable</name>
         <value>0x23c5</value>
         <object_component_ref idref="oc-6e"/>
      </symbol>
      <symbol id="sm-569">
         <name>TimerEnable</name>
         <value>0x2497</value>
         <object_component_ref idref="oc-82"/>
      </symbol>
      <symbol id="sm-56a">
         <name>TimerPrescaleSet</name>
         <value>0x2447</value>
         <object_component_ref idref="oc-7a"/>
      </symbol>
      <symbol id="sm-56b">
         <name>TimerIntEnable</name>
         <value>0x2509</value>
         <object_component_ref idref="oc-7e"/>
      </symbol>
      <symbol id="sm-56c">
         <name>TimerConfigure</name>
         <value>0x2369</value>
         <object_component_ref idref="oc-72"/>
      </symbol>
      <symbol id="sm-5ed">
         <name>SysCtlClockSet</name>
         <value>0x1c55</value>
         <object_component_ref idref="oc-5d"/>
      </symbol>
      <symbol id="sm-5ee">
         <name>SysCtlLDOSet</name>
         <value>0x24c1</value>
         <object_component_ref idref="oc-59"/>
      </symbol>
      <symbol id="sm-5ef">
         <name>SysCtlDelay</name>
         <value>0x2517</value>
         <object_component_ref idref="oc-114"/>
      </symbol>
      <symbol id="sm-5f0">
         <name>SysCtlPeripheralEnable</name>
         <value>0x2155</value>
         <object_component_ref idref="oc-6a"/>
      </symbol>
      <symbol id="sm-5f1">
         <name>SysCtlADCSpeedSet</name>
         <value>0x238d</value>
         <object_component_ref idref="oc-9a"/>
      </symbol>
      <symbol id="sm-5f2">
         <name>SysCtlClockGet</name>
         <value>0x1abd</value>
         <object_component_ref idref="oc-61"/>
      </symbol>
      <symbol id="sm-626">
         <name>SSIDataPut</name>
         <value>0x24e3</value>
         <object_component_ref idref="oc-121"/>
      </symbol>
      <symbol id="sm-627">
         <name>SSIDataGetNonBlocking</name>
         <value>0x2423</value>
         <object_component_ref idref="oc-139"/>
      </symbol>
      <symbol id="sm-628">
         <name>SSIConfigSetExpClk</name>
         <value>0x21ad</value>
         <object_component_ref idref="oc-12d"/>
      </symbol>
      <symbol id="sm-629">
         <name>SSIEnable</name>
         <value>0x24f7</value>
         <object_component_ref idref="oc-135"/>
      </symbol>
      <symbol id="sm-62a">
         <name>SSIBusy</name>
         <value>0x2501</value>
         <object_component_ref idref="oc-119"/>
      </symbol>
      <symbol id="sm-62b">
         <name>SSIDisable</name>
         <value>0x24ed</value>
         <object_component_ref idref="oc-129"/>
      </symbol>
      <symbol id="sm-661">
         <name>IntPrioritySet</name>
         <value>0x2345</value>
         <object_component_ref idref="oc-86"/>
      </symbol>
      <symbol id="sm-662">
         <name>IntEnable</name>
         <value>0x2091</value>
         <object_component_ref idref="oc-8a"/>
      </symbol>
      <symbol id="sm-663">
         <name>IntMasterEnable</name>
         <value>0x24d9</value>
         <object_component_ref idref="oc-8e"/>
      </symbol>
      <symbol id="sm-6a2">
         <name>GPIOPinTypeGPIOInput</name>
         <value>0x23ed</value>
         <object_component_ref idref="oc-92"/>
      </symbol>
      <symbol id="sm-6a3">
         <name>GPIOPinTypeGPIOOutput</name>
         <value>0x23ff</value>
         <object_component_ref idref="oc-13d"/>
      </symbol>
      <symbol id="sm-6a4">
         <name>GPIODirModeSet</name>
         <value>0x22ed</value>
         <object_component_ref idref="oc-166"/>
      </symbol>
      <symbol id="sm-6a5">
         <name>GPIOPinWrite</name>
         <value>0x2511</value>
         <object_component_ref idref="oc-11d"/>
      </symbol>
      <symbol id="sm-6a6">
         <name>GPIOPadConfigSet</name>
         <value>0x1d99</value>
         <object_component_ref idref="oc-96"/>
      </symbol>
      <symbol id="sm-6a7">
         <name>GPIOPinTypeSSI</name>
         <value>0x2411</value>
         <object_component_ref idref="oc-131"/>
      </symbol>
      <symbol id="sm-6af">
         <name>CPUcpsie</name>
         <value>0x24b3</value>
         <object_component_ref idref="oc-15d"/>
      </symbol>
      <symbol id="sm-6d4">
         <name>ADCSequenceEnable</name>
         <value>0x2489</value>
         <object_component_ref idref="oc-ae"/>
      </symbol>
      <symbol id="sm-6d5">
         <name>ADCSequenceConfigure</name>
         <value>0x231b</value>
         <object_component_ref idref="oc-a2"/>
      </symbol>
      <symbol id="sm-6d6">
         <name>ADCIntEnable</name>
         <value>0x246b</value>
         <object_component_ref idref="oc-aa"/>
      </symbol>
      <symbol id="sm-6d7">
         <name>ADCSequenceStepConfigure</name>
         <value>0x2025</value>
         <object_component_ref idref="oc-a6"/>
      </symbol>
      <symbol id="sm-6d8">
         <name>ADCSequenceDisable</name>
         <value>0x247b</value>
         <object_component_ref idref="oc-9e"/>
      </symbol>
      <symbol id="sm-6d9">
         <name>__TI_static_base__</name>
         <value>0x0</value>
      </symbol>
      <symbol id="sm-6da">
         <name>__TI_args_main</name>
         <value>0x1</value>
      </symbol>
      <symbol id="sm-6db">
         <name>SHT$$INIT_ARRAY$$Limit</name>
         <value>0x0</value>
      </symbol>
      <symbol id="sm-6dc">
         <name>SHT$$INIT_ARRAY$$Base</name>
         <value>0x0</value>
      </symbol>
   </symbol_table>
</link_info>
