******************************************************************************
                  TI ARM Linker PC v5.0.4                      
******************************************************************************
>> Linked Thu Apr 02 08:43:23 2015

OUTPUT FILE NAME:   <ece3849d15_lab1_addresser_awharrison.out>
ENTRY POINT SYMBOL: "_c_int00"  address: 00001eed


MEMORY CONFIGURATION

         name            origin    length      used     unused   attr    fill
----------------------  --------  ---------  --------  --------  ----  --------
  FLASH                 00000000   00040000  000027ce  0003d832  R  X
  SRAM                  20000000   00010000  00003058  0000cfa8  RW X


SEGMENT ALLOCATION MAP

run origin  load origin   length   init length attrs members
----------  ----------- ---------- ----------- ----- -------
00000000    00000000    000027d0   000027d0    r-x
  00000000    00000000    000000f0   000000f0    r-- .intvecs
  000000f0    000000f0    00002066   00002066    r-x .text
  00002158    00002158    00000640   00000640    r-- .const
  00002798    00002798    00000038   00000038    r-- .cinit
20000000    20000000    00003034   00000000    rw-
  20000000    20000000    00002834   00000000    rw- .bss
  20002834    20002834    00000800   00000000    rw- .stack
20003034    20003034    00000024   00000024    rw-
  20003034    20003034    00000024   00000024    rw- .data


SECTION ALLOCATION MAP

 output                                  attributes/
section   page    origin      length       input sections
--------  ----  ----------  ----------   ----------------
.intvecs   0    00000000    000000f0     
                  00000000    000000f0     startup_ccs.obj (.intvecs)

.init_array 
*          0    00000000    00000000     UNINITIALIZED

.text      0    000000f0    00002066     
                  000000f0    00000694     frame_graphics.obj (.text)
                  00000784    00000538     main.obj (.text)
                  00000cbc    00000510     rit128x96x4.obj (.text)
                  000011cc    000001b6     rtsv7M3_T_le_eabi.lib : fd_add_t2.obj (.text)
                  00001382    00000002     --HOLE-- [fill = 0]
                  00001384    00000198     driverlib-cm3.lib : sysctl.obj (.text:SysCtlClockGet)
                  0000151c    00000144                       : sysctl.obj (.text:SysCtlClockSet)
                  00001660    000000c8                       : gpio.obj (.text:GPIOPadConfigSet)
                  00001728    000000c4     rtsv7M3_T_le_eabi.lib : xdint.obj (.text)
                  000017ec    0000009c                           : memcpy_t2.obj (.text)
                  00001888    00000094     buttons.obj (.text)
                  0000191c    00000094     rtsv7M3_T_le_eabi.lib : auto_init.obj (.text)
                  000019b0    00000092                           : fs_div_t2.obj (.text)
                  00001a42    0000007e                           : fd_cmp_t2.obj (.text)
                  00001ac0    0000007a                           : fs_mul_t2.obj (.text)
                  00001b3a    0000006c     driverlib-cm3.lib : adc.obj (.text:ADCSequenceStepConfigure)
                  00001ba6    00000002     --HOLE-- [fill = 0]
                  00001ba8    00000064                       : interrupt.obj (.text:IntEnable)
                  00001c0c    00000064     rtsv7M3_T_le_eabi.lib : round.obj (.text)
                  00001c70    0000005e                           : copy_decompress_rle.obj (.text)
                  00001cce    00000002     --HOLE-- [fill = 0]
                  00001cd0    00000058     driverlib-cm3.lib : sysctl.obj (.text:SysCtlPeripheralEnable)
                  00001d28    00000048     rtsv7M3_T_le_eabi.lib : fd_toi_t2.obj (.text)
                  00001d70    00000044     driverlib-cm3.lib : ssi.obj (.text:SSIConfigSetExpClk)
                  00001db4    00000044     rtsv7M3_T_le_eabi.lib : cpy_tbl.obj (.text)
                  00001df8    00000044                           : xdtest.obj (.text)
                  00001e3c    00000040                           : exit.obj (.text)
                  00001e7c    00000038                           : fs_tod_t2.obj (.text)
                  00001eb4    00000038                           : i_tofs_t2.obj (.text)
                  00001eec    00000034                           : boot.obj (.text)
                  00001f20    0000002e     driverlib-cm3.lib : gpio.obj (.text:GPIODirModeSet)
                  00001f4e    0000002a                       : adc.obj (.text:ADCSequenceConfigure)
                  00001f78    00000024                       : interrupt.obj (.text:IntPrioritySet)
                  00001f9c    00000024                       : timer.obj (.text:TimerConfigure)
                  00001fc0    00000020                       : sysctl.obj (.text:SysCtlADCSpeedSet)
                  00001fe0    00000018     rtsv7M3_T_le_eabi.lib : args_main.obj (.text)
                  00001ff8    00000014     driverlib-cm3.lib : timer.obj (.text:TimerDisable)
                  0000200c    00000014     rtsv7M3_T_le_eabi.lib : _lock.obj (.text)
                  00002020    00000012     driverlib-cm3.lib : gpio.obj (.text:GPIOPinTypeGPIOInput)
                  00002032    00000012                       : gpio.obj (.text:GPIOPinTypeGPIOOutput)
                  00002044    00000012                       : gpio.obj (.text:GPIOPinTypeSSI)
                  00002056    00000012                       : ssi.obj (.text:SSIDataGetNonBlocking)
                  00002068    00000012                       : timer.obj (.text:TimerLoadSet)
                  0000207a    00000012                       : timer.obj (.text:TimerPrescaleSet)
                  0000208c    00000012     rtsv7M3_T_le_eabi.lib : copy_zero_init.obj (.text:decompress:ZI)
                  0000209e    00000010     driverlib-cm3.lib : adc.obj (.text:ADCIntEnable)
                  000020ae    0000000e                       : adc.obj (.text:ADCSequenceDisable)
                  000020bc    0000000e                       : adc.obj (.text:ADCSequenceEnable)
                  000020ca    0000000e                       : timer.obj (.text:TimerEnable)
                  000020d8    0000000e     rtsv7M3_T_le_eabi.lib : copy_decompress_none.obj (.text:decompress:none)
                  000020e6    0000000c     driverlib-cm3.lib : cpu.obj (.text:CPUcpsie)
                  000020f2    00000002     --HOLE-- [fill = 0]
                  000020f4    0000000c                       : sysctl.obj (.text:SysCtlLDOSet)
                  00002100    0000000c     startup_ccs.obj (.text)
                  0000210c    0000000a     driverlib-cm3.lib : interrupt.obj (.text:IntMasterEnable)
                  00002116    0000000a                       : ssi.obj (.text:SSIDataPut)
                  00002120    0000000a                       : ssi.obj (.text:SSIDisable)
                  0000212a    0000000a                       : ssi.obj (.text:SSIEnable)
                  00002134    00000008                       : ssi.obj (.text:SSIBusy)
                  0000213c    00000008                       : timer.obj (.text:TimerIntEnable)
                  00002144    00000006                       : gpio.obj (.text:GPIOPinWrite)
                  0000214a    00000006                       : sysctl.obj (.text:SysCtlDelay)
                  00002150    00000006     rtsv7M3_T_le_eabi.lib : copy_decompress_rle.obj (.text:decompress:rle24)

.const     0    00002158    00000640     
                  00002158    000001e0     rit128x96x4.obj (.const:g_pucFont)
                  00002338    000001db     frame_graphics.obj (.const:g_pucFont)
                  00002513    00000001     --HOLE-- [fill = 0]
                  00002514    0000009c     driverlib-cm3.lib : interrupt.obj (.const:g_pulRegs)
                  000025b0    00000070                       : interrupt.obj (.const)
                  00002620    0000006c                       : sysctl.obj (.const:g_pulXtals)
                  0000268c    0000004f     rit128x96x4.obj (.const:.string:g_pucRIT128x96x4Init)
                  000026db    00000001     --HOLE-- [fill = 0]
                  000026dc    00000040     driverlib-cm3.lib : sysctl.obj (.const)
                  0000271c    00000040     frame_graphics.obj (.const)
                  0000275c    00000030     rtsv7M3_T_le_eabi.lib : xdint.obj (.const)
                  0000278c    0000000c     rit128x96x4.obj (.const:.string)

.cinit     0    00002798    00000038     
                  00002798    00000014     (.cinit..data.load) [load image, compression = rle]
                  000027ac    0000000c     (__TI_handler_table)
                  000027b8    00000008     (.cinit..bss.load) [load image, compression = zero_init]
                  000027c0    00000010     (__TI_cinit_table)

.bss       0    20000000    00002834     UNINITIALIZED
                  20000000    00001800     frame_graphics.obj (.bss:g_pucFrame)
                  20001800    00001000     main.obj (.bss:g_pusADCBuffer)
                  20002800    00000018     buttons.obj (.bss)
                  20002818    00000010     main.obj (.bss)
                  20002828    0000000c     rit128x96x4.obj (.bss)

.stack     0    20002834    00000800     UNINITIALIZED
                  20002834    00000800     --HOLE--

.data      0    20003034    00000024     
                  20003034    00000010     main.obj (.data)
                  20003044    00000008     rtsv7M3_T_le_eabi.lib : _lock.obj (.data)
                  2000304c    00000008                           : exit.obj (.data)
                  20003054    00000004                           : stkdepth_vars.obj (.data)


LINKER GENERATED COPY TABLES

__TI_cinit_table @ 000027c0 records: 2, size/record: 8, table size: 16
	.data: load addr=00002798, load size=00000014 bytes, run addr=20003034, run size=00000024 bytes, compression=rle
	.bss: load addr=000027b8, load size=00000008 bytes, run addr=20000000, run size=00002834 bytes, compression=zero_init


LINKER GENERATED HANDLER TABLE

__TI_handler_table @ 000027ac records: 3, size/record: 4, table size: 12
	index: 0, handler: __TI_decompress_rle24
	index: 1, handler: __TI_decompress_none
	index: 2, handler: __TI_zero_init


GLOBAL SYMBOLS: SORTED ALPHABETICALLY BY Name 

address    name
--------   ----
0000209f   ADCIntEnable
00001f4f   ADCSequenceConfigure
000020af   ADCSequenceDisable
000020bd   ADCSequenceEnable
00001b3b   ADCSequenceStepConfigure
00000b25   ADC_ISR
00001889   ButtonDebounce
00001e3d   C$$EXIT
000020e7   CPUcpsie
000002ed   DrawChar
000004b5   DrawCircle
0000055f   DrawFilledRectangle
000001d3   DrawLine
00000163   DrawPoint
000003c5   DrawString
000000f1   FillFrame
00001f21   GPIODirModeSet
00001661   GPIOPadConfigSet
00002021   GPIOPinTypeGPIOInput
00002033   GPIOPinTypeGPIOOutput
00002045   GPIOPinTypeSSI
00002145   GPIOPinWrite
00001ba9   IntEnable
0000210d   IntMasterEnable
00001f79   IntPrioritySet
00000dc9   RIT128x96x4Clear
00001057   RIT128x96x4Disable
0000119f   RIT128x96x4DisplayOff
0000116b   RIT128x96x4DisplayOn
00000ffd   RIT128x96x4Enable
00000f61   RIT128x96x4ImageDraw
000010c5   RIT128x96x4Init
00000e31   RIT128x96x4StringDraw
00002101   ResetISR
UNDEFED    SHT$$INIT_ARRAY$$Base
UNDEFED    SHT$$INIT_ARRAY$$Limit
00002135   SSIBusy
00001d71   SSIConfigSetExpClk
00002057   SSIDataGetNonBlocking
00002117   SSIDataPut
00002121   SSIDisable
0000212b   SSIEnable
00001fc1   SysCtlADCSpeedSet
00001385   SysCtlClockGet
0000151d   SysCtlClockSet
0000214b   SysCtlDelay
000020f5   SysCtlLDOSet
00001cd1   SysCtlPeripheralEnable
00001f9d   TimerConfigure
00001ff9   TimerDisable
000020cb   TimerEnable
00000bfd   TimerISR
0000213d   TimerIntEnable
00002069   TimerLoadSet
0000207b   TimerPrescaleSet
00001729   _Dint
00001df9   _Dtest
20003034   __STACK_END
00000800   __STACK_SIZE
20002a34   __STACK_TOP
000027c0   __TI_CINIT_Base
000027d0   __TI_CINIT_Limit
000027ac   __TI_Handler_Table_Base
000027b8   __TI_Handler_Table_Limit
00000001   __TI_args_main
0000191d   __TI_auto_init
000020d9   __TI_decompress_none
00002151   __TI_decompress_rle24
00000000   __TI_static_base__
0000208d   __TI_zero_init
00001a43   __aeabi_cdcmpeq
00001a43   __aeabi_cdcmple
00001d29   __aeabi_d2iz
000011d7   __aeabi_dadd
000011cd   __aeabi_dsub
00001e7d   __aeabi_f2d
000019b1   __aeabi_fdiv
00001ac1   __aeabi_fmul
00001eb5   __aeabi_i2f
000017ed   __aeabi_memcpy
000017ed   __aeabi_memcpy4
000017ed   __aeabi_memcpy8
ffffffff   __binit__
ffffffff   __c_args__
20002834   __stack
00001fe1   _args_main
00001eed   _c_int00
2000304c   _cleanup_ptr
20003050   _dtors_ptr
20003044   _lock
0000201b   _nop
00002013   _register_lock
0000200d   _register_unlock
20003048   _unlock
00001e41   abort
ffffffff   binit
00001db5   copy_in
0000054f   custDrawCircle
00001e49   exit
2000281c   fifo
00000bb5   fifo_get
2000303c   fifo_head
00000b75   fifo_put
20003040   fifo_tail
20003034   g_iADCBufferIndex
00000000   g_pfnVectors
00002338   g_pucFont
20000000   g_pucFrame
20001800   g_pusADCBuffer
20003038   g_ulADCErrors
20002800   g_ulButtons
20002818   g_ulSystemClock
00000785   main
20003054   main_func_sp
000017ed   memcpy
00001c0d   round


GLOBAL SYMBOLS: SORTED BY Symbol Address 

address    name
--------   ----
00000000   __TI_static_base__
00000000   g_pfnVectors
00000001   __TI_args_main
000000f1   FillFrame
00000163   DrawPoint
000001d3   DrawLine
000002ed   DrawChar
000003c5   DrawString
000004b5   DrawCircle
0000054f   custDrawCircle
0000055f   DrawFilledRectangle
00000785   main
00000800   __STACK_SIZE
00000b25   ADC_ISR
00000b75   fifo_put
00000bb5   fifo_get
00000bfd   TimerISR
00000dc9   RIT128x96x4Clear
00000e31   RIT128x96x4StringDraw
00000f61   RIT128x96x4ImageDraw
00000ffd   RIT128x96x4Enable
00001057   RIT128x96x4Disable
000010c5   RIT128x96x4Init
0000116b   RIT128x96x4DisplayOn
0000119f   RIT128x96x4DisplayOff
000011cd   __aeabi_dsub
000011d7   __aeabi_dadd
00001385   SysCtlClockGet
0000151d   SysCtlClockSet
00001661   GPIOPadConfigSet
00001729   _Dint
000017ed   __aeabi_memcpy
000017ed   __aeabi_memcpy4
000017ed   __aeabi_memcpy8
000017ed   memcpy
00001889   ButtonDebounce
0000191d   __TI_auto_init
000019b1   __aeabi_fdiv
00001a43   __aeabi_cdcmpeq
00001a43   __aeabi_cdcmple
00001ac1   __aeabi_fmul
00001b3b   ADCSequenceStepConfigure
00001ba9   IntEnable
00001c0d   round
00001cd1   SysCtlPeripheralEnable
00001d29   __aeabi_d2iz
00001d71   SSIConfigSetExpClk
00001db5   copy_in
00001df9   _Dtest
00001e3d   C$$EXIT
00001e41   abort
00001e49   exit
00001e7d   __aeabi_f2d
00001eb5   __aeabi_i2f
00001eed   _c_int00
00001f21   GPIODirModeSet
00001f4f   ADCSequenceConfigure
00001f79   IntPrioritySet
00001f9d   TimerConfigure
00001fc1   SysCtlADCSpeedSet
00001fe1   _args_main
00001ff9   TimerDisable
0000200d   _register_unlock
00002013   _register_lock
0000201b   _nop
00002021   GPIOPinTypeGPIOInput
00002033   GPIOPinTypeGPIOOutput
00002045   GPIOPinTypeSSI
00002057   SSIDataGetNonBlocking
00002069   TimerLoadSet
0000207b   TimerPrescaleSet
0000208d   __TI_zero_init
0000209f   ADCIntEnable
000020af   ADCSequenceDisable
000020bd   ADCSequenceEnable
000020cb   TimerEnable
000020d9   __TI_decompress_none
000020e7   CPUcpsie
000020f5   SysCtlLDOSet
00002101   ResetISR
0000210d   IntMasterEnable
00002117   SSIDataPut
00002121   SSIDisable
0000212b   SSIEnable
00002135   SSIBusy
0000213d   TimerIntEnable
00002145   GPIOPinWrite
0000214b   SysCtlDelay
00002151   __TI_decompress_rle24
00002338   g_pucFont
000027ac   __TI_Handler_Table_Base
000027b8   __TI_Handler_Table_Limit
000027c0   __TI_CINIT_Base
000027d0   __TI_CINIT_Limit
20000000   g_pucFrame
20001800   g_pusADCBuffer
20002800   g_ulButtons
20002818   g_ulSystemClock
2000281c   fifo
20002834   __stack
20002a34   __STACK_TOP
20003034   __STACK_END
20003034   g_iADCBufferIndex
20003038   g_ulADCErrors
2000303c   fifo_head
20003040   fifo_tail
20003044   _lock
20003048   _unlock
2000304c   _cleanup_ptr
20003050   _dtors_ptr
20003054   main_func_sp
ffffffff   __binit__
ffffffff   __c_args__
ffffffff   binit
UNDEFED    SHT$$INIT_ARRAY$$Base
UNDEFED    SHT$$INIT_ARRAY$$Limit

[116 symbols]
