******************************************************************************
                  TI ARM Linker PC v5.0.4                      
******************************************************************************
>> Linked Wed Mar 18 14:45:34 2015

OUTPUT FILE NAME:   <ece3849d15_lab0_addresser_awharrison.out>
ENTRY POINT SYMBOL: "_c_int00"  address: 00002031


MEMORY CONFIGURATION

         name            origin    length      used     unused   attr    fill
----------------------  --------  ---------  --------  --------  ----  --------
  FLASH                 00000000   00040000  000028a6  0003d75a  R  X
  SRAM                  20000000   00010000  0000204c  0000dfb4  RW X


SEGMENT ALLOCATION MAP

run origin  load origin   length   init length attrs members
----------  ----------- ---------- ----------- ----- -------
00000000    00000000    000028a8   000028a8    r-x
  00000000    00000000    000000f0   000000f0    r-- .intvecs
  000000f0    000000f0    00002136   00002136    r-x .text
  00002228    00002228    00000640   00000640    r-- .const
  00002868    00002868    00000040   00000040    r-- .cinit
20000000    20000000    00002028   00000000    rw-
  20000000    20000000    00001828   00000000    rw- .bss
  20001828    20001828    00000800   00000000    rw- .stack
20002028    20002028    00000024   00000024    rw-
  20002028    20002028    00000024   00000024    rw- .data


SECTION ALLOCATION MAP

 output                                  attributes/
section   page    origin      length       input sections
--------  ----  ----------  ----------   ----------------
.intvecs   0    00000000    000000f0     
                  00000000    000000f0     startup_ccs.obj (.intvecs)

.init_array 
*          0    00000000    00000000     UNINITIALIZED

.text      0    000000f0    00002136     
                  000000f0    00000a18     ustdlib.obj (.text)
                  00000b08    00000684     frame_graphics.obj (.text)
                  0000118c    00000510     rit128x96x4.obj (.text)
                  0000169c    00000204     main.obj (.text)
                  000018a0    00000198     driverlib-cm3.lib : sysctl.obj (.text:SysCtlClockGet)
                  00001a38    00000144                       : sysctl.obj (.text:SysCtlClockSet)
                  00001b7c    000000c8                       : gpio.obj (.text:GPIOPadConfigSet)
                  00001c44    0000009c     rtsv7M3_T_le_eabi.lib : memcpy_t2.obj (.text)
                  00001ce0    00000094     buttons.obj (.text)
                  00001d74    00000094     rtsv7M3_T_le_eabi.lib : auto_init.obj (.text)
                  00001e08    00000064     driverlib-cm3.lib : interrupt.obj (.text:IntEnable)
                  00001e6c    0000005e     rtsv7M3_T_le_eabi.lib : copy_decompress_rle.obj (.text)
                  00001eca    00000002     --HOLE-- [fill = 0]
                  00001ecc    00000058     driverlib-cm3.lib : sysctl.obj (.text:SysCtlPeripheralEnable)
                  00001f24    00000044                       : ssi.obj (.text:SSIConfigSetExpClk)
                  00001f68    00000044     rtsv7M3_T_le_eabi.lib : cpy_tbl.obj (.text)
                  00001fac    00000042                           : u_divt2.obj (.text)
                  00001fee    00000002     --HOLE-- [fill = 0]
                  00001ff0    00000040                           : exit.obj (.text)
                  00002030    00000034                           : boot.obj (.text)
                  00002064    0000002e     driverlib-cm3.lib : gpio.obj (.text:GPIODirModeSet)
                  00002092    00000002     --HOLE-- [fill = 0]
                  00002094    00000024                       : interrupt.obj (.text:IntPrioritySet)
                  000020b8    00000024                       : timer.obj (.text:TimerConfigure)
                  000020dc    00000018     rtsv7M3_T_le_eabi.lib : args_main.obj (.text)
                  000020f4    00000014     driverlib-cm3.lib : timer.obj (.text:TimerDisable)
                  00002108    00000014     rtsv7M3_T_le_eabi.lib : _lock.obj (.text)
                  0000211c    00000012     driverlib-cm3.lib : gpio.obj (.text:GPIOPinTypeGPIOInput)
                  0000212e    00000012                       : gpio.obj (.text:GPIOPinTypeGPIOOutput)
                  00002140    00000012                       : gpio.obj (.text:GPIOPinTypeSSI)
                  00002152    00000012                       : ssi.obj (.text:SSIDataGetNonBlocking)
                  00002164    00000012                       : timer.obj (.text:TimerLoadSet)
                  00002176    00000012                       : timer.obj (.text:TimerPrescaleSet)
                  00002188    00000012     rtsv7M3_T_le_eabi.lib : copy_zero_init.obj (.text:decompress:ZI)
                  0000219a    0000000e     driverlib-cm3.lib : timer.obj (.text:TimerEnable)
                  000021a8    0000000e     rtsv7M3_T_le_eabi.lib : copy_decompress_none.obj (.text:decompress:none)
                  000021b6    0000000c     driverlib-cm3.lib : cpu.obj (.text:CPUcpsie)
                  000021c2    00000002     --HOLE-- [fill = 0]
                  000021c4    0000000c                       : sysctl.obj (.text:SysCtlLDOSet)
                  000021d0    0000000c     startup_ccs.obj (.text)
                  000021dc    0000000a     driverlib-cm3.lib : interrupt.obj (.text:IntMasterEnable)
                  000021e6    0000000a                       : ssi.obj (.text:SSIDataPut)
                  000021f0    0000000a                       : ssi.obj (.text:SSIDisable)
                  000021fa    0000000a                       : ssi.obj (.text:SSIEnable)
                  00002204    00000008                       : ssi.obj (.text:SSIBusy)
                  0000220c    00000008                       : timer.obj (.text:TimerIntEnable)
                  00002214    00000006                       : gpio.obj (.text:GPIOPinWrite)
                  0000221a    00000006                       : sysctl.obj (.text:SysCtlDelay)
                  00002220    00000006     rtsv7M3_T_le_eabi.lib : copy_decompress_rle.obj (.text:decompress:rle24)

.const     0    00002228    00000640     
                  00002228    000001e0     rit128x96x4.obj (.const:g_pucFont)
                  00002408    000001db     frame_graphics.obj (.const:g_pucFont)
                  000025e3    00000001     --HOLE-- [fill = 0]
                  000025e4    0000009c     driverlib-cm3.lib : interrupt.obj (.const:g_pulRegs)
                  00002680    00000070                       : interrupt.obj (.const)
                  000026f0    0000006c                       : sysctl.obj (.const:g_pulXtals)
                  0000275c    0000004f     rit128x96x4.obj (.const:.string:g_pucRIT128x96x4Init)
                  000027ab    00000001     --HOLE-- [fill = 0]
                  000027ac    00000040     driverlib-cm3.lib : sysctl.obj (.const)
                  000027ec    00000040     frame_graphics.obj (.const)
                  0000282c    0000001c     ustdlib.obj (.const)
                  00002848    00000012     ustdlib.obj (.const:.string)
                  0000285a    00000002     --HOLE-- [fill = 0]
                  0000285c    0000000c     rit128x96x4.obj (.const:.string)

.cinit     0    00002868    00000040     
                  00002868    0000001a     (.cinit..data.load) [load image, compression = rle]
                  00002882    00000002     --HOLE-- [fill = 0]
                  00002884    0000000c     (__TI_handler_table)
                  00002890    00000008     (.cinit..bss.load) [load image, compression = zero_init]
                  00002898    00000010     (__TI_cinit_table)

.bss       0    20000000    00001828     UNINITIALIZED
                  20000000    00001800     frame_graphics.obj (.bss:g_pucFrame)
                  20001800    00000018     buttons.obj (.bss)
                  20001818    0000000c     rit128x96x4.obj (.bss)
                  20001824    00000004     main.obj (.bss)

.stack     0    20001828    00000800     UNINITIALIZED
                  20001828    00000800     --HOLE--

.data      0    20002028    00000024     
                  20002028    0000000c     main.obj (.data)
                  20002034    00000008     rtsv7M3_T_le_eabi.lib : _lock.obj (.data)
                  2000203c    00000008                           : exit.obj (.data)
                  20002044    00000004                           : stkdepth_vars.obj (.data)
                  20002048    00000004     ustdlib.obj (.data)


LINKER GENERATED COPY TABLES

__TI_cinit_table @ 00002898 records: 2, size/record: 8, table size: 16
	.data: load addr=00002868, load size=0000001a bytes, run addr=20002028, run size=00000024 bytes, compression=rle
	.bss: load addr=00002890, load size=00000008 bytes, run addr=20000000, run size=00001828 bytes, compression=zero_init


LINKER GENERATED HANDLER TABLE

__TI_handler_table @ 00002884 records: 3, size/record: 4, table size: 12
	index: 0, handler: __TI_decompress_rle24
	index: 1, handler: __TI_decompress_none
	index: 2, handler: __TI_zero_init


GLOBAL SYMBOLS: SORTED ALPHABETICALLY BY Name 

address    name
--------   ----
00001ce1   ButtonDebounce
00001ff1   C$$EXIT
000021b7   CPUcpsie
00000d05   DrawChar
00000ecd   DrawCircle
00000f67   DrawFilledRectangle
00000beb   DrawLine
00000b7b   DrawPoint
00000ddd   DrawString
00000b09   FillFrame
00002065   GPIODirModeSet
00001b7d   GPIOPadConfigSet
0000211d   GPIOPinTypeGPIOInput
0000212f   GPIOPinTypeGPIOOutput
00002141   GPIOPinTypeSSI
00002215   GPIOPinWrite
00001e09   IntEnable
000021dd   IntMasterEnable
00002095   IntPrioritySet
00001299   RIT128x96x4Clear
00001527   RIT128x96x4Disable
0000166f   RIT128x96x4DisplayOff
0000163b   RIT128x96x4DisplayOn
000014cd   RIT128x96x4Enable
00001431   RIT128x96x4ImageDraw
00001595   RIT128x96x4Init
00001301   RIT128x96x4StringDraw
000021d1   ResetISR
UNDEFED    SHT$$INIT_ARRAY$$Base
UNDEFED    SHT$$INIT_ARRAY$$Limit
00002205   SSIBusy
00001f25   SSIConfigSetExpClk
00002153   SSIDataGetNonBlocking
000021e7   SSIDataPut
000021f1   SSIDisable
000021fb   SSIEnable
000018a1   SysCtlClockGet
00001a39   SysCtlClockSet
0000221b   SysCtlDelay
000021c5   SysCtlLDOSet
00001ecd   SysCtlPeripheralEnable
000020b9   TimerConfigure
000020f5   TimerDisable
0000219b   TimerEnable
000017dd   TimerISR
0000220d   TimerIntEnable
00002165   TimerLoadSet
00002177   TimerPrescaleSet
20002028   __STACK_END
00000800   __STACK_SIZE
20001a28   __STACK_TOP
00002898   __TI_CINIT_Base
000028a8   __TI_CINIT_Limit
00002884   __TI_Handler_Table_Base
00002890   __TI_Handler_Table_Limit
00000001   __TI_args_main
00001d75   __TI_auto_init
000021a9   __TI_decompress_none
00002221   __TI_decompress_rle24
00000000   __TI_static_base__
00002189   __TI_zero_init
00001c45   __aeabi_memcpy
00001c45   __aeabi_memcpy4
00001c45   __aeabi_memcpy8
00001fad   __aeabi_uidivmod
ffffffff   __binit__
ffffffff   __c_args__
20001828   __stack
000020dd   _args_main
00002031   _c_int00
2000203c   _cleanup_ptr
20002040   _dtors_ptr
20002034   _lock
00002117   _nop
0000210f   _register_lock
00002109   _register_unlock
20002038   _unlock
00001ff5   abort
ffffffff   binit
00001f69   copy_in
00001ffd   exit
00000000   g_pfnVectors
00002408   g_pucFont
20000000   g_pucFrame
20001800   g_ulButtons
20001824   g_ulSystemClock
20002028   g_ulTime
0000169d   main
20002044   main_func_sp
00001c45   memcpy
000005a9   ulocaltime
000007a9   umktime
00000ae5   urand
00000573   usnprintf
00000541   usprintf
00000ad5   usrand
00000a4d   ustrcasecmp
00000ac1   ustrcmp
00000959   ustrlen
00000a61   ustrncmp
000000f1   ustrncpy
000009ad   ustrnicmp
0000097b   ustrstr
00000821   ustrtoul
00000149   uvsnprintf


GLOBAL SYMBOLS: SORTED BY Symbol Address 

address    name
--------   ----
00000000   __TI_static_base__
00000000   g_pfnVectors
00000001   __TI_args_main
000000f1   ustrncpy
00000149   uvsnprintf
00000541   usprintf
00000573   usnprintf
000005a9   ulocaltime
000007a9   umktime
00000800   __STACK_SIZE
00000821   ustrtoul
00000959   ustrlen
0000097b   ustrstr
000009ad   ustrnicmp
00000a4d   ustrcasecmp
00000a61   ustrncmp
00000ac1   ustrcmp
00000ad5   usrand
00000ae5   urand
00000b09   FillFrame
00000b7b   DrawPoint
00000beb   DrawLine
00000d05   DrawChar
00000ddd   DrawString
00000ecd   DrawCircle
00000f67   DrawFilledRectangle
00001299   RIT128x96x4Clear
00001301   RIT128x96x4StringDraw
00001431   RIT128x96x4ImageDraw
000014cd   RIT128x96x4Enable
00001527   RIT128x96x4Disable
00001595   RIT128x96x4Init
0000163b   RIT128x96x4DisplayOn
0000166f   RIT128x96x4DisplayOff
0000169d   main
000017dd   TimerISR
000018a1   SysCtlClockGet
00001a39   SysCtlClockSet
00001b7d   GPIOPadConfigSet
00001c45   __aeabi_memcpy
00001c45   __aeabi_memcpy4
00001c45   __aeabi_memcpy8
00001c45   memcpy
00001ce1   ButtonDebounce
00001d75   __TI_auto_init
00001e09   IntEnable
00001ecd   SysCtlPeripheralEnable
00001f25   SSIConfigSetExpClk
00001f69   copy_in
00001fad   __aeabi_uidivmod
00001ff1   C$$EXIT
00001ff5   abort
00001ffd   exit
00002031   _c_int00
00002065   GPIODirModeSet
00002095   IntPrioritySet
000020b9   TimerConfigure
000020dd   _args_main
000020f5   TimerDisable
00002109   _register_unlock
0000210f   _register_lock
00002117   _nop
0000211d   GPIOPinTypeGPIOInput
0000212f   GPIOPinTypeGPIOOutput
00002141   GPIOPinTypeSSI
00002153   SSIDataGetNonBlocking
00002165   TimerLoadSet
00002177   TimerPrescaleSet
00002189   __TI_zero_init
0000219b   TimerEnable
000021a9   __TI_decompress_none
000021b7   CPUcpsie
000021c5   SysCtlLDOSet
000021d1   ResetISR
000021dd   IntMasterEnable
000021e7   SSIDataPut
000021f1   SSIDisable
000021fb   SSIEnable
00002205   SSIBusy
0000220d   TimerIntEnable
00002215   GPIOPinWrite
0000221b   SysCtlDelay
00002221   __TI_decompress_rle24
00002408   g_pucFont
00002884   __TI_Handler_Table_Base
00002890   __TI_Handler_Table_Limit
00002898   __TI_CINIT_Base
000028a8   __TI_CINIT_Limit
20000000   g_pucFrame
20001800   g_ulButtons
20001824   g_ulSystemClock
20001828   __stack
20001a28   __STACK_TOP
20002028   __STACK_END
20002028   g_ulTime
20002034   _lock
20002038   _unlock
2000203c   _cleanup_ptr
20002040   _dtors_ptr
20002044   main_func_sp
ffffffff   __binit__
ffffffff   __c_args__
ffffffff   binit
UNDEFED    SHT$$INIT_ARRAY$$Base
UNDEFED    SHT$$INIT_ARRAY$$Limit

[105 symbols]
