******************************************************************************
                  TI ARM Linker PC v5.0.4                      
******************************************************************************
>> Linked Wed Mar 25 14:28:27 2015

OUTPUT FILE NAME:   <ece3849d15_lab0_addresser_awharrison.out>
ENTRY POINT SYMBOL: "_c_int00"  address: 0000218d


MEMORY CONFIGURATION

         name            origin    length      used     unused   attr    fill
----------------------  --------  ---------  --------  --------  ----  --------
  FLASH                 00000000   00040000  00002be2  0003d41e  R  X
  SRAM                  20000000   00010000  0000204c  0000dfb4  RW X


SEGMENT ALLOCATION MAP

run origin  load origin   length   init length attrs members
----------  ----------- ---------- ----------- ----- -------
00000000    00000000    00002be8   00002be8    r-x
  00000000    00000000    000000f0   000000f0    r-- .intvecs
  000000f0    000000f0    00002292   00002292    r-x .text
  00002384    00002384    00000820   00000820    r-- .const
  00002ba8    00002ba8    00000040   00000040    r-- .cinit
20000000    20000000    00002028   00000000    rw-
  20000000    20000000    00001828   00000000    rw- .bss
  20001828    20001828    00000800   00000000    rw- .stack
20002028    20002028    00000024   00000024    rw-
  20002028    20002028    00000024   00000024    rw- .data


SECTION ALLOCATION MAP

 output                                  attributes/
section   page    origin      length       input sections
--------  ----  ----------  ----------   ----------------
.intvecs   0    00000000    000000f0     
                  00000000    000000f0     startup_ccs.obj (.intvecs)

.init_array 
*          0    00000000    00000000     UNINITIALIZED

.text      0    000000f0    00002292     
                  000000f0    00000a18     ustdlib.obj (.text)
                  00000b08    00000694     frame_graphics.obj (.text)
                  0000119c    00000510     rit128x96x4.obj (.text)
                  000016ac    00000350     main.obj (.text)
                  000019fc    00000198     driverlib-cm3.lib : sysctl.obj (.text:SysCtlClockGet)
                  00001b94    00000144                       : sysctl.obj (.text:SysCtlClockSet)
                  00001cd8    000000c8                       : gpio.obj (.text:GPIOPadConfigSet)
                  00001da0    0000009c     rtsv7M3_T_le_eabi.lib : memcpy_t2.obj (.text)
                  00001e3c    00000094     buttons.obj (.text)
                  00001ed0    00000094     rtsv7M3_T_le_eabi.lib : auto_init.obj (.text)
                  00001f64    00000064     driverlib-cm3.lib : interrupt.obj (.text:IntEnable)
                  00001fc8    0000005e     rtsv7M3_T_le_eabi.lib : copy_decompress_rle.obj (.text)
                  00002026    00000002     --HOLE-- [fill = 0]
                  00002028    00000058     driverlib-cm3.lib : sysctl.obj (.text:SysCtlPeripheralEnable)
                  00002080    00000044                       : ssi.obj (.text:SSIConfigSetExpClk)
                  000020c4    00000044     rtsv7M3_T_le_eabi.lib : cpy_tbl.obj (.text)
                  00002108    00000042                           : u_divt2.obj (.text)
                  0000214a    00000002     --HOLE-- [fill = 0]
                  0000214c    00000040                           : exit.obj (.text)
                  0000218c    00000034                           : boot.obj (.text)
                  000021c0    0000002e     driverlib-cm3.lib : gpio.obj (.text:GPIODirModeSet)
                  000021ee    00000002     --HOLE-- [fill = 0]
                  000021f0    00000024                       : interrupt.obj (.text:IntPrioritySet)
                  00002214    00000024                       : timer.obj (.text:TimerConfigure)
                  00002238    00000018     rtsv7M3_T_le_eabi.lib : args_main.obj (.text)
                  00002250    00000014     driverlib-cm3.lib : timer.obj (.text:TimerDisable)
                  00002264    00000014     rtsv7M3_T_le_eabi.lib : _lock.obj (.text)
                  00002278    00000012     driverlib-cm3.lib : gpio.obj (.text:GPIOPinTypeGPIOInput)
                  0000228a    00000012                       : gpio.obj (.text:GPIOPinTypeGPIOOutput)
                  0000229c    00000012                       : gpio.obj (.text:GPIOPinTypeSSI)
                  000022ae    00000012                       : ssi.obj (.text:SSIDataGetNonBlocking)
                  000022c0    00000012                       : timer.obj (.text:TimerLoadSet)
                  000022d2    00000012                       : timer.obj (.text:TimerPrescaleSet)
                  000022e4    00000012     rtsv7M3_T_le_eabi.lib : copy_zero_init.obj (.text:decompress:ZI)
                  000022f6    0000000e     driverlib-cm3.lib : timer.obj (.text:TimerEnable)
                  00002304    0000000e     rtsv7M3_T_le_eabi.lib : copy_decompress_none.obj (.text:decompress:none)
                  00002312    0000000c     driverlib-cm3.lib : cpu.obj (.text:CPUcpsie)
                  0000231e    00000002     --HOLE-- [fill = 0]
                  00002320    0000000c                       : sysctl.obj (.text:SysCtlLDOSet)
                  0000232c    0000000c     startup_ccs.obj (.text)
                  00002338    0000000a     driverlib-cm3.lib : interrupt.obj (.text:IntMasterEnable)
                  00002342    0000000a                       : ssi.obj (.text:SSIDataPut)
                  0000234c    0000000a                       : ssi.obj (.text:SSIDisable)
                  00002356    0000000a                       : ssi.obj (.text:SSIEnable)
                  00002360    00000008                       : ssi.obj (.text:SSIBusy)
                  00002368    00000008                       : timer.obj (.text:TimerIntEnable)
                  00002370    00000006                       : gpio.obj (.text:GPIOPinWrite)
                  00002376    00000006                       : sysctl.obj (.text:SysCtlDelay)
                  0000237c    00000006     rtsv7M3_T_le_eabi.lib : copy_decompress_rle.obj (.text:decompress:rle24)

.const     0    00002384    00000820     
                  00002384    000001e0     rit128x96x4.obj (.const:g_pucFont)
                  00002564    000001db     frame_graphics.obj (.const:g_pucFont)
                  0000273f    00000001     --HOLE-- [fill = 0]
                  00002740    000000f0     main.obj (.const:$P$T0$1)
                  00002830    000000f0     main.obj (.const:$P$T1$2)
                  00002920    0000009c     driverlib-cm3.lib : interrupt.obj (.const:g_pulRegs)
                  000029bc    00000070                       : interrupt.obj (.const)
                  00002a2c    0000006c                       : sysctl.obj (.const:g_pulXtals)
                  00002a98    0000004f     rit128x96x4.obj (.const:.string:g_pucRIT128x96x4Init)
                  00002ae7    00000001     --HOLE-- [fill = 0]
                  00002ae8    00000040     driverlib-cm3.lib : sysctl.obj (.const)
                  00002b28    00000040     frame_graphics.obj (.const)
                  00002b68    0000001c     ustdlib.obj (.const)
                  00002b84    00000012     ustdlib.obj (.const:.string)
                  00002b96    00000002     --HOLE-- [fill = 0]
                  00002b98    0000000c     rit128x96x4.obj (.const:.string)

.cinit     0    00002ba8    00000040     
                  00002ba8    0000001a     (.cinit..data.load) [load image, compression = rle]
                  00002bc2    00000002     --HOLE-- [fill = 0]
                  00002bc4    0000000c     (__TI_handler_table)
                  00002bd0    00000008     (.cinit..bss.load) [load image, compression = zero_init]
                  00002bd8    00000010     (__TI_cinit_table)

.bss       0    20000000    00001828     UNINITIALIZED
                  20000000    00001800     frame_graphics.obj (.bss:g_pucFrame)
                  20001800    00000018     buttons.obj (.bss)
                  20001818    0000000c     rit128x96x4.obj (.bss)
                  20001824    00000004     main.obj (.bss)

.stack     0    20001828    00000800     UNINITIALIZED
                  20001828    00000800     --HOLE--

.data      0    20002028    00000024     
                  20002028    0000000c     main.obj (.data)
                  20002034    00000008     rtsv7M3_T_le_eabi.lib : _lock.obj (.data)
                  2000203c    00000008                           : exit.obj (.data)
                  20002044    00000004                           : stkdepth_vars.obj (.data)
                  20002048    00000004     ustdlib.obj (.data)


LINKER GENERATED COPY TABLES

__TI_cinit_table @ 00002bd8 records: 2, size/record: 8, table size: 16
	.data: load addr=00002ba8, load size=0000001a bytes, run addr=20002028, run size=00000024 bytes, compression=rle
	.bss: load addr=00002bd0, load size=00000008 bytes, run addr=20000000, run size=00001828 bytes, compression=zero_init


LINKER GENERATED HANDLER TABLE

__TI_handler_table @ 00002bc4 records: 3, size/record: 4, table size: 12
	index: 0, handler: __TI_decompress_rle24
	index: 1, handler: __TI_decompress_none
	index: 2, handler: __TI_zero_init


GLOBAL SYMBOLS: SORTED ALPHABETICALLY BY Name 

address    name
--------   ----
00001e3d   ButtonDebounce
0000214d   C$$EXIT
00002313   CPUcpsie
00000d05   DrawChar
00000ecd   DrawCircle
00000f77   DrawFilledRectangle
00000beb   DrawLine
00000b7b   DrawPoint
00000ddd   DrawString
00000b09   FillFrame
000021c1   GPIODirModeSet
00001cd9   GPIOPadConfigSet
00002279   GPIOPinTypeGPIOInput
0000228b   GPIOPinTypeGPIOOutput
0000229d   GPIOPinTypeSSI
00002371   GPIOPinWrite
00001f65   IntEnable
00002339   IntMasterEnable
000021f1   IntPrioritySet
000012a9   RIT128x96x4Clear
00001537   RIT128x96x4Disable
0000167f   RIT128x96x4DisplayOff
0000164b   RIT128x96x4DisplayOn
000014dd   RIT128x96x4Enable
00001441   RIT128x96x4ImageDraw
000015a5   RIT128x96x4Init
00001311   RIT128x96x4StringDraw
0000232d   ResetISR
UNDEFED    SHT$$INIT_ARRAY$$Base
UNDEFED    SHT$$INIT_ARRAY$$Limit
00002361   SSIBusy
00002081   SSIConfigSetExpClk
000022af   SSIDataGetNonBlocking
00002343   SSIDataPut
0000234d   SSIDisable
00002357   SSIEnable
000019fd   SysCtlClockGet
00001b95   SysCtlClockSet
00002377   SysCtlDelay
00002321   SysCtlLDOSet
00002029   SysCtlPeripheralEnable
00002215   TimerConfigure
00002251   TimerDisable
000022f7   TimerEnable
00001915   TimerISR
00002369   TimerIntEnable
000022c1   TimerLoadSet
000022d3   TimerPrescaleSet
20002028   __STACK_END
00000800   __STACK_SIZE
20001a28   __STACK_TOP
00002bd8   __TI_CINIT_Base
00002be8   __TI_CINIT_Limit
00002bc4   __TI_Handler_Table_Base
00002bd0   __TI_Handler_Table_Limit
00000001   __TI_args_main
00001ed1   __TI_auto_init
00002305   __TI_decompress_none
0000237d   __TI_decompress_rle24
00000000   __TI_static_base__
000022e5   __TI_zero_init
00001da1   __aeabi_memcpy
00001da1   __aeabi_memcpy4
00001da1   __aeabi_memcpy8
00002109   __aeabi_uidivmod
ffffffff   __binit__
ffffffff   __c_args__
20001828   __stack
00002239   _args_main
0000218d   _c_int00
2000203c   _cleanup_ptr
20002040   _dtors_ptr
20002034   _lock
00002273   _nop
0000226b   _register_lock
00002265   _register_unlock
20002038   _unlock
00002151   abort
ffffffff   binit
000020c5   copy_in
00000f67   custDrawCircle
00002159   exit
00000000   g_pfnVectors
00002564   g_pucFont
20000000   g_pucFrame
20001800   g_ulButtons
20001824   g_ulSystemClock
20002028   g_ulTime
000016ad   main
20002044   main_func_sp
00001da1   memcpy
000005a9   ulocaltime
000007a9   umktime
00000ae5   urand
00000573   usnprintf
00000541   usprintf
00000ad5   usrand
00000a4d   ustrcasecmp
00000ac1   ustrcmp
00000959   ustrlen
00000a61   ustrncmp
000000f1   ustrncpy
000009ad   ustrnicmp
0000097b   ustrstr
00000821   ustrtoul
00000149   uvsnprintf


GLOBAL SYMBOLS: SORTED BY Symbol Address 

address    name
--------   ----
00000000   __TI_static_base__
00000000   g_pfnVectors
00000001   __TI_args_main
000000f1   ustrncpy
00000149   uvsnprintf
00000541   usprintf
00000573   usnprintf
000005a9   ulocaltime
000007a9   umktime
00000800   __STACK_SIZE
00000821   ustrtoul
00000959   ustrlen
0000097b   ustrstr
000009ad   ustrnicmp
00000a4d   ustrcasecmp
00000a61   ustrncmp
00000ac1   ustrcmp
00000ad5   usrand
00000ae5   urand
00000b09   FillFrame
00000b7b   DrawPoint
00000beb   DrawLine
00000d05   DrawChar
00000ddd   DrawString
00000ecd   DrawCircle
00000f67   custDrawCircle
00000f77   DrawFilledRectangle
000012a9   RIT128x96x4Clear
00001311   RIT128x96x4StringDraw
00001441   RIT128x96x4ImageDraw
000014dd   RIT128x96x4Enable
00001537   RIT128x96x4Disable
000015a5   RIT128x96x4Init
0000164b   RIT128x96x4DisplayOn
0000167f   RIT128x96x4DisplayOff
000016ad   main
00001915   TimerISR
000019fd   SysCtlClockGet
00001b95   SysCtlClockSet
00001cd9   GPIOPadConfigSet
00001da1   __aeabi_memcpy
00001da1   __aeabi_memcpy4
00001da1   __aeabi_memcpy8
00001da1   memcpy
00001e3d   ButtonDebounce
00001ed1   __TI_auto_init
00001f65   IntEnable
00002029   SysCtlPeripheralEnable
00002081   SSIConfigSetExpClk
000020c5   copy_in
00002109   __aeabi_uidivmod
0000214d   C$$EXIT
00002151   abort
00002159   exit
0000218d   _c_int00
000021c1   GPIODirModeSet
000021f1   IntPrioritySet
00002215   TimerConfigure
00002239   _args_main
00002251   TimerDisable
00002265   _register_unlock
0000226b   _register_lock
00002273   _nop
00002279   GPIOPinTypeGPIOInput
0000228b   GPIOPinTypeGPIOOutput
0000229d   GPIOPinTypeSSI
000022af   SSIDataGetNonBlocking
000022c1   TimerLoadSet
000022d3   TimerPrescaleSet
000022e5   __TI_zero_init
000022f7   TimerEnable
00002305   __TI_decompress_none
00002313   CPUcpsie
00002321   SysCtlLDOSet
0000232d   ResetISR
00002339   IntMasterEnable
00002343   SSIDataPut
0000234d   SSIDisable
00002357   SSIEnable
00002361   SSIBusy
00002369   TimerIntEnable
00002371   GPIOPinWrite
00002377   SysCtlDelay
0000237d   __TI_decompress_rle24
00002564   g_pucFont
00002bc4   __TI_Handler_Table_Base
00002bd0   __TI_Handler_Table_Limit
00002bd8   __TI_CINIT_Base
00002be8   __TI_CINIT_Limit
20000000   g_pucFrame
20001800   g_ulButtons
20001824   g_ulSystemClock
20001828   __stack
20001a28   __STACK_TOP
20002028   __STACK_END
20002028   g_ulTime
20002034   _lock
20002038   _unlock
2000203c   _cleanup_ptr
20002040   _dtors_ptr
20002044   main_func_sp
ffffffff   __binit__
ffffffff   __c_args__
ffffffff   binit
UNDEFED    SHT$$INIT_ARRAY$$Base
UNDEFED    SHT$$INIT_ARRAY$$Limit

[106 symbols]
