******************************************************************************
                  TI ARM Linker PC v5.0.4                      
******************************************************************************
>> Linked Thu Mar 19 11:42:39 2015

OUTPUT FILE NAME:   <ece3849d15_lab0_addresser_awharrison.out>
ENTRY POINT SYMBOL: "_c_int00"  address: 00002d05


MEMORY CONFIGURATION

         name            origin    length      used     unused   attr    fill
----------------------  --------  ---------  --------  --------  ----  --------
  FLASH                 00000000   00040000  000036ec  0003c914  R  X
  SRAM                  20000000   00010000  00002188  0000de78  RW X


SEGMENT ALLOCATION MAP

run origin  load origin   length   init length attrs members
----------  ----------- ---------- ----------- ----- -------
00000000    00000000    000036f0   000036f0    r-x
  00000000    00000000    000000f0   000000f0    r-- .intvecs
  000000f0    000000f0    00002ecc   00002ecc    r-x .text
  00002fc0    00002fc0    000006c0   000006c0    r-- .const
  00003680    00003680    00000070   00000070    r-- .cinit
20000000    20000000    00002028   00000000    rw-
  20000000    20000000    00001828   00000000    rw- .bss
  20001828    20001828    00000800   00000000    rw- .stack
20002028    20002028    00000160   00000160    rw-
  20002028    20002028    00000160   00000160    rw- .data


SECTION ALLOCATION MAP

 output                                  attributes/
section   page    origin      length       input sections
--------  ----  ----------  ----------   ----------------
.intvecs   0    00000000    000000f0     
                  00000000    000000f0     startup_ccs.obj (.intvecs)

.init_array 
*          0    00000000    00000000     UNINITIALIZED

.text      0    000000f0    00002ecc     
                  000000f0    00000a18     ustdlib.obj (.text)
                  00000b08    00000694     frame_graphics.obj (.text)
                  0000119c    00000510     rit128x96x4.obj (.text)
                  000016ac    00000320     main.obj (.text)
                  000019cc    000002a0     rtsv7M3_T_le_eabi.lib : xsin.obj (.text)
                  00001c6c    000001b6                           : fd_add_t2.obj (.text)
                  00001e22    00000002     --HOLE-- [fill = 0]
                  00001e24    00000198     driverlib-cm3.lib : sysctl.obj (.text:SysCtlClockGet)
                  00001fbc    00000154     rtsv7M3_T_le_eabi.lib : fmod.obj (.text)
                  00002110    00000144     driverlib-cm3.lib : sysctl.obj (.text:SysCtlClockSet)
                  00002254    00000100     rtsv7M3_T_le_eabi.lib : xdscale.obj (.text)
                  00002354    000000fc                           : fd_mul_t2.obj (.text)
                  00002450    000000fa                           : fs_add_t2.obj (.text)
                  0000254a    000000c8     driverlib-cm3.lib : gpio.obj (.text:GPIOPadConfigSet)
                  00002612    000000be     rtsv7M3_T_le_eabi.lib : xdnorm.obj (.text)
                  000026d0    0000009c                           : memcpy_t2.obj (.text)
                  0000276c    00000094     buttons.obj (.text)
                  00002800    00000094     rtsv7M3_T_le_eabi.lib : auto_init.obj (.text)
                  00002894    0000007e                           : fd_cmp_t2.obj (.text)
                  00002912    0000007a                           : fs_mul_t2.obj (.text)
                  0000298c    00000064     driverlib-cm3.lib : interrupt.obj (.text:IntEnable)
                  000029f0    0000005e     rtsv7M3_T_le_eabi.lib : copy_decompress_rle.obj (.text)
                  00002a4e    00000002     --HOLE-- [fill = 0]
                  00002a50    00000058     driverlib-cm3.lib : sysctl.obj (.text:SysCtlPeripheralEnable)
                  00002aa8    0000004a     rtsv7M3_T_le_eabi.lib : fd_tos_t2.obj (.text)
                  00002af2    00000048                           : fd_toi_t2.obj (.text)
                  00002b3a    00000044     driverlib-cm3.lib : ssi.obj (.text:SSIConfigSetExpClk)
                  00002b7e    00000002     --HOLE-- [fill = 0]
                  00002b80    00000044     rtsv7M3_T_le_eabi.lib : cpy_tbl.obj (.text)
                  00002bc4    00000044                           : xdtest.obj (.text)
                  00002c08    00000042                           : u_divt2.obj (.text)
                  00002c4a    00000002     --HOLE-- [fill = 0]
                  00002c4c    00000040                           : exit.obj (.text)
                  00002c8c    00000040                           : signal.obj (.text)
                  00002ccc    00000038                           : fs_toi_t2.obj (.text)
                  00002d04    00000034                           : boot.obj (.text)
                  00002d38    00000030                           : feraiseexcept.obj (.text)
                  00002d68    00000030                           : xferaise.obj (.text)
                  00002d98    0000002e     driverlib-cm3.lib : gpio.obj (.text:GPIODirModeSet)
                  00002dc6    0000002e     rtsv7M3_T_le_eabi.lib : i_tofd_t2.obj (.text)
                  00002df4    0000002e                           : raise.obj (.text)
                  00002e22    00000002     --HOLE-- [fill = 0]
                  00002e24    00000024     driverlib-cm3.lib : interrupt.obj (.text:IntPrioritySet)
                  00002e48    00000024                       : timer.obj (.text:TimerConfigure)
                  00002e6c    00000018     rtsv7M3_T_le_eabi.lib : args_main.obj (.text)
                  00002e84    00000014     driverlib-cm3.lib : timer.obj (.text:TimerDisable)
                  00002e98    00000014     rtsv7M3_T_le_eabi.lib : _lock.obj (.text)
                  00002eac    00000012     driverlib-cm3.lib : gpio.obj (.text:GPIOPinTypeGPIOInput)
                  00002ebe    00000012                       : gpio.obj (.text:GPIOPinTypeGPIOOutput)
                  00002ed0    00000012                       : gpio.obj (.text:GPIOPinTypeSSI)
                  00002ee2    00000012                       : ssi.obj (.text:SSIDataGetNonBlocking)
                  00002ef4    00000012                       : timer.obj (.text:TimerLoadSet)
                  00002f06    00000012                       : timer.obj (.text:TimerPrescaleSet)
                  00002f18    00000012     rtsv7M3_T_le_eabi.lib : copy_zero_init.obj (.text:decompress:ZI)
                  00002f2a    0000000e     driverlib-cm3.lib : timer.obj (.text:TimerEnable)
                  00002f38    0000000e     rtsv7M3_T_le_eabi.lib : copy_decompress_none.obj (.text:decompress:none)
                  00002f46    0000000c     driverlib-cm3.lib : cpu.obj (.text:CPUcpsie)
                  00002f52    00000002     --HOLE-- [fill = 0]
                  00002f54    0000000c                       : sysctl.obj (.text:SysCtlLDOSet)
                  00002f60    0000000c     startup_ccs.obj (.text)
                  00002f6c    0000000a     driverlib-cm3.lib : interrupt.obj (.text:IntMasterEnable)
                  00002f76    0000000a                       : ssi.obj (.text:SSIDataPut)
                  00002f80    0000000a                       : ssi.obj (.text:SSIDisable)
                  00002f8a    0000000a                       : ssi.obj (.text:SSIEnable)
                  00002f94    00000008                       : ssi.obj (.text:SSIBusy)
                  00002f9c    00000008                       : timer.obj (.text:TimerIntEnable)
                  00002fa4    00000006                       : gpio.obj (.text:GPIOPinWrite)
                  00002faa    00000006                       : sysctl.obj (.text:SysCtlDelay)
                  00002fb0    00000006     rtsv7M3_T_le_eabi.lib : copy_decompress_rle.obj (.text:decompress:rle24)
                  00002fb6    00000006                           : cos.obj (.text)

.const     0    00002fc0    000006c0     
                  00002fc0    000001e0     rit128x96x4.obj (.const:g_pucFont)
                  000031a0    000001db     frame_graphics.obj (.const:g_pucFont)
                  0000337b    00000001     --HOLE-- [fill = 0]
                  0000337c    0000009c     driverlib-cm3.lib : interrupt.obj (.const:g_pulRegs)
                  00003418    00000080     rtsv7M3_T_le_eabi.lib : xsin.obj (.const)
                  00003498    00000070     driverlib-cm3.lib : interrupt.obj (.const)
                  00003508    0000006c                       : sysctl.obj (.const:g_pulXtals)
                  00003574    0000004f     rit128x96x4.obj (.const:.string:g_pucRIT128x96x4Init)
                  000035c3    00000001     --HOLE-- [fill = 0]
                  000035c4    00000040     driverlib-cm3.lib : sysctl.obj (.const)
                  00003604    00000040     frame_graphics.obj (.const)
                  00003644    0000001c     ustdlib.obj (.const)
                  00003660    00000012     ustdlib.obj (.const:.string)
                  00003672    00000002     --HOLE-- [fill = 0]
                  00003674    0000000c     rit128x96x4.obj (.const:.string)

.cinit     0    00003680    00000070     
                  00003680    00000049     (.cinit..data.load) [load image, compression = rle]
                  000036c9    00000003     --HOLE-- [fill = 0]
                  000036cc    0000000c     (__TI_handler_table)
                  000036d8    00000008     (.cinit..bss.load) [load image, compression = zero_init]
                  000036e0    00000010     (__TI_cinit_table)

.bss       0    20000000    00001828     UNINITIALIZED
                  20000000    00001800     frame_graphics.obj (.bss:g_pucFrame)
                  20001800    00000018     buttons.obj (.bss)
                  20001818    0000000c     rit128x96x4.obj (.bss)
                  20001824    00000004     main.obj (.bss)

.stack     0    20001828    00000800     UNINITIALIZED
                  20001828    00000800     --HOLE--

.data      0    20002028    00000160     
                  20002028    000000b0     rtsv7M3_T_le_eabi.lib : signal.obj (.data:sigtable)
                  200020d8    00000080                           : xvalues.obj (.data)
                  20002158    0000000c     main.obj (.data)
                  20002164    00000008     rtsv7M3_T_le_eabi.lib : _lock.obj (.data)
                  2000216c    00000008                           : exit.obj (.data)
                  20002174    00000008                           : feraiseexcept.obj (.data)
                  2000217c    00000004                           : errno.obj (.data)
                  20002180    00000004                           : stkdepth_vars.obj (.data)
                  20002184    00000004     ustdlib.obj (.data)


LINKER GENERATED COPY TABLES

__TI_cinit_table @ 000036e0 records: 2, size/record: 8, table size: 16
	.data: load addr=00003680, load size=00000049 bytes, run addr=20002028, run size=00000160 bytes, compression=rle
	.bss: load addr=000036d8, load size=00000008 bytes, run addr=20000000, run size=00001828 bytes, compression=zero_init


LINKER GENERATED HANDLER TABLE

__TI_handler_table @ 000036cc records: 3, size/record: 4, table size: 12
	index: 0, handler: __TI_decompress_rle24
	index: 1, handler: __TI_decompress_none
	index: 2, handler: __TI_zero_init


GLOBAL SYMBOLS: SORTED ALPHABETICALLY BY Name 

address    name
--------   ----
0000276d   ButtonDebounce
00002c4d   C$$EXIT
00002f47   CPUcpsie
00000d05   DrawChar
00000ecd   DrawCircle
00000f77   DrawFilledRectangle
00000beb   DrawLine
00000b7b   DrawPoint
00000ddd   DrawString
00000b09   FillFrame
00002d99   GPIODirModeSet
0000254b   GPIOPadConfigSet
00002ead   GPIOPinTypeGPIOInput
00002ebf   GPIOPinTypeGPIOOutput
00002ed1   GPIOPinTypeSSI
00002fa5   GPIOPinWrite
0000298d   IntEnable
00002f6d   IntMasterEnable
00002e25   IntPrioritySet
000012a9   RIT128x96x4Clear
00001537   RIT128x96x4Disable
0000167f   RIT128x96x4DisplayOff
0000164b   RIT128x96x4DisplayOn
000014dd   RIT128x96x4Enable
00001441   RIT128x96x4ImageDraw
000015a5   RIT128x96x4Init
00001311   RIT128x96x4StringDraw
00002f61   ResetISR
UNDEFED    SHT$$INIT_ARRAY$$Base
UNDEFED    SHT$$INIT_ARRAY$$Limit
00002f95   SSIBusy
00002b3b   SSIConfigSetExpClk
00002ee3   SSIDataGetNonBlocking
00002f77   SSIDataPut
00002f81   SSIDisable
00002f8b   SSIEnable
00001e25   SysCtlClockGet
00002111   SysCtlClockSet
00002fab   SysCtlDelay
00002f55   SysCtlLDOSet
00002a51   SysCtlPeripheralEnable
00002e49   TimerConfigure
00002e85   TimerDisable
00002f2b   TimerEnable
000018dd   TimerISR
00002f9d   TimerIntEnable
00002ef5   TimerLoadSet
00002f07   TimerPrescaleSet
200020d8   _Denorm
00002613   _Dnorm
00002255   _Dscale
00002bc5   _Dtest
200020e8   _Eps
2000217c   _Errno
20002174   _Fenv
00002d69   _Feraise
200020f8   _Hugeval
20002108   _Inf
20002118   _Nan
20002138   _Rteps
000019cd   _Sin
20002128   _Snan
20002178   _Tls_setup__Fenv
20002148   _Xbig
20002150   _Zero
20002028   __STACK_END
00000800   __STACK_SIZE
20001a28   __STACK_TOP
000036e0   __TI_CINIT_Base
000036f0   __TI_CINIT_Limit
000036cc   __TI_Handler_Table_Base
000036d8   __TI_Handler_Table_Limit
00000001   __TI_args_main
00002801   __TI_auto_init
00002f39   __TI_decompress_none
00002fb1   __TI_decompress_rle24
00000000   __TI_static_base__
00002f19   __TI_zero_init
00002895   __aeabi_cdcmpeq
00002895   __aeabi_cdcmple
00002aa9   __aeabi_d2f
00002af3   __aeabi_d2iz
00001c77   __aeabi_dadd
00002355   __aeabi_dmul
00001c6d   __aeabi_dsub
00002ccd   __aeabi_f2iz
00002455   __aeabi_fadd
00002913   __aeabi_fmul
00002451   __aeabi_fsub
00002dc7   __aeabi_i2d
000026d1   __aeabi_memcpy
000026d1   __aeabi_memcpy4
000026d1   __aeabi_memcpy8
00002c09   __aeabi_uidivmod
ffffffff   __binit__
ffffffff   __c_args__
20001828   __stack
00002e6d   _args_main
00002d05   _c_int00
2000216c   _cleanup_ptr
20002170   _dtors_ptr
20002164   _lock
00002ea7   _nop
00002e9f   _register_lock
00002e99   _register_unlock
20002168   _unlock
00002c51   abort
ffffffff   binit
00002b81   copy_in
00002fb7   cos
00000f67   custDrawCircle
00002c59   exit
00002d39   feraiseexcept
00001fbd   fmod
00000000   g_pfnVectors
000031a0   g_pucFont
20000000   g_pucFrame
20001800   g_ulButtons
20001824   g_ulSystemClock
20002158   g_ulTime
000016ad   main
20002180   main_func_sp
000026d1   memcpy
00002df5   raise
00002c8d   signal
000005a9   ulocaltime
000007a9   umktime
00000ae5   urand
00000573   usnprintf
00000541   usprintf
00000ad5   usrand
00000a4d   ustrcasecmp
00000ac1   ustrcmp
00000959   ustrlen
00000a61   ustrncmp
000000f1   ustrncpy
000009ad   ustrnicmp
0000097b   ustrstr
00000821   ustrtoul
00000149   uvsnprintf


GLOBAL SYMBOLS: SORTED BY Symbol Address 

address    name
--------   ----
00000000   __TI_static_base__
00000000   g_pfnVectors
00000001   __TI_args_main
000000f1   ustrncpy
00000149   uvsnprintf
00000541   usprintf
00000573   usnprintf
000005a9   ulocaltime
000007a9   umktime
00000800   __STACK_SIZE
00000821   ustrtoul
00000959   ustrlen
0000097b   ustrstr
000009ad   ustrnicmp
00000a4d   ustrcasecmp
00000a61   ustrncmp
00000ac1   ustrcmp
00000ad5   usrand
00000ae5   urand
00000b09   FillFrame
00000b7b   DrawPoint
00000beb   DrawLine
00000d05   DrawChar
00000ddd   DrawString
00000ecd   DrawCircle
00000f67   custDrawCircle
00000f77   DrawFilledRectangle
000012a9   RIT128x96x4Clear
00001311   RIT128x96x4StringDraw
00001441   RIT128x96x4ImageDraw
000014dd   RIT128x96x4Enable
00001537   RIT128x96x4Disable
000015a5   RIT128x96x4Init
0000164b   RIT128x96x4DisplayOn
0000167f   RIT128x96x4DisplayOff
000016ad   main
000018dd   TimerISR
000019cd   _Sin
00001c6d   __aeabi_dsub
00001c77   __aeabi_dadd
00001e25   SysCtlClockGet
00001fbd   fmod
00002111   SysCtlClockSet
00002255   _Dscale
00002355   __aeabi_dmul
00002451   __aeabi_fsub
00002455   __aeabi_fadd
0000254b   GPIOPadConfigSet
00002613   _Dnorm
000026d1   __aeabi_memcpy
000026d1   __aeabi_memcpy4
000026d1   __aeabi_memcpy8
000026d1   memcpy
0000276d   ButtonDebounce
00002801   __TI_auto_init
00002895   __aeabi_cdcmpeq
00002895   __aeabi_cdcmple
00002913   __aeabi_fmul
0000298d   IntEnable
00002a51   SysCtlPeripheralEnable
00002aa9   __aeabi_d2f
00002af3   __aeabi_d2iz
00002b3b   SSIConfigSetExpClk
00002b81   copy_in
00002bc5   _Dtest
00002c09   __aeabi_uidivmod
00002c4d   C$$EXIT
00002c51   abort
00002c59   exit
00002c8d   signal
00002ccd   __aeabi_f2iz
00002d05   _c_int00
00002d39   feraiseexcept
00002d69   _Feraise
00002d99   GPIODirModeSet
00002dc7   __aeabi_i2d
00002df5   raise
00002e25   IntPrioritySet
00002e49   TimerConfigure
00002e6d   _args_main
00002e85   TimerDisable
00002e99   _register_unlock
00002e9f   _register_lock
00002ea7   _nop
00002ead   GPIOPinTypeGPIOInput
00002ebf   GPIOPinTypeGPIOOutput
00002ed1   GPIOPinTypeSSI
00002ee3   SSIDataGetNonBlocking
00002ef5   TimerLoadSet
00002f07   TimerPrescaleSet
00002f19   __TI_zero_init
00002f2b   TimerEnable
00002f39   __TI_decompress_none
00002f47   CPUcpsie
00002f55   SysCtlLDOSet
00002f61   ResetISR
00002f6d   IntMasterEnable
00002f77   SSIDataPut
00002f81   SSIDisable
00002f8b   SSIEnable
00002f95   SSIBusy
00002f9d   TimerIntEnable
00002fa5   GPIOPinWrite
00002fab   SysCtlDelay
00002fb1   __TI_decompress_rle24
00002fb7   cos
000031a0   g_pucFont
000036cc   __TI_Handler_Table_Base
000036d8   __TI_Handler_Table_Limit
000036e0   __TI_CINIT_Base
000036f0   __TI_CINIT_Limit
20000000   g_pucFrame
20001800   g_ulButtons
20001824   g_ulSystemClock
20001828   __stack
20001a28   __STACK_TOP
20002028   __STACK_END
200020d8   _Denorm
200020e8   _Eps
200020f8   _Hugeval
20002108   _Inf
20002118   _Nan
20002128   _Snan
20002138   _Rteps
20002148   _Xbig
20002150   _Zero
20002158   g_ulTime
20002164   _lock
20002168   _unlock
2000216c   _cleanup_ptr
20002170   _dtors_ptr
20002174   _Fenv
20002178   _Tls_setup__Fenv
2000217c   _Errno
20002180   main_func_sp
ffffffff   __binit__
ffffffff   __c_args__
ffffffff   binit
UNDEFED    SHT$$INIT_ARRAY$$Base
UNDEFED    SHT$$INIT_ARRAY$$Limit

[140 symbols]
