<?xml version="1.0"?>
<link_info>
   <banner>TI ARM Linker PC v5.0.4</banner>
   <copyright>Copyright (c) 1996-2013 Texas Instruments Incorporated</copyright>
   <link_time>0x5509d526</link_time>
   <output_file>ece3849d15_lab0_addresser_awharrison.out</output_file>
   <entry_point>
      <name>_c_int00</name>
      <address>0x20ad</address>
   </entry_point>
   <input_file_list>
      <input_file id="fl-2">
         <path>.\</path>
         <kind>object</kind>
         <file>ustdlib.obj</file>
         <name>ustdlib.obj</name>
      </input_file>
      <input_file id="fl-3">
         <path>.\</path>
         <kind>object</kind>
         <file>startup_ccs.obj</file>
         <name>startup_ccs.obj</name>
      </input_file>
      <input_file id="fl-4">
         <path>.\</path>
         <kind>object</kind>
         <file>rit128x96x4.obj</file>
         <name>rit128x96x4.obj</name>
      </input_file>
      <input_file id="fl-5">
         <path>.\</path>
         <kind>object</kind>
         <file>main.obj</file>
         <name>main.obj</name>
      </input_file>
      <input_file id="fl-6">
         <path>.\</path>
         <kind>object</kind>
         <file>frame_graphics.obj</file>
         <name>frame_graphics.obj</name>
      </input_file>
      <input_file id="fl-7">
         <path>.\</path>
         <kind>object</kind>
         <file>buttons.obj</file>
         <name>buttons.obj</name>
      </input_file>
      <input_file id="fl-135">
         <path>C:\ti\ccsv5\tools\compiler\arm_5.0.4\lib\</path>
         <kind>archive</kind>
         <file>rtsv7M3_T_le_eabi.lib</file>
         <name>boot.obj</name>
      </input_file>
      <input_file id="fl-136">
         <path>C:\ti\ccsv5\tools\compiler\arm_5.0.4\lib\</path>
         <kind>archive</kind>
         <file>rtsv7M3_T_le_eabi.lib</file>
         <name>copy_decompress_none.obj</name>
      </input_file>
      <input_file id="fl-137">
         <path>C:\ti\ccsv5\tools\compiler\arm_5.0.4\lib\</path>
         <kind>archive</kind>
         <file>rtsv7M3_T_le_eabi.lib</file>
         <name>copy_decompress_rle.obj</name>
      </input_file>
      <input_file id="fl-138">
         <path>C:\ti\ccsv5\tools\compiler\arm_5.0.4\lib\</path>
         <kind>archive</kind>
         <file>rtsv7M3_T_le_eabi.lib</file>
         <name>copy_zero_init.obj</name>
      </input_file>
      <input_file id="fl-139">
         <path>C:\ti\ccsv5\tools\compiler\arm_5.0.4\lib\</path>
         <kind>archive</kind>
         <file>rtsv7M3_T_le_eabi.lib</file>
         <name>exit.obj</name>
      </input_file>
      <input_file id="fl-13a">
         <path>C:\ti\ccsv5\tools\compiler\arm_5.0.4\lib\</path>
         <kind>archive</kind>
         <file>rtsv7M3_T_le_eabi.lib</file>
         <name>memcpy_t2.obj</name>
      </input_file>
      <input_file id="fl-13b">
         <path>C:\ti\ccsv5\tools\compiler\arm_5.0.4\lib\</path>
         <kind>archive</kind>
         <file>rtsv7M3_T_le_eabi.lib</file>
         <name>stkdepth_vars.obj</name>
      </input_file>
      <input_file id="fl-13c">
         <path>C:\ti\ccsv5\tools\compiler\arm_5.0.4\lib\</path>
         <kind>archive</kind>
         <file>rtsv7M3_T_le_eabi.lib</file>
         <name>u_divt2.obj</name>
      </input_file>
      <input_file id="fl-13d">
         <path>C:\ti\ccsv5\tools\compiler\arm_5.0.4\lib\</path>
         <kind>archive</kind>
         <file>rtsv7M3_T_le_eabi.lib</file>
         <name>_lock.obj</name>
      </input_file>
      <input_file id="fl-13e">
         <path>C:\ti\ccsv5\tools\compiler\arm_5.0.4\lib\</path>
         <kind>archive</kind>
         <file>rtsv7M3_T_le_eabi.lib</file>
         <name>args_main.obj</name>
      </input_file>
      <input_file id="fl-13f">
         <path>C:\ti\ccsv5\tools\compiler\arm_5.0.4\lib\</path>
         <kind>archive</kind>
         <file>rtsv7M3_T_le_eabi.lib</file>
         <name>auto_init.obj</name>
      </input_file>
      <input_file id="fl-140">
         <path>C:\ti\ccsv5\tools\compiler\arm_5.0.4\lib\</path>
         <kind>archive</kind>
         <file>rtsv7M3_T_le_eabi.lib</file>
         <name>cpy_tbl.obj</name>
      </input_file>
      <input_file id="fl-141">
         <path>C:\StellarisWare\driverlib\ccs-cm3\Debug\</path>
         <kind>archive</kind>
         <file>driverlib-cm3.lib</file>
         <name>timer.obj</name>
      </input_file>
      <input_file id="fl-142">
         <path>C:\StellarisWare\driverlib\ccs-cm3\Debug\</path>
         <kind>archive</kind>
         <file>driverlib-cm3.lib</file>
         <name>sysctl.obj</name>
      </input_file>
      <input_file id="fl-143">
         <path>C:\StellarisWare\driverlib\ccs-cm3\Debug\</path>
         <kind>archive</kind>
         <file>driverlib-cm3.lib</file>
         <name>ssi.obj</name>
      </input_file>
      <input_file id="fl-144">
         <path>C:\StellarisWare\driverlib\ccs-cm3\Debug\</path>
         <kind>archive</kind>
         <file>driverlib-cm3.lib</file>
         <name>interrupt.obj</name>
      </input_file>
      <input_file id="fl-145">
         <path>C:\StellarisWare\driverlib\ccs-cm3\Debug\</path>
         <kind>archive</kind>
         <file>driverlib-cm3.lib</file>
         <name>gpio.obj</name>
      </input_file>
      <input_file id="fl-146">
         <path>C:\StellarisWare\driverlib\ccs-cm3\Debug\</path>
         <kind>archive</kind>
         <file>driverlib-cm3.lib</file>
         <name>cpu.obj</name>
      </input_file>
   </input_file_list>
   <object_component_list>
      <object_component id="oc-e">
         <name>.intvecs</name>
         <load_address>0x0</load_address>
         <run_address>0x0</run_address>
         <size>0xf0</size>
         <input_file_ref idref="fl-3"/>
      </object_component>
      <object_component id="oc-9f">
         <name>.text</name>
         <load_address>0xf0</load_address>
         <run_address>0xf0</run_address>
         <size>0xa18</size>
         <input_file_ref idref="fl-2"/>
      </object_component>
      <object_component id="oc-9a">
         <name>.text</name>
         <load_address>0xb08</load_address>
         <run_address>0xb08</run_address>
         <size>0x684</size>
         <input_file_ref idref="fl-6"/>
      </object_component>
      <object_component id="oc-65">
         <name>.text</name>
         <load_address>0x118c</load_address>
         <run_address>0x118c</run_address>
         <size>0x510</size>
         <input_file_ref idref="fl-4"/>
      </object_component>
      <object_component id="oc-26">
         <name>.text</name>
         <load_address>0x169c</load_address>
         <run_address>0x169c</run_address>
         <size>0x280</size>
         <input_file_ref idref="fl-5"/>
      </object_component>
      <object_component id="oc-61">
         <name>.text:SysCtlClockGet</name>
         <load_address>0x191c</load_address>
         <run_address>0x191c</run_address>
         <size>0x198</size>
         <input_file_ref idref="fl-142"/>
      </object_component>
      <object_component id="oc-5d">
         <name>.text:SysCtlClockSet</name>
         <load_address>0x1ab4</load_address>
         <run_address>0x1ab4</run_address>
         <size>0x144</size>
         <input_file_ref idref="fl-142"/>
      </object_component>
      <object_component id="oc-96">
         <name>.text:GPIOPadConfigSet</name>
         <load_address>0x1bf8</load_address>
         <run_address>0x1bf8</run_address>
         <size>0xc8</size>
         <input_file_ref idref="fl-145"/>
      </object_component>
      <object_component id="oc-3d">
         <name>.text</name>
         <load_address>0x1cc0</load_address>
         <run_address>0x1cc0</run_address>
         <size>0x9c</size>
         <input_file_ref idref="fl-13a"/>
      </object_component>
      <object_component id="oc-a4">
         <name>.text</name>
         <load_address>0x1d5c</load_address>
         <run_address>0x1d5c</run_address>
         <size>0x94</size>
         <input_file_ref idref="fl-7"/>
      </object_component>
      <object_component id="oc-2e">
         <name>.text</name>
         <load_address>0x1df0</load_address>
         <run_address>0x1df0</run_address>
         <size>0x94</size>
         <input_file_ref idref="fl-13f"/>
      </object_component>
      <object_component id="oc-8a">
         <name>.text:IntEnable</name>
         <load_address>0x1e84</load_address>
         <run_address>0x1e84</run_address>
         <size>0x64</size>
         <input_file_ref idref="fl-144"/>
      </object_component>
      <object_component id="oc-4d">
         <name>.text</name>
         <load_address>0x1ee8</load_address>
         <run_address>0x1ee8</run_address>
         <size>0x5e</size>
         <input_file_ref idref="fl-137"/>
      </object_component>
      <object_component id="oc-6a">
         <name>.text:SysCtlPeripheralEnable</name>
         <load_address>0x1f48</load_address>
         <run_address>0x1f48</run_address>
         <size>0x58</size>
         <input_file_ref idref="fl-142"/>
      </object_component>
      <object_component id="oc-10f">
         <name>.text:SSIConfigSetExpClk</name>
         <load_address>0x1fa0</load_address>
         <run_address>0x1fa0</run_address>
         <size>0x44</size>
         <input_file_ref idref="fl-143"/>
      </object_component>
      <object_component id="oc-bf">
         <name>.text</name>
         <load_address>0x1fe4</load_address>
         <run_address>0x1fe4</run_address>
         <size>0x44</size>
         <input_file_ref idref="fl-140"/>
      </object_component>
      <object_component id="oc-154">
         <name>.text</name>
         <load_address>0x2028</load_address>
         <run_address>0x2028</run_address>
         <size>0x42</size>
         <input_file_ref idref="fl-13c"/>
      </object_component>
      <object_component id="oc-36">
         <name>.text</name>
         <load_address>0x206c</load_address>
         <run_address>0x206c</run_address>
         <size>0x40</size>
         <input_file_ref idref="fl-139"/>
      </object_component>
      <object_component id="oc-10">
         <name>.text</name>
         <load_address>0x20ac</load_address>
         <run_address>0x20ac</run_address>
         <size>0x34</size>
         <input_file_ref idref="fl-135"/>
      </object_component>
      <object_component id="oc-148">
         <name>.text:GPIODirModeSet</name>
         <load_address>0x20e0</load_address>
         <run_address>0x20e0</run_address>
         <size>0x2e</size>
         <input_file_ref idref="fl-145"/>
      </object_component>
      <object_component id="oc-86">
         <name>.text:IntPrioritySet</name>
         <load_address>0x2110</load_address>
         <run_address>0x2110</run_address>
         <size>0x24</size>
         <input_file_ref idref="fl-144"/>
      </object_component>
      <object_component id="oc-72">
         <name>.text:TimerConfigure</name>
         <load_address>0x2134</load_address>
         <run_address>0x2134</run_address>
         <size>0x24</size>
         <input_file_ref idref="fl-141"/>
      </object_component>
      <object_component id="oc-32">
         <name>.text</name>
         <load_address>0x2158</load_address>
         <run_address>0x2158</run_address>
         <size>0x18</size>
         <input_file_ref idref="fl-13e"/>
      </object_component>
      <object_component id="oc-6e">
         <name>.text:TimerDisable</name>
         <load_address>0x2170</load_address>
         <run_address>0x2170</run_address>
         <size>0x14</size>
         <input_file_ref idref="fl-141"/>
      </object_component>
      <object_component id="oc-180">
         <name>.text</name>
         <load_address>0x2184</load_address>
         <run_address>0x2184</run_address>
         <size>0x14</size>
         <input_file_ref idref="fl-13d"/>
      </object_component>
      <object_component id="oc-92">
         <name>.text:GPIOPinTypeGPIOInput</name>
         <load_address>0x2198</load_address>
         <run_address>0x2198</run_address>
         <size>0x12</size>
         <input_file_ref idref="fl-145"/>
      </object_component>
      <object_component id="oc-11f">
         <name>.text:GPIOPinTypeGPIOOutput</name>
         <load_address>0x21aa</load_address>
         <run_address>0x21aa</run_address>
         <size>0x12</size>
         <input_file_ref idref="fl-145"/>
      </object_component>
      <object_component id="oc-113">
         <name>.text:GPIOPinTypeSSI</name>
         <load_address>0x21bc</load_address>
         <run_address>0x21bc</run_address>
         <size>0x12</size>
         <input_file_ref idref="fl-145"/>
      </object_component>
      <object_component id="oc-11b">
         <name>.text:SSIDataGetNonBlocking</name>
         <load_address>0x21ce</load_address>
         <run_address>0x21ce</run_address>
         <size>0x12</size>
         <input_file_ref idref="fl-143"/>
      </object_component>
      <object_component id="oc-76">
         <name>.text:TimerLoadSet</name>
         <load_address>0x21e0</load_address>
         <run_address>0x21e0</run_address>
         <size>0x12</size>
         <input_file_ref idref="fl-141"/>
      </object_component>
      <object_component id="oc-7a">
         <name>.text:TimerPrescaleSet</name>
         <load_address>0x21f2</load_address>
         <run_address>0x21f2</run_address>
         <size>0x12</size>
         <input_file_ref idref="fl-141"/>
      </object_component>
      <object_component id="oc-18">
         <name>.text:decompress:ZI</name>
         <load_address>0x2204</load_address>
         <run_address>0x2204</run_address>
         <size>0x12</size>
         <input_file_ref idref="fl-138"/>
      </object_component>
      <object_component id="oc-82">
         <name>.text:TimerEnable</name>
         <load_address>0x2216</load_address>
         <run_address>0x2216</run_address>
         <size>0xe</size>
         <input_file_ref idref="fl-141"/>
      </object_component>
      <object_component id="oc-14">
         <name>.text:decompress:none</name>
         <load_address>0x2224</load_address>
         <run_address>0x2224</run_address>
         <size>0xe</size>
         <input_file_ref idref="fl-136"/>
      </object_component>
      <object_component id="oc-13f">
         <name>.text:CPUcpsie</name>
         <load_address>0x2232</load_address>
         <run_address>0x2232</run_address>
         <size>0xc</size>
         <input_file_ref idref="fl-146"/>
      </object_component>
      <object_component id="oc-59">
         <name>.text:SysCtlLDOSet</name>
         <load_address>0x2240</load_address>
         <run_address>0x2240</run_address>
         <size>0xc</size>
         <input_file_ref idref="fl-142"/>
      </object_component>
      <object_component id="oc-21">
         <name>.text</name>
         <load_address>0x224c</load_address>
         <run_address>0x224c</run_address>
         <size>0xc</size>
         <input_file_ref idref="fl-3"/>
      </object_component>
      <object_component id="oc-8e">
         <name>.text:IntMasterEnable</name>
         <load_address>0x2258</load_address>
         <run_address>0x2258</run_address>
         <size>0xa</size>
         <input_file_ref idref="fl-144"/>
      </object_component>
      <object_component id="oc-103">
         <name>.text:SSIDataPut</name>
         <load_address>0x2262</load_address>
         <run_address>0x2262</run_address>
         <size>0xa</size>
         <input_file_ref idref="fl-143"/>
      </object_component>
      <object_component id="oc-10b">
         <name>.text:SSIDisable</name>
         <load_address>0x226c</load_address>
         <run_address>0x226c</run_address>
         <size>0xa</size>
         <input_file_ref idref="fl-143"/>
      </object_component>
      <object_component id="oc-117">
         <name>.text:SSIEnable</name>
         <load_address>0x2276</load_address>
         <run_address>0x2276</run_address>
         <size>0xa</size>
         <input_file_ref idref="fl-143"/>
      </object_component>
      <object_component id="oc-fb">
         <name>.text:SSIBusy</name>
         <load_address>0x2280</load_address>
         <run_address>0x2280</run_address>
         <size>0x8</size>
         <input_file_ref idref="fl-143"/>
      </object_component>
      <object_component id="oc-7e">
         <name>.text:TimerIntEnable</name>
         <load_address>0x2288</load_address>
         <run_address>0x2288</run_address>
         <size>0x8</size>
         <input_file_ref idref="fl-141"/>
      </object_component>
      <object_component id="oc-ff">
         <name>.text:GPIOPinWrite</name>
         <load_address>0x2290</load_address>
         <run_address>0x2290</run_address>
         <size>0x6</size>
         <input_file_ref idref="fl-145"/>
      </object_component>
      <object_component id="oc-f6">
         <name>.text:SysCtlDelay</name>
         <load_address>0x2296</load_address>
         <run_address>0x2296</run_address>
         <size>0x6</size>
         <input_file_ref idref="fl-142"/>
      </object_component>
      <object_component id="oc-1c">
         <name>.text:decompress:rle24</name>
         <load_address>0x229c</load_address>
         <run_address>0x229c</run_address>
         <size>0x6</size>
         <input_file_ref idref="fl-137"/>
      </object_component>
      <object_component id="oc-123">
         <name>.const:g_pucFont</name>
         <load_address>0x22a4</load_address>
         <run_address>0x22a4</run_address>
         <size>0x1e0</size>
         <input_file_ref idref="fl-4"/>
      </object_component>
      <object_component id="oc-14f">
         <name>.const:g_pucFont</name>
         <load_address>0x2484</load_address>
         <run_address>0x2484</run_address>
         <size>0x1db</size>
         <input_file_ref idref="fl-6"/>
      </object_component>
      <object_component id="oc-138">
         <name>.const:g_pulRegs</name>
         <load_address>0x2660</load_address>
         <run_address>0x2660</run_address>
         <size>0x9c</size>
         <input_file_ref idref="fl-144"/>
      </object_component>
      <object_component id="oc-13c">
         <name>.const</name>
         <load_address>0x26fc</load_address>
         <run_address>0x26fc</run_address>
         <size>0x70</size>
         <input_file_ref idref="fl-144"/>
      </object_component>
      <object_component id="oc-f8">
         <name>.const:g_pulXtals</name>
         <load_address>0x276c</load_address>
         <run_address>0x276c</run_address>
         <size>0x6c</size>
         <input_file_ref idref="fl-142"/>
      </object_component>
      <object_component id="oc-125">
         <name>.const:.string:g_pucRIT128x96x4Init</name>
         <load_address>0x27d8</load_address>
         <run_address>0x27d8</run_address>
         <size>0x4f</size>
         <input_file_ref idref="fl-4"/>
      </object_component>
      <object_component id="oc-12e">
         <name>.const</name>
         <load_address>0x2828</load_address>
         <run_address>0x2828</run_address>
         <size>0x40</size>
         <input_file_ref idref="fl-142"/>
      </object_component>
      <object_component id="oc-151">
         <name>.const</name>
         <load_address>0x2868</load_address>
         <run_address>0x2868</run_address>
         <size>0x40</size>
         <input_file_ref idref="fl-6"/>
      </object_component>
      <object_component id="oc-158">
         <name>.const</name>
         <load_address>0x28a8</load_address>
         <run_address>0x28a8</run_address>
         <size>0x1c</size>
         <input_file_ref idref="fl-2"/>
      </object_component>
      <object_component id="oc-1b9">
         <name>.const:.string</name>
         <load_address>0x28c4</load_address>
         <run_address>0x28c4</run_address>
         <size>0x12</size>
         <input_file_ref idref="fl-2"/>
      </object_component>
      <object_component id="oc-109">
         <name>.const:.string</name>
         <load_address>0x28d8</load_address>
         <run_address>0x28d8</run_address>
         <size>0xc</size>
         <input_file_ref idref="fl-4"/>
      </object_component>
      <object_component id="oc-1ec">
         <name>.cinit..data.load</name>
         <load_address>0x28e8</load_address>
         <run_address>0x28e8</run_address>
         <size>0x1a</size>
      </object_component>
      <object_component id="oc-1ea">
         <name>__TI_handler_table</name>
         <load_address>0x2904</load_address>
         <run_address>0x2904</run_address>
         <size>0xc</size>
      </object_component>
      <object_component id="oc-1ed">
         <name>.cinit..bss.load</name>
         <load_address>0x2910</load_address>
         <run_address>0x2910</run_address>
         <size>0x8</size>
      </object_component>
      <object_component id="oc-1eb">
         <name>__TI_cinit_table</name>
         <load_address>0x2918</load_address>
         <run_address>0x2918</run_address>
         <size>0x10</size>
      </object_component>
      <object_component id="oc-3a">
         <name>.data</name>
         <load_address>0x20002044</load_address>
         <run_address>0x20002044</run_address>
         <size>0x4</size>
         <input_file_ref idref="fl-13b"/>
      </object_component>
      <object_component id="oc-ab">
         <name>.data</name>
         <load_address>0x20002028</load_address>
         <run_address>0x20002028</run_address>
         <size>0xc</size>
         <input_file_ref idref="fl-5"/>
      </object_component>
      <object_component id="oc-ca">
         <name>.data</name>
         <load_address>0x20002034</load_address>
         <run_address>0x20002034</run_address>
         <size>0x8</size>
         <input_file_ref idref="fl-13d"/>
      </object_component>
      <object_component id="oc-cc">
         <name>.data</name>
         <load_address>0x2000203c</load_address>
         <run_address>0x2000203c</run_address>
         <size>0x8</size>
         <input_file_ref idref="fl-139"/>
      </object_component>
      <object_component id="oc-15a">
         <name>.data</name>
         <load_address>0x20002048</load_address>
         <run_address>0x20002048</run_address>
         <size>0x4</size>
         <input_file_ref idref="fl-2"/>
      </object_component>
      <object_component id="oc-a9">
         <name>.bss</name>
         <uninitialized>true</uninitialized>
         <run_address>0x20001824</run_address>
         <size>0x4</size>
         <input_file_ref idref="fl-5"/>
      </object_component>
      <object_component id="oc-ad">
         <name>.bss:g_pucFrame</name>
         <uninitialized>true</uninitialized>
         <run_address>0x20000000</run_address>
         <size>0x1800</size>
         <input_file_ref idref="fl-6"/>
      </object_component>
      <object_component id="oc-af">
         <name>.bss</name>
         <uninitialized>true</uninitialized>
         <run_address>0x20001800</run_address>
         <size>0x18</size>
         <input_file_ref idref="fl-7"/>
      </object_component>
      <object_component id="oc-107">
         <name>.bss</name>
         <uninitialized>true</uninitialized>
         <run_address>0x20001818</run_address>
         <size>0xc</size>
         <input_file_ref idref="fl-4"/>
      </object_component>
      <object_component id="oc-20">
         <name>.stack</name>
         <uninitialized>true</uninitialized>
         <run_address>0x20001828</run_address>
         <size>0x0</size>
         <input_file_ref idref="fl-135"/>
      </object_component>
      <object_component id="oc-1ee">
         <name>.stack</name>
         <uninitialized>true</uninitialized>
         <run_address>0x20001828</run_address>
         <size>0x0</size>
      </object_component>
      <object_component id="oc-f">
         <name>.debug_info</name>
         <load_address>0x0</load_address>
         <run_address>0x0</run_address>
         <size>0xf4</size>
         <input_file_ref idref="fl-3"/>
      </object_component>
      <object_component id="oc-11">
         <name>.debug_info</name>
         <load_address>0xf4</load_address>
         <run_address>0xf4</run_address>
         <size>0xf4</size>
         <input_file_ref idref="fl-135"/>
      </object_component>
      <object_component id="oc-15">
         <name>.debug_info</name>
         <load_address>0x1e8</load_address>
         <run_address>0x1e8</run_address>
         <size>0x159</size>
         <input_file_ref idref="fl-136"/>
      </object_component>
      <object_component id="oc-19">
         <name>.debug_info</name>
         <load_address>0x341</load_address>
         <run_address>0x341</run_address>
         <size>0x193</size>
         <input_file_ref idref="fl-138"/>
      </object_component>
      <object_component id="oc-1d">
         <name>.debug_info</name>
         <load_address>0x4d4</load_address>
         <run_address>0x4d4</run_address>
         <size>0x16a</size>
         <input_file_ref idref="fl-137"/>
      </object_component>
      <object_component id="oc-22">
         <name>.debug_info</name>
         <load_address>0x63e</load_address>
         <run_address>0x63e</run_address>
         <size>0x343</size>
         <input_file_ref idref="fl-3"/>
      </object_component>
      <object_component id="oc-27">
         <name>.debug_info</name>
         <load_address>0x981</load_address>
         <run_address>0x981</run_address>
         <size>0x5b7</size>
         <input_file_ref idref="fl-5"/>
      </object_component>
      <object_component id="oc-2d">
         <name>.debug_info</name>
         <load_address>0xf38</load_address>
         <run_address>0xf38</run_address>
         <size>0x120</size>
         <input_file_ref idref="fl-3"/>
      </object_component>
      <object_component id="oc-2f">
         <name>.debug_info</name>
         <load_address>0x1058</load_address>
         <run_address>0x1058</run_address>
         <size>0x13f</size>
         <input_file_ref idref="fl-13f"/>
      </object_component>
      <object_component id="oc-33">
         <name>.debug_info</name>
         <load_address>0x1197</load_address>
         <run_address>0x1197</run_address>
         <size>0xfe</size>
         <input_file_ref idref="fl-13e"/>
      </object_component>
      <object_component id="oc-37">
         <name>.debug_info</name>
         <load_address>0x1295</load_address>
         <run_address>0x1295</run_address>
         <size>0x205</size>
         <input_file_ref idref="fl-139"/>
      </object_component>
      <object_component id="oc-3b">
         <name>.debug_info</name>
         <load_address>0x149a</load_address>
         <run_address>0x149a</run_address>
         <size>0xbe</size>
         <input_file_ref idref="fl-13b"/>
      </object_component>
      <object_component id="oc-3e">
         <name>.debug_info</name>
         <load_address>0x1558</load_address>
         <run_address>0x1558</run_address>
         <size>0xcd</size>
         <input_file_ref idref="fl-13a"/>
      </object_component>
      <object_component id="oc-42">
         <name>.debug_info</name>
         <load_address>0x1625</load_address>
         <run_address>0x1625</run_address>
         <size>0x46</size>
         <input_file_ref idref="fl-136"/>
      </object_component>
      <object_component id="oc-48">
         <name>.debug_info</name>
         <load_address>0x166b</load_address>
         <run_address>0x166b</run_address>
         <size>0x46</size>
         <input_file_ref idref="fl-138"/>
      </object_component>
      <object_component id="oc-4e">
         <name>.debug_info</name>
         <load_address>0x16b1</load_address>
         <run_address>0x16b1</run_address>
         <size>0x318</size>
         <input_file_ref idref="fl-137"/>
      </object_component>
      <object_component id="oc-52">
         <name>.debug_info</name>
         <load_address>0x19c9</load_address>
         <run_address>0x19c9</run_address>
         <size>0xb2</size>
         <input_file_ref idref="fl-137"/>
      </object_component>
      <object_component id="oc-53">
         <name>.debug_info</name>
         <load_address>0x1a7b</load_address>
         <run_address>0x1a7b</run_address>
         <size>0x39</size>
         <input_file_ref idref="fl-137"/>
      </object_component>
      <object_component id="oc-5a">
         <name>.debug_info</name>
         <load_address>0x1ab4</load_address>
         <run_address>0x1ab4</run_address>
         <size>0x1ca</size>
         <input_file_ref idref="fl-142"/>
      </object_component>
      <object_component id="oc-5e">
         <name>.debug_info</name>
         <load_address>0x1c7e</load_address>
         <run_address>0x1c7e</run_address>
         <size>0x2e4</size>
         <input_file_ref idref="fl-142"/>
      </object_component>
      <object_component id="oc-62">
         <name>.debug_info</name>
         <load_address>0x1f62</load_address>
         <run_address>0x1f62</run_address>
         <size>0x1ea</size>
         <input_file_ref idref="fl-142"/>
      </object_component>
      <object_component id="oc-66">
         <name>.debug_info</name>
         <load_address>0x214c</load_address>
         <run_address>0x214c</run_address>
         <size>0x17f3</size>
         <input_file_ref idref="fl-4"/>
      </object_component>
      <object_component id="oc-6b">
         <name>.debug_info</name>
         <load_address>0x393f</load_address>
         <run_address>0x393f</run_address>
         <size>0x1ea</size>
         <input_file_ref idref="fl-142"/>
      </object_component>
      <object_component id="oc-6f">
         <name>.debug_info</name>
         <load_address>0x3b29</load_address>
         <run_address>0x3b29</run_address>
         <size>0x1e6</size>
         <input_file_ref idref="fl-141"/>
      </object_component>
      <object_component id="oc-73">
         <name>.debug_info</name>
         <load_address>0x3d0f</load_address>
         <run_address>0x3d0f</run_address>
         <size>0x1f1</size>
         <input_file_ref idref="fl-141"/>
      </object_component>
      <object_component id="oc-77">
         <name>.debug_info</name>
         <load_address>0x3f00</load_address>
         <run_address>0x3f00</run_address>
         <size>0x217</size>
         <input_file_ref idref="fl-141"/>
      </object_component>
      <object_component id="oc-7b">
         <name>.debug_info</name>
         <load_address>0x4117</load_address>
         <run_address>0x4117</run_address>
         <size>0x21f</size>
         <input_file_ref idref="fl-141"/>
      </object_component>
      <object_component id="oc-7f">
         <name>.debug_info</name>
         <load_address>0x4336</load_address>
         <run_address>0x4336</run_address>
         <size>0x1f9</size>
         <input_file_ref idref="fl-141"/>
      </object_component>
      <object_component id="oc-83">
         <name>.debug_info</name>
         <load_address>0x452f</load_address>
         <run_address>0x452f</run_address>
         <size>0x1e4</size>
         <input_file_ref idref="fl-141"/>
      </object_component>
      <object_component id="oc-87">
         <name>.debug_info</name>
         <load_address>0x4713</load_address>
         <run_address>0x4713</run_address>
         <size>0x22e</size>
         <input_file_ref idref="fl-144"/>
      </object_component>
      <object_component id="oc-8b">
         <name>.debug_info</name>
         <load_address>0x4941</load_address>
         <run_address>0x4941</run_address>
         <size>0x1d5</size>
         <input_file_ref idref="fl-144"/>
      </object_component>
      <object_component id="oc-8f">
         <name>.debug_info</name>
         <load_address>0x4b16</load_address>
         <run_address>0x4b16</run_address>
         <size>0x1b3</size>
         <input_file_ref idref="fl-144"/>
      </object_component>
      <object_component id="oc-93">
         <name>.debug_info</name>
         <load_address>0x4cc9</load_address>
         <run_address>0x4cc9</run_address>
         <size>0x1f4</size>
         <input_file_ref idref="fl-145"/>
      </object_component>
      <object_component id="oc-97">
         <name>.debug_info</name>
         <load_address>0x4ebd</load_address>
         <run_address>0x4ebd</run_address>
         <size>0x25a</size>
         <input_file_ref idref="fl-145"/>
      </object_component>
      <object_component id="oc-9b">
         <name>.debug_info</name>
         <load_address>0x5117</load_address>
         <run_address>0x5117</run_address>
         <size>0x103f</size>
         <input_file_ref idref="fl-6"/>
      </object_component>
      <object_component id="oc-a0">
         <name>.debug_info</name>
         <load_address>0x6156</load_address>
         <run_address>0x6156</run_address>
         <size>0x1e23</size>
         <input_file_ref idref="fl-2"/>
      </object_component>
      <object_component id="oc-a5">
         <name>.debug_info</name>
         <load_address>0x7f79</load_address>
         <run_address>0x7f79</run_address>
         <size>0x226</size>
         <input_file_ref idref="fl-7"/>
      </object_component>
      <object_component id="oc-aa">
         <name>.debug_info</name>
         <load_address>0x819f</load_address>
         <run_address>0x819f</run_address>
         <size>0xf3</size>
         <input_file_ref idref="fl-5"/>
      </object_component>
      <object_component id="oc-ac">
         <name>.debug_info</name>
         <load_address>0x8292</load_address>
         <run_address>0x8292</run_address>
         <size>0xe5</size>
         <input_file_ref idref="fl-5"/>
      </object_component>
      <object_component id="oc-ae">
         <name>.debug_info</name>
         <load_address>0x8377</load_address>
         <run_address>0x8377</run_address>
         <size>0xf4</size>
         <input_file_ref idref="fl-6"/>
      </object_component>
      <object_component id="oc-b0">
         <name>.debug_info</name>
         <load_address>0x846b</load_address>
         <run_address>0x846b</run_address>
         <size>0xee</size>
         <input_file_ref idref="fl-7"/>
      </object_component>
      <object_component id="oc-b2">
         <name>.debug_info</name>
         <load_address>0x8559</load_address>
         <run_address>0x8559</run_address>
         <size>0x90</size>
         <input_file_ref idref="fl-2"/>
      </object_component>
      <object_component id="oc-b7">
         <name>.debug_info</name>
         <load_address>0x85e9</load_address>
         <run_address>0x85e9</run_address>
         <size>0x57a</size>
         <input_file_ref idref="fl-5"/>
      </object_component>
      <object_component id="oc-ba">
         <name>.debug_info</name>
         <load_address>0x8b63</load_address>
         <run_address>0x8b63</run_address>
         <size>0x89</size>
         <input_file_ref idref="fl-3"/>
      </object_component>
      <object_component id="oc-c0">
         <name>.debug_info</name>
         <load_address>0x8bec</load_address>
         <run_address>0x8bec</run_address>
         <size>0x191</size>
         <input_file_ref idref="fl-140"/>
      </object_component>
      <object_component id="oc-c5">
         <name>.debug_info</name>
         <load_address>0x8d7d</load_address>
         <run_address>0x8d7d</run_address>
         <size>0x90</size>
         <input_file_ref idref="fl-13e"/>
      </object_component>
      <object_component id="oc-cb">
         <name>.debug_info</name>
         <load_address>0x8e0d</load_address>
         <run_address>0x8e0d</run_address>
         <size>0xc8</size>
         <input_file_ref idref="fl-13d"/>
      </object_component>
      <object_component id="oc-cd">
         <name>.debug_info</name>
         <load_address>0x8ed5</load_address>
         <run_address>0x8ed5</run_address>
         <size>0xdb</size>
         <input_file_ref idref="fl-139"/>
      </object_component>
      <object_component id="oc-cf">
         <name>.debug_info</name>
         <load_address>0x8fb0</load_address>
         <run_address>0x8fb0</run_address>
         <size>0x89</size>
         <input_file_ref idref="fl-136"/>
      </object_component>
      <object_component id="oc-d6">
         <name>.debug_info</name>
         <load_address>0x9039</load_address>
         <run_address>0x9039</run_address>
         <size>0x83</size>
         <input_file_ref idref="fl-13b"/>
      </object_component>
      <object_component id="oc-dc">
         <name>.debug_info</name>
         <load_address>0x90bc</load_address>
         <run_address>0x90bc</run_address>
         <size>0x46</size>
         <input_file_ref idref="fl-136"/>
      </object_component>
      <object_component id="oc-e1">
         <name>.debug_info</name>
         <load_address>0x9102</load_address>
         <run_address>0x9102</run_address>
         <size>0xe8</size>
         <input_file_ref idref="fl-136"/>
      </object_component>
      <object_component id="oc-e2">
         <name>.debug_info</name>
         <load_address>0x91ea</load_address>
         <run_address>0x91ea</run_address>
         <size>0x2c</size>
         <input_file_ref idref="fl-137"/>
      </object_component>
      <object_component id="oc-e7">
         <name>.debug_info</name>
         <load_address>0x9216</load_address>
         <run_address>0x9216</run_address>
         <size>0xa8</size>
         <input_file_ref idref="fl-138"/>
      </object_component>
      <object_component id="oc-e9">
         <name>.debug_info</name>
         <load_address>0x92be</load_address>
         <run_address>0x92be</run_address>
         <size>0x84</size>
         <input_file_ref idref="fl-137"/>
      </object_component>
      <object_component id="oc-f1">
         <name>.debug_info</name>
         <load_address>0x9342</load_address>
         <run_address>0x9342</run_address>
         <size>0x84</size>
         <input_file_ref idref="fl-141"/>
      </object_component>
      <object_component id="oc-f5">
         <name>.debug_info</name>
         <load_address>0x93c6</load_address>
         <run_address>0x93c6</run_address>
         <size>0x4cc</size>
         <input_file_ref idref="fl-142"/>
      </object_component>
      <object_component id="oc-f9">
         <name>.debug_info</name>
         <load_address>0x9892</load_address>
         <run_address>0x9892</run_address>
         <size>0x10e</size>
         <input_file_ref idref="fl-142"/>
      </object_component>
      <object_component id="oc-fc">
         <name>.debug_info</name>
         <load_address>0x99a0</load_address>
         <run_address>0x99a0</run_address>
         <size>0x1af</size>
         <input_file_ref idref="fl-143"/>
      </object_component>
      <object_component id="oc-100">
         <name>.debug_info</name>
         <load_address>0x9b4f</load_address>
         <run_address>0x9b4f</run_address>
         <size>0x208</size>
         <input_file_ref idref="fl-145"/>
      </object_component>
      <object_component id="oc-104">
         <name>.debug_info</name>
         <load_address>0x9d57</load_address>
         <run_address>0x9d57</run_address>
         <size>0x261</size>
         <input_file_ref idref="fl-143"/>
      </object_component>
      <object_component id="oc-108">
         <name>.debug_info</name>
         <load_address>0x9fb8</load_address>
         <run_address>0x9fb8</run_address>
         <size>0x142</size>
         <input_file_ref idref="fl-4"/>
      </object_component>
      <object_component id="oc-10a">
         <name>.debug_info</name>
         <load_address>0xa0fa</load_address>
         <run_address>0xa0fa</run_address>
         <size>0x184</size>
         <input_file_ref idref="fl-4"/>
      </object_component>
      <object_component id="oc-10c">
         <name>.debug_info</name>
         <load_address>0xa27e</load_address>
         <run_address>0xa27e</run_address>
         <size>0x1b1</size>
         <input_file_ref idref="fl-143"/>
      </object_component>
      <object_component id="oc-110">
         <name>.debug_info</name>
         <load_address>0xa42f</load_address>
         <run_address>0xa42f</run_address>
         <size>0x396</size>
         <input_file_ref idref="fl-143"/>
      </object_component>
      <object_component id="oc-114">
         <name>.debug_info</name>
         <load_address>0xa7c5</load_address>
         <run_address>0xa7c5</run_address>
         <size>0x1e8</size>
         <input_file_ref idref="fl-145"/>
      </object_component>
      <object_component id="oc-118">
         <name>.debug_info</name>
         <load_address>0xa9ad</load_address>
         <run_address>0xa9ad</run_address>
         <size>0x1af</size>
         <input_file_ref idref="fl-143"/>
      </object_component>
      <object_component id="oc-11c">
         <name>.debug_info</name>
         <load_address>0xab5c</load_address>
         <run_address>0xab5c</run_address>
         <size>0x1f9</size>
         <input_file_ref idref="fl-143"/>
      </object_component>
      <object_component id="oc-120">
         <name>.debug_info</name>
         <load_address>0xad55</load_address>
         <run_address>0xad55</run_address>
         <size>0x1f6</size>
         <input_file_ref idref="fl-145"/>
      </object_component>
      <object_component id="oc-124">
         <name>.debug_info</name>
         <load_address>0xaf4b</load_address>
         <run_address>0xaf4b</run_address>
         <size>0x116</size>
         <input_file_ref idref="fl-4"/>
      </object_component>
      <object_component id="oc-126">
         <name>.debug_info</name>
         <load_address>0xb061</load_address>
         <run_address>0xb061</run_address>
         <size>0x12c</size>
         <input_file_ref idref="fl-4"/>
      </object_component>
      <object_component id="oc-128">
         <name>.debug_info</name>
         <load_address>0xb18d</load_address>
         <run_address>0xb18d</run_address>
         <size>0x3ea</size>
         <input_file_ref idref="fl-4"/>
      </object_component>
      <object_component id="oc-129">
         <name>.debug_info</name>
         <load_address>0xb577</load_address>
         <run_address>0xb577</run_address>
         <size>0x8b</size>
         <input_file_ref idref="fl-4"/>
      </object_component>
      <object_component id="oc-12f">
         <name>.debug_info</name>
         <load_address>0xb602</load_address>
         <run_address>0xb602</run_address>
         <size>0x1b8</size>
         <input_file_ref idref="fl-142"/>
      </object_component>
      <object_component id="oc-132">
         <name>.debug_info</name>
         <load_address>0xb7ba</load_address>
         <run_address>0xb7ba</run_address>
         <size>0x473</size>
         <input_file_ref idref="fl-141"/>
      </object_component>
      <object_component id="oc-139">
         <name>.debug_info</name>
         <load_address>0xbc2d</load_address>
         <run_address>0xbc2d</run_address>
         <size>0x10f</size>
         <input_file_ref idref="fl-144"/>
      </object_component>
      <object_component id="oc-13b">
         <name>.debug_info</name>
         <load_address>0xbd3c</load_address>
         <run_address>0xbd3c</run_address>
         <size>0x478</size>
         <input_file_ref idref="fl-144"/>
      </object_component>
      <object_component id="oc-13d">
         <name>.debug_info</name>
         <load_address>0xc1b4</load_address>
         <run_address>0xc1b4</run_address>
         <size>0x1bd</size>
         <input_file_ref idref="fl-144"/>
      </object_component>
      <object_component id="oc-140">
         <name>.debug_info</name>
         <load_address>0xc371</load_address>
         <run_address>0xc371</run_address>
         <size>0x187</size>
         <input_file_ref idref="fl-146"/>
      </object_component>
      <object_component id="oc-144">
         <name>.debug_info</name>
         <load_address>0xc4f8</load_address>
         <run_address>0xc4f8</run_address>
         <size>0x2c</size>
         <input_file_ref idref="fl-141"/>
      </object_component>
      <object_component id="oc-149">
         <name>.debug_info</name>
         <load_address>0xc524</load_address>
         <run_address>0xc524</run_address>
         <size>0x214</size>
         <input_file_ref idref="fl-145"/>
      </object_component>
      <object_component id="oc-14e">
         <name>.debug_info</name>
         <load_address>0xc738</load_address>
         <run_address>0xc738</run_address>
         <size>0x471</size>
         <input_file_ref idref="fl-145"/>
      </object_component>
      <object_component id="oc-150">
         <name>.debug_info</name>
         <load_address>0xcba9</load_address>
         <run_address>0xcba9</run_address>
         <size>0xf2</size>
         <input_file_ref idref="fl-6"/>
      </object_component>
      <object_component id="oc-153">
         <name>.debug_info</name>
         <load_address>0xcc9b</load_address>
         <run_address>0xcc9b</run_address>
         <size>0x12c</size>
         <input_file_ref idref="fl-6"/>
      </object_component>
      <object_component id="oc-155">
         <name>.debug_info</name>
         <load_address>0xcdc7</load_address>
         <run_address>0xcdc7</run_address>
         <size>0x139</size>
         <input_file_ref idref="fl-13c"/>
      </object_component>
      <object_component id="oc-159">
         <name>.debug_info</name>
         <load_address>0xcf00</load_address>
         <run_address>0xcf00</run_address>
         <size>0x128</size>
         <input_file_ref idref="fl-2"/>
      </object_component>
      <object_component id="oc-15b">
         <name>.debug_info</name>
         <load_address>0xd028</load_address>
         <run_address>0xd028</run_address>
         <size>0x108</size>
         <input_file_ref idref="fl-2"/>
      </object_component>
      <object_component id="oc-15d">
         <name>.debug_info</name>
         <load_address>0xd130</load_address>
         <run_address>0xd130</run_address>
         <size>0x116</size>
         <input_file_ref idref="fl-2"/>
      </object_component>
      <object_component id="oc-15e">
         <name>.debug_info</name>
         <load_address>0xd246</load_address>
         <run_address>0xd246</run_address>
         <size>0x4e</size>
         <input_file_ref idref="fl-2"/>
      </object_component>
      <object_component id="oc-163">
         <name>.debug_info</name>
         <load_address>0xd294</load_address>
         <run_address>0xd294</run_address>
         <size>0xc2</size>
         <input_file_ref idref="fl-2"/>
      </object_component>
      <object_component id="oc-169">
         <name>.debug_info</name>
         <load_address>0xd356</load_address>
         <run_address>0xd356</run_address>
         <size>0xda</size>
         <input_file_ref idref="fl-7"/>
      </object_component>
      <object_component id="oc-16a">
         <name>.debug_info</name>
         <load_address>0xd430</load_address>
         <run_address>0xd430</run_address>
         <size>0x84</size>
         <input_file_ref idref="fl-7"/>
      </object_component>
      <object_component id="oc-179">
         <name>.debug_info</name>
         <load_address>0xd4b4</load_address>
         <run_address>0xd4b4</run_address>
         <size>0x2c</size>
         <input_file_ref idref="fl-4"/>
      </object_component>
      <object_component id="oc-17f">
         <name>.debug_info</name>
         <load_address>0xd4e0</load_address>
         <run_address>0xd4e0</run_address>
         <size>0x143</size>
         <input_file_ref idref="fl-140"/>
      </object_component>
      <object_component id="oc-181">
         <name>.debug_info</name>
         <load_address>0xd623</load_address>
         <run_address>0xd623</run_address>
         <size>0x1ba</size>
         <input_file_ref idref="fl-13d"/>
      </object_component>
      <object_component id="oc-186">
         <name>.debug_info</name>
         <load_address>0xd7dd</load_address>
         <run_address>0xd7dd</run_address>
         <size>0xd4</size>
         <input_file_ref idref="fl-13d"/>
      </object_component>
      <object_component id="oc-189">
         <name>.debug_info</name>
         <load_address>0xd8b1</load_address>
         <run_address>0xd8b1</run_address>
         <size>0x131</size>
         <input_file_ref idref="fl-139"/>
      </object_component>
      <object_component id="oc-193">
         <name>.debug_info</name>
         <load_address>0xd9e2</load_address>
         <run_address>0xd9e2</run_address>
         <size>0x477</size>
         <input_file_ref idref="fl-143"/>
      </object_component>
      <object_component id="oc-1c4">
         <name>.debug_info</name>
         <load_address>0xde59</load_address>
         <run_address>0xde59</run_address>
         <size>0xcd</size>
         <input_file_ref idref="fl-140"/>
      </object_component>
      <object_component id="oc-1ef">
         <name>.debug_info</name>
         <load_address>0xdf26</load_address>
         <run_address>0xdf26</run_address>
         <size>0xbb</size>
      </object_component>
      <object_component id="oc-12">
         <name>.debug_line</name>
         <load_address>0x0</load_address>
         <run_address>0x0</run_address>
         <size>0x49</size>
         <input_file_ref idref="fl-135"/>
      </object_component>
      <object_component id="oc-16">
         <name>.debug_line</name>
         <load_address>0x49</load_address>
         <run_address>0x49</run_address>
         <size>0x4d</size>
         <input_file_ref idref="fl-136"/>
      </object_component>
      <object_component id="oc-1a">
         <name>.debug_line</name>
         <load_address>0x96</load_address>
         <run_address>0x96</run_address>
         <size>0x4c</size>
         <input_file_ref idref="fl-138"/>
      </object_component>
      <object_component id="oc-1e">
         <name>.debug_line</name>
         <load_address>0xe2</load_address>
         <run_address>0xe2</run_address>
         <size>0x4c</size>
         <input_file_ref idref="fl-137"/>
      </object_component>
      <object_component id="oc-23">
         <name>.debug_line</name>
         <load_address>0x12e</load_address>
         <run_address>0x12e</run_address>
         <size>0x94</size>
         <input_file_ref idref="fl-3"/>
      </object_component>
      <object_component id="oc-28">
         <name>.debug_line</name>
         <load_address>0x1c2</load_address>
         <run_address>0x1c2</run_address>
         <size>0xac</size>
         <input_file_ref idref="fl-5"/>
      </object_component>
      <object_component id="oc-2c">
         <name>.debug_line</name>
         <load_address>0x26e</load_address>
         <run_address>0x26e</run_address>
         <size>0x34</size>
         <input_file_ref idref="fl-3"/>
      </object_component>
      <object_component id="oc-30">
         <name>.debug_line</name>
         <load_address>0x2a2</load_address>
         <run_address>0x2a2</run_address>
         <size>0x87</size>
         <input_file_ref idref="fl-13f"/>
      </object_component>
      <object_component id="oc-34">
         <name>.debug_line</name>
         <load_address>0x329</load_address>
         <run_address>0x329</run_address>
         <size>0x42</size>
         <input_file_ref idref="fl-13e"/>
      </object_component>
      <object_component id="oc-38">
         <name>.debug_line</name>
         <load_address>0x36b</load_address>
         <run_address>0x36b</run_address>
         <size>0x71</size>
         <input_file_ref idref="fl-139"/>
      </object_component>
      <object_component id="oc-3f">
         <name>.debug_line</name>
         <load_address>0x3dc</load_address>
         <run_address>0x3dc</run_address>
         <size>0x88</size>
         <input_file_ref idref="fl-13a"/>
      </object_component>
      <object_component id="oc-44">
         <name>.debug_line</name>
         <load_address>0x464</load_address>
         <run_address>0x464</run_address>
         <size>0x3a</size>
         <input_file_ref idref="fl-136"/>
      </object_component>
      <object_component id="oc-4a">
         <name>.debug_line</name>
         <load_address>0x49e</load_address>
         <run_address>0x49e</run_address>
         <size>0x34</size>
         <input_file_ref idref="fl-138"/>
      </object_component>
      <object_component id="oc-4f">
         <name>.debug_line</name>
         <load_address>0x4d2</load_address>
         <run_address>0x4d2</run_address>
         <size>0x58</size>
         <input_file_ref idref="fl-137"/>
      </object_component>
      <object_component id="oc-55">
         <name>.debug_line</name>
         <load_address>0x52a</load_address>
         <run_address>0x52a</run_address>
         <size>0x39</size>
         <input_file_ref idref="fl-137"/>
      </object_component>
      <object_component id="oc-5b">
         <name>.debug_line</name>
         <load_address>0x563</load_address>
         <run_address>0x563</run_address>
         <size>0x70</size>
         <input_file_ref idref="fl-142"/>
      </object_component>
      <object_component id="oc-5f">
         <name>.debug_line</name>
         <load_address>0x5d3</load_address>
         <run_address>0x5d3</run_address>
         <size>0xc5</size>
         <input_file_ref idref="fl-142"/>
      </object_component>
      <object_component id="oc-63">
         <name>.debug_line</name>
         <load_address>0x698</load_address>
         <run_address>0x698</run_address>
         <size>0x109</size>
         <input_file_ref idref="fl-142"/>
      </object_component>
      <object_component id="oc-67">
         <name>.debug_line</name>
         <load_address>0x7a1</load_address>
         <run_address>0x7a1</run_address>
         <size>0x2ab</size>
         <input_file_ref idref="fl-4"/>
      </object_component>
      <object_component id="oc-6c">
         <name>.debug_line</name>
         <load_address>0xa4c</load_address>
         <run_address>0xa4c</run_address>
         <size>0x78</size>
         <input_file_ref idref="fl-142"/>
      </object_component>
      <object_component id="oc-70">
         <name>.debug_line</name>
         <load_address>0xac4</load_address>
         <run_address>0xac4</run_address>
         <size>0x6f</size>
         <input_file_ref idref="fl-141"/>
      </object_component>
      <object_component id="oc-74">
         <name>.debug_line</name>
         <load_address>0xb33</load_address>
         <run_address>0xb33</run_address>
         <size>0x72</size>
         <input_file_ref idref="fl-141"/>
      </object_component>
      <object_component id="oc-78">
         <name>.debug_line</name>
         <load_address>0xba5</load_address>
         <run_address>0xba5</run_address>
         <size>0x78</size>
         <input_file_ref idref="fl-141"/>
      </object_component>
      <object_component id="oc-7c">
         <name>.debug_line</name>
         <load_address>0xc1d</load_address>
         <run_address>0xc1d</run_address>
         <size>0x78</size>
         <input_file_ref idref="fl-141"/>
      </object_component>
      <object_component id="oc-80">
         <name>.debug_line</name>
         <load_address>0xc95</load_address>
         <run_address>0xc95</run_address>
         <size>0x6f</size>
         <input_file_ref idref="fl-141"/>
      </object_component>
      <object_component id="oc-84">
         <name>.debug_line</name>
         <load_address>0xd04</load_address>
         <run_address>0xd04</run_address>
         <size>0x6f</size>
         <input_file_ref idref="fl-141"/>
      </object_component>
      <object_component id="oc-88">
         <name>.debug_line</name>
         <load_address>0xd73</load_address>
         <run_address>0xd73</run_address>
         <size>0x76</size>
         <input_file_ref idref="fl-144"/>
      </object_component>
      <object_component id="oc-8c">
         <name>.debug_line</name>
         <load_address>0xde9</load_address>
         <run_address>0xde9</run_address>
         <size>0x9b</size>
         <input_file_ref idref="fl-144"/>
      </object_component>
      <object_component id="oc-90">
         <name>.debug_line</name>
         <load_address>0xe84</load_address>
         <run_address>0xe84</run_address>
         <size>0x73</size>
         <input_file_ref idref="fl-144"/>
      </object_component>
      <object_component id="oc-94">
         <name>.debug_line</name>
         <load_address>0xef7</load_address>
         <run_address>0xef7</run_address>
         <size>0x6f</size>
         <input_file_ref idref="fl-145"/>
      </object_component>
      <object_component id="oc-98">
         <name>.debug_line</name>
         <load_address>0xf66</load_address>
         <run_address>0xf66</run_address>
         <size>0x76</size>
         <input_file_ref idref="fl-145"/>
      </object_component>
      <object_component id="oc-9c">
         <name>.debug_line</name>
         <load_address>0xfdc</load_address>
         <run_address>0xfdc</run_address>
         <size>0x2c4</size>
         <input_file_ref idref="fl-6"/>
      </object_component>
      <object_component id="oc-a1">
         <name>.debug_line</name>
         <load_address>0x12a0</load_address>
         <run_address>0x12a0</run_address>
         <size>0x593</size>
         <input_file_ref idref="fl-2"/>
      </object_component>
      <object_component id="oc-a6">
         <name>.debug_line</name>
         <load_address>0x1833</load_address>
         <run_address>0x1833</run_address>
         <size>0x65</size>
         <input_file_ref idref="fl-7"/>
      </object_component>
      <object_component id="oc-b4">
         <name>.debug_line</name>
         <load_address>0x1898</load_address>
         <run_address>0x1898</run_address>
         <size>0x20</size>
         <input_file_ref idref="fl-2"/>
      </object_component>
      <object_component id="oc-b9">
         <name>.debug_line</name>
         <load_address>0x18b8</load_address>
         <run_address>0x18b8</run_address>
         <size>0x34</size>
         <input_file_ref idref="fl-3"/>
      </object_component>
      <object_component id="oc-bc">
         <name>.debug_line</name>
         <load_address>0x18ec</load_address>
         <run_address>0x18ec</run_address>
         <size>0x20</size>
         <input_file_ref idref="fl-3"/>
      </object_component>
      <object_component id="oc-c1">
         <name>.debug_line</name>
         <load_address>0x190c</load_address>
         <run_address>0x190c</run_address>
         <size>0x43</size>
         <input_file_ref idref="fl-140"/>
      </object_component>
      <object_component id="oc-c7">
         <name>.debug_line</name>
         <load_address>0x194f</load_address>
         <run_address>0x194f</run_address>
         <size>0x20</size>
         <input_file_ref idref="fl-13e"/>
      </object_component>
      <object_component id="oc-d1">
         <name>.debug_line</name>
         <load_address>0x196f</load_address>
         <run_address>0x196f</run_address>
         <size>0x20</size>
         <input_file_ref idref="fl-136"/>
      </object_component>
      <object_component id="oc-d5">
         <name>.debug_line</name>
         <load_address>0x198f</load_address>
         <run_address>0x198f</run_address>
         <size>0x33</size>
         <input_file_ref idref="fl-13b"/>
      </object_component>
      <object_component id="oc-d8">
         <name>.debug_line</name>
         <load_address>0x19c2</load_address>
         <run_address>0x19c2</run_address>
         <size>0x20</size>
         <input_file_ref idref="fl-13b"/>
      </object_component>
      <object_component id="oc-de">
         <name>.debug_line</name>
         <load_address>0x19e2</load_address>
         <run_address>0x19e2</run_address>
         <size>0x44</size>
         <input_file_ref idref="fl-136"/>
      </object_component>
      <object_component id="oc-e4">
         <name>.debug_line</name>
         <load_address>0x1a26</load_address>
         <run_address>0x1a26</run_address>
         <size>0x44</size>
         <input_file_ref idref="fl-137"/>
      </object_component>
      <object_component id="oc-eb">
         <name>.debug_line</name>
         <load_address>0x1a6a</load_address>
         <run_address>0x1a6a</run_address>
         <size>0x20</size>
         <input_file_ref idref="fl-137"/>
      </object_component>
      <object_component id="oc-ef">
         <name>.debug_line</name>
         <load_address>0x1a8a</load_address>
         <run_address>0x1a8a</run_address>
         <size>0x20</size>
         <input_file_ref idref="fl-137"/>
      </object_component>
      <object_component id="oc-f3">
         <name>.debug_line</name>
         <load_address>0x1aaa</load_address>
         <run_address>0x1aaa</run_address>
         <size>0x1d</size>
         <input_file_ref idref="fl-141"/>
      </object_component>
      <object_component id="oc-fd">
         <name>.debug_line</name>
         <load_address>0x1ac7</load_address>
         <run_address>0x1ac7</run_address>
         <size>0x6d</size>
         <input_file_ref idref="fl-143"/>
      </object_component>
      <object_component id="oc-101">
         <name>.debug_line</name>
         <load_address>0x1b34</load_address>
         <run_address>0x1b34</run_address>
         <size>0x6e</size>
         <input_file_ref idref="fl-145"/>
      </object_component>
      <object_component id="oc-105">
         <name>.debug_line</name>
         <load_address>0x1ba2</load_address>
         <run_address>0x1ba2</run_address>
         <size>0x70</size>
         <input_file_ref idref="fl-143"/>
      </object_component>
      <object_component id="oc-10d">
         <name>.debug_line</name>
         <load_address>0x1c12</load_address>
         <run_address>0x1c12</run_address>
         <size>0x6d</size>
         <input_file_ref idref="fl-143"/>
      </object_component>
      <object_component id="oc-111">
         <name>.debug_line</name>
         <load_address>0x1c7f</load_address>
         <run_address>0x1c7f</run_address>
         <size>0x7b</size>
         <input_file_ref idref="fl-143"/>
      </object_component>
      <object_component id="oc-115">
         <name>.debug_line</name>
         <load_address>0x1cfa</load_address>
         <run_address>0x1cfa</run_address>
         <size>0x6f</size>
         <input_file_ref idref="fl-145"/>
      </object_component>
      <object_component id="oc-119">
         <name>.debug_line</name>
         <load_address>0x1d69</load_address>
         <run_address>0x1d69</run_address>
         <size>0x6d</size>
         <input_file_ref idref="fl-143"/>
      </object_component>
      <object_component id="oc-11d">
         <name>.debug_line</name>
         <load_address>0x1dd6</load_address>
         <run_address>0x1dd6</run_address>
         <size>0x72</size>
         <input_file_ref idref="fl-143"/>
      </object_component>
      <object_component id="oc-121">
         <name>.debug_line</name>
         <load_address>0x1e48</load_address>
         <run_address>0x1e48</run_address>
         <size>0x6f</size>
         <input_file_ref idref="fl-145"/>
      </object_component>
      <object_component id="oc-12b">
         <name>.debug_line</name>
         <load_address>0x1eb7</load_address>
         <run_address>0x1eb7</run_address>
         <size>0x20</size>
         <input_file_ref idref="fl-4"/>
      </object_component>
      <object_component id="oc-141">
         <name>.debug_line</name>
         <load_address>0x1ed7</load_address>
         <run_address>0x1ed7</run_address>
         <size>0x6e</size>
         <input_file_ref idref="fl-146"/>
      </object_component>
      <object_component id="oc-146">
         <name>.debug_line</name>
         <load_address>0x1f45</load_address>
         <run_address>0x1f45</run_address>
         <size>0x56</size>
         <input_file_ref idref="fl-141"/>
      </object_component>
      <object_component id="oc-14a">
         <name>.debug_line</name>
         <load_address>0x1f9b</load_address>
         <run_address>0x1f9b</run_address>
         <size>0x6f</size>
         <input_file_ref idref="fl-145"/>
      </object_component>
      <object_component id="oc-156">
         <name>.debug_line</name>
         <load_address>0x200a</load_address>
         <run_address>0x200a</run_address>
         <size>0x6c</size>
         <input_file_ref idref="fl-13c"/>
      </object_component>
      <object_component id="oc-160">
         <name>.debug_line</name>
         <load_address>0x2076</load_address>
         <run_address>0x2076</run_address>
         <size>0x59</size>
         <input_file_ref idref="fl-2"/>
      </object_component>
      <object_component id="oc-165">
         <name>.debug_line</name>
         <load_address>0x20cf</load_address>
         <run_address>0x20cf</run_address>
         <size>0x44</size>
         <input_file_ref idref="fl-2"/>
      </object_component>
      <object_component id="oc-16c">
         <name>.debug_line</name>
         <load_address>0x2113</load_address>
         <run_address>0x2113</run_address>
         <size>0x20</size>
         <input_file_ref idref="fl-7"/>
      </object_component>
      <object_component id="oc-170">
         <name>.debug_line</name>
         <load_address>0x2133</load_address>
         <run_address>0x2133</run_address>
         <size>0x2d</size>
         <input_file_ref idref="fl-5"/>
      </object_component>
      <object_component id="oc-172">
         <name>.debug_line</name>
         <load_address>0x2160</load_address>
         <run_address>0x2160</run_address>
         <size>0x2d</size>
         <input_file_ref idref="fl-5"/>
      </object_component>
      <object_component id="oc-174">
         <name>.debug_line</name>
         <load_address>0x218d</load_address>
         <run_address>0x218d</run_address>
         <size>0x37</size>
         <input_file_ref idref="fl-6"/>
      </object_component>
      <object_component id="oc-176">
         <name>.debug_line</name>
         <load_address>0x21c4</load_address>
         <run_address>0x21c4</run_address>
         <size>0x30</size>
         <input_file_ref idref="fl-7"/>
      </object_component>
      <object_component id="oc-178">
         <name>.debug_line</name>
         <load_address>0x21f4</load_address>
         <run_address>0x21f4</run_address>
         <size>0x144</size>
         <input_file_ref idref="fl-5"/>
      </object_component>
      <object_component id="oc-17b">
         <name>.debug_line</name>
         <load_address>0x2338</load_address>
         <run_address>0x2338</run_address>
         <size>0x43</size>
         <input_file_ref idref="fl-4"/>
      </object_component>
      <object_component id="oc-182">
         <name>.debug_line</name>
         <load_address>0x237b</load_address>
         <run_address>0x237b</run_address>
         <size>0x60</size>
         <input_file_ref idref="fl-13d"/>
      </object_component>
      <object_component id="oc-185">
         <name>.debug_line</name>
         <load_address>0x23db</load_address>
         <run_address>0x23db</run_address>
         <size>0x2b</size>
         <input_file_ref idref="fl-13d"/>
      </object_component>
      <object_component id="oc-188">
         <name>.debug_line</name>
         <load_address>0x2406</load_address>
         <run_address>0x2406</run_address>
         <size>0x2a</size>
         <input_file_ref idref="fl-139"/>
      </object_component>
      <object_component id="oc-18b">
         <name>.debug_line</name>
         <load_address>0x2430</load_address>
         <run_address>0x2430</run_address>
         <size>0x20</size>
         <input_file_ref idref="fl-136"/>
      </object_component>
      <object_component id="oc-18d">
         <name>.debug_line</name>
         <load_address>0x2450</load_address>
         <run_address>0x2450</run_address>
         <size>0x20</size>
         <input_file_ref idref="fl-138"/>
      </object_component>
      <object_component id="oc-18f">
         <name>.debug_line</name>
         <load_address>0x2470</load_address>
         <run_address>0x2470</run_address>
         <size>0xd4</size>
         <input_file_ref idref="fl-142"/>
      </object_component>
      <object_component id="oc-191">
         <name>.debug_line</name>
         <load_address>0x2544</load_address>
         <run_address>0x2544</run_address>
         <size>0x5a</size>
         <input_file_ref idref="fl-142"/>
      </object_component>
      <object_component id="oc-197">
         <name>.debug_line</name>
         <load_address>0x259e</load_address>
         <run_address>0x259e</run_address>
         <size>0x5d</size>
         <input_file_ref idref="fl-4"/>
      </object_component>
      <object_component id="oc-199">
         <name>.debug_line</name>
         <load_address>0x25fb</load_address>
         <run_address>0x25fb</run_address>
         <size>0x5d</size>
         <input_file_ref idref="fl-4"/>
      </object_component>
      <object_component id="oc-1a1">
         <name>.debug_line</name>
         <load_address>0x2658</load_address>
         <run_address>0x2658</run_address>
         <size>0x5d</size>
         <input_file_ref idref="fl-4"/>
      </object_component>
      <object_component id="oc-1a3">
         <name>.debug_line</name>
         <load_address>0x26b5</load_address>
         <run_address>0x26b5</run_address>
         <size>0x5d</size>
         <input_file_ref idref="fl-4"/>
      </object_component>
      <object_component id="oc-1a5">
         <name>.debug_line</name>
         <load_address>0x2712</load_address>
         <run_address>0x2712</run_address>
         <size>0x90</size>
         <input_file_ref idref="fl-4"/>
      </object_component>
      <object_component id="oc-1a7">
         <name>.debug_line</name>
         <load_address>0x27a2</load_address>
         <run_address>0x27a2</run_address>
         <size>0x5a</size>
         <input_file_ref idref="fl-142"/>
      </object_component>
      <object_component id="oc-1a9">
         <name>.debug_line</name>
         <load_address>0x27fc</load_address>
         <run_address>0x27fc</run_address>
         <size>0x5d</size>
         <input_file_ref idref="fl-141"/>
      </object_component>
      <object_component id="oc-1ab">
         <name>.debug_line</name>
         <load_address>0x2859</load_address>
         <run_address>0x2859</run_address>
         <size>0x5d</size>
         <input_file_ref idref="fl-144"/>
      </object_component>
      <object_component id="oc-1ad">
         <name>.debug_line</name>
         <load_address>0x28b6</load_address>
         <run_address>0x28b6</run_address>
         <size>0x57</size>
         <input_file_ref idref="fl-144"/>
      </object_component>
      <object_component id="oc-1af">
         <name>.debug_line</name>
         <load_address>0x290d</load_address>
         <run_address>0x290d</run_address>
         <size>0x5d</size>
         <input_file_ref idref="fl-144"/>
      </object_component>
      <object_component id="oc-1b3">
         <name>.debug_line</name>
         <load_address>0x296a</load_address>
         <run_address>0x296a</run_address>
         <size>0x5d</size>
         <input_file_ref idref="fl-145"/>
      </object_component>
      <object_component id="oc-1b5">
         <name>.debug_line</name>
         <load_address>0x29c7</load_address>
         <run_address>0x29c7</run_address>
         <size>0x37</size>
         <input_file_ref idref="fl-6"/>
      </object_component>
      <object_component id="oc-1b7">
         <name>.debug_line</name>
         <load_address>0x29fe</load_address>
         <run_address>0x29fe</run_address>
         <size>0x20</size>
         <input_file_ref idref="fl-6"/>
      </object_component>
      <object_component id="oc-1bb">
         <name>.debug_line</name>
         <load_address>0x2a1e</load_address>
         <run_address>0x2a1e</run_address>
         <size>0x44</size>
         <input_file_ref idref="fl-2"/>
      </object_component>
      <object_component id="oc-1bd">
         <name>.debug_line</name>
         <load_address>0x2a62</load_address>
         <run_address>0x2a62</run_address>
         <size>0x44</size>
         <input_file_ref idref="fl-2"/>
      </object_component>
      <object_component id="oc-1bf">
         <name>.debug_line</name>
         <load_address>0x2aa6</load_address>
         <run_address>0x2aa6</run_address>
         <size>0x20</size>
         <input_file_ref idref="fl-2"/>
      </object_component>
      <object_component id="oc-1c1">
         <name>.debug_line</name>
         <load_address>0x2ac6</load_address>
         <run_address>0x2ac6</run_address>
         <size>0x20</size>
         <input_file_ref idref="fl-7"/>
      </object_component>
      <object_component id="oc-1c3">
         <name>.debug_line</name>
         <load_address>0x2ae6</load_address>
         <run_address>0x2ae6</run_address>
         <size>0x51</size>
         <input_file_ref idref="fl-140"/>
      </object_component>
      <object_component id="oc-1c6">
         <name>.debug_line</name>
         <load_address>0x2b37</load_address>
         <run_address>0x2b37</run_address>
         <size>0x45</size>
         <input_file_ref idref="fl-140"/>
      </object_component>
      <object_component id="oc-1cb">
         <name>.debug_line</name>
         <load_address>0x2b7c</load_address>
         <run_address>0x2b7c</run_address>
         <size>0x20</size>
         <input_file_ref idref="fl-13d"/>
      </object_component>
      <object_component id="oc-1cd">
         <name>.debug_line</name>
         <load_address>0x2b9c</load_address>
         <run_address>0x2b9c</run_address>
         <size>0x43</size>
         <input_file_ref idref="fl-139"/>
      </object_component>
      <object_component id="oc-1cf">
         <name>.debug_line</name>
         <load_address>0x2bdf</load_address>
         <run_address>0x2bdf</run_address>
         <size>0x5d</size>
         <input_file_ref idref="fl-143"/>
      </object_component>
      <object_component id="oc-13">
         <name>.debug_aranges</name>
         <load_address>0x0</load_address>
         <run_address>0x0</run_address>
         <size>0x20</size>
         <input_file_ref idref="fl-135"/>
      </object_component>
      <object_component id="oc-17">
         <name>.debug_aranges</name>
         <load_address>0x20</load_address>
         <run_address>0x20</run_address>
         <size>0x20</size>
         <input_file_ref idref="fl-136"/>
      </object_component>
      <object_component id="oc-1b">
         <name>.debug_aranges</name>
         <load_address>0x40</load_address>
         <run_address>0x40</run_address>
         <size>0x20</size>
         <input_file_ref idref="fl-138"/>
      </object_component>
      <object_component id="oc-1f">
         <name>.debug_aranges</name>
         <load_address>0x60</load_address>
         <run_address>0x60</run_address>
         <size>0x20</size>
         <input_file_ref idref="fl-137"/>
      </object_component>
      <object_component id="oc-25">
         <name>.debug_aranges</name>
         <load_address>0x80</load_address>
         <run_address>0x80</run_address>
         <size>0x38</size>
         <input_file_ref idref="fl-3"/>
      </object_component>
      <object_component id="oc-2a">
         <name>.debug_aranges</name>
         <load_address>0xb8</load_address>
         <run_address>0xb8</run_address>
         <size>0x28</size>
         <input_file_ref idref="fl-5"/>
      </object_component>
      <object_component id="oc-31">
         <name>.debug_aranges</name>
         <load_address>0xe0</load_address>
         <run_address>0xe0</run_address>
         <size>0x28</size>
         <input_file_ref idref="fl-13f"/>
      </object_component>
      <object_component id="oc-35">
         <name>.debug_aranges</name>
         <load_address>0x108</load_address>
         <run_address>0x108</run_address>
         <size>0x20</size>
         <input_file_ref idref="fl-13e"/>
      </object_component>
      <object_component id="oc-39">
         <name>.debug_aranges</name>
         <load_address>0x128</load_address>
         <run_address>0x128</run_address>
         <size>0x30</size>
         <input_file_ref idref="fl-139"/>
      </object_component>
      <object_component id="oc-40">
         <name>.debug_aranges</name>
         <load_address>0x158</load_address>
         <run_address>0x158</run_address>
         <size>0x20</size>
         <input_file_ref idref="fl-13a"/>
      </object_component>
      <object_component id="oc-50">
         <name>.debug_aranges</name>
         <load_address>0x178</load_address>
         <run_address>0x178</run_address>
         <size>0x20</size>
         <input_file_ref idref="fl-137"/>
      </object_component>
      <object_component id="oc-69">
         <name>.debug_aranges</name>
         <load_address>0x198</load_address>
         <run_address>0x198</run_address>
         <size>0x68</size>
         <input_file_ref idref="fl-4"/>
      </object_component>
      <object_component id="oc-9e">
         <name>.debug_aranges</name>
         <load_address>0x200</load_address>
         <run_address>0x200</run_address>
         <size>0x58</size>
         <input_file_ref idref="fl-6"/>
      </object_component>
      <object_component id="oc-a3">
         <name>.debug_aranges</name>
         <load_address>0x258</load_address>
         <run_address>0x258</run_address>
         <size>0x98</size>
         <input_file_ref idref="fl-2"/>
      </object_component>
      <object_component id="oc-a8">
         <name>.debug_aranges</name>
         <load_address>0x2f0</load_address>
         <run_address>0x2f0</run_address>
         <size>0x20</size>
         <input_file_ref idref="fl-7"/>
      </object_component>
      <object_component id="oc-c2">
         <name>.debug_aranges</name>
         <load_address>0x310</load_address>
         <run_address>0x310</run_address>
         <size>0x20</size>
         <input_file_ref idref="fl-140"/>
      </object_component>
      <object_component id="oc-157">
         <name>.debug_aranges</name>
         <load_address>0x330</load_address>
         <run_address>0x330</run_address>
         <size>0x28</size>
         <input_file_ref idref="fl-13c"/>
      </object_component>
      <object_component id="oc-183">
         <name>.debug_aranges</name>
         <load_address>0x358</load_address>
         <run_address>0x358</run_address>
         <size>0x30</size>
         <input_file_ref idref="fl-13d"/>
      </object_component>
      <object_component id="oc-24">
         <name>.debug_frame</name>
         <load_address>0x0</load_address>
         <run_address>0x0</run_address>
         <size>0x72</size>
         <input_file_ref idref="fl-3"/>
      </object_component>
      <object_component id="oc-29">
         <name>.debug_frame</name>
         <load_address>0x72</load_address>
         <run_address>0x72</run_address>
         <size>0x62</size>
         <input_file_ref idref="fl-5"/>
      </object_component>
      <object_component id="oc-5c">
         <name>.debug_frame</name>
         <load_address>0xd4</load_address>
         <run_address>0xd4</run_address>
         <size>0xce</size>
         <input_file_ref idref="fl-142"/>
      </object_component>
      <object_component id="oc-60">
         <name>.debug_frame</name>
         <load_address>0x1a2</load_address>
         <run_address>0x1a2</run_address>
         <size>0xdf</size>
         <input_file_ref idref="fl-142"/>
      </object_component>
      <object_component id="oc-64">
         <name>.debug_frame</name>
         <load_address>0x281</load_address>
         <run_address>0x281</run_address>
         <size>0xdf</size>
         <input_file_ref idref="fl-142"/>
      </object_component>
      <object_component id="oc-68">
         <name>.debug_frame</name>
         <load_address>0x360</load_address>
         <run_address>0x360</run_address>
         <size>0x147</size>
         <input_file_ref idref="fl-4"/>
      </object_component>
[...]
         </contents>
      </load_segment>
      <load_segment id="lg-1fb">
         <name>SEGMENT_2</name>
         <load_address>0x20002028</load_address>
         <run_address>0x20002028</run_address>
         <size>0x24</size>
         <flags>0x6</flags>
         <contents>
            <logical_group_ref idref="lg-a"/>
         </contents>
      </load_segment>
   </logical_group_list>
   <placement_map>
      <memory_area>
         <name>FLASH</name>
         <page_id>0x0</page_id>
         <origin>0x0</origin>
         <length>0x40000</length>
         <used_space>0x2922</used_space>
         <unused_space>0x3d6de</unused_space>
         <attributes>RX</attributes>
         <usage_details>
            <allocated_space>
               <start_address>0x0</start_address>
               <size>0xf0</size>
               <logical_group_ref idref="lg-3"/>
            </allocated_space>
            <allocated_space>
               <start_address>0xf0</start_address>
               <size>0x21b2</size>
               <logical_group_ref idref="lg-4"/>
            </allocated_space>
            <available_space>
               <start_address>0x22a2</start_address>
               <size>0x2</size>
            </available_space>
            <allocated_space>
               <start_address>0x22a4</start_address>
               <size>0x640</size>
               <logical_group_ref idref="lg-5"/>
            </allocated_space>
            <available_space>
               <start_address>0x28e4</start_address>
               <size>0x4</size>
            </available_space>
            <allocated_space>
               <start_address>0x28e8</start_address>
               <size>0x40</size>
               <logical_group_ref idref="lg-6"/>
            </allocated_space>
            <available_space>
               <start_address>0x2928</start_address>
               <size>0x3d6d8</size>
            </available_space>
         </usage_details>
      </memory_area>
      <memory_area>
         <name>SRAM</name>
         <page_id>0x0</page_id>
         <origin>0x20000000</origin>
         <length>0x10000</length>
         <used_space>0x204c</used_space>
         <unused_space>0xdfb4</unused_space>
         <attributes>RWX</attributes>
         <usage_details>
            <allocated_space>
               <start_address>0x20000000</start_address>
               <size>0x1828</size>
               <logical_group_ref idref="lg-b"/>
            </allocated_space>
            <allocated_space>
               <start_address>0x20001828</start_address>
               <size>0x800</size>
               <logical_group_ref idref="lg-d"/>
            </allocated_space>
            <allocated_space>
               <start_address>0x20002028</start_address>
               <size>0x24</size>
               <logical_group_ref idref="lg-a"/>
            </allocated_space>
            <available_space>
               <start_address>0x2000204c</start_address>
               <size>0xdfb4</size>
            </available_space>
         </usage_details>
      </memory_area>
   </placement_map>
   <cptbl_list>
      <cptbl>
         <name>__TI_cinit_table</name>
         <cprec>
            <name>.data</name>
            <load_address>0x28e8</load_address>
            <load_size>0x1a</load_size>
            <run_address>0x20002028</run_address>
            <run_size>0x24</run_size>
            <compression>rle</compression>
         </cprec>
         <cprec>
            <name>.bss</name>
            <load_address>0x2910</load_address>
            <load_size>0x8</load_size>
            <run_address>0x20000000</run_address>
            <run_size>0x1828</run_size>
            <compression>zero_init</compression>
         </cprec>
      </cptbl>
   </cptbl_list>
   <handler_table>
      <handler_table_name>__TI_handler_table</handler_table_name>
      <handler>
         <index>0x0</index>
         <name>__TI_decompress_rle24</name>
      </handler>
      <handler>
         <index>0x1</index>
         <name>__TI_decompress_none</name>
      </handler>
      <handler>
         <index>0x2</index>
         <name>__TI_zero_init</name>
      </handler>
   </handler_table>
   <symbol_table>
      <symbol id="sm-1">
         <name>__STACK_TOP</name>
         <value>0x20001a28</value>
      </symbol>
      <symbol id="sm-2">
         <name>__TI_CINIT_Base</name>
         <value>0x2918</value>
      </symbol>
      <symbol id="sm-3">
         <name>__TI_CINIT_Limit</name>
         <value>0x2928</value>
      </symbol>
      <symbol id="sm-4">
         <name>__TI_Handler_Table_Base</name>
         <value>0x2904</value>
      </symbol>
      <symbol id="sm-5">
         <name>__TI_Handler_Table_Limit</name>
         <value>0x2910</value>
      </symbol>
      <symbol id="sm-6">
         <name>binit</name>
         <value>0xffffffff</value>
      </symbol>
      <symbol id="sm-7">
         <name>__binit__</name>
         <value>0xffffffff</value>
      </symbol>
      <symbol id="sm-8">
         <name>__STACK_SIZE</name>
         <value>0x800</value>
      </symbol>
      <symbol id="sm-9">
         <name>__STACK_END</name>
         <value>0x20002028</value>
      </symbol>
      <symbol id="sm-a">
         <name>__c_args__</name>
         <value>0xffffffff</value>
      </symbol>
      <symbol id="sm-1e1">
         <name>uvsnprintf</name>
         <value>0x149</value>
         <object_component_ref idref="oc-9f"/>
      </symbol>
      <symbol id="sm-1e2">
         <name>ustrncpy</name>
         <value>0xf1</value>
         <object_component_ref idref="oc-9f"/>
      </symbol>
      <symbol id="sm-1e3">
         <name>ustrlen</name>
         <value>0x959</value>
         <object_component_ref idref="oc-9f"/>
      </symbol>
      <symbol id="sm-1e4">
         <name>ulocaltime</name>
         <value>0x5a9</value>
         <object_component_ref idref="oc-9f"/>
      </symbol>
      <symbol id="sm-1e5">
         <name>ustrstr</name>
         <value>0x97b</value>
         <object_component_ref idref="oc-9f"/>
      </symbol>
      <symbol id="sm-1e6">
         <name>ustrcmp</name>
         <value>0xac1</value>
         <object_component_ref idref="oc-9f"/>
      </symbol>
      <symbol id="sm-1e7">
         <name>usprintf</name>
         <value>0x541</value>
         <object_component_ref idref="oc-9f"/>
      </symbol>
      <symbol id="sm-1e8">
         <name>usnprintf</name>
         <value>0x573</value>
         <object_component_ref idref="oc-9f"/>
      </symbol>
      <symbol id="sm-1e9">
         <name>ustrtoul</name>
         <value>0x821</value>
         <object_component_ref idref="oc-9f"/>
      </symbol>
      <symbol id="sm-1ea">
         <name>ustrcasecmp</name>
         <value>0xa4d</value>
         <object_component_ref idref="oc-9f"/>
      </symbol>
      <symbol id="sm-1eb">
         <name>ustrnicmp</name>
         <value>0x9ad</value>
         <object_component_ref idref="oc-9f"/>
      </symbol>
      <symbol id="sm-1ec">
         <name>umktime</name>
         <value>0x7a9</value>
         <object_component_ref idref="oc-9f"/>
      </symbol>
      <symbol id="sm-1ed">
         <name>usrand</name>
         <value>0xad5</value>
         <object_component_ref idref="oc-9f"/>
      </symbol>
      <symbol id="sm-1ee">
         <name>ustrncmp</name>
         <value>0xa61</value>
         <object_component_ref idref="oc-9f"/>
      </symbol>
      <symbol id="sm-1ef">
         <name>urand</name>
         <value>0xae5</value>
         <object_component_ref idref="oc-9f"/>
      </symbol>
      <symbol id="sm-214">
         <name>ResetISR</name>
         <value>0x224d</value>
         <object_component_ref idref="oc-21"/>
      </symbol>
      <symbol id="sm-215">
         <name>g_pfnVectors</name>
         <value>0x0</value>
         <object_component_ref idref="oc-e"/>
      </symbol>
      <symbol id="sm-2c0">
         <name>RIT128x96x4StringDraw</name>
         <value>0x1301</value>
         <object_component_ref idref="oc-65"/>
      </symbol>
      <symbol id="sm-2c1">
         <name>RIT128x96x4DisplayOn</name>
         <value>0x163b</value>
         <object_component_ref idref="oc-65"/>
      </symbol>
      <symbol id="sm-2c2">
         <name>RIT128x96x4Enable</name>
         <value>0x14cd</value>
         <object_component_ref idref="oc-65"/>
      </symbol>
      <symbol id="sm-2c3">
         <name>RIT128x96x4Clear</name>
         <value>0x1299</value>
         <object_component_ref idref="oc-65"/>
      </symbol>
      <symbol id="sm-2c4">
         <name>RIT128x96x4Disable</name>
         <value>0x1527</value>
         <object_component_ref idref="oc-65"/>
      </symbol>
      <symbol id="sm-2c5">
         <name>RIT128x96x4DisplayOff</name>
         <value>0x166f</value>
         <object_component_ref idref="oc-65"/>
      </symbol>
      <symbol id="sm-2c6">
         <name>RIT128x96x4ImageDraw</name>
         <value>0x1431</value>
         <object_component_ref idref="oc-65"/>
      </symbol>
      <symbol id="sm-2c7">
         <name>RIT128x96x4Init</name>
         <value>0x1595</value>
         <object_component_ref idref="oc-65"/>
      </symbol>
      <symbol id="sm-300">
         <name>g_ulSystemClock</name>
         <value>0x20001824</value>
         <object_component_ref idref="oc-a9"/>
      </symbol>
      <symbol id="sm-301">
         <name>TimerISR</name>
         <value>0x182b</value>
         <object_component_ref idref="oc-26"/>
      </symbol>
      <symbol id="sm-302">
         <name>g_ulTime</name>
         <value>0x20002028</value>
         <object_component_ref idref="oc-ab"/>
      </symbol>
      <symbol id="sm-303">
         <name>main</name>
         <value>0x169d</value>
         <object_component_ref idref="oc-26"/>
      </symbol>
      <symbol id="sm-3b5">
         <name>DrawCircle</name>
         <value>0xecd</value>
         <object_component_ref idref="oc-9a"/>
      </symbol>
      <symbol id="sm-3b6">
         <name>FillFrame</name>
         <value>0xb09</value>
         <object_component_ref idref="oc-9a"/>
      </symbol>
      <symbol id="sm-3b7">
         <name>g_pucFrame</name>
         <value>0x20000000</value>
         <object_component_ref idref="oc-ad"/>
      </symbol>
      <symbol id="sm-3b8">
         <name>DrawPoint</name>
         <value>0xb7b</value>
         <object_component_ref idref="oc-9a"/>
      </symbol>
      <symbol id="sm-3b9">
         <name>DrawFilledRectangle</name>
         <value>0xf67</value>
         <object_component_ref idref="oc-9a"/>
      </symbol>
      <symbol id="sm-3ba">
         <name>DrawChar</name>
         <value>0xd05</value>
         <object_component_ref idref="oc-9a"/>
      </symbol>
      <symbol id="sm-3bb">
         <name>DrawString</name>
         <value>0xddd</value>
         <object_component_ref idref="oc-9a"/>
      </symbol>
      <symbol id="sm-3bc">
         <name>DrawLine</name>
         <value>0xbeb</value>
         <object_component_ref idref="oc-9a"/>
      </symbol>
      <symbol id="sm-3bd">
         <name>g_pucFont</name>
         <value>0x2484</value>
         <object_component_ref idref="oc-14f"/>
      </symbol>
      <symbol id="sm-3e6">
         <name>ButtonDebounce</name>
         <value>0x1d5d</value>
         <object_component_ref idref="oc-a4"/>
      </symbol>
      <symbol id="sm-3e7">
         <name>g_ulButtons</name>
         <value>0x20001800</value>
         <object_component_ref idref="oc-af"/>
      </symbol>
      <symbol id="sm-3f5">
         <name>_c_int00</name>
         <value>0x20ad</value>
         <object_component_ref idref="oc-10"/>
      </symbol>
      <symbol id="sm-3f6">
         <name>__stack</name>
         <value>0x20001828</value>
         <object_component_ref idref="oc-20"/>
      </symbol>
      <symbol id="sm-410">
         <name>__TI_decompress_none</name>
         <value>0x2225</value>
         <object_component_ref idref="oc-14"/>
      </symbol>
      <symbol id="sm-43a">
         <name>__TI_decompress_rle24</name>
         <value>0x229d</value>
         <object_component_ref idref="oc-1c"/>
      </symbol>
      <symbol id="sm-44c">
         <name>__TI_zero_init</name>
         <value>0x2205</value>
         <object_component_ref idref="oc-18"/>
      </symbol>
      <symbol id="sm-467">
         <name>C$$EXIT</name>
         <value>0x206d</value>
         <object_component_ref idref="oc-36"/>
      </symbol>
      <symbol id="sm-468">
         <name>_dtors_ptr</name>
         <value>0x20002040</value>
         <object_component_ref idref="oc-cc"/>
      </symbol>
      <symbol id="sm-469">
         <name>abort</name>
         <value>0x2071</value>
         <object_component_ref idref="oc-36"/>
      </symbol>
      <symbol id="sm-46a">
         <name>_cleanup_ptr</name>
         <value>0x2000203c</value>
         <object_component_ref idref="oc-cc"/>
      </symbol>
      <symbol id="sm-46b">
         <name>exit</name>
         <value>0x2079</value>
         <object_component_ref idref="oc-36"/>
      </symbol>
      <symbol id="sm-480">
         <name>memcpy</name>
         <value>0x1cc1</value>
         <object_component_ref idref="oc-3d"/>
      </symbol>
      <symbol id="sm-481">
         <name>__aeabi_memcpy</name>
         <value>0x1cc1</value>
         <object_component_ref idref="oc-3d"/>
      </symbol>
      <symbol id="sm-482">
         <name>__aeabi_memcpy8</name>
         <value>0x1cc1</value>
         <object_component_ref idref="oc-3d"/>
      </symbol>
      <symbol id="sm-483">
         <name>__aeabi_memcpy4</name>
         <value>0x1cc1</value>
         <object_component_ref idref="oc-3d"/>
      </symbol>
      <symbol id="sm-48f">
         <name>main_func_sp</name>
         <value>0x20002044</value>
         <object_component_ref idref="oc-3a"/>
      </symbol>
      <symbol id="sm-49d">
         <name>__aeabi_uidivmod</name>
         <value>0x2029</value>
         <object_component_ref idref="oc-154"/>
      </symbol>
      <symbol id="sm-4b2">
         <name>_nop</name>
         <value>0x2193</value>
         <object_component_ref idref="oc-180"/>
      </symbol>
      <symbol id="sm-4b3">
         <name>_lock</name>
         <value>0x20002034</value>
         <object_component_ref idref="oc-ca"/>
      </symbol>
      <symbol id="sm-4b4">
         <name>_unlock</name>
         <value>0x20002038</value>
         <object_component_ref idref="oc-ca"/>
      </symbol>
      <symbol id="sm-4b5">
         <name>_register_lock</name>
         <value>0x218b</value>
         <object_component_ref idref="oc-180"/>
      </symbol>
      <symbol id="sm-4b6">
         <name>_register_unlock</name>
         <value>0x2185</value>
         <object_component_ref idref="oc-180"/>
      </symbol>
      <symbol id="sm-4c5">
         <name>_args_main</name>
         <value>0x2159</value>
         <object_component_ref idref="oc-32"/>
      </symbol>
      <symbol id="sm-4df">
         <name>__TI_auto_init</name>
         <value>0x1df1</value>
         <object_component_ref idref="oc-2e"/>
      </symbol>
      <symbol id="sm-4f6">
         <name>copy_in</name>
         <value>0x1fe5</value>
         <object_component_ref idref="oc-bf"/>
      </symbol>
      <symbol id="sm-52f">
         <name>TimerLoadSet</name>
         <value>0x21e1</value>
         <object_component_ref idref="oc-76"/>
      </symbol>
      <symbol id="sm-530">
         <name>TimerDisable</name>
         <value>0x2171</value>
         <object_component_ref idref="oc-6e"/>
      </symbol>
      <symbol id="sm-531">
         <name>TimerEnable</name>
         <value>0x2217</value>
         <object_component_ref idref="oc-82"/>
      </symbol>
      <symbol id="sm-532">
         <name>TimerPrescaleSet</name>
         <value>0x21f3</value>
         <object_component_ref idref="oc-7a"/>
      </symbol>
      <symbol id="sm-533">
         <name>TimerIntEnable</name>
         <value>0x2289</value>
         <object_component_ref idref="oc-7e"/>
      </symbol>
      <symbol id="sm-534">
         <name>TimerConfigure</name>
         <value>0x2135</value>
         <object_component_ref idref="oc-72"/>
      </symbol>
      <symbol id="sm-5ad">
         <name>SysCtlClockSet</name>
         <value>0x1ab5</value>
         <object_component_ref idref="oc-5d"/>
      </symbol>
      <symbol id="sm-5ae">
         <name>SysCtlLDOSet</name>
         <value>0x2241</value>
         <object_component_ref idref="oc-59"/>
      </symbol>
      <symbol id="sm-5af">
         <name>SysCtlDelay</name>
         <value>0x2297</value>
         <object_component_ref idref="oc-f6"/>
      </symbol>
      <symbol id="sm-5b0">
         <name>SysCtlPeripheralEnable</name>
         <value>0x1f49</value>
         <object_component_ref idref="oc-6a"/>
      </symbol>
      <symbol id="sm-5b1">
         <name>SysCtlClockGet</name>
         <value>0x191d</value>
         <object_component_ref idref="oc-61"/>
      </symbol>
      <symbol id="sm-5e5">
         <name>SSIDataPut</name>
         <value>0x2263</value>
         <object_component_ref idref="oc-103"/>
      </symbol>
      <symbol id="sm-5e6">
         <name>SSIDataGetNonBlocking</name>
         <value>0x21cf</value>
         <object_component_ref idref="oc-11b"/>
      </symbol>
      <symbol id="sm-5e7">
         <name>SSIConfigSetExpClk</name>
         <value>0x1fa1</value>
         <object_component_ref idref="oc-10f"/>
      </symbol>
      <symbol id="sm-5e8">
         <name>SSIEnable</name>
         <value>0x2277</value>
         <object_component_ref idref="oc-117"/>
      </symbol>
      <symbol id="sm-5e9">
         <name>SSIBusy</name>
         <value>0x2281</value>
         <object_component_ref idref="oc-fb"/>
      </symbol>
      <symbol id="sm-5ea">
         <name>SSIDisable</name>
         <value>0x226d</value>
         <object_component_ref idref="oc-10b"/>
      </symbol>
      <symbol id="sm-620">
         <name>IntPrioritySet</name>
         <value>0x2111</value>
         <object_component_ref idref="oc-86"/>
      </symbol>
      <symbol id="sm-621">
         <name>IntEnable</name>
         <value>0x1e85</value>
         <object_component_ref idref="oc-8a"/>
      </symbol>
      <symbol id="sm-622">
         <name>IntMasterEnable</name>
         <value>0x2259</value>
         <object_component_ref idref="oc-8e"/>
      </symbol>
      <symbol id="sm-661">
         <name>GPIOPinTypeGPIOInput</name>
         <value>0x2199</value>
         <object_component_ref idref="oc-92"/>
      </symbol>
      <symbol id="sm-662">
         <name>GPIOPinTypeGPIOOutput</name>
         <value>0x21ab</value>
         <object_component_ref idref="oc-11f"/>
      </symbol>
      <symbol id="sm-663">
         <name>GPIODirModeSet</name>
         <value>0x20e1</value>
         <object_component_ref idref="oc-148"/>
      </symbol>
      <symbol id="sm-664">
         <name>GPIOPinWrite</name>
         <value>0x2291</value>
         <object_component_ref idref="oc-ff"/>
      </symbol>
      <symbol id="sm-665">
         <name>GPIOPadConfigSet</name>
         <value>0x1bf9</value>
         <object_component_ref idref="oc-96"/>
      </symbol>
      <symbol id="sm-666">
         <name>GPIOPinTypeSSI</name>
         <value>0x21bd</value>
         <object_component_ref idref="oc-113"/>
      </symbol>
      <symbol id="sm-66e">
         <name>CPUcpsie</name>
         <value>0x2233</value>
         <object_component_ref idref="oc-13f"/>
      </symbol>
      <symbol id="sm-66f">
         <name>__TI_static_base__</name>
         <value>0x0</value>
      </symbol>
      <symbol id="sm-670">
         <name>__TI_args_main</name>
         <value>0x1</value>
      </symbol>
      <symbol id="sm-671">
         <name>SHT$$INIT_ARRAY$$Limit</name>
         <value>0x0</value>
      </symbol>
      <symbol id="sm-672">
         <name>SHT$$INIT_ARRAY$$Base</name>
         <value>0x0</value>
      </symbol>
   </symbol_table>
</link_info>
